docker-compose :  Image transportationforms-app Building 
At line:1 char:40
+ ... "c:\Projects\Transportation Forms"; docker-compose build 2>&1 | Out-F ...
+                                         ~~~~~~~~~~~~~~~~~~~~~~~~~
    + CategoryInfo          : NotSpecified: ( Image transportationforms-app Bu 
   ilding :String) [], RemoteException
    + FullyQualifiedErrorId : NativeCommandError
 
#1 [internal] load local bake definitions
#1 reading from stdin 533B done
#1 DONE 0.0s

#2 [internal] load build definition from Dockerfile
#2 transferring dockerfile: 1.27kB 0.0s done
#2 WARN: FromAsCasing: 'as' and 'FROM' keywords' casing do not match (line 3)
#2 DONE 0.0s

#3 [internal] load metadata for docker.io/library/python:3.12-slim
#3 DONE 0.3s

#4 [internal] load .dockerignore
#4 transferring context: 459B done
#4 DONE 0.0s

#5 [1/9] FROM docker.io/library/python:3.12-slim@sha256:9e01bf1ae5db7649a236da7be1e94ffbbbdd7a93f867dd0d8d5720d9e1f89fab
#5 resolve docker.io/library/python:3.12-slim@sha256:9e01bf1ae5db7649a236da7be1e94ffbbbdd7a93f867dd0d8d5720d9e1f89fab 0.0s done
#5 DONE 0.0s

#6 [internal] load build context
#6 transferring context: 2.54kB done
#6 DONE 0.0s

#7 [3/9] RUN apt-get update && apt-get install -y --no-install-recommends     gcc     postgresql-client     && rm -rf /var/lib/apt/lists/*
#7 CACHED

#8 [5/9] RUN pip install --upgrade pip setuptools wheel &&     pip install -r requirements.txt
#8 CACHED

#9 [4/9] COPY requirements.txt .
#9 CACHED

#10 [7/9] COPY alembic/ ./alembic/
#10 CACHED

#11 [8/9] COPY alembic.ini .
#11 CACHED

#12 [2/9] WORKDIR /app
#12 CACHED

#13 [6/9] COPY backend/ ./backend/
#13 CACHED

#14 [9/9] RUN useradd -m -u 1000 appuser &&     chown -R appuser:appuser /app
#14 CACHED

#15 exporting to image
#15 exporting layers done
#15 exporting manifest sha256:110fdbbaf98eb6a214227528de07e050df3331cd770d104f3999eff9aedc5d08 done
#15 exporting config sha256:db300fe381beef65d799ce169ed207e1cd506e38bf5f8d933e8daae556226915 done
#15 exporting attestation manifest sha256:2b1a02da9993ce1e0176dec9655212b195ee60433e825ec69255573d516e240b 0.0s done
#15 exporting manifest list sha256:9de8bd94656b0112a92f97012014dce093e5d2137c07de5d180a7c3432ade4b4
#15 exporting manifest list sha256:9de8bd94656b0112a92f97012014dce093e5d2137c07de5d180a7c3432ade4b4 0.0s done
#15 naming to docker.io/library/transportationforms-app:latest done
#15 unpacking to docker.io/library/transportationforms-app:latest 0.0s done
#15 DONE 0.1s

#16 resolving provenance for metadata file
#16 DONE 0.0s
 Image transportationforms-app Built 
