============================= test session starts =============================
platform win32 -- Python 3.11.9, pytest-9.0.2, pluggy-1.6.0 -- C:\Users\RMOHINDR\AppData\Local\Programs\Python\Python311\python.exe
cachedir: .pytest_cache
rootdir: C:\Projects\Transportation Forms
configfile: pytest.ini
plugins: anyio-4.13.0, asyncio-1.3.0, cov-7.1.0, xdist-3.8.0
asyncio: mode=Mode.STRICT, debug=False, asyncio_default_fixture_loop_scope=None, asyncio_default_test_loop_scope=function
collecting ... collected 24 items

apps/backend/tests/test_feature_FEAT-0013-state-aware-buttons.py::TestDeleteEndpointEnforcement::test_tc003_1_staff_viewer_without_delete_perm_gets_403 ERROR [  4%]
apps/backend/tests/test_feature_FEAT-0013-state-aware-buttons.py::TestDeleteEndpointEnforcement::test_tc003_1b_reviewer_without_delete_perm_gets_403 ERROR [  8%]
apps/backend/tests/test_feature_FEAT-0013-state-aware-buttons.py::TestDeleteEndpointEnforcement::test_tc003_2_owner_with_delete_perm_can_delete_own_draft ERROR [ 12%]
apps/backend/tests/test_feature_FEAT-0013-state-aware-buttons.py::TestDeleteEndpointEnforcement::test_tc003_6_admin_can_delete_any_draft ERROR [ 16%]
apps/backend/tests/test_feature_FEAT-0013-state-aware-buttons.py::TestDeleteEndpointEnforcement::test_tc003_8_nonadmin_can_delete_own_draft ERROR [ 20%]
apps/backend/tests/test_feature_FEAT-0013-state-aware-buttons.py::TestDeleteEndpointEnforcement::test_tc003_3_cannot_delete_pending_review ERROR [ 25%]
apps/backend/tests/test_feature_FEAT-0013-state-aware-buttons.py::TestDeleteEndpointEnforcement::test_tc003_4_cannot_delete_published ERROR [ 29%]
apps/backend/tests/test_feature_FEAT-0013-state-aware-buttons.py::TestDeleteEndpointEnforcement::test_tc003_5_cannot_delete_archived ERROR [ 33%]
apps/backend/tests/test_feature_FEAT-0013-state-aware-buttons.py::TestDeleteEndpointEnforcement::test_tc003_7_nonadmin_cannot_delete_another_users_draft ERROR [ 37%]
apps/backend/tests/test_feature_FEAT-0013-state-aware-buttons.py::TestDeleteEndpointEnforcement::test_tc003_9_nonexistent_form_returns_404 ERROR [ 41%]
apps/backend/tests/test_feature_FEAT-0013-state-aware-buttons.py::TestDeleteEndpointEnforcement::test_tc003_9c_invalid_uuid_returns_400 ERROR [ 45%]
apps/backend/tests/test_feature_FEAT-0013-state-aware-buttons.py::TestDeleteEndpointEnforcement::test_tc003_10_audit_log_created_on_delete ERROR [ 50%]
apps/backend/tests/test_feature_FEAT-0013-state-aware-buttons.py::TestSubmitOwnershipEnforcement::test_tc004_1_creator_with_perm_can_submit_own_draft ERROR [ 54%]
apps/backend/tests/test_feature_FEAT-0013-state-aware-buttons.py::TestSubmitOwnershipEnforcement::test_tc004_2_noncreator_with_perm_gets_403 ERROR [ 58%]
apps/backend/tests/test_feature_FEAT-0013-state-aware-buttons.py::TestSubmitOwnershipEnforcement::test_tc004_3_admin_noncreator_gets_403 ERROR [ 62%]
apps/backend/tests/test_feature_FEAT-0013-state-aware-buttons.py::TestSubmitOwnershipEnforcement::test_tc004_4_creator_without_perm_gets_403 ERROR [ 66%]
apps/backend/tests/test_feature_FEAT-0013-state-aware-buttons.py::TestSubmitOwnershipEnforcement::test_tc004_5_nondraft_form_returns_400 ERROR [ 70%]
apps/backend/tests/test_feature_FEAT-0013-state-aware-buttons.py::TestSubmitOwnershipEnforcement::test_tc004_6_reviewer_cannot_submit ERROR [ 75%]
apps/backend/tests/test_feature_FEAT-0013-state-aware-buttons.py::TestSubmitOwnershipEnforcement::test_tc004_7_staff_viewer_cannot_submit ERROR [ 79%]
apps/backend/tests/test_feature_FEAT-0013-state-aware-buttons.py::TestReviewerArchivePermission::test_tc005_1_reviewer_role_includes_form_archive PASSED [ 83%]
apps/backend/tests/test_feature_FEAT-0013-state-aware-buttons.py::TestReviewerArchivePermission::test_tc005_2_reviewer_can_archive_published_form ERROR [ 87%]
apps/backend/tests/test_feature_FEAT-0013-state-aware-buttons.py::TestReviewerArchivePermission::test_tc005_4_no_other_permissions_changed PASSED [ 91%]
apps/backend/tests/test_feature_FEAT-0013-state-aware-buttons.py::TestDeleteErrorPrecedence::test_no_permission_takes_precedence_over_state ERROR [ 95%]
apps/backend/tests/test_feature_FEAT-0013-state-aware-buttons.py::TestDeleteErrorPrecedence::test_state_check_before_ownership ERROR [100%]

=================================== ERRORS ====================================
_ ERROR at setup of TestDeleteEndpointEnforcement.test_tc003_1_staff_viewer_without_delete_perm_gets_403 _

self = <sqlalchemy.engine.base.Connection object at 0x000001CEFA8A9490>
engine = Engine(postgresql://transportation:***@localhost:5432/postgres)
connection = None, _has_events = None, _allow_revalidate = True
_allow_autobegin = True

    def __init__(
        self,
        engine: Engine,
        connection: Optional[PoolProxiedConnection] = None,
        _has_events: Optional[bool] = None,
        _allow_revalidate: bool = True,
        _allow_autobegin: bool = True,
    ):
        """Construct a new Connection."""
        self.engine = engine
        self.dialect = dialect = engine.dialect
    
        if connection is None:
            try:
>               self._dbapi_connection = engine.raw_connection()
                                         ^^^^^^^^^^^^^^^^^^^^^^^

C:\Users\RMOHINDR\AppData\Local\Programs\Python\Python311\Lib\site-packages\sqlalchemy\engine\base.py:143: 
_ _ _ _ _ _ _ _ _ _ _ _ _ _ _ _ _ _ _ _ _ _ _ _ _ _ _ _ _ _ _ _ _ _ _ _ _ _ _ _

self = Engine(postgresql://transportation:***@localhost:5432/postgres)

    def raw_connection(self) -> PoolProxiedConnection:
        """Return a "raw" DBAPI connection from the connection pool.
    
        The returned object is a proxied version of the DBAPI
        connection object used by the underlying driver in use.
        The object will have all the same behavior as the real DBAPI
        connection, except that its ``close()`` method will result in the
        connection being returned to the pool, rather than being closed
        for real.
    
        This method provides direct DBAPI connection access for
        special situations when the API provided by
        :class:`_engine.Connection`
        is not needed.   When a :class:`_engine.Connection` object is already
        present, the DBAPI connection is available using
        the :attr:`_engine.Connection.connection` accessor.
    
        .. seealso::
    
            :ref:`dbapi_connections`
    
        """
>       return self.pool.connect()
               ^^^^^^^^^^^^^^^^^^^

C:\Users\RMOHINDR\AppData\Local\Programs\Python\Python311\Lib\site-packages\sqlalchemy\engine\base.py:3317: 
_ _ _ _ _ _ _ _ _ _ _ _ _ _ _ _ _ _ _ _ _ _ _ _ _ _ _ _ _ _ _ _ _ _ _ _ _ _ _ _

self = <sqlalchemy.pool.impl.QueuePool object at 0x000001CEFAB7F450>

    def connect(self) -> PoolProxiedConnection:
        """Return a DBAPI connection from the pool.
    
        The connection is instrumented such that when its
        ``close()`` method is called, the connection will be returned to
        the pool.
    
        """
>       return _ConnectionFairy._checkout(self)
               ^^^^^^^^^^^^^^^^^^^^^^^^^^^^^^^^

C:\Users\RMOHINDR\AppData\Local\Programs\Python\Python311\Lib\site-packages\sqlalchemy\pool\base.py:448: 
_ _ _ _ _ _ _ _ _ _ _ _ _ _ _ _ _ _ _ _ _ _ _ _ _ _ _ _ _ _ _ _ _ _ _ _ _ _ _ _

cls = <class 'sqlalchemy.pool.base._ConnectionFairy'>
pool = <sqlalchemy.pool.impl.QueuePool object at 0x000001CEFAB7F450>
threadconns = None, fairy = None

    @classmethod
    def _checkout(
        cls,
        pool: Pool,
        threadconns: Optional[threading.local] = None,
        fairy: Optional[_ConnectionFairy] = None,
    ) -> _ConnectionFairy:
        if not fairy:
>           fairy = _ConnectionRecord.checkout(pool)
                    ^^^^^^^^^^^^^^^^^^^^^^^^^^^^^^^^

C:\Users\RMOHINDR\AppData\Local\Programs\Python\Python311\Lib\site-packages\sqlalchemy\pool\base.py:1272: 
_ _ _ _ _ _ _ _ _ _ _ _ _ _ _ _ _ _ _ _ _ _ _ _ _ _ _ _ _ _ _ _ _ _ _ _ _ _ _ _

cls = <class 'sqlalchemy.pool.base._ConnectionRecord'>
pool = <sqlalchemy.pool.impl.QueuePool object at 0x000001CEFAB7F450>

    @classmethod
    def checkout(cls, pool: Pool) -> _ConnectionFairy:
        if TYPE_CHECKING:
            rec = cast(_ConnectionRecord, pool._do_get())
        else:
>           rec = pool._do_get()
                  ^^^^^^^^^^^^^^

C:\Users\RMOHINDR\AppData\Local\Programs\Python\Python311\Lib\site-packages\sqlalchemy\pool\base.py:712: 
_ _ _ _ _ _ _ _ _ _ _ _ _ _ _ _ _ _ _ _ _ _ _ _ _ _ _ _ _ _ _ _ _ _ _ _ _ _ _ _

self = <sqlalchemy.pool.impl.QueuePool object at 0x000001CEFAB7F450>

    def _do_get(self) -> ConnectionPoolEntry:
        use_overflow = self._max_overflow > -1
    
        wait = use_overflow and self._overflow >= self._max_overflow
        try:
            return self._pool.get(wait, self._timeout)
        except sqla_queue.Empty:
            # don't do things inside of "except Empty", because when we say
            # we timed out or can't connect and raise, Python 3 tells
            # people the real error is queue.Empty which it isn't.
            pass
        if use_overflow and self._overflow >= self._max_overflow:
            if not wait:
                return self._do_get()
            else:
                raise exc.TimeoutError(
                    "QueuePool limit of size %d overflow %d reached, "
                    "connection timed out, timeout %0.2f"
                    % (self.size(), self.overflow(), self._timeout),
                    code="3o7r",
                )
    
        if self._inc_overflow():
            try:
                return self._create_connection()
            except:
>               with util.safe_reraise():

C:\Users\RMOHINDR\AppData\Local\Programs\Python\Python311\Lib\site-packages\sqlalchemy\pool\impl.py:177: 
_ _ _ _ _ _ _ _ _ _ _ _ _ _ _ _ _ _ _ _ _ _ _ _ _ _ _ _ _ _ _ _ _ _ _ _ _ _ _ _

self = <sqlalchemy.util.langhelpers.safe_reraise object at 0x000001CEFAB43E50>
type_ = None, value = None, traceback = None

    def __exit__(
        self,
        type_: Optional[Type[BaseException]],
        value: Optional[BaseException],
        traceback: Optional[types.TracebackType],
    ) -> NoReturn:
        assert self._exc_info is not None
        # see #2703 for notes
        if type_ is None:
            exc_type, exc_value, exc_tb = self._exc_info
            assert exc_value is not None
            self._exc_info = None  # remove potential circular references
>           raise exc_value.with_traceback(exc_tb)

C:\Users\RMOHINDR\AppData\Local\Programs\Python\Python311\Lib\site-packages\sqlalchemy\util\langhelpers.py:121: 
_ _ _ _ _ _ _ _ _ _ _ _ _ _ _ _ _ _ _ _ _ _ _ _ _ _ _ _ _ _ _ _ _ _ _ _ _ _ _ _

self = <sqlalchemy.pool.impl.QueuePool object at 0x000001CEFAB7F450>

    def _do_get(self) -> ConnectionPoolEntry:
        use_overflow = self._max_overflow > -1
    
        wait = use_overflow and self._overflow >= self._max_overflow
        try:
            return self._pool.get(wait, self._timeout)
        except sqla_queue.Empty:
            # don't do things inside of "except Empty", because when we say
            # we timed out or can't connect and raise, Python 3 tells
            # people the real error is queue.Empty which it isn't.
            pass
        if use_overflow and self._overflow >= self._max_overflow:
            if not wait:
                return self._do_get()
            else:
                raise exc.TimeoutError(
                    "QueuePool limit of size %d overflow %d reached, "
                    "connection timed out, timeout %0.2f"
                    % (self.size(), self.overflow(), self._timeout),
                    code="3o7r",
                )
    
        if self._inc_overflow():
            try:
>               return self._create_connection()
                       ^^^^^^^^^^^^^^^^^^^^^^^^^

C:\Users\RMOHINDR\AppData\Local\Programs\Python\Python311\Lib\site-packages\sqlalchemy\pool\impl.py:175: 
_ _ _ _ _ _ _ _ _ _ _ _ _ _ _ _ _ _ _ _ _ _ _ _ _ _ _ _ _ _ _ _ _ _ _ _ _ _ _ _

self = <sqlalchemy.pool.impl.QueuePool object at 0x000001CEFAB7F450>

    def _create_connection(self) -> ConnectionPoolEntry:
        """Called by subclasses to create a new ConnectionRecord."""
    
>       return _ConnectionRecord(self)
               ^^^^^^^^^^^^^^^^^^^^^^^

C:\Users\RMOHINDR\AppData\Local\Programs\Python\Python311\Lib\site-packages\sqlalchemy\pool\base.py:389: 
_ _ _ _ _ _ _ _ _ _ _ _ _ _ _ _ _ _ _ _ _ _ _ _ _ _ _ _ _ _ _ _ _ _ _ _ _ _ _ _

self = <sqlalchemy.pool.base._ConnectionRecord object at 0x000001CEFAB2BE70>
pool = <sqlalchemy.pool.impl.QueuePool object at 0x000001CEFAB7F450>
connect = True

    def __init__(self, pool: Pool, connect: bool = True):
        self.fresh = False
        self.fairy_ref = None
        self.starttime = 0
        self.dbapi_connection = None
    
        self.__pool = pool
        if connect:
>           self.__connect()

C:\Users\RMOHINDR\AppData\Local\Programs\Python\Python311\Lib\site-packages\sqlalchemy\pool\base.py:674: 
_ _ _ _ _ _ _ _ _ _ _ _ _ _ _ _ _ _ _ _ _ _ _ _ _ _ _ _ _ _ _ _ _ _ _ _ _ _ _ _

self = <sqlalchemy.pool.base._ConnectionRecord object at 0x000001CEFAB2BE70>

    def __connect(self) -> None:
        pool = self.__pool
    
        # ensure any existing connection is removed, so that if
        # creator fails, this attribute stays None
        self.dbapi_connection = None
        try:
            self.starttime = time.time()
            self.dbapi_connection = connection = pool._invoke_creator(self)
            pool.logger.debug("Created new connection %r", connection)
            self.fresh = True
        except BaseException as e:
>           with util.safe_reraise():

C:\Users\RMOHINDR\AppData\Local\Programs\Python\Python311\Lib\site-packages\sqlalchemy\pool\base.py:900: 
_ _ _ _ _ _ _ _ _ _ _ _ _ _ _ _ _ _ _ _ _ _ _ _ _ _ _ _ _ _ _ _ _ _ _ _ _ _ _ _

self = <sqlalchemy.util.langhelpers.safe_reraise object at 0x000001CEFAB43D60>
type_ = None, value = None, traceback = None

    def __exit__(
        self,
        type_: Optional[Type[BaseException]],
        value: Optional[BaseException],
        traceback: Optional[types.TracebackType],
    ) -> NoReturn:
        assert self._exc_info is not None
        # see #2703 for notes
        if type_ is None:
            exc_type, exc_value, exc_tb = self._exc_info
            assert exc_value is not None
            self._exc_info = None  # remove potential circular references
>           raise exc_value.with_traceback(exc_tb)

C:\Users\RMOHINDR\AppData\Local\Programs\Python\Python311\Lib\site-packages\sqlalchemy\util\langhelpers.py:121: 
_ _ _ _ _ _ _ _ _ _ _ _ _ _ _ _ _ _ _ _ _ _ _ _ _ _ _ _ _ _ _ _ _ _ _ _ _ _ _ _

self = <sqlalchemy.pool.base._ConnectionRecord object at 0x000001CEFAB2BE70>

    def __connect(self) -> None:
        pool = self.__pool
    
        # ensure any existing connection is removed, so that if
        # creator fails, this attribute stays None
        self.dbapi_connection = None
        try:
            self.starttime = time.time()
>           self.dbapi_connection = connection = pool._invoke_creator(self)
                                                 ^^^^^^^^^^^^^^^^^^^^^^^^^^

C:\Users\RMOHINDR\AppData\Local\Programs\Python\Python311\Lib\site-packages\sqlalchemy\pool\base.py:896: 
_ _ _ _ _ _ _ _ _ _ _ _ _ _ _ _ _ _ _ _ _ _ _ _ _ _ _ _ _ _ _ _ _ _ _ _ _ _ _ _

connection_record = <sqlalchemy.pool.base._ConnectionRecord object at 0x000001CEFAB2BE70>

    def connect(
        connection_record: Optional[ConnectionPoolEntry] = None,
    ) -> DBAPIConnection:
        if dialect._has_events:
            mutable_cargs = list(cargs_tup)
            mutable_cparams = dict(cparams)
            for fn in dialect.dispatch.do_connect:
                connection = cast(
                    DBAPIConnection,
                    fn(
                        dialect,
                        connection_record,
                        mutable_cargs,
                        mutable_cparams,
                    ),
                )
                if connection is not None:
                    return connection
            return dialect.connect(*mutable_cargs, **mutable_cparams)
        else:
>           return dialect.connect(*cargs_tup, **cparams)
                   ^^^^^^^^^^^^^^^^^^^^^^^^^^^^^^^^^^^^^^

C:\Users\RMOHINDR\AppData\Local\Programs\Python\Python311\Lib\site-packages\sqlalchemy\engine\create.py:667: 
_ _ _ _ _ _ _ _ _ _ _ _ _ _ _ _ _ _ _ _ _ _ _ _ _ _ _ _ _ _ _ _ _ _ _ _ _ _ _ _

self = <sqlalchemy.dialects.postgresql.psycopg2.PGDialect_psycopg2 object at 0x000001CEF9852D50>
cargs = ()
cparams = {'dbname': 'postgres', 'host': 'localhost', 'password': 'password', 'port': 5432, ...}

    def connect(self, *cargs: Any, **cparams: Any) -> DBAPIConnection:
        # inherits the docstring from interfaces.Dialect.connect
>       return self.loaded_dbapi.connect(*cargs, **cparams)  # type: ignore[no-any-return]  # NOQA: E501
               ^^^^^^^^^^^^^^^^^^^^^^^^^^^^^^^^^^^^^^^^^^^^

C:\Users\RMOHINDR\AppData\Local\Programs\Python\Python311\Lib\site-packages\sqlalchemy\engine\default.py:630: 
_ _ _ _ _ _ _ _ _ _ _ _ _ _ _ _ _ _ _ _ _ _ _ _ _ _ _ _ _ _ _ _ _ _ _ _ _ _ _ _

dsn = 'host=localhost dbname=postgres user=transportation password=password port=5432'
connection_factory = None, cursor_factory = None
kwargs = {'dbname': 'postgres', 'host': 'localhost', 'password': 'password', 'port': 5432, ...}
kwasync = {}

    def connect(dsn=None, connection_factory=None, cursor_factory=None, **kwargs):
        """
        Create a new database connection.
    
        The connection parameters can be specified as a string:
    
            conn = psycopg2.connect("dbname=test user=postgres password=secret")
    
        or using a set of keyword arguments:
    
            conn = psycopg2.connect(database="test", user="postgres", password="secret")
    
        Or as a mix of both. The basic connection parameters are:
    
        - *dbname*: the database name
        - *database*: the database name (only as keyword argument)
        - *user*: user name used to authenticate
        - *password*: password used to authenticate
        - *host*: database host address (defaults to UNIX socket if not provided)
        - *port*: connection port number (defaults to 5432 if not provided)
    
        Using the *connection_factory* parameter a different class or connections
        factory can be specified. It should be a callable object taking a dsn
        argument.
    
        Using the *cursor_factory* parameter, a new default cursor factory will be
        used by cursor().
    
        Using *async*=True an asynchronous connection will be created. *async_* is
        a valid alias (for Python versions where ``async`` is a keyword).
    
        Any other keyword parameter will be passed to the underlying client
        library: the list of supported parameters depends on the library version.
    
        """
        kwasync = {}
        if 'async' in kwargs:
            kwasync['async'] = kwargs.pop('async')
        if 'async_' in kwargs:
            kwasync['async_'] = kwargs.pop('async_')
    
        dsn = _ext.make_dsn(dsn, **kwargs)
>       conn = _connect(dsn, connection_factory=connection_factory, **kwasync)
               ^^^^^^^^^^^^^^^^^^^^^^^^^^^^^^^^^^^^^^^^^^^^^^^^^^^^^^^^^^^^^^^
E       psycopg2.OperationalError: connection to server at "localhost" (::1), port 5432 failed: Connection refused (0x0000274D/10061)
E       	Is the server running on that host and accepting TCP/IP connections?
E       connection to server at "localhost" (127.0.0.1), port 5432 failed: Connection refused (0x0000274D/10061)
E       	Is the server running on that host and accepting TCP/IP connections?

C:\Users\RMOHINDR\AppData\Local\Programs\Python\Python311\Lib\site-packages\psycopg2\__init__.py:135: OperationalError

The above exception was the direct cause of the following exception:

fixturedef = <FixtureDef argname='_test_engine' scope='session' baseid='apps/backend/tests'>
request = <SubRequest '_test_engine' for <Function test_tc003_1_staff_viewer_without_delete_perm_gets_403>>

    @pytest.hookimpl(wrapper=True)
    def pytest_fixture_setup(fixturedef: FixtureDef, request) -> object | None:
        asyncio_mode = _get_asyncio_mode(request.config)
        if not _is_asyncio_fixture_function(fixturedef.func):
            if asyncio_mode == Mode.STRICT:
                # Ignore async fixtures without explicit asyncio mark in strict mode
                # This applies to pytest_trio fixtures, for example
>               return (yield)
                        ^^^^^

C:\Users\RMOHINDR\AppData\Local\Programs\Python\Python311\Lib\site-packages\pytest_asyncio\plugin.py:728: 
_ _ _ _ _ _ _ _ _ _ _ _ _ _ _ _ _ _ _ _ _ _ _ _ _ _ _ _ _ _ _ _ _ _ _ _ _ _ _ _

    @pytest.fixture(scope="session")
    def _test_engine():
        """Create the test database (if needed) and return an engine bound to it.
    
        The database is created once per test session and the full schema is
        applied via ``Base.metadata.create_all``.
        """
        # Connect to the admin database to create the test database.
        admin_engine = create_engine(_PG_ADMIN_URL, isolation_level="AUTOCOMMIT")
>       with admin_engine.connect() as conn:
             ^^^^^^^^^^^^^^^^^^^^^^

apps\backend\tests\conftest.py:69: 
_ _ _ _ _ _ _ _ _ _ _ _ _ _ _ _ _ _ _ _ _ _ _ _ _ _ _ _ _ _ _ _ _ _ _ _ _ _ _ _

self = Engine(postgresql://transportation:***@localhost:5432/postgres)

    def connect(self) -> Connection:
        """Return a new :class:`_engine.Connection` object.
    
        The :class:`_engine.Connection` acts as a Python context manager, so
        the typical use of this method looks like::
    
            with engine.connect() as connection:
                connection.execute(text("insert into table values ('foo')"))
                connection.commit()
    
        Where above, after the block is completed, the connection is "closed"
        and its underlying DBAPI resources are returned to the connection pool.
        This also has the effect of rolling back any transaction that
        was explicitly begun or was begun via autobegin, and will
        emit the :meth:`_events.ConnectionEvents.rollback` event if one was
        started and is still in progress.
    
        .. seealso::
    
            :meth:`_engine.Engine.begin`
    
        """
    
>       return self._connection_cls(self)
               ^^^^^^^^^^^^^^^^^^^^^^^^^^

C:\Users\RMOHINDR\AppData\Local\Programs\Python\Python311\Lib\site-packages\sqlalchemy\engine\base.py:3293: 
_ _ _ _ _ _ _ _ _ _ _ _ _ _ _ _ _ _ _ _ _ _ _ _ _ _ _ _ _ _ _ _ _ _ _ _ _ _ _ _

self = <sqlalchemy.engine.base.Connection object at 0x000001CEFA8A9490>
engine = Engine(postgresql://transportation:***@localhost:5432/postgres)
connection = None, _has_events = None, _allow_revalidate = True
_allow_autobegin = True

    def __init__(
        self,
        engine: Engine,
        connection: Optional[PoolProxiedConnection] = None,
        _has_events: Optional[bool] = None,
        _allow_revalidate: bool = True,
        _allow_autobegin: bool = True,
    ):
        """Construct a new Connection."""
        self.engine = engine
        self.dialect = dialect = engine.dialect
    
        if connection is None:
            try:
                self._dbapi_connection = engine.raw_connection()
            except dialect.loaded_dbapi.Error as err:
>               Connection._handle_dbapi_exception_noconnection(
                    err, dialect, engine
                )

C:\Users\RMOHINDR\AppData\Local\Programs\Python\Python311\Lib\site-packages\sqlalchemy\engine\base.py:145: 
_ _ _ _ _ _ _ _ _ _ _ _ _ _ _ _ _ _ _ _ _ _ _ _ _ _ _ _ _ _ _ _ _ _ _ _ _ _ _ _

cls = <class 'sqlalchemy.engine.base.Connection'>
e = OperationalError('connection to server at "localhost" (::1), port 5432 failed: Connection refused (0x0000274D/10061)\n...iled: Connection refused (0x0000274D/10061)\n\tIs the server running on that host and accepting TCP/IP connections?\n')
dialect = <sqlalchemy.dialects.postgresql.psycopg2.PGDialect_psycopg2 object at 0x000001CEF9852D50>
engine = Engine(postgresql://transportation:***@localhost:5432/postgres)
is_disconnect = False, invalidate_pool_on_disconnect = True, is_pre_ping = False

    @classmethod
    def _handle_dbapi_exception_noconnection(
        cls,
        e: BaseException,
        dialect: Dialect,
        engine: Optional[Engine] = None,
        is_disconnect: Optional[bool] = None,
        invalidate_pool_on_disconnect: bool = True,
        is_pre_ping: bool = False,
    ) -> NoReturn:
        exc_info = sys.exc_info()
    
        if is_disconnect is None:
            is_disconnect = isinstance(
                e, dialect.loaded_dbapi.Error
            ) and dialect.is_disconnect(e, None, None)
    
        should_wrap = isinstance(e, dialect.loaded_dbapi.Error)
    
        if should_wrap:
            sqlalchemy_exception = exc.DBAPIError.instance(
                None,
                None,
                cast(Exception, e),
                dialect.loaded_dbapi.Error,
                hide_parameters=(
                    engine.hide_parameters if engine is not None else False
                ),
                connection_invalidated=is_disconnect,
                dialect=dialect,
            )
        else:
            sqlalchemy_exception = None
    
        newraise = None
    
        if dialect._has_events:
            ctx = ExceptionContextImpl(
                e,
                sqlalchemy_exception,
                engine,
                dialect,
                None,
                None,
                None,
                None,
                None,
                is_disconnect,
                invalidate_pool_on_disconnect,
                is_pre_ping,
            )
            for fn in dialect.dispatch.handle_error:
                try:
                    # handler returns an exception;
                    # call next handler in a chain
                    per_fn = fn(ctx)
                    if per_fn is not None:
                        ctx.chained_exception = newraise = per_fn
                except Exception as _raised:
                    # handler raises an exception - stop processing
                    newraise = _raised
                    break
    
            if sqlalchemy_exception and is_disconnect != ctx.is_disconnect:
                sqlalchemy_exception.connection_invalidated = ctx.is_disconnect
    
        if newraise:
            raise newraise.with_traceback(exc_info[2]) from e
        elif should_wrap:
            assert sqlalchemy_exception is not None
>           raise sqlalchemy_exception.with_traceback(exc_info[2]) from e

C:\Users\RMOHINDR\AppData\Local\Programs\Python\Python311\Lib\site-packages\sqlalchemy\engine\base.py:2448: 
_ _ _ _ _ _ _ _ _ _ _ _ _ _ _ _ _ _ _ _ _ _ _ _ _ _ _ _ _ _ _ _ _ _ _ _ _ _ _ _

self = <sqlalchemy.engine.base.Connection object at 0x000001CEFA8A9490>
engine = Engine(postgresql://transportation:***@localhost:5432/postgres)
connection = None, _has_events = None, _allow_revalidate = True
_allow_autobegin = True

    def __init__(
        self,
        engine: Engine,
        connection: Optional[PoolProxiedConnection] = None,
        _has_events: Optional[bool] = None,
        _allow_revalidate: bool = True,
        _allow_autobegin: bool = True,
    ):
        """Construct a new Connection."""
        self.engine = engine
        self.dialect = dialect = engine.dialect
    
        if connection is None:
            try:
>               self._dbapi_connection = engine.raw_connection()
                                         ^^^^^^^^^^^^^^^^^^^^^^^

C:\Users\RMOHINDR\AppData\Local\Programs\Python\Python311\Lib\site-packages\sqlalchemy\engine\base.py:143: 
_ _ _ _ _ _ _ _ _ _ _ _ _ _ _ _ _ _ _ _ _ _ _ _ _ _ _ _ _ _ _ _ _ _ _ _ _ _ _ _

self = Engine(postgresql://transportation:***@localhost:5432/postgres)

    def raw_connection(self) -> PoolProxiedConnection:
        """Return a "raw" DBAPI connection from the connection pool.
    
        The returned object is a proxied version of the DBAPI
        connection object used by the underlying driver in use.
        The object will have all the same behavior as the real DBAPI
        connection, except that its ``close()`` method will result in the
        connection being returned to the pool, rather than being closed
        for real.
    
        This method provides direct DBAPI connection access for
        special situations when the API provided by
        :class:`_engine.Connection`
        is not needed.   When a :class:`_engine.Connection` object is already
        present, the DBAPI connection is available using
        the :attr:`_engine.Connection.connection` accessor.
    
        .. seealso::
    
            :ref:`dbapi_connections`
    
        """
>       return self.pool.connect()
               ^^^^^^^^^^^^^^^^^^^

C:\Users\RMOHINDR\AppData\Local\Programs\Python\Python311\Lib\site-packages\sqlalchemy\engine\base.py:3317: 
_ _ _ _ _ _ _ _ _ _ _ _ _ _ _ _ _ _ _ _ _ _ _ _ _ _ _ _ _ _ _ _ _ _ _ _ _ _ _ _

self = <sqlalchemy.pool.impl.QueuePool object at 0x000001CEFAB7F450>

    def connect(self) -> PoolProxiedConnection:
        """Return a DBAPI connection from the pool.
    
        The connection is instrumented such that when its
        ``close()`` method is called, the connection will be returned to
        the pool.
    
        """
>       return _ConnectionFairy._checkout(self)
               ^^^^^^^^^^^^^^^^^^^^^^^^^^^^^^^^

C:\Users\RMOHINDR\AppData\Local\Programs\Python\Python311\Lib\site-packages\sqlalchemy\pool\base.py:448: 
_ _ _ _ _ _ _ _ _ _ _ _ _ _ _ _ _ _ _ _ _ _ _ _ _ _ _ _ _ _ _ _ _ _ _ _ _ _ _ _

cls = <class 'sqlalchemy.pool.base._ConnectionFairy'>
pool = <sqlalchemy.pool.impl.QueuePool object at 0x000001CEFAB7F450>
threadconns = None, fairy = None

    @classmethod
    def _checkout(
        cls,
        pool: Pool,
        threadconns: Optional[threading.local] = None,
        fairy: Optional[_ConnectionFairy] = None,
    ) -> _ConnectionFairy:
        if not fairy:
>           fairy = _ConnectionRecord.checkout(pool)
                    ^^^^^^^^^^^^^^^^^^^^^^^^^^^^^^^^

C:\Users\RMOHINDR\AppData\Local\Programs\Python\Python311\Lib\site-packages\sqlalchemy\pool\base.py:1272: 
_ _ _ _ _ _ _ _ _ _ _ _ _ _ _ _ _ _ _ _ _ _ _ _ _ _ _ _ _ _ _ _ _ _ _ _ _ _ _ _

cls = <class 'sqlalchemy.pool.base._ConnectionRecord'>
pool = <sqlalchemy.pool.impl.QueuePool object at 0x000001CEFAB7F450>

    @classmethod
    def checkout(cls, pool: Pool) -> _ConnectionFairy:
        if TYPE_CHECKING:
            rec = cast(_ConnectionRecord, pool._do_get())
        else:
>           rec = pool._do_get()
                  ^^^^^^^^^^^^^^

C:\Users\RMOHINDR\AppData\Local\Programs\Python\Python311\Lib\site-packages\sqlalchemy\pool\base.py:712: 
_ _ _ _ _ _ _ _ _ _ _ _ _ _ _ _ _ _ _ _ _ _ _ _ _ _ _ _ _ _ _ _ _ _ _ _ _ _ _ _

self = <sqlalchemy.pool.impl.QueuePool object at 0x000001CEFAB7F450>

    def _do_get(self) -> ConnectionPoolEntry:
        use_overflow = self._max_overflow > -1
    
        wait = use_overflow and self._overflow >= self._max_overflow
        try:
            return self._pool.get(wait, self._timeout)
        except sqla_queue.Empty:
            # don't do things inside of "except Empty", because when we say
            # we timed out or can't connect and raise, Python 3 tells
            # people the real error is queue.Empty which it isn't.
            pass
        if use_overflow and self._overflow >= self._max_overflow:
            if not wait:
                return self._do_get()
            else:
                raise exc.TimeoutError(
                    "QueuePool limit of size %d overflow %d reached, "
                    "connection timed out, timeout %0.2f"
                    % (self.size(), self.overflow(), self._timeout),
                    code="3o7r",
                )
    
        if self._inc_overflow():
            try:
                return self._create_connection()
            except:
>               with util.safe_reraise():

C:\Users\RMOHINDR\AppData\Local\Programs\Python\Python311\Lib\site-packages\sqlalchemy\pool\impl.py:177: 
_ _ _ _ _ _ _ _ _ _ _ _ _ _ _ _ _ _ _ _ _ _ _ _ _ _ _ _ _ _ _ _ _ _ _ _ _ _ _ _

self = <sqlalchemy.util.langhelpers.safe_reraise object at 0x000001CEFAB43E50>
type_ = None, value = None, traceback = None

    def __exit__(
        self,
        type_: Optional[Type[BaseException]],
        value: Optional[BaseException],
        traceback: Optional[types.TracebackType],
    ) -> NoReturn:
        assert self._exc_info is not None
        # see #2703 for notes
        if type_ is None:
            exc_type, exc_value, exc_tb = self._exc_info
            assert exc_value is not None
            self._exc_info = None  # remove potential circular references
>           raise exc_value.with_traceback(exc_tb)

C:\Users\RMOHINDR\AppData\Local\Programs\Python\Python311\Lib\site-packages\sqlalchemy\util\langhelpers.py:121: 
_ _ _ _ _ _ _ _ _ _ _ _ _ _ _ _ _ _ _ _ _ _ _ _ _ _ _ _ _ _ _ _ _ _ _ _ _ _ _ _

self = <sqlalchemy.pool.impl.QueuePool object at 0x000001CEFAB7F450>

    def _do_get(self) -> ConnectionPoolEntry:
        use_overflow = self._max_overflow > -1
    
        wait = use_overflow and self._overflow >= self._max_overflow
        try:
            return self._pool.get(wait, self._timeout)
        except sqla_queue.Empty:
            # don't do things inside of "except Empty", because when we say
            # we timed out or can't connect and raise, Python 3 tells
            # people the real error is queue.Empty which it isn't.
            pass
        if use_overflow and self._overflow >= self._max_overflow:
            if not wait:
                return self._do_get()
            else:
                raise exc.TimeoutError(
                    "QueuePool limit of size %d overflow %d reached, "
                    "connection timed out, timeout %0.2f"
                    % (self.size(), self.overflow(), self._timeout),
                    code="3o7r",
                )
    
        if self._inc_overflow():
            try:
>               return self._create_connection()
                       ^^^^^^^^^^^^^^^^^^^^^^^^^

C:\Users\RMOHINDR\AppData\Local\Programs\Python\Python311\Lib\site-packages\sqlalchemy\pool\impl.py:175: 
_ _ _ _ _ _ _ _ _ _ _ _ _ _ _ _ _ _ _ _ _ _ _ _ _ _ _ _ _ _ _ _ _ _ _ _ _ _ _ _

self = <sqlalchemy.pool.impl.QueuePool object at 0x000001CEFAB7F450>

    def _create_connection(self) -> ConnectionPoolEntry:
        """Called by subclasses to create a new ConnectionRecord."""
    
>       return _ConnectionRecord(self)
               ^^^^^^^^^^^^^^^^^^^^^^^

C:\Users\RMOHINDR\AppData\Local\Programs\Python\Python311\Lib\site-packages\sqlalchemy\pool\base.py:389: 
_ _ _ _ _ _ _ _ _ _ _ _ _ _ _ _ _ _ _ _ _ _ _ _ _ _ _ _ _ _ _ _ _ _ _ _ _ _ _ _

self = <sqlalchemy.pool.base._ConnectionRecord object at 0x000001CEFAB2BE70>
pool = <sqlalchemy.pool.impl.QueuePool object at 0x000001CEFAB7F450>
connect = True

    def __init__(self, pool: Pool, connect: bool = True):
        self.fresh = False
        self.fairy_ref = None
        self.starttime = 0
        self.dbapi_connection = None
    
        self.__pool = pool
        if connect:
>           self.__connect()

C:\Users\RMOHINDR\AppData\Local\Programs\Python\Python311\Lib\site-packages\sqlalchemy\pool\base.py:674: 
_ _ _ _ _ _ _ _ _ _ _ _ _ _ _ _ _ _ _ _ _ _ _ _ _ _ _ _ _ _ _ _ _ _ _ _ _ _ _ _

self = <sqlalchemy.pool.base._ConnectionRecord object at 0x000001CEFAB2BE70>

    def __connect(self) -> None:
        pool = self.__pool
    
        # ensure any existing connection is removed, so that if
        # creator fails, this attribute stays None
        self.dbapi_connection = None
        try:
            self.starttime = time.time()
            self.dbapi_connection = connection = pool._invoke_creator(self)
            pool.logger.debug("Created new connection %r", connection)
            self.fresh = True
        except BaseException as e:
>           with util.safe_reraise():

C:\Users\RMOHINDR\AppData\Local\Programs\Python\Python311\Lib\site-packages\sqlalchemy\pool\base.py:900: 
_ _ _ _ _ _ _ _ _ _ _ _ _ _ _ _ _ _ _ _ _ _ _ _ _ _ _ _ _ _ _ _ _ _ _ _ _ _ _ _

self = <sqlalchemy.util.langhelpers.safe_reraise object at 0x000001CEFAB43D60>
type_ = None, value = None, traceback = None

    def __exit__(
        self,
        type_: Optional[Type[BaseException]],
        value: Optional[BaseException],
        traceback: Optional[types.TracebackType],
    ) -> NoReturn:
        assert self._exc_info is not None
        # see #2703 for notes
        if type_ is None:
            exc_type, exc_value, exc_tb = self._exc_info
            assert exc_value is not None
            self._exc_info = None  # remove potential circular references
>           raise exc_value.with_traceback(exc_tb)

C:\Users\RMOHINDR\AppData\Local\Programs\Python\Python311\Lib\site-packages\sqlalchemy\util\langhelpers.py:121: 
_ _ _ _ _ _ _ _ _ _ _ _ _ _ _ _ _ _ _ _ _ _ _ _ _ _ _ _ _ _ _ _ _ _ _ _ _ _ _ _

self = <sqlalchemy.pool.base._ConnectionRecord object at 0x000001CEFAB2BE70>

    def __connect(self) -> None:
        pool = self.__pool
    
        # ensure any existing connection is removed, so that if
        # creator fails, this attribute stays None
        self.dbapi_connection = None
        try:
            self.starttime = time.time()
>           self.dbapi_connection = connection = pool._invoke_creator(self)
                                                 ^^^^^^^^^^^^^^^^^^^^^^^^^^

C:\Users\RMOHINDR\AppData\Local\Programs\Python\Python311\Lib\site-packages\sqlalchemy\pool\base.py:896: 
_ _ _ _ _ _ _ _ _ _ _ _ _ _ _ _ _ _ _ _ _ _ _ _ _ _ _ _ _ _ _ _ _ _ _ _ _ _ _ _

connection_record = <sqlalchemy.pool.base._ConnectionRecord object at 0x000001CEFAB2BE70>

    def connect(
        connection_record: Optional[ConnectionPoolEntry] = None,
    ) -> DBAPIConnection:
        if dialect._has_events:
            mutable_cargs = list(cargs_tup)
            mutable_cparams = dict(cparams)
            for fn in dialect.dispatch.do_connect:
                connection = cast(
                    DBAPIConnection,
                    fn(
                        dialect,
                        connection_record,
                        mutable_cargs,
                        mutable_cparams,
                    ),
                )
                if connection is not None:
                    return connection
            return dialect.connect(*mutable_cargs, **mutable_cparams)
        else:
>           return dialect.connect(*cargs_tup, **cparams)
                   ^^^^^^^^^^^^^^^^^^^^^^^^^^^^^^^^^^^^^^

C:\Users\RMOHINDR\AppData\Local\Programs\Python\Python311\Lib\site-packages\sqlalchemy\engine\create.py:667: 
_ _ _ _ _ _ _ _ _ _ _ _ _ _ _ _ _ _ _ _ _ _ _ _ _ _ _ _ _ _ _ _ _ _ _ _ _ _ _ _

self = <sqlalchemy.dialects.postgresql.psycopg2.PGDialect_psycopg2 object at 0x000001CEF9852D50>
cargs = ()
cparams = {'dbname': 'postgres', 'host': 'localhost', 'password': 'password', 'port': 5432, ...}

    def connect(self, *cargs: Any, **cparams: Any) -> DBAPIConnection:
        # inherits the docstring from interfaces.Dialect.connect
>       return self.loaded_dbapi.connect(*cargs, **cparams)  # type: ignore[no-any-return]  # NOQA: E501
               ^^^^^^^^^^^^^^^^^^^^^^^^^^^^^^^^^^^^^^^^^^^^

C:\Users\RMOHINDR\AppData\Local\Programs\Python\Python311\Lib\site-packages\sqlalchemy\engine\default.py:630: 
_ _ _ _ _ _ _ _ _ _ _ _ _ _ _ _ _ _ _ _ _ _ _ _ _ _ _ _ _ _ _ _ _ _ _ _ _ _ _ _

dsn = 'host=localhost dbname=postgres user=transportation password=password port=5432'
connection_factory = None, cursor_factory = None
kwargs = {'dbname': 'postgres', 'host': 'localhost', 'password': 'password', 'port': 5432, ...}
kwasync = {}

    def connect(dsn=None, connection_factory=None, cursor_factory=None, **kwargs):
        """
        Create a new database connection.
    
        The connection parameters can be specified as a string:
    
            conn = psycopg2.connect("dbname=test user=postgres password=secret")
    
        or using a set of keyword arguments:
    
            conn = psycopg2.connect(database="test", user="postgres", password="secret")
    
        Or as a mix of both. The basic connection parameters are:
    
        - *dbname*: the database name
        - *database*: the database name (only as keyword argument)
        - *user*: user name used to authenticate
        - *password*: password used to authenticate
        - *host*: database host address (defaults to UNIX socket if not provided)
        - *port*: connection port number (defaults to 5432 if not provided)
    
        Using the *connection_factory* parameter a different class or connections
        factory can be specified. It should be a callable object taking a dsn
        argument.
    
        Using the *cursor_factory* parameter, a new default cursor factory will be
        used by cursor().
    
        Using *async*=True an asynchronous connection will be created. *async_* is
        a valid alias (for Python versions where ``async`` is a keyword).
    
        Any other keyword parameter will be passed to the underlying client
        library: the list of supported parameters depends on the library version.
    
        """
        kwasync = {}
        if 'async' in kwargs:
            kwasync['async'] = kwargs.pop('async')
        if 'async_' in kwargs:
            kwasync['async_'] = kwargs.pop('async_')
    
        dsn = _ext.make_dsn(dsn, **kwargs)
>       conn = _connect(dsn, connection_factory=connection_factory, **kwasync)
               ^^^^^^^^^^^^^^^^^^^^^^^^^^^^^^^^^^^^^^^^^^^^^^^^^^^^^^^^^^^^^^^
E       sqlalchemy.exc.OperationalError: (psycopg2.OperationalError) connection to server at "localhost" (::1), port 5432 failed: Connection refused (0x0000274D/10061)
E       	Is the server running on that host and accepting TCP/IP connections?
E       connection to server at "localhost" (127.0.0.1), port 5432 failed: Connection refused (0x0000274D/10061)
E       	Is the server running on that host and accepting TCP/IP connections?
E       
E       (Background on this error at: https://sqlalche.me/e/20/e3q8)

C:\Users\RMOHINDR\AppData\Local\Programs\Python\Python311\Lib\site-packages\psycopg2\__init__.py:135: OperationalError
_ ERROR at setup of TestDeleteEndpointEnforcement.test_tc003_1b_reviewer_without_delete_perm_gets_403 _

self = <sqlalchemy.engine.base.Connection object at 0x000001CEFA8A9490>
engine = Engine(postgresql://transportation:***@localhost:5432/postgres)
connection = None, _has_events = None, _allow_revalidate = True
_allow_autobegin = True

    def __init__(
        self,
        engine: Engine,
        connection: Optional[PoolProxiedConnection] = None,
        _has_events: Optional[bool] = None,
        _allow_revalidate: bool = True,
        _allow_autobegin: bool = True,
    ):
        """Construct a new Connection."""
        self.engine = engine
        self.dialect = dialect = engine.dialect
    
        if connection is None:
            try:
>               self._dbapi_connection = engine.raw_connection()
                                         ^^^^^^^^^^^^^^^^^^^^^^^

C:\Users\RMOHINDR\AppData\Local\Programs\Python\Python311\Lib\site-packages\sqlalchemy\engine\base.py:143: 
_ _ _ _ _ _ _ _ _ _ _ _ _ _ _ _ _ _ _ _ _ _ _ _ _ _ _ _ _ _ _ _ _ _ _ _ _ _ _ _

self = Engine(postgresql://transportation:***@localhost:5432/postgres)

    def raw_connection(self) -> PoolProxiedConnection:
        """Return a "raw" DBAPI connection from the connection pool.
    
        The returned object is a proxied version of the DBAPI
        connection object used by the underlying driver in use.
        The object will have all the same behavior as the real DBAPI
        connection, except that its ``close()`` method will result in the
        connection being returned to the pool, rather than being closed
        for real.
    
        This method provides direct DBAPI connection access for
        special situations when the API provided by
        :class:`_engine.Connection`
        is not needed.   When a :class:`_engine.Connection` object is already
        present, the DBAPI connection is available using
        the :attr:`_engine.Connection.connection` accessor.
    
        .. seealso::
    
            :ref:`dbapi_connections`
    
        """
>       return self.pool.connect()
               ^^^^^^^^^^^^^^^^^^^

C:\Users\RMOHINDR\AppData\Local\Programs\Python\Python311\Lib\site-packages\sqlalchemy\engine\base.py:3317: 
_ _ _ _ _ _ _ _ _ _ _ _ _ _ _ _ _ _ _ _ _ _ _ _ _ _ _ _ _ _ _ _ _ _ _ _ _ _ _ _

self = <sqlalchemy.pool.impl.QueuePool object at 0x000001CEFAB7F450>

    def connect(self) -> PoolProxiedConnection:
        """Return a DBAPI connection from the pool.
    
        The connection is instrumented such that when its
        ``close()`` method is called, the connection will be returned to
        the pool.
    
        """
>       return _ConnectionFairy._checkout(self)
               ^^^^^^^^^^^^^^^^^^^^^^^^^^^^^^^^

C:\Users\RMOHINDR\AppData\Local\Programs\Python\Python311\Lib\site-packages\sqlalchemy\pool\base.py:448: 
_ _ _ _ _ _ _ _ _ _ _ _ _ _ _ _ _ _ _ _ _ _ _ _ _ _ _ _ _ _ _ _ _ _ _ _ _ _ _ _

cls = <class 'sqlalchemy.pool.base._ConnectionFairy'>
pool = <sqlalchemy.pool.impl.QueuePool object at 0x000001CEFAB7F450>
threadconns = None, fairy = None

    @classmethod
    def _checkout(
        cls,
        pool: Pool,
        threadconns: Optional[threading.local] = None,
        fairy: Optional[_ConnectionFairy] = None,
    ) -> _ConnectionFairy:
        if not fairy:
>           fairy = _ConnectionRecord.checkout(pool)
                    ^^^^^^^^^^^^^^^^^^^^^^^^^^^^^^^^

C:\Users\RMOHINDR\AppData\Local\Programs\Python\Python311\Lib\site-packages\sqlalchemy\pool\base.py:1272: 
_ _ _ _ _ _ _ _ _ _ _ _ _ _ _ _ _ _ _ _ _ _ _ _ _ _ _ _ _ _ _ _ _ _ _ _ _ _ _ _

cls = <class 'sqlalchemy.pool.base._ConnectionRecord'>
pool = <sqlalchemy.pool.impl.QueuePool object at 0x000001CEFAB7F450>

    @classmethod
    def checkout(cls, pool: Pool) -> _ConnectionFairy:
        if TYPE_CHECKING:
            rec = cast(_ConnectionRecord, pool._do_get())
        else:
>           rec = pool._do_get()
                  ^^^^^^^^^^^^^^

C:\Users\RMOHINDR\AppData\Local\Programs\Python\Python311\Lib\site-packages\sqlalchemy\pool\base.py:712: 
_ _ _ _ _ _ _ _ _ _ _ _ _ _ _ _ _ _ _ _ _ _ _ _ _ _ _ _ _ _ _ _ _ _ _ _ _ _ _ _

self = <sqlalchemy.pool.impl.QueuePool object at 0x000001CEFAB7F450>

    def _do_get(self) -> ConnectionPoolEntry:
        use_overflow = self._max_overflow > -1
    
        wait = use_overflow and self._overflow >= self._max_overflow
        try:
            return self._pool.get(wait, self._timeout)
        except sqla_queue.Empty:
            # don't do things inside of "except Empty", because when we say
            # we timed out or can't connect and raise, Python 3 tells
            # people the real error is queue.Empty which it isn't.
            pass
        if use_overflow and self._overflow >= self._max_overflow:
            if not wait:
                return self._do_get()
            else:
                raise exc.TimeoutError(
                    "QueuePool limit of size %d overflow %d reached, "
                    "connection timed out, timeout %0.2f"
                    % (self.size(), self.overflow(), self._timeout),
                    code="3o7r",
                )
    
        if self._inc_overflow():
            try:
                return self._create_connection()
            except:
>               with util.safe_reraise():

C:\Users\RMOHINDR\AppData\Local\Programs\Python\Python311\Lib\site-packages\sqlalchemy\pool\impl.py:177: 
_ _ _ _ _ _ _ _ _ _ _ _ _ _ _ _ _ _ _ _ _ _ _ _ _ _ _ _ _ _ _ _ _ _ _ _ _ _ _ _

self = <sqlalchemy.util.langhelpers.safe_reraise object at 0x000001CEFAB43E50>
type_ = None, value = None, traceback = None

    def __exit__(
        self,
        type_: Optional[Type[BaseException]],
        value: Optional[BaseException],
        traceback: Optional[types.TracebackType],
    ) -> NoReturn:
        assert self._exc_info is not None
        # see #2703 for notes
        if type_ is None:
            exc_type, exc_value, exc_tb = self._exc_info
            assert exc_value is not None
            self._exc_info = None  # remove potential circular references
>           raise exc_value.with_traceback(exc_tb)

C:\Users\RMOHINDR\AppData\Local\Programs\Python\Python311\Lib\site-packages\sqlalchemy\util\langhelpers.py:121: 
_ _ _ _ _ _ _ _ _ _ _ _ _ _ _ _ _ _ _ _ _ _ _ _ _ _ _ _ _ _ _ _ _ _ _ _ _ _ _ _

self = <sqlalchemy.pool.impl.QueuePool object at 0x000001CEFAB7F450>

    def _do_get(self) -> ConnectionPoolEntry:
        use_overflow = self._max_overflow > -1
    
        wait = use_overflow and self._overflow >= self._max_overflow
        try:
            return self._pool.get(wait, self._timeout)
        except sqla_queue.Empty:
            # don't do things inside of "except Empty", because when we say
            # we timed out or can't connect and raise, Python 3 tells
            # people the real error is queue.Empty which it isn't.
            pass
        if use_overflow and self._overflow >= self._max_overflow:
            if not wait:
                return self._do_get()
            else:
                raise exc.TimeoutError(
                    "QueuePool limit of size %d overflow %d reached, "
                    "connection timed out, timeout %0.2f"
                    % (self.size(), self.overflow(), self._timeout),
                    code="3o7r",
                )
    
        if self._inc_overflow():
            try:
>               return self._create_connection()
                       ^^^^^^^^^^^^^^^^^^^^^^^^^

C:\Users\RMOHINDR\AppData\Local\Programs\Python\Python311\Lib\site-packages\sqlalchemy\pool\impl.py:175: 
_ _ _ _ _ _ _ _ _ _ _ _ _ _ _ _ _ _ _ _ _ _ _ _ _ _ _ _ _ _ _ _ _ _ _ _ _ _ _ _

self = <sqlalchemy.pool.impl.QueuePool object at 0x000001CEFAB7F450>

    def _create_connection(self) -> ConnectionPoolEntry:
        """Called by subclasses to create a new ConnectionRecord."""
    
>       return _ConnectionRecord(self)
               ^^^^^^^^^^^^^^^^^^^^^^^

C:\Users\RMOHINDR\AppData\Local\Programs\Python\Python311\Lib\site-packages\sqlalchemy\pool\base.py:389: 
_ _ _ _ _ _ _ _ _ _ _ _ _ _ _ _ _ _ _ _ _ _ _ _ _ _ _ _ _ _ _ _ _ _ _ _ _ _ _ _

self = <sqlalchemy.pool.base._ConnectionRecord object at 0x000001CEFAB2BE70>
pool = <sqlalchemy.pool.impl.QueuePool object at 0x000001CEFAB7F450>
connect = True

    def __init__(self, pool: Pool, connect: bool = True):
        self.fresh = False
        self.fairy_ref = None
        self.starttime = 0
        self.dbapi_connection = None
    
        self.__pool = pool
        if connect:
>           self.__connect()

C:\Users\RMOHINDR\AppData\Local\Programs\Python\Python311\Lib\site-packages\sqlalchemy\pool\base.py:674: 
_ _ _ _ _ _ _ _ _ _ _ _ _ _ _ _ _ _ _ _ _ _ _ _ _ _ _ _ _ _ _ _ _ _ _ _ _ _ _ _

self = <sqlalchemy.pool.base._ConnectionRecord object at 0x000001CEFAB2BE70>

    def __connect(self) -> None:
        pool = self.__pool
    
        # ensure any existing connection is removed, so that if
        # creator fails, this attribute stays None
        self.dbapi_connection = None
        try:
            self.starttime = time.time()
            self.dbapi_connection = connection = pool._invoke_creator(self)
            pool.logger.debug("Created new connection %r", connection)
            self.fresh = True
        except BaseException as e:
>           with util.safe_reraise():

C:\Users\RMOHINDR\AppData\Local\Programs\Python\Python311\Lib\site-packages\sqlalchemy\pool\base.py:900: 
_ _ _ _ _ _ _ _ _ _ _ _ _ _ _ _ _ _ _ _ _ _ _ _ _ _ _ _ _ _ _ _ _ _ _ _ _ _ _ _

self = <sqlalchemy.util.langhelpers.safe_reraise object at 0x000001CEFAB43D60>
type_ = None, value = None, traceback = None

    def __exit__(
        self,
        type_: Optional[Type[BaseException]],
        value: Optional[BaseException],
        traceback: Optional[types.TracebackType],
    ) -> NoReturn:
        assert self._exc_info is not None
        # see #2703 for notes
        if type_ is None:
            exc_type, exc_value, exc_tb = self._exc_info
            assert exc_value is not None
            self._exc_info = None  # remove potential circular references
>           raise exc_value.with_traceback(exc_tb)

C:\Users\RMOHINDR\AppData\Local\Programs\Python\Python311\Lib\site-packages\sqlalchemy\util\langhelpers.py:121: 
_ _ _ _ _ _ _ _ _ _ _ _ _ _ _ _ _ _ _ _ _ _ _ _ _ _ _ _ _ _ _ _ _ _ _ _ _ _ _ _

self = <sqlalchemy.pool.base._ConnectionRecord object at 0x000001CEFAB2BE70>

    def __connect(self) -> None:
        pool = self.__pool
    
        # ensure any existing connection is removed, so that if
        # creator fails, this attribute stays None
        self.dbapi_connection = None
        try:
            self.starttime = time.time()
>           self.dbapi_connection = connection = pool._invoke_creator(self)
                                                 ^^^^^^^^^^^^^^^^^^^^^^^^^^

C:\Users\RMOHINDR\AppData\Local\Programs\Python\Python311\Lib\site-packages\sqlalchemy\pool\base.py:896: 
_ _ _ _ _ _ _ _ _ _ _ _ _ _ _ _ _ _ _ _ _ _ _ _ _ _ _ _ _ _ _ _ _ _ _ _ _ _ _ _

connection_record = <sqlalchemy.pool.base._ConnectionRecord object at 0x000001CEFAB2BE70>

    def connect(
        connection_record: Optional[ConnectionPoolEntry] = None,
    ) -> DBAPIConnection:
        if dialect._has_events:
            mutable_cargs = list(cargs_tup)
            mutable_cparams = dict(cparams)
            for fn in dialect.dispatch.do_connect:
                connection = cast(
                    DBAPIConnection,
                    fn(
                        dialect,
                        connection_record,
                        mutable_cargs,
                        mutable_cparams,
                    ),
                )
                if connection is not None:
                    return connection
            return dialect.connect(*mutable_cargs, **mutable_cparams)
        else:
>           return dialect.connect(*cargs_tup, **cparams)
                   ^^^^^^^^^^^^^^^^^^^^^^^^^^^^^^^^^^^^^^

C:\Users\RMOHINDR\AppData\Local\Programs\Python\Python311\Lib\site-packages\sqlalchemy\engine\create.py:667: 
_ _ _ _ _ _ _ _ _ _ _ _ _ _ _ _ _ _ _ _ _ _ _ _ _ _ _ _ _ _ _ _ _ _ _ _ _ _ _ _

self = <sqlalchemy.dialects.postgresql.psycopg2.PGDialect_psycopg2 object at 0x000001CEF9852D50>
cargs = ()
cparams = {'dbname': 'postgres', 'host': 'localhost', 'password': 'password', 'port': 5432, ...}

    def connect(self, *cargs: Any, **cparams: Any) -> DBAPIConnection:
        # inherits the docstring from interfaces.Dialect.connect
>       return self.loaded_dbapi.connect(*cargs, **cparams)  # type: ignore[no-any-return]  # NOQA: E501
               ^^^^^^^^^^^^^^^^^^^^^^^^^^^^^^^^^^^^^^^^^^^^

C:\Users\RMOHINDR\AppData\Local\Programs\Python\Python311\Lib\site-packages\sqlalchemy\engine\default.py:630: 
_ _ _ _ _ _ _ _ _ _ _ _ _ _ _ _ _ _ _ _ _ _ _ _ _ _ _ _ _ _ _ _ _ _ _ _ _ _ _ _

dsn = 'host=localhost dbname=postgres user=transportation password=password port=5432'
connection_factory = None, cursor_factory = None
kwargs = {'dbname': 'postgres', 'host': 'localhost', 'password': 'password', 'port': 5432, ...}
kwasync = {}

    def connect(dsn=None, connection_factory=None, cursor_factory=None, **kwargs):
        """
        Create a new database connection.
    
        The connection parameters can be specified as a string:
    
            conn = psycopg2.connect("dbname=test user=postgres password=secret")
    
        or using a set of keyword arguments:
    
            conn = psycopg2.connect(database="test", user="postgres", password="secret")
    
        Or as a mix of both. The basic connection parameters are:
    
        - *dbname*: the database name
        - *database*: the database name (only as keyword argument)
        - *user*: user name used to authenticate
        - *password*: password used to authenticate
        - *host*: database host address (defaults to UNIX socket if not provided)
        - *port*: connection port number (defaults to 5432 if not provided)
    
        Using the *connection_factory* parameter a different class or connections
        factory can be specified. It should be a callable object taking a dsn
        argument.
    
        Using the *cursor_factory* parameter, a new default cursor factory will be
        used by cursor().
    
        Using *async*=True an asynchronous connection will be created. *async_* is
        a valid alias (for Python versions where ``async`` is a keyword).
    
        Any other keyword parameter will be passed to the underlying client
        library: the list of supported parameters depends on the library version.
    
        """
        kwasync = {}
        if 'async' in kwargs:
            kwasync['async'] = kwargs.pop('async')
        if 'async_' in kwargs:
            kwasync['async_'] = kwargs.pop('async_')
    
        dsn = _ext.make_dsn(dsn, **kwargs)
>       conn = _connect(dsn, connection_factory=connection_factory, **kwasync)
               ^^^^^^^^^^^^^^^^^^^^^^^^^^^^^^^^^^^^^^^^^^^^^^^^^^^^^^^^^^^^^^^
E       psycopg2.OperationalError: connection to server at "localhost" (::1), port 5432 failed: Connection refused (0x0000274D/10061)
E       	Is the server running on that host and accepting TCP/IP connections?
E       connection to server at "localhost" (127.0.0.1), port 5432 failed: Connection refused (0x0000274D/10061)
E       	Is the server running on that host and accepting TCP/IP connections?

C:\Users\RMOHINDR\AppData\Local\Programs\Python\Python311\Lib\site-packages\psycopg2\__init__.py:135: OperationalError

The above exception was the direct cause of the following exception:

    @pytest.fixture(scope="session")
    def _test_engine():
        """Create the test database (if needed) and return an engine bound to it.
    
        The database is created once per test session and the full schema is
        applied via ``Base.metadata.create_all``.
        """
        # Connect to the admin database to create the test database.
        admin_engine = create_engine(_PG_ADMIN_URL, isolation_level="AUTOCOMMIT")
>       with admin_engine.connect() as conn:
             ^^^^^^^^^^^^^^^^^^^^^^

apps\backend\tests\conftest.py:69: 
_ _ _ _ _ _ _ _ _ _ _ _ _ _ _ _ _ _ _ _ _ _ _ _ _ _ _ _ _ _ _ _ _ _ _ _ _ _ _ _

self = Engine(postgresql://transportation:***@localhost:5432/postgres)

    def connect(self) -> Connection:
        """Return a new :class:`_engine.Connection` object.
    
        The :class:`_engine.Connection` acts as a Python context manager, so
        the typical use of this method looks like::
    
            with engine.connect() as connection:
                connection.execute(text("insert into table values ('foo')"))
                connection.commit()
    
        Where above, after the block is completed, the connection is "closed"
        and its underlying DBAPI resources are returned to the connection pool.
        This also has the effect of rolling back any transaction that
        was explicitly begun or was begun via autobegin, and will
        emit the :meth:`_events.ConnectionEvents.rollback` event if one was
        started and is still in progress.
    
        .. seealso::
    
            :meth:`_engine.Engine.begin`
    
        """
    
>       return self._connection_cls(self)
               ^^^^^^^^^^^^^^^^^^^^^^^^^^

C:\Users\RMOHINDR\AppData\Local\Programs\Python\Python311\Lib\site-packages\sqlalchemy\engine\base.py:3293: 
_ _ _ _ _ _ _ _ _ _ _ _ _ _ _ _ _ _ _ _ _ _ _ _ _ _ _ _ _ _ _ _ _ _ _ _ _ _ _ _

self = <sqlalchemy.engine.base.Connection object at 0x000001CEFA8A9490>
engine = Engine(postgresql://transportation:***@localhost:5432/postgres)
connection = None, _has_events = None, _allow_revalidate = True
_allow_autobegin = True

    def __init__(
        self,
        engine: Engine,
        connection: Optional[PoolProxiedConnection] = None,
        _has_events: Optional[bool] = None,
        _allow_revalidate: bool = True,
        _allow_autobegin: bool = True,
    ):
        """Construct a new Connection."""
        self.engine = engine
        self.dialect = dialect = engine.dialect
    
        if connection is None:
            try:
                self._dbapi_connection = engine.raw_connection()
            except dialect.loaded_dbapi.Error as err:
>               Connection._handle_dbapi_exception_noconnection(
                    err, dialect, engine
                )

C:\Users\RMOHINDR\AppData\Local\Programs\Python\Python311\Lib\site-packages\sqlalchemy\engine\base.py:145: 
_ _ _ _ _ _ _ _ _ _ _ _ _ _ _ _ _ _ _ _ _ _ _ _ _ _ _ _ _ _ _ _ _ _ _ _ _ _ _ _

cls = <class 'sqlalchemy.engine.base.Connection'>
e = OperationalError('connection to server at "localhost" (::1), port 5432 failed: Connection refused (0x0000274D/10061)\n...iled: Connection refused (0x0000274D/10061)\n\tIs the server running on that host and accepting TCP/IP connections?\n')
dialect = <sqlalchemy.dialects.postgresql.psycopg2.PGDialect_psycopg2 object at 0x000001CEF9852D50>
engine = Engine(postgresql://transportation:***@localhost:5432/postgres)
is_disconnect = False, invalidate_pool_on_disconnect = True, is_pre_ping = False

    @classmethod
    def _handle_dbapi_exception_noconnection(
        cls,
        e: BaseException,
        dialect: Dialect,
        engine: Optional[Engine] = None,
        is_disconnect: Optional[bool] = None,
        invalidate_pool_on_disconnect: bool = True,
        is_pre_ping: bool = False,
    ) -> NoReturn:
        exc_info = sys.exc_info()
    
        if is_disconnect is None:
            is_disconnect = isinstance(
                e, dialect.loaded_dbapi.Error
            ) and dialect.is_disconnect(e, None, None)
    
        should_wrap = isinstance(e, dialect.loaded_dbapi.Error)
    
        if should_wrap:
            sqlalchemy_exception = exc.DBAPIError.instance(
                None,
                None,
                cast(Exception, e),
                dialect.loaded_dbapi.Error,
                hide_parameters=(
                    engine.hide_parameters if engine is not None else False
                ),
                connection_invalidated=is_disconnect,
                dialect=dialect,
            )
        else:
            sqlalchemy_exception = None
    
        newraise = None
    
        if dialect._has_events:
            ctx = ExceptionContextImpl(
                e,
                sqlalchemy_exception,
                engine,
                dialect,
                None,
                None,
                None,
                None,
                None,
                is_disconnect,
                invalidate_pool_on_disconnect,
                is_pre_ping,
            )
            for fn in dialect.dispatch.handle_error:
                try:
                    # handler returns an exception;
                    # call next handler in a chain
                    per_fn = fn(ctx)
                    if per_fn is not None:
                        ctx.chained_exception = newraise = per_fn
                except Exception as _raised:
                    # handler raises an exception - stop processing
                    newraise = _raised
                    break
    
            if sqlalchemy_exception and is_disconnect != ctx.is_disconnect:
                sqlalchemy_exception.connection_invalidated = ctx.is_disconnect
    
        if newraise:
            raise newraise.with_traceback(exc_info[2]) from e
        elif should_wrap:
            assert sqlalchemy_exception is not None
>           raise sqlalchemy_exception.with_traceback(exc_info[2]) from e

C:\Users\RMOHINDR\AppData\Local\Programs\Python\Python311\Lib\site-packages\sqlalchemy\engine\base.py:2448: 
_ _ _ _ _ _ _ _ _ _ _ _ _ _ _ _ _ _ _ _ _ _ _ _ _ _ _ _ _ _ _ _ _ _ _ _ _ _ _ _

self = <sqlalchemy.engine.base.Connection object at 0x000001CEFA8A9490>
engine = Engine(postgresql://transportation:***@localhost:5432/postgres)
connection = None, _has_events = None, _allow_revalidate = True
_allow_autobegin = True

    def __init__(
        self,
        engine: Engine,
        connection: Optional[PoolProxiedConnection] = None,
        _has_events: Optional[bool] = None,
        _allow_revalidate: bool = True,
        _allow_autobegin: bool = True,
    ):
        """Construct a new Connection."""
        self.engine = engine
        self.dialect = dialect = engine.dialect
    
        if connection is None:
            try:
>               self._dbapi_connection = engine.raw_connection()
                                         ^^^^^^^^^^^^^^^^^^^^^^^

C:\Users\RMOHINDR\AppData\Local\Programs\Python\Python311\Lib\site-packages\sqlalchemy\engine\base.py:143: 
_ _ _ _ _ _ _ _ _ _ _ _ _ _ _ _ _ _ _ _ _ _ _ _ _ _ _ _ _ _ _ _ _ _ _ _ _ _ _ _

self = Engine(postgresql://transportation:***@localhost:5432/postgres)

    def raw_connection(self) -> PoolProxiedConnection:
        """Return a "raw" DBAPI connection from the connection pool.
    
        The returned object is a proxied version of the DBAPI
        connection object used by the underlying driver in use.
        The object will have all the same behavior as the real DBAPI
        connection, except that its ``close()`` method will result in the
        connection being returned to the pool, rather than being closed
        for real.
    
        This method provides direct DBAPI connection access for
        special situations when the API provided by
        :class:`_engine.Connection`
        is not needed.   When a :class:`_engine.Connection` object is already
        present, the DBAPI connection is available using
        the :attr:`_engine.Connection.connection` accessor.
    
        .. seealso::
    
            :ref:`dbapi_connections`
    
        """
>       return self.pool.connect()
               ^^^^^^^^^^^^^^^^^^^

C:\Users\RMOHINDR\AppData\Local\Programs\Python\Python311\Lib\site-packages\sqlalchemy\engine\base.py:3317: 
_ _ _ _ _ _ _ _ _ _ _ _ _ _ _ _ _ _ _ _ _ _ _ _ _ _ _ _ _ _ _ _ _ _ _ _ _ _ _ _

self = <sqlalchemy.pool.impl.QueuePool object at 0x000001CEFAB7F450>

    def connect(self) -> PoolProxiedConnection:
        """Return a DBAPI connection from the pool.
    
        The connection is instrumented such that when its
        ``close()`` method is called, the connection will be returned to
        the pool.
    
        """
>       return _ConnectionFairy._checkout(self)
               ^^^^^^^^^^^^^^^^^^^^^^^^^^^^^^^^

C:\Users\RMOHINDR\AppData\Local\Programs\Python\Python311\Lib\site-packages\sqlalchemy\pool\base.py:448: 
_ _ _ _ _ _ _ _ _ _ _ _ _ _ _ _ _ _ _ _ _ _ _ _ _ _ _ _ _ _ _ _ _ _ _ _ _ _ _ _

cls = <class 'sqlalchemy.pool.base._ConnectionFairy'>
pool = <sqlalchemy.pool.impl.QueuePool object at 0x000001CEFAB7F450>
threadconns = None, fairy = None

    @classmethod
    def _checkout(
        cls,
        pool: Pool,
        threadconns: Optional[threading.local] = None,
        fairy: Optional[_ConnectionFairy] = None,
    ) -> _ConnectionFairy:
        if not fairy:
>           fairy = _ConnectionRecord.checkout(pool)
                    ^^^^^^^^^^^^^^^^^^^^^^^^^^^^^^^^

C:\Users\RMOHINDR\AppData\Local\Programs\Python\Python311\Lib\site-packages\sqlalchemy\pool\base.py:1272: 
_ _ _ _ _ _ _ _ _ _ _ _ _ _ _ _ _ _ _ _ _ _ _ _ _ _ _ _ _ _ _ _ _ _ _ _ _ _ _ _

cls = <class 'sqlalchemy.pool.base._ConnectionRecord'>
pool = <sqlalchemy.pool.impl.QueuePool object at 0x000001CEFAB7F450>

    @classmethod
    def checkout(cls, pool: Pool) -> _ConnectionFairy:
        if TYPE_CHECKING:
            rec = cast(_ConnectionRecord, pool._do_get())
        else:
>           rec = pool._do_get()
                  ^^^^^^^^^^^^^^

C:\Users\RMOHINDR\AppData\Local\Programs\Python\Python311\Lib\site-packages\sqlalchemy\pool\base.py:712: 
_ _ _ _ _ _ _ _ _ _ _ _ _ _ _ _ _ _ _ _ _ _ _ _ _ _ _ _ _ _ _ _ _ _ _ _ _ _ _ _

self = <sqlalchemy.pool.impl.QueuePool object at 0x000001CEFAB7F450>

    def _do_get(self) -> ConnectionPoolEntry:
        use_overflow = self._max_overflow > -1
    
        wait = use_overflow and self._overflow >= self._max_overflow
        try:
            return self._pool.get(wait, self._timeout)
        except sqla_queue.Empty:
            # don't do things inside of "except Empty", because when we say
            # we timed out or can't connect and raise, Python 3 tells
            # people the real error is queue.Empty which it isn't.
            pass
        if use_overflow and self._overflow >= self._max_overflow:
            if not wait:
                return self._do_get()
            else:
                raise exc.TimeoutError(
                    "QueuePool limit of size %d overflow %d reached, "
                    "connection timed out, timeout %0.2f"
                    % (self.size(), self.overflow(), self._timeout),
                    code="3o7r",
                )
    
        if self._inc_overflow():
            try:
                return self._create_connection()
            except:
>               with util.safe_reraise():

C:\Users\RMOHINDR\AppData\Local\Programs\Python\Python311\Lib\site-packages\sqlalchemy\pool\impl.py:177: 
_ _ _ _ _ _ _ _ _ _ _ _ _ _ _ _ _ _ _ _ _ _ _ _ _ _ _ _ _ _ _ _ _ _ _ _ _ _ _ _

self = <sqlalchemy.util.langhelpers.safe_reraise object at 0x000001CEFAB43E50>
type_ = None, value = None, traceback = None

    def __exit__(
        self,
        type_: Optional[Type[BaseException]],
        value: Optional[BaseException],
        traceback: Optional[types.TracebackType],
    ) -> NoReturn:
        assert self._exc_info is not None
        # see #2703 for notes
        if type_ is None:
            exc_type, exc_value, exc_tb = self._exc_info
            assert exc_value is not None
            self._exc_info = None  # remove potential circular references
>           raise exc_value.with_traceback(exc_tb)

C:\Users\RMOHINDR\AppData\Local\Programs\Python\Python311\Lib\site-packages\sqlalchemy\util\langhelpers.py:121: 
_ _ _ _ _ _ _ _ _ _ _ _ _ _ _ _ _ _ _ _ _ _ _ _ _ _ _ _ _ _ _ _ _ _ _ _ _ _ _ _

self = <sqlalchemy.pool.impl.QueuePool object at 0x000001CEFAB7F450>

    def _do_get(self) -> ConnectionPoolEntry:
        use_overflow = self._max_overflow > -1
    
        wait = use_overflow and self._overflow >= self._max_overflow
        try:
            return self._pool.get(wait, self._timeout)
        except sqla_queue.Empty:
            # don't do things inside of "except Empty", because when we say
            # we timed out or can't connect and raise, Python 3 tells
            # people the real error is queue.Empty which it isn't.
            pass
        if use_overflow and self._overflow >= self._max_overflow:
            if not wait:
                return self._do_get()
            else:
                raise exc.TimeoutError(
                    "QueuePool limit of size %d overflow %d reached, "
                    "connection timed out, timeout %0.2f"
                    % (self.size(), self.overflow(), self._timeout),
                    code="3o7r",
                )
    
        if self._inc_overflow():
            try:
>               return self._create_connection()
                       ^^^^^^^^^^^^^^^^^^^^^^^^^

C:\Users\RMOHINDR\AppData\Local\Programs\Python\Python311\Lib\site-packages\sqlalchemy\pool\impl.py:175: 
_ _ _ _ _ _ _ _ _ _ _ _ _ _ _ _ _ _ _ _ _ _ _ _ _ _ _ _ _ _ _ _ _ _ _ _ _ _ _ _

self = <sqlalchemy.pool.impl.QueuePool object at 0x000001CEFAB7F450>

    def _create_connection(self) -> ConnectionPoolEntry:
        """Called by subclasses to create a new ConnectionRecord."""
    
>       return _ConnectionRecord(self)
               ^^^^^^^^^^^^^^^^^^^^^^^

C:\Users\RMOHINDR\AppData\Local\Programs\Python\Python311\Lib\site-packages\sqlalchemy\pool\base.py:389: 
_ _ _ _ _ _ _ _ _ _ _ _ _ _ _ _ _ _ _ _ _ _ _ _ _ _ _ _ _ _ _ _ _ _ _ _ _ _ _ _

self = <sqlalchemy.pool.base._ConnectionRecord object at 0x000001CEFAB2BE70>
pool = <sqlalchemy.pool.impl.QueuePool object at 0x000001CEFAB7F450>
connect = True

    def __init__(self, pool: Pool, connect: bool = True):
        self.fresh = False
        self.fairy_ref = None
        self.starttime = 0
        self.dbapi_connection = None
    
        self.__pool = pool
        if connect:
>           self.__connect()

C:\Users\RMOHINDR\AppData\Local\Programs\Python\Python311\Lib\site-packages\sqlalchemy\pool\base.py:674: 
_ _ _ _ _ _ _ _ _ _ _ _ _ _ _ _ _ _ _ _ _ _ _ _ _ _ _ _ _ _ _ _ _ _ _ _ _ _ _ _

self = <sqlalchemy.pool.base._ConnectionRecord object at 0x000001CEFAB2BE70>

    def __connect(self) -> None:
        pool = self.__pool
    
        # ensure any existing connection is removed, so that if
        # creator fails, this attribute stays None
        self.dbapi_connection = None
        try:
            self.starttime = time.time()
            self.dbapi_connection = connection = pool._invoke_creator(self)
            pool.logger.debug("Created new connection %r", connection)
            self.fresh = True
        except BaseException as e:
>           with util.safe_reraise():

C:\Users\RMOHINDR\AppData\Local\Programs\Python\Python311\Lib\site-packages\sqlalchemy\pool\base.py:900: 
_ _ _ _ _ _ _ _ _ _ _ _ _ _ _ _ _ _ _ _ _ _ _ _ _ _ _ _ _ _ _ _ _ _ _ _ _ _ _ _

self = <sqlalchemy.util.langhelpers.safe_reraise object at 0x000001CEFAB43D60>
type_ = None, value = None, traceback = None

    def __exit__(
        self,
        type_: Optional[Type[BaseException]],
        value: Optional[BaseException],
        traceback: Optional[types.TracebackType],
    ) -> NoReturn:
        assert self._exc_info is not None
        # see #2703 for notes
        if type_ is None:
            exc_type, exc_value, exc_tb = self._exc_info
            assert exc_value is not None
            self._exc_info = None  # remove potential circular references
>           raise exc_value.with_traceback(exc_tb)

C:\Users\RMOHINDR\AppData\Local\Programs\Python\Python311\Lib\site-packages\sqlalchemy\util\langhelpers.py:121: 
_ _ _ _ _ _ _ _ _ _ _ _ _ _ _ _ _ _ _ _ _ _ _ _ _ _ _ _ _ _ _ _ _ _ _ _ _ _ _ _

self = <sqlalchemy.pool.base._ConnectionRecord object at 0x000001CEFAB2BE70>

    def __connect(self) -> None:
        pool = self.__pool
    
        # ensure any existing connection is removed, so that if
        # creator fails, this attribute stays None
        self.dbapi_connection = None
        try:
            self.starttime = time.time()
>           self.dbapi_connection = connection = pool._invoke_creator(self)
                                                 ^^^^^^^^^^^^^^^^^^^^^^^^^^

C:\Users\RMOHINDR\AppData\Local\Programs\Python\Python311\Lib\site-packages\sqlalchemy\pool\base.py:896: 
_ _ _ _ _ _ _ _ _ _ _ _ _ _ _ _ _ _ _ _ _ _ _ _ _ _ _ _ _ _ _ _ _ _ _ _ _ _ _ _

connection_record = <sqlalchemy.pool.base._ConnectionRecord object at 0x000001CEFAB2BE70>

    def connect(
        connection_record: Optional[ConnectionPoolEntry] = None,
    ) -> DBAPIConnection:
        if dialect._has_events:
            mutable_cargs = list(cargs_tup)
            mutable_cparams = dict(cparams)
            for fn in dialect.dispatch.do_connect:
                connection = cast(
                    DBAPIConnection,
                    fn(
                        dialect,
                        connection_record,
                        mutable_cargs,
                        mutable_cparams,
                    ),
                )
                if connection is not None:
                    return connection
            return dialect.connect(*mutable_cargs, **mutable_cparams)
        else:
>           return dialect.connect(*cargs_tup, **cparams)
                   ^^^^^^^^^^^^^^^^^^^^^^^^^^^^^^^^^^^^^^

C:\Users\RMOHINDR\AppData\Local\Programs\Python\Python311\Lib\site-packages\sqlalchemy\engine\create.py:667: 
_ _ _ _ _ _ _ _ _ _ _ _ _ _ _ _ _ _ _ _ _ _ _ _ _ _ _ _ _ _ _ _ _ _ _ _ _ _ _ _

self = <sqlalchemy.dialects.postgresql.psycopg2.PGDialect_psycopg2 object at 0x000001CEF9852D50>
cargs = ()
cparams = {'dbname': 'postgres', 'host': 'localhost', 'password': 'password', 'port': 5432, ...}

    def connect(self, *cargs: Any, **cparams: Any) -> DBAPIConnection:
        # inherits the docstring from interfaces.Dialect.connect
>       return self.loaded_dbapi.connect(*cargs, **cparams)  # type: ignore[no-any-return]  # NOQA: E501
               ^^^^^^^^^^^^^^^^^^^^^^^^^^^^^^^^^^^^^^^^^^^^

C:\Users\RMOHINDR\AppData\Local\Programs\Python\Python311\Lib\site-packages\sqlalchemy\engine\default.py:630: 
_ _ _ _ _ _ _ _ _ _ _ _ _ _ _ _ _ _ _ _ _ _ _ _ _ _ _ _ _ _ _ _ _ _ _ _ _ _ _ _

dsn = 'host=localhost dbname=postgres user=transportation password=password port=5432'
connection_factory = None, cursor_factory = None
kwargs = {'dbname': 'postgres', 'host': 'localhost', 'password': 'password', 'port': 5432, ...}
kwasync = {}

    def connect(dsn=None, connection_factory=None, cursor_factory=None, **kwargs):
        """
        Create a new database connection.
    
        The connection parameters can be specified as a string:
    
            conn = psycopg2.connect("dbname=test user=postgres password=secret")
    
        or using a set of keyword arguments:
    
            conn = psycopg2.connect(database="test", user="postgres", password="secret")
    
        Or as a mix of both. The basic connection parameters are:
    
        - *dbname*: the database name
        - *database*: the database name (only as keyword argument)
        - *user*: user name used to authenticate
        - *password*: password used to authenticate
        - *host*: database host address (defaults to UNIX socket if not provided)
        - *port*: connection port number (defaults to 5432 if not provided)
    
        Using the *connection_factory* parameter a different class or connections
        factory can be specified. It should be a callable object taking a dsn
        argument.
    
        Using the *cursor_factory* parameter, a new default cursor factory will be
        used by cursor().
    
        Using *async*=True an asynchronous connection will be created. *async_* is
        a valid alias (for Python versions where ``async`` is a keyword).
    
        Any other keyword parameter will be passed to the underlying client
        library: the list of supported parameters depends on the library version.
    
        """
        kwasync = {}
        if 'async' in kwargs:
            kwasync['async'] = kwargs.pop('async')
        if 'async_' in kwargs:
            kwasync['async_'] = kwargs.pop('async_')
    
        dsn = _ext.make_dsn(dsn, **kwargs)
>       conn = _connect(dsn, connection_factory=connection_factory, **kwasync)
               ^^^^^^^^^^^^^^^^^^^^^^^^^^^^^^^^^^^^^^^^^^^^^^^^^^^^^^^^^^^^^^^
E       sqlalchemy.exc.OperationalError: (psycopg2.OperationalError) connection to server at "localhost" (::1), port 5432 failed: Connection refused (0x0000274D/10061)
E       	Is the server running on that host and accepting TCP/IP connections?
E       connection to server at "localhost" (127.0.0.1), port 5432 failed: Connection refused (0x0000274D/10061)
E       	Is the server running on that host and accepting TCP/IP connections?
E       
E       (Background on this error at: https://sqlalche.me/e/20/e3q8)

C:\Users\RMOHINDR\AppData\Local\Programs\Python\Python311\Lib\site-packages\psycopg2\__init__.py:135: OperationalError
_ ERROR at setup of TestDeleteEndpointEnforcement.test_tc003_2_owner_with_delete_perm_can_delete_own_draft _

self = <sqlalchemy.engine.base.Connection object at 0x000001CEFA8A9490>
engine = Engine(postgresql://transportation:***@localhost:5432/postgres)
connection = None, _has_events = None, _allow_revalidate = True
_allow_autobegin = True

    def __init__(
        self,
        engine: Engine,
        connection: Optional[PoolProxiedConnection] = None,
        _has_events: Optional[bool] = None,
        _allow_revalidate: bool = True,
        _allow_autobegin: bool = True,
    ):
        """Construct a new Connection."""
        self.engine = engine
        self.dialect = dialect = engine.dialect
    
        if connection is None:
            try:
>               self._dbapi_connection = engine.raw_connection()
                                         ^^^^^^^^^^^^^^^^^^^^^^^

C:\Users\RMOHINDR\AppData\Local\Programs\Python\Python311\Lib\site-packages\sqlalchemy\engine\base.py:143: 
_ _ _ _ _ _ _ _ _ _ _ _ _ _ _ _ _ _ _ _ _ _ _ _ _ _ _ _ _ _ _ _ _ _ _ _ _ _ _ _

self = Engine(postgresql://transportation:***@localhost:5432/postgres)

    def raw_connection(self) -> PoolProxiedConnection:
        """Return a "raw" DBAPI connection from the connection pool.
    
        The returned object is a proxied version of the DBAPI
        connection object used by the underlying driver in use.
        The object will have all the same behavior as the real DBAPI
        connection, except that its ``close()`` method will result in the
        connection being returned to the pool, rather than being closed
        for real.
    
        This method provides direct DBAPI connection access for
        special situations when the API provided by
        :class:`_engine.Connection`
        is not needed.   When a :class:`_engine.Connection` object is already
        present, the DBAPI connection is available using
        the :attr:`_engine.Connection.connection` accessor.
    
        .. seealso::
    
            :ref:`dbapi_connections`
    
        """
>       return self.pool.connect()
               ^^^^^^^^^^^^^^^^^^^

C:\Users\RMOHINDR\AppData\Local\Programs\Python\Python311\Lib\site-packages\sqlalchemy\engine\base.py:3317: 
_ _ _ _ _ _ _ _ _ _ _ _ _ _ _ _ _ _ _ _ _ _ _ _ _ _ _ _ _ _ _ _ _ _ _ _ _ _ _ _

self = <sqlalchemy.pool.impl.QueuePool object at 0x000001CEFAB7F450>

    def connect(self) -> PoolProxiedConnection:
        """Return a DBAPI connection from the pool.
    
        The connection is instrumented such that when its
        ``close()`` method is called, the connection will be returned to
        the pool.
    
        """
>       return _ConnectionFairy._checkout(self)
               ^^^^^^^^^^^^^^^^^^^^^^^^^^^^^^^^

C:\Users\RMOHINDR\AppData\Local\Programs\Python\Python311\Lib\site-packages\sqlalchemy\pool\base.py:448: 
_ _ _ _ _ _ _ _ _ _ _ _ _ _ _ _ _ _ _ _ _ _ _ _ _ _ _ _ _ _ _ _ _ _ _ _ _ _ _ _

cls = <class 'sqlalchemy.pool.base._ConnectionFairy'>
pool = <sqlalchemy.pool.impl.QueuePool object at 0x000001CEFAB7F450>
threadconns = None, fairy = None

    @classmethod
    def _checkout(
        cls,
        pool: Pool,
        threadconns: Optional[threading.local] = None,
        fairy: Optional[_ConnectionFairy] = None,
    ) -> _ConnectionFairy:
        if not fairy:
>           fairy = _ConnectionRecord.checkout(pool)
                    ^^^^^^^^^^^^^^^^^^^^^^^^^^^^^^^^

C:\Users\RMOHINDR\AppData\Local\Programs\Python\Python311\Lib\site-packages\sqlalchemy\pool\base.py:1272: 
_ _ _ _ _ _ _ _ _ _ _ _ _ _ _ _ _ _ _ _ _ _ _ _ _ _ _ _ _ _ _ _ _ _ _ _ _ _ _ _

cls = <class 'sqlalchemy.pool.base._ConnectionRecord'>
pool = <sqlalchemy.pool.impl.QueuePool object at 0x000001CEFAB7F450>

    @classmethod
    def checkout(cls, pool: Pool) -> _ConnectionFairy:
        if TYPE_CHECKING:
            rec = cast(_ConnectionRecord, pool._do_get())
        else:
>           rec = pool._do_get()
                  ^^^^^^^^^^^^^^

C:\Users\RMOHINDR\AppData\Local\Programs\Python\Python311\Lib\site-packages\sqlalchemy\pool\base.py:712: 
_ _ _ _ _ _ _ _ _ _ _ _ _ _ _ _ _ _ _ _ _ _ _ _ _ _ _ _ _ _ _ _ _ _ _ _ _ _ _ _

self = <sqlalchemy.pool.impl.QueuePool object at 0x000001CEFAB7F450>

    def _do_get(self) -> ConnectionPoolEntry:
        use_overflow = self._max_overflow > -1
    
        wait = use_overflow and self._overflow >= self._max_overflow
        try:
            return self._pool.get(wait, self._timeout)
        except sqla_queue.Empty:
            # don't do things inside of "except Empty", because when we say
            # we timed out or can't connect and raise, Python 3 tells
            # people the real error is queue.Empty which it isn't.
            pass
        if use_overflow and self._overflow >= self._max_overflow:
            if not wait:
                return self._do_get()
            else:
                raise exc.TimeoutError(
                    "QueuePool limit of size %d overflow %d reached, "
                    "connection timed out, timeout %0.2f"
                    % (self.size(), self.overflow(), self._timeout),
                    code="3o7r",
                )
    
        if self._inc_overflow():
            try:
                return self._create_connection()
            except:
>               with util.safe_reraise():

C:\Users\RMOHINDR\AppData\Local\Programs\Python\Python311\Lib\site-packages\sqlalchemy\pool\impl.py:177: 
_ _ _ _ _ _ _ _ _ _ _ _ _ _ _ _ _ _ _ _ _ _ _ _ _ _ _ _ _ _ _ _ _ _ _ _ _ _ _ _

self = <sqlalchemy.util.langhelpers.safe_reraise object at 0x000001CEFAB43E50>
type_ = None, value = None, traceback = None

    def __exit__(
        self,
        type_: Optional[Type[BaseException]],
        value: Optional[BaseException],
        traceback: Optional[types.TracebackType],
    ) -> NoReturn:
        assert self._exc_info is not None
        # see #2703 for notes
        if type_ is None:
            exc_type, exc_value, exc_tb = self._exc_info
            assert exc_value is not None
            self._exc_info = None  # remove potential circular references
>           raise exc_value.with_traceback(exc_tb)

C:\Users\RMOHINDR\AppData\Local\Programs\Python\Python311\Lib\site-packages\sqlalchemy\util\langhelpers.py:121: 
_ _ _ _ _ _ _ _ _ _ _ _ _ _ _ _ _ _ _ _ _ _ _ _ _ _ _ _ _ _ _ _ _ _ _ _ _ _ _ _

self = <sqlalchemy.pool.impl.QueuePool object at 0x000001CEFAB7F450>

    def _do_get(self) -> ConnectionPoolEntry:
        use_overflow = self._max_overflow > -1
    
        wait = use_overflow and self._overflow >= self._max_overflow
        try:
            return self._pool.get(wait, self._timeout)
        except sqla_queue.Empty:
            # don't do things inside of "except Empty", because when we say
            # we timed out or can't connect and raise, Python 3 tells
            # people the real error is queue.Empty which it isn't.
            pass
        if use_overflow and self._overflow >= self._max_overflow:
            if not wait:
                return self._do_get()
            else:
                raise exc.TimeoutError(
                    "QueuePool limit of size %d overflow %d reached, "
                    "connection timed out, timeout %0.2f"
                    % (self.size(), self.overflow(), self._timeout),
                    code="3o7r",
                )
    
        if self._inc_overflow():
            try:
>               return self._create_connection()
                       ^^^^^^^^^^^^^^^^^^^^^^^^^

C:\Users\RMOHINDR\AppData\Local\Programs\Python\Python311\Lib\site-packages\sqlalchemy\pool\impl.py:175: 
_ _ _ _ _ _ _ _ _ _ _ _ _ _ _ _ _ _ _ _ _ _ _ _ _ _ _ _ _ _ _ _ _ _ _ _ _ _ _ _

self = <sqlalchemy.pool.impl.QueuePool object at 0x000001CEFAB7F450>

    def _create_connection(self) -> ConnectionPoolEntry:
        """Called by subclasses to create a new ConnectionRecord."""
    
>       return _ConnectionRecord(self)
               ^^^^^^^^^^^^^^^^^^^^^^^

C:\Users\RMOHINDR\AppData\Local\Programs\Python\Python311\Lib\site-packages\sqlalchemy\pool\base.py:389: 
_ _ _ _ _ _ _ _ _ _ _ _ _ _ _ _ _ _ _ _ _ _ _ _ _ _ _ _ _ _ _ _ _ _ _ _ _ _ _ _

self = <sqlalchemy.pool.base._ConnectionRecord object at 0x000001CEFAB2BE70>
pool = <sqlalchemy.pool.impl.QueuePool object at 0x000001CEFAB7F450>
connect = True

    def __init__(self, pool: Pool, connect: bool = True):
        self.fresh = False
        self.fairy_ref = None
        self.starttime = 0
        self.dbapi_connection = None
    
        self.__pool = pool
        if connect:
>           self.__connect()

C:\Users\RMOHINDR\AppData\Local\Programs\Python\Python311\Lib\site-packages\sqlalchemy\pool\base.py:674: 
_ _ _ _ _ _ _ _ _ _ _ _ _ _ _ _ _ _ _ _ _ _ _ _ _ _ _ _ _ _ _ _ _ _ _ _ _ _ _ _

self = <sqlalchemy.pool.base._ConnectionRecord object at 0x000001CEFAB2BE70>

    def __connect(self) -> None:
        pool = self.__pool
    
        # ensure any existing connection is removed, so that if
        # creator fails, this attribute stays None
        self.dbapi_connection = None
        try:
            self.starttime = time.time()
            self.dbapi_connection = connection = pool._invoke_creator(self)
            pool.logger.debug("Created new connection %r", connection)
            self.fresh = True
        except BaseException as e:
>           with util.safe_reraise():

C:\Users\RMOHINDR\AppData\Local\Programs\Python\Python311\Lib\site-packages\sqlalchemy\pool\base.py:900: 
_ _ _ _ _ _ _ _ _ _ _ _ _ _ _ _ _ _ _ _ _ _ _ _ _ _ _ _ _ _ _ _ _ _ _ _ _ _ _ _

self = <sqlalchemy.util.langhelpers.safe_reraise object at 0x000001CEFAB43D60>
type_ = None, value = None, traceback = None

    def __exit__(
        self,
        type_: Optional[Type[BaseException]],
        value: Optional[BaseException],
        traceback: Optional[types.TracebackType],
    ) -> NoReturn:
        assert self._exc_info is not None
        # see #2703 for notes
        if type_ is None:
            exc_type, exc_value, exc_tb = self._exc_info
            assert exc_value is not None
            self._exc_info = None  # remove potential circular references
>           raise exc_value.with_traceback(exc_tb)

C:\Users\RMOHINDR\AppData\Local\Programs\Python\Python311\Lib\site-packages\sqlalchemy\util\langhelpers.py:121: 
_ _ _ _ _ _ _ _ _ _ _ _ _ _ _ _ _ _ _ _ _ _ _ _ _ _ _ _ _ _ _ _ _ _ _ _ _ _ _ _

self = <sqlalchemy.pool.base._ConnectionRecord object at 0x000001CEFAB2BE70>

    def __connect(self) -> None:
        pool = self.__pool
    
        # ensure any existing connection is removed, so that if
        # creator fails, this attribute stays None
        self.dbapi_connection = None
        try:
            self.starttime = time.time()
>           self.dbapi_connection = connection = pool._invoke_creator(self)
                                                 ^^^^^^^^^^^^^^^^^^^^^^^^^^

C:\Users\RMOHINDR\AppData\Local\Programs\Python\Python311\Lib\site-packages\sqlalchemy\pool\base.py:896: 
_ _ _ _ _ _ _ _ _ _ _ _ _ _ _ _ _ _ _ _ _ _ _ _ _ _ _ _ _ _ _ _ _ _ _ _ _ _ _ _

connection_record = <sqlalchemy.pool.base._ConnectionRecord object at 0x000001CEFAB2BE70>

    def connect(
        connection_record: Optional[ConnectionPoolEntry] = None,
    ) -> DBAPIConnection:
        if dialect._has_events:
            mutable_cargs = list(cargs_tup)
            mutable_cparams = dict(cparams)
            for fn in dialect.dispatch.do_connect:
                connection = cast(
                    DBAPIConnection,
                    fn(
                        dialect,
                        connection_record,
                        mutable_cargs,
                        mutable_cparams,
                    ),
                )
                if connection is not None:
                    return connection
            return dialect.connect(*mutable_cargs, **mutable_cparams)
        else:
>           return dialect.connect(*cargs_tup, **cparams)
                   ^^^^^^^^^^^^^^^^^^^^^^^^^^^^^^^^^^^^^^

C:\Users\RMOHINDR\AppData\Local\Programs\Python\Python311\Lib\site-packages\sqlalchemy\engine\create.py:667: 
_ _ _ _ _ _ _ _ _ _ _ _ _ _ _ _ _ _ _ _ _ _ _ _ _ _ _ _ _ _ _ _ _ _ _ _ _ _ _ _

self = <sqlalchemy.dialects.postgresql.psycopg2.PGDialect_psycopg2 object at 0x000001CEF9852D50>
cargs = ()
cparams = {'dbname': 'postgres', 'host': 'localhost', 'password': 'password', 'port': 5432, ...}

    def connect(self, *cargs: Any, **cparams: Any) -> DBAPIConnection:
        # inherits the docstring from interfaces.Dialect.connect
>       return self.loaded_dbapi.connect(*cargs, **cparams)  # type: ignore[no-any-return]  # NOQA: E501
               ^^^^^^^^^^^^^^^^^^^^^^^^^^^^^^^^^^^^^^^^^^^^

C:\Users\RMOHINDR\AppData\Local\Programs\Python\Python311\Lib\site-packages\sqlalchemy\engine\default.py:630: 
_ _ _ _ _ _ _ _ _ _ _ _ _ _ _ _ _ _ _ _ _ _ _ _ _ _ _ _ _ _ _ _ _ _ _ _ _ _ _ _

dsn = 'host=localhost dbname=postgres user=transportation password=password port=5432'
connection_factory = None, cursor_factory = None
kwargs = {'dbname': 'postgres', 'host': 'localhost', 'password': 'password', 'port': 5432, ...}
kwasync = {}

    def connect(dsn=None, connection_factory=None, cursor_factory=None, **kwargs):
        """
        Create a new database connection.
    
        The connection parameters can be specified as a string:
    
            conn = psycopg2.connect("dbname=test user=postgres password=secret")
    
        or using a set of keyword arguments:
    
            conn = psycopg2.connect(database="test", user="postgres", password="secret")
    
        Or as a mix of both. The basic connection parameters are:
    
        - *dbname*: the database name
        - *database*: the database name (only as keyword argument)
        - *user*: user name used to authenticate
        - *password*: password used to authenticate
        - *host*: database host address (defaults to UNIX socket if not provided)
        - *port*: connection port number (defaults to 5432 if not provided)
    
        Using the *connection_factory* parameter a different class or connections
        factory can be specified. It should be a callable object taking a dsn
        argument.
    
        Using the *cursor_factory* parameter, a new default cursor factory will be
        used by cursor().
    
        Using *async*=True an asynchronous connection will be created. *async_* is
        a valid alias (for Python versions where ``async`` is a keyword).
    
        Any other keyword parameter will be passed to the underlying client
        library: the list of supported parameters depends on the library version.
    
        """
        kwasync = {}
        if 'async' in kwargs:
            kwasync['async'] = kwargs.pop('async')
        if 'async_' in kwargs:
            kwasync['async_'] = kwargs.pop('async_')
    
        dsn = _ext.make_dsn(dsn, **kwargs)
>       conn = _connect(dsn, connection_factory=connection_factory, **kwasync)
               ^^^^^^^^^^^^^^^^^^^^^^^^^^^^^^^^^^^^^^^^^^^^^^^^^^^^^^^^^^^^^^^
E       psycopg2.OperationalError: connection to server at "localhost" (::1), port 5432 failed: Connection refused (0x0000274D/10061)
E       	Is the server running on that host and accepting TCP/IP connections?
E       connection to server at "localhost" (127.0.0.1), port 5432 failed: Connection refused (0x0000274D/10061)
E       	Is the server running on that host and accepting TCP/IP connections?

C:\Users\RMOHINDR\AppData\Local\Programs\Python\Python311\Lib\site-packages\psycopg2\__init__.py:135: OperationalError

The above exception was the direct cause of the following exception:

    @pytest.fixture(scope="session")
    def _test_engine():
        """Create the test database (if needed) and return an engine bound to it.
    
        The database is created once per test session and the full schema is
        applied via ``Base.metadata.create_all``.
        """
        # Connect to the admin database to create the test database.
        admin_engine = create_engine(_PG_ADMIN_URL, isolation_level="AUTOCOMMIT")
>       with admin_engine.connect() as conn:
             ^^^^^^^^^^^^^^^^^^^^^^

apps\backend\tests\conftest.py:69: 
_ _ _ _ _ _ _ _ _ _ _ _ _ _ _ _ _ _ _ _ _ _ _ _ _ _ _ _ _ _ _ _ _ _ _ _ _ _ _ _

self = Engine(postgresql://transportation:***@localhost:5432/postgres)

    def connect(self) -> Connection:
        """Return a new :class:`_engine.Connection` object.
    
        The :class:`_engine.Connection` acts as a Python context manager, so
        the typical use of this method looks like::
    
            with engine.connect() as connection:
                connection.execute(text("insert into table values ('foo')"))
                connection.commit()
    
        Where above, after the block is completed, the connection is "closed"
        and its underlying DBAPI resources are returned to the connection pool.
        This also has the effect of rolling back any transaction that
        was explicitly begun or was begun via autobegin, and will
        emit the :meth:`_events.ConnectionEvents.rollback` event if one was
        started and is still in progress.
    
        .. seealso::
    
            :meth:`_engine.Engine.begin`
    
        """
    
>       return self._connection_cls(self)
               ^^^^^^^^^^^^^^^^^^^^^^^^^^

C:\Users\RMOHINDR\AppData\Local\Programs\Python\Python311\Lib\site-packages\sqlalchemy\engine\base.py:3293: 
_ _ _ _ _ _ _ _ _ _ _ _ _ _ _ _ _ _ _ _ _ _ _ _ _ _ _ _ _ _ _ _ _ _ _ _ _ _ _ _

self = <sqlalchemy.engine.base.Connection object at 0x000001CEFA8A9490>
engine = Engine(postgresql://transportation:***@localhost:5432/postgres)
connection = None, _has_events = None, _allow_revalidate = True
_allow_autobegin = True

    def __init__(
        self,
        engine: Engine,
        connection: Optional[PoolProxiedConnection] = None,
        _has_events: Optional[bool] = None,
        _allow_revalidate: bool = True,
        _allow_autobegin: bool = True,
    ):
        """Construct a new Connection."""
        self.engine = engine
        self.dialect = dialect = engine.dialect
    
        if connection is None:
            try:
                self._dbapi_connection = engine.raw_connection()
            except dialect.loaded_dbapi.Error as err:
>               Connection._handle_dbapi_exception_noconnection(
                    err, dialect, engine
                )

C:\Users\RMOHINDR\AppData\Local\Programs\Python\Python311\Lib\site-packages\sqlalchemy\engine\base.py:145: 
_ _ _ _ _ _ _ _ _ _ _ _ _ _ _ _ _ _ _ _ _ _ _ _ _ _ _ _ _ _ _ _ _ _ _ _ _ _ _ _

cls = <class 'sqlalchemy.engine.base.Connection'>
e = OperationalError('connection to server at "localhost" (::1), port 5432 failed: Connection refused (0x0000274D/10061)\n...iled: Connection refused (0x0000274D/10061)\n\tIs the server running on that host and accepting TCP/IP connections?\n')
dialect = <sqlalchemy.dialects.postgresql.psycopg2.PGDialect_psycopg2 object at 0x000001CEF9852D50>
engine = Engine(postgresql://transportation:***@localhost:5432/postgres)
is_disconnect = False, invalidate_pool_on_disconnect = True, is_pre_ping = False

    @classmethod
    def _handle_dbapi_exception_noconnection(
        cls,
        e: BaseException,
        dialect: Dialect,
        engine: Optional[Engine] = None,
        is_disconnect: Optional[bool] = None,
        invalidate_pool_on_disconnect: bool = True,
        is_pre_ping: bool = False,
    ) -> NoReturn:
        exc_info = sys.exc_info()
    
        if is_disconnect is None:
            is_disconnect = isinstance(
                e, dialect.loaded_dbapi.Error
            ) and dialect.is_disconnect(e, None, None)
    
        should_wrap = isinstance(e, dialect.loaded_dbapi.Error)
    
        if should_wrap:
            sqlalchemy_exception = exc.DBAPIError.instance(
                None,
                None,
                cast(Exception, e),
                dialect.loaded_dbapi.Error,
                hide_parameters=(
                    engine.hide_parameters if engine is not None else False
                ),
                connection_invalidated=is_disconnect,
                dialect=dialect,
            )
        else:
            sqlalchemy_exception = None
    
        newraise = None
    
        if dialect._has_events:
            ctx = ExceptionContextImpl(
                e,
                sqlalchemy_exception,
                engine,
                dialect,
                None,
                None,
                None,
                None,
                None,
                is_disconnect,
                invalidate_pool_on_disconnect,
                is_pre_ping,
            )
            for fn in dialect.dispatch.handle_error:
                try:
                    # handler returns an exception;
                    # call next handler in a chain
                    per_fn = fn(ctx)
                    if per_fn is not None:
                        ctx.chained_exception = newraise = per_fn
                except Exception as _raised:
                    # handler raises an exception - stop processing
                    newraise = _raised
                    break
    
            if sqlalchemy_exception and is_disconnect != ctx.is_disconnect:
                sqlalchemy_exception.connection_invalidated = ctx.is_disconnect
    
        if newraise:
            raise newraise.with_traceback(exc_info[2]) from e
        elif should_wrap:
            assert sqlalchemy_exception is not None
>           raise sqlalchemy_exception.with_traceback(exc_info[2]) from e

C:\Users\RMOHINDR\AppData\Local\Programs\Python\Python311\Lib\site-packages\sqlalchemy\engine\base.py:2448: 
_ _ _ _ _ _ _ _ _ _ _ _ _ _ _ _ _ _ _ _ _ _ _ _ _ _ _ _ _ _ _ _ _ _ _ _ _ _ _ _

self = <sqlalchemy.engine.base.Connection object at 0x000001CEFA8A9490>
engine = Engine(postgresql://transportation:***@localhost:5432/postgres)
connection = None, _has_events = None, _allow_revalidate = True
_allow_autobegin = True

    def __init__(
        self,
        engine: Engine,
        connection: Optional[PoolProxiedConnection] = None,
        _has_events: Optional[bool] = None,
        _allow_revalidate: bool = True,
        _allow_autobegin: bool = True,
    ):
        """Construct a new Connection."""
        self.engine = engine
        self.dialect = dialect = engine.dialect
    
        if connection is None:
            try:
>               self._dbapi_connection = engine.raw_connection()
                                         ^^^^^^^^^^^^^^^^^^^^^^^

C:\Users\RMOHINDR\AppData\Local\Programs\Python\Python311\Lib\site-packages\sqlalchemy\engine\base.py:143: 
_ _ _ _ _ _ _ _ _ _ _ _ _ _ _ _ _ _ _ _ _ _ _ _ _ _ _ _ _ _ _ _ _ _ _ _ _ _ _ _

self = Engine(postgresql://transportation:***@localhost:5432/postgres)

    def raw_connection(self) -> PoolProxiedConnection:
        """Return a "raw" DBAPI connection from the connection pool.
    
        The returned object is a proxied version of the DBAPI
        connection object used by the underlying driver in use.
        The object will have all the same behavior as the real DBAPI
        connection, except that its ``close()`` method will result in the
        connection being returned to the pool, rather than being closed
        for real.
    
        This method provides direct DBAPI connection access for
        special situations when the API provided by
        :class:`_engine.Connection`
        is not needed.   When a :class:`_engine.Connection` object is already
        present, the DBAPI connection is available using
        the :attr:`_engine.Connection.connection` accessor.
    
        .. seealso::
    
            :ref:`dbapi_connections`
    
        """
>       return self.pool.connect()
               ^^^^^^^^^^^^^^^^^^^

C:\Users\RMOHINDR\AppData\Local\Programs\Python\Python311\Lib\site-packages\sqlalchemy\engine\base.py:3317: 
_ _ _ _ _ _ _ _ _ _ _ _ _ _ _ _ _ _ _ _ _ _ _ _ _ _ _ _ _ _ _ _ _ _ _ _ _ _ _ _

self = <sqlalchemy.pool.impl.QueuePool object at 0x000001CEFAB7F450>

    def connect(self) -> PoolProxiedConnection:
        """Return a DBAPI connection from the pool.
    
        The connection is instrumented such that when its
        ``close()`` method is called, the connection will be returned to
        the pool.
    
        """
>       return _ConnectionFairy._checkout(self)
               ^^^^^^^^^^^^^^^^^^^^^^^^^^^^^^^^

C:\Users\RMOHINDR\AppData\Local\Programs\Python\Python311\Lib\site-packages\sqlalchemy\pool\base.py:448: 
_ _ _ _ _ _ _ _ _ _ _ _ _ _ _ _ _ _ _ _ _ _ _ _ _ _ _ _ _ _ _ _ _ _ _ _ _ _ _ _

cls = <class 'sqlalchemy.pool.base._ConnectionFairy'>
pool = <sqlalchemy.pool.impl.QueuePool object at 0x000001CEFAB7F450>
threadconns = None, fairy = None

    @classmethod
    def _checkout(
        cls,
        pool: Pool,
        threadconns: Optional[threading.local] = None,
        fairy: Optional[_ConnectionFairy] = None,
    ) -> _ConnectionFairy:
        if not fairy:
>           fairy = _ConnectionRecord.checkout(pool)
                    ^^^^^^^^^^^^^^^^^^^^^^^^^^^^^^^^

C:\Users\RMOHINDR\AppData\Local\Programs\Python\Python311\Lib\site-packages\sqlalchemy\pool\base.py:1272: 
_ _ _ _ _ _ _ _ _ _ _ _ _ _ _ _ _ _ _ _ _ _ _ _ _ _ _ _ _ _ _ _ _ _ _ _ _ _ _ _

cls = <class 'sqlalchemy.pool.base._ConnectionRecord'>
pool = <sqlalchemy.pool.impl.QueuePool object at 0x000001CEFAB7F450>

    @classmethod
    def checkout(cls, pool: Pool) -> _ConnectionFairy:
        if TYPE_CHECKING:
            rec = cast(_ConnectionRecord, pool._do_get())
        else:
>           rec = pool._do_get()
                  ^^^^^^^^^^^^^^

C:\Users\RMOHINDR\AppData\Local\Programs\Python\Python311\Lib\site-packages\sqlalchemy\pool\base.py:712: 
_ _ _ _ _ _ _ _ _ _ _ _ _ _ _ _ _ _ _ _ _ _ _ _ _ _ _ _ _ _ _ _ _ _ _ _ _ _ _ _

self = <sqlalchemy.pool.impl.QueuePool object at 0x000001CEFAB7F450>

    def _do_get(self) -> ConnectionPoolEntry:
        use_overflow = self._max_overflow > -1
    
        wait = use_overflow and self._overflow >= self._max_overflow
        try:
            return self._pool.get(wait, self._timeout)
        except sqla_queue.Empty:
            # don't do things inside of "except Empty", because when we say
            # we timed out or can't connect and raise, Python 3 tells
            # people the real error is queue.Empty which it isn't.
            pass
        if use_overflow and self._overflow >= self._max_overflow:
            if not wait:
                return self._do_get()
            else:
                raise exc.TimeoutError(
                    "QueuePool limit of size %d overflow %d reached, "
                    "connection timed out, timeout %0.2f"
                    % (self.size(), self.overflow(), self._timeout),
                    code="3o7r",
                )
    
        if self._inc_overflow():
            try:
                return self._create_connection()
            except:
>               with util.safe_reraise():

C:\Users\RMOHINDR\AppData\Local\Programs\Python\Python311\Lib\site-packages\sqlalchemy\pool\impl.py:177: 
_ _ _ _ _ _ _ _ _ _ _ _ _ _ _ _ _ _ _ _ _ _ _ _ _ _ _ _ _ _ _ _ _ _ _ _ _ _ _ _

self = <sqlalchemy.util.langhelpers.safe_reraise object at 0x000001CEFAB43E50>
type_ = None, value = None, traceback = None

    def __exit__(
        self,
        type_: Optional[Type[BaseException]],
        value: Optional[BaseException],
        traceback: Optional[types.TracebackType],
    ) -> NoReturn:
        assert self._exc_info is not None
        # see #2703 for notes
        if type_ is None:
            exc_type, exc_value, exc_tb = self._exc_info
            assert exc_value is not None
            self._exc_info = None  # remove potential circular references
>           raise exc_value.with_traceback(exc_tb)

C:\Users\RMOHINDR\AppData\Local\Programs\Python\Python311\Lib\site-packages\sqlalchemy\util\langhelpers.py:121: 
_ _ _ _ _ _ _ _ _ _ _ _ _ _ _ _ _ _ _ _ _ _ _ _ _ _ _ _ _ _ _ _ _ _ _ _ _ _ _ _

self = <sqlalchemy.pool.impl.QueuePool object at 0x000001CEFAB7F450>

    def _do_get(self) -> ConnectionPoolEntry:
        use_overflow = self._max_overflow > -1
    
        wait = use_overflow and self._overflow >= self._max_overflow
        try:
            return self._pool.get(wait, self._timeout)
        except sqla_queue.Empty:
            # don't do things inside of "except Empty", because when we say
            # we timed out or can't connect and raise, Python 3 tells
            # people the real error is queue.Empty which it isn't.
            pass
        if use_overflow and self._overflow >= self._max_overflow:
            if not wait:
                return self._do_get()
            else:
                raise exc.TimeoutError(
                    "QueuePool limit of size %d overflow %d reached, "
                    "connection timed out, timeout %0.2f"
                    % (self.size(), self.overflow(), self._timeout),
                    code="3o7r",
                )
    
        if self._inc_overflow():
            try:
>               return self._create_connection()
                       ^^^^^^^^^^^^^^^^^^^^^^^^^

C:\Users\RMOHINDR\AppData\Local\Programs\Python\Python311\Lib\site-packages\sqlalchemy\pool\impl.py:175: 
_ _ _ _ _ _ _ _ _ _ _ _ _ _ _ _ _ _ _ _ _ _ _ _ _ _ _ _ _ _ _ _ _ _ _ _ _ _ _ _

self = <sqlalchemy.pool.impl.QueuePool object at 0x000001CEFAB7F450>

    def _create_connection(self) -> ConnectionPoolEntry:
        """Called by subclasses to create a new ConnectionRecord."""
    
>       return _ConnectionRecord(self)
               ^^^^^^^^^^^^^^^^^^^^^^^

C:\Users\RMOHINDR\AppData\Local\Programs\Python\Python311\Lib\site-packages\sqlalchemy\pool\base.py:389: 
_ _ _ _ _ _ _ _ _ _ _ _ _ _ _ _ _ _ _ _ _ _ _ _ _ _ _ _ _ _ _ _ _ _ _ _ _ _ _ _

self = <sqlalchemy.pool.base._ConnectionRecord object at 0x000001CEFAB2BE70>
pool = <sqlalchemy.pool.impl.QueuePool object at 0x000001CEFAB7F450>
connect = True

    def __init__(self, pool: Pool, connect: bool = True):
        self.fresh = False
        self.fairy_ref = None
        self.starttime = 0
        self.dbapi_connection = None
    
        self.__pool = pool
        if connect:
>           self.__connect()

C:\Users\RMOHINDR\AppData\Local\Programs\Python\Python311\Lib\site-packages\sqlalchemy\pool\base.py:674: 
_ _ _ _ _ _ _ _ _ _ _ _ _ _ _ _ _ _ _ _ _ _ _ _ _ _ _ _ _ _ _ _ _ _ _ _ _ _ _ _

self = <sqlalchemy.pool.base._ConnectionRecord object at 0x000001CEFAB2BE70>

    def __connect(self) -> None:
        pool = self.__pool
    
        # ensure any existing connection is removed, so that if
        # creator fails, this attribute stays None
        self.dbapi_connection = None
        try:
            self.starttime = time.time()
            self.dbapi_connection = connection = pool._invoke_creator(self)
            pool.logger.debug("Created new connection %r", connection)
            self.fresh = True
        except BaseException as e:
>           with util.safe_reraise():

C:\Users\RMOHINDR\AppData\Local\Programs\Python\Python311\Lib\site-packages\sqlalchemy\pool\base.py:900: 
_ _ _ _ _ _ _ _ _ _ _ _ _ _ _ _ _ _ _ _ _ _ _ _ _ _ _ _ _ _ _ _ _ _ _ _ _ _ _ _

self = <sqlalchemy.util.langhelpers.safe_reraise object at 0x000001CEFAB43D60>
type_ = None, value = None, traceback = None

    def __exit__(
        self,
        type_: Optional[Type[BaseException]],
        value: Optional[BaseException],
        traceback: Optional[types.TracebackType],
    ) -> NoReturn:
        assert self._exc_info is not None
        # see #2703 for notes
        if type_ is None:
            exc_type, exc_value, exc_tb = self._exc_info
            assert exc_value is not None
            self._exc_info = None  # remove potential circular references
>           raise exc_value.with_traceback(exc_tb)

C:\Users\RMOHINDR\AppData\Local\Programs\Python\Python311\Lib\site-packages\sqlalchemy\util\langhelpers.py:121: 
_ _ _ _ _ _ _ _ _ _ _ _ _ _ _ _ _ _ _ _ _ _ _ _ _ _ _ _ _ _ _ _ _ _ _ _ _ _ _ _

self = <sqlalchemy.pool.base._ConnectionRecord object at 0x000001CEFAB2BE70>

    def __connect(self) -> None:
        pool = self.__pool
    
        # ensure any existing connection is removed, so that if
        # creator fails, this attribute stays None
        self.dbapi_connection = None
        try:
            self.starttime = time.time()
>           self.dbapi_connection = connection = pool._invoke_creator(self)
                                                 ^^^^^^^^^^^^^^^^^^^^^^^^^^

C:\Users\RMOHINDR\AppData\Local\Programs\Python\Python311\Lib\site-packages\sqlalchemy\pool\base.py:896: 
_ _ _ _ _ _ _ _ _ _ _ _ _ _ _ _ _ _ _ _ _ _ _ _ _ _ _ _ _ _ _ _ _ _ _ _ _ _ _ _

connection_record = <sqlalchemy.pool.base._ConnectionRecord object at 0x000001CEFAB2BE70>

    def connect(
        connection_record: Optional[ConnectionPoolEntry] = None,
    ) -> DBAPIConnection:
        if dialect._has_events:
            mutable_cargs = list(cargs_tup)
            mutable_cparams = dict(cparams)
            for fn in dialect.dispatch.do_connect:
                connection = cast(
                    DBAPIConnection,
                    fn(
                        dialect,
                        connection_record,
                        mutable_cargs,
                        mutable_cparams,
                    ),
                )
                if connection is not None:
                    return connection
            return dialect.connect(*mutable_cargs, **mutable_cparams)
        else:
>           return dialect.connect(*cargs_tup, **cparams)
                   ^^^^^^^^^^^^^^^^^^^^^^^^^^^^^^^^^^^^^^

C:\Users\RMOHINDR\AppData\Local\Programs\Python\Python311\Lib\site-packages\sqlalchemy\engine\create.py:667: 
_ _ _ _ _ _ _ _ _ _ _ _ _ _ _ _ _ _ _ _ _ _ _ _ _ _ _ _ _ _ _ _ _ _ _ _ _ _ _ _

self = <sqlalchemy.dialects.postgresql.psycopg2.PGDialect_psycopg2 object at 0x000001CEF9852D50>
cargs = ()
cparams = {'dbname': 'postgres', 'host': 'localhost', 'password': 'password', 'port': 5432, ...}

    def connect(self, *cargs: Any, **cparams: Any) -> DBAPIConnection:
        # inherits the docstring from interfaces.Dialect.connect
>       return self.loaded_dbapi.connect(*cargs, **cparams)  # type: ignore[no-any-return]  # NOQA: E501
               ^^^^^^^^^^^^^^^^^^^^^^^^^^^^^^^^^^^^^^^^^^^^

C:\Users\RMOHINDR\AppData\Local\Programs\Python\Python311\Lib\site-packages\sqlalchemy\engine\default.py:630: 
_ _ _ _ _ _ _ _ _ _ _ _ _ _ _ _ _ _ _ _ _ _ _ _ _ _ _ _ _ _ _ _ _ _ _ _ _ _ _ _

dsn = 'host=localhost dbname=postgres user=transportation password=password port=5432'
connection_factory = None, cursor_factory = None
kwargs = {'dbname': 'postgres', 'host': 'localhost', 'password': 'password', 'port': 5432, ...}
kwasync = {}

    def connect(dsn=None, connection_factory=None, cursor_factory=None, **kwargs):
        """
        Create a new database connection.
    
        The connection parameters can be specified as a string:
    
            conn = psycopg2.connect("dbname=test user=postgres password=secret")
    
        or using a set of keyword arguments:
    
            conn = psycopg2.connect(database="test", user="postgres", password="secret")
    
        Or as a mix of both. The basic connection parameters are:
    
        - *dbname*: the database name
        - *database*: the database name (only as keyword argument)
        - *user*: user name used to authenticate
        - *password*: password used to authenticate
        - *host*: database host address (defaults to UNIX socket if not provided)
        - *port*: connection port number (defaults to 5432 if not provided)
    
        Using the *connection_factory* parameter a different class or connections
        factory can be specified. It should be a callable object taking a dsn
        argument.
    
        Using the *cursor_factory* parameter, a new default cursor factory will be
        used by cursor().
    
        Using *async*=True an asynchronous connection will be created. *async_* is
        a valid alias (for Python versions where ``async`` is a keyword).
    
        Any other keyword parameter will be passed to the underlying client
        library: the list of supported parameters depends on the library version.
    
        """
        kwasync = {}
        if 'async' in kwargs:
            kwasync['async'] = kwargs.pop('async')
        if 'async_' in kwargs:
            kwasync['async_'] = kwargs.pop('async_')
    
        dsn = _ext.make_dsn(dsn, **kwargs)
>       conn = _connect(dsn, connection_factory=connection_factory, **kwasync)
               ^^^^^^^^^^^^^^^^^^^^^^^^^^^^^^^^^^^^^^^^^^^^^^^^^^^^^^^^^^^^^^^
E       sqlalchemy.exc.OperationalError: (psycopg2.OperationalError) connection to server at "localhost" (::1), port 5432 failed: Connection refused (0x0000274D/10061)
E       	Is the server running on that host and accepting TCP/IP connections?
E       connection to server at "localhost" (127.0.0.1), port 5432 failed: Connection refused (0x0000274D/10061)
E       	Is the server running on that host and accepting TCP/IP connections?
E       
E       (Background on this error at: https://sqlalche.me/e/20/e3q8)

C:\Users\RMOHINDR\AppData\Local\Programs\Python\Python311\Lib\site-packages\psycopg2\__init__.py:135: OperationalError
_ ERROR at setup of TestDeleteEndpointEnforcement.test_tc003_6_admin_can_delete_any_draft _

self = <sqlalchemy.engine.base.Connection object at 0x000001CEFA8A9490>
engine = Engine(postgresql://transportation:***@localhost:5432/postgres)
connection = None, _has_events = None, _allow_revalidate = True
_allow_autobegin = True

    def __init__(
        self,
        engine: Engine,
        connection: Optional[PoolProxiedConnection] = None,
        _has_events: Optional[bool] = None,
        _allow_revalidate: bool = True,
        _allow_autobegin: bool = True,
    ):
        """Construct a new Connection."""
        self.engine = engine
        self.dialect = dialect = engine.dialect
    
        if connection is None:
            try:
>               self._dbapi_connection = engine.raw_connection()
                                         ^^^^^^^^^^^^^^^^^^^^^^^

C:\Users\RMOHINDR\AppData\Local\Programs\Python\Python311\Lib\site-packages\sqlalchemy\engine\base.py:143: 
_ _ _ _ _ _ _ _ _ _ _ _ _ _ _ _ _ _ _ _ _ _ _ _ _ _ _ _ _ _ _ _ _ _ _ _ _ _ _ _

self = Engine(postgresql://transportation:***@localhost:5432/postgres)

    def raw_connection(self) -> PoolProxiedConnection:
        """Return a "raw" DBAPI connection from the connection pool.
    
        The returned object is a proxied version of the DBAPI
        connection object used by the underlying driver in use.
        The object will have all the same behavior as the real DBAPI
        connection, except that its ``close()`` method will result in the
        connection being returned to the pool, rather than being closed
        for real.
    
        This method provides direct DBAPI connection access for
        special situations when the API provided by
        :class:`_engine.Connection`
        is not needed.   When a :class:`_engine.Connection` object is already
        present, the DBAPI connection is available using
        the :attr:`_engine.Connection.connection` accessor.
    
        .. seealso::
    
            :ref:`dbapi_connections`
    
        """
>       return self.pool.connect()
               ^^^^^^^^^^^^^^^^^^^

C:\Users\RMOHINDR\AppData\Local\Programs\Python\Python311\Lib\site-packages\sqlalchemy\engine\base.py:3317: 
_ _ _ _ _ _ _ _ _ _ _ _ _ _ _ _ _ _ _ _ _ _ _ _ _ _ _ _ _ _ _ _ _ _ _ _ _ _ _ _

self = <sqlalchemy.pool.impl.QueuePool object at 0x000001CEFAB7F450>

    def connect(self) -> PoolProxiedConnection:
        """Return a DBAPI connection from the pool.
    
        The connection is instrumented such that when its
        ``close()`` method is called, the connection will be returned to
        the pool.
    
        """
>       return _ConnectionFairy._checkout(self)
               ^^^^^^^^^^^^^^^^^^^^^^^^^^^^^^^^

C:\Users\RMOHINDR\AppData\Local\Programs\Python\Python311\Lib\site-packages\sqlalchemy\pool\base.py:448: 
_ _ _ _ _ _ _ _ _ _ _ _ _ _ _ _ _ _ _ _ _ _ _ _ _ _ _ _ _ _ _ _ _ _ _ _ _ _ _ _

cls = <class 'sqlalchemy.pool.base._ConnectionFairy'>
pool = <sqlalchemy.pool.impl.QueuePool object at 0x000001CEFAB7F450>
threadconns = None, fairy = None

    @classmethod
    def _checkout(
        cls,
        pool: Pool,
        threadconns: Optional[threading.local] = None,
        fairy: Optional[_ConnectionFairy] = None,
    ) -> _ConnectionFairy:
        if not fairy:
>           fairy = _ConnectionRecord.checkout(pool)
                    ^^^^^^^^^^^^^^^^^^^^^^^^^^^^^^^^

C:\Users\RMOHINDR\AppData\Local\Programs\Python\Python311\Lib\site-packages\sqlalchemy\pool\base.py:1272: 
_ _ _ _ _ _ _ _ _ _ _ _ _ _ _ _ _ _ _ _ _ _ _ _ _ _ _ _ _ _ _ _ _ _ _ _ _ _ _ _

cls = <class 'sqlalchemy.pool.base._ConnectionRecord'>
pool = <sqlalchemy.pool.impl.QueuePool object at 0x000001CEFAB7F450>

    @classmethod
    def checkout(cls, pool: Pool) -> _ConnectionFairy:
        if TYPE_CHECKING:
            rec = cast(_ConnectionRecord, pool._do_get())
        else:
>           rec = pool._do_get()
                  ^^^^^^^^^^^^^^

C:\Users\RMOHINDR\AppData\Local\Programs\Python\Python311\Lib\site-packages\sqlalchemy\pool\base.py:712: 
_ _ _ _ _ _ _ _ _ _ _ _ _ _ _ _ _ _ _ _ _ _ _ _ _ _ _ _ _ _ _ _ _ _ _ _ _ _ _ _

self = <sqlalchemy.pool.impl.QueuePool object at 0x000001CEFAB7F450>

    def _do_get(self) -> ConnectionPoolEntry:
        use_overflow = self._max_overflow > -1
    
        wait = use_overflow and self._overflow >= self._max_overflow
        try:
            return self._pool.get(wait, self._timeout)
        except sqla_queue.Empty:
            # don't do things inside of "except Empty", because when we say
            # we timed out or can't connect and raise, Python 3 tells
            # people the real error is queue.Empty which it isn't.
            pass
        if use_overflow and self._overflow >= self._max_overflow:
            if not wait:
                return self._do_get()
            else:
                raise exc.TimeoutError(
                    "QueuePool limit of size %d overflow %d reached, "
                    "connection timed out, timeout %0.2f"
                    % (self.size(), self.overflow(), self._timeout),
                    code="3o7r",
                )
    
        if self._inc_overflow():
            try:
                return self._create_connection()
            except:
>               with util.safe_reraise():

C:\Users\RMOHINDR\AppData\Local\Programs\Python\Python311\Lib\site-packages\sqlalchemy\pool\impl.py:177: 
_ _ _ _ _ _ _ _ _ _ _ _ _ _ _ _ _ _ _ _ _ _ _ _ _ _ _ _ _ _ _ _ _ _ _ _ _ _ _ _

self = <sqlalchemy.util.langhelpers.safe_reraise object at 0x000001CEFAB43E50>
type_ = None, value = None, traceback = None

    def __exit__(
        self,
        type_: Optional[Type[BaseException]],
        value: Optional[BaseException],
        traceback: Optional[types.TracebackType],
    ) -> NoReturn:
        assert self._exc_info is not None
        # see #2703 for notes
        if type_ is None:
            exc_type, exc_value, exc_tb = self._exc_info
            assert exc_value is not None
            self._exc_info = None  # remove potential circular references
>           raise exc_value.with_traceback(exc_tb)

C:\Users\RMOHINDR\AppData\Local\Programs\Python\Python311\Lib\site-packages\sqlalchemy\util\langhelpers.py:121: 
_ _ _ _ _ _ _ _ _ _ _ _ _ _ _ _ _ _ _ _ _ _ _ _ _ _ _ _ _ _ _ _ _ _ _ _ _ _ _ _

self = <sqlalchemy.pool.impl.QueuePool object at 0x000001CEFAB7F450>

    def _do_get(self) -> ConnectionPoolEntry:
        use_overflow = self._max_overflow > -1
    
        wait = use_overflow and self._overflow >= self._max_overflow
        try:
            return self._pool.get(wait, self._timeout)
        except sqla_queue.Empty:
            # don't do things inside of "except Empty", because when we say
            # we timed out or can't connect and raise, Python 3 tells
            # people the real error is queue.Empty which it isn't.
            pass
        if use_overflow and self._overflow >= self._max_overflow:
            if not wait:
                return self._do_get()
            else:
                raise exc.TimeoutError(
                    "QueuePool limit of size %d overflow %d reached, "
                    "connection timed out, timeout %0.2f"
                    % (self.size(), self.overflow(), self._timeout),
                    code="3o7r",
                )
    
        if self._inc_overflow():
            try:
>               return self._create_connection()
                       ^^^^^^^^^^^^^^^^^^^^^^^^^

C:\Users\RMOHINDR\AppData\Local\Programs\Python\Python311\Lib\site-packages\sqlalchemy\pool\impl.py:175: 
_ _ _ _ _ _ _ _ _ _ _ _ _ _ _ _ _ _ _ _ _ _ _ _ _ _ _ _ _ _ _ _ _ _ _ _ _ _ _ _

self = <sqlalchemy.pool.impl.QueuePool object at 0x000001CEFAB7F450>

    def _create_connection(self) -> ConnectionPoolEntry:
        """Called by subclasses to create a new ConnectionRecord."""
    
>       return _ConnectionRecord(self)
               ^^^^^^^^^^^^^^^^^^^^^^^

C:\Users\RMOHINDR\AppData\Local\Programs\Python\Python311\Lib\site-packages\sqlalchemy\pool\base.py:389: 
_ _ _ _ _ _ _ _ _ _ _ _ _ _ _ _ _ _ _ _ _ _ _ _ _ _ _ _ _ _ _ _ _ _ _ _ _ _ _ _

self = <sqlalchemy.pool.base._ConnectionRecord object at 0x000001CEFAB2BE70>
pool = <sqlalchemy.pool.impl.QueuePool object at 0x000001CEFAB7F450>
connect = True

    def __init__(self, pool: Pool, connect: bool = True):
        self.fresh = False
        self.fairy_ref = None
        self.starttime = 0
        self.dbapi_connection = None
    
        self.__pool = pool
        if connect:
>           self.__connect()

C:\Users\RMOHINDR\AppData\Local\Programs\Python\Python311\Lib\site-packages\sqlalchemy\pool\base.py:674: 
_ _ _ _ _ _ _ _ _ _ _ _ _ _ _ _ _ _ _ _ _ _ _ _ _ _ _ _ _ _ _ _ _ _ _ _ _ _ _ _

self = <sqlalchemy.pool.base._ConnectionRecord object at 0x000001CEFAB2BE70>

    def __connect(self) -> None:
        pool = self.__pool
    
        # ensure any existing connection is removed, so that if
        # creator fails, this attribute stays None
        self.dbapi_connection = None
        try:
            self.starttime = time.time()
            self.dbapi_connection = connection = pool._invoke_creator(self)
            pool.logger.debug("Created new connection %r", connection)
            self.fresh = True
        except BaseException as e:
>           with util.safe_reraise():

C:\Users\RMOHINDR\AppData\Local\Programs\Python\Python311\Lib\site-packages\sqlalchemy\pool\base.py:900: 
_ _ _ _ _ _ _ _ _ _ _ _ _ _ _ _ _ _ _ _ _ _ _ _ _ _ _ _ _ _ _ _ _ _ _ _ _ _ _ _

self = <sqlalchemy.util.langhelpers.safe_reraise object at 0x000001CEFAB43D60>
type_ = None, value = None, traceback = None

    def __exit__(
        self,
        type_: Optional[Type[BaseException]],
        value: Optional[BaseException],
        traceback: Optional[types.TracebackType],
    ) -> NoReturn:
        assert self._exc_info is not None
        # see #2703 for notes
        if type_ is None:
            exc_type, exc_value, exc_tb = self._exc_info
            assert exc_value is not None
            self._exc_info = None  # remove potential circular references
>           raise exc_value.with_traceback(exc_tb)

C:\Users\RMOHINDR\AppData\Local\Programs\Python\Python311\Lib\site-packages\sqlalchemy\util\langhelpers.py:121: 
_ _ _ _ _ _ _ _ _ _ _ _ _ _ _ _ _ _ _ _ _ _ _ _ _ _ _ _ _ _ _ _ _ _ _ _ _ _ _ _

self = <sqlalchemy.pool.base._ConnectionRecord object at 0x000001CEFAB2BE70>

    def __connect(self) -> None:
        pool = self.__pool
    
        # ensure any existing connection is removed, so that if
        # creator fails, this attribute stays None
        self.dbapi_connection = None
        try:
            self.starttime = time.time()
>           self.dbapi_connection = connection = pool._invoke_creator(self)
                                                 ^^^^^^^^^^^^^^^^^^^^^^^^^^

C:\Users\RMOHINDR\AppData\Local\Programs\Python\Python311\Lib\site-packages\sqlalchemy\pool\base.py:896: 
_ _ _ _ _ _ _ _ _ _ _ _ _ _ _ _ _ _ _ _ _ _ _ _ _ _ _ _ _ _ _ _ _ _ _ _ _ _ _ _

connection_record = <sqlalchemy.pool.base._ConnectionRecord object at 0x000001CEFAB2BE70>

    def connect(
        connection_record: Optional[ConnectionPoolEntry] = None,
    ) -> DBAPIConnection:
        if dialect._has_events:
            mutable_cargs = list(cargs_tup)
            mutable_cparams = dict(cparams)
            for fn in dialect.dispatch.do_connect:
                connection = cast(
                    DBAPIConnection,
                    fn(
                        dialect,
                        connection_record,
                        mutable_cargs,
                        mutable_cparams,
                    ),
                )
                if connection is not None:
                    return connection
            return dialect.connect(*mutable_cargs, **mutable_cparams)
        else:
>           return dialect.connect(*cargs_tup, **cparams)
                   ^^^^^^^^^^^^^^^^^^^^^^^^^^^^^^^^^^^^^^

C:\Users\RMOHINDR\AppData\Local\Programs\Python\Python311\Lib\site-packages\sqlalchemy\engine\create.py:667: 
_ _ _ _ _ _ _ _ _ _ _ _ _ _ _ _ _ _ _ _ _ _ _ _ _ _ _ _ _ _ _ _ _ _ _ _ _ _ _ _

self = <sqlalchemy.dialects.postgresql.psycopg2.PGDialect_psycopg2 object at 0x000001CEF9852D50>
cargs = ()
cparams = {'dbname': 'postgres', 'host': 'localhost', 'password': 'password', 'port': 5432, ...}

    def connect(self, *cargs: Any, **cparams: Any) -> DBAPIConnection:
        # inherits the docstring from interfaces.Dialect.connect
>       return self.loaded_dbapi.connect(*cargs, **cparams)  # type: ignore[no-any-return]  # NOQA: E501
               ^^^^^^^^^^^^^^^^^^^^^^^^^^^^^^^^^^^^^^^^^^^^

C:\Users\RMOHINDR\AppData\Local\Programs\Python\Python311\Lib\site-packages\sqlalchemy\engine\default.py:630: 
_ _ _ _ _ _ _ _ _ _ _ _ _ _ _ _ _ _ _ _ _ _ _ _ _ _ _ _ _ _ _ _ _ _ _ _ _ _ _ _

dsn = 'host=localhost dbname=postgres user=transportation password=password port=5432'
connection_factory = None, cursor_factory = None
kwargs = {'dbname': 'postgres', 'host': 'localhost', 'password': 'password', 'port': 5432, ...}
kwasync = {}

    def connect(dsn=None, connection_factory=None, cursor_factory=None, **kwargs):
        """
        Create a new database connection.
    
        The connection parameters can be specified as a string:
    
            conn = psycopg2.connect("dbname=test user=postgres password=secret")
    
        or using a set of keyword arguments:
    
            conn = psycopg2.connect(database="test", user="postgres", password="secret")
    
        Or as a mix of both. The basic connection parameters are:
    
        - *dbname*: the database name
        - *database*: the database name (only as keyword argument)
        - *user*: user name used to authenticate
        - *password*: password used to authenticate
        - *host*: database host address (defaults to UNIX socket if not provided)
        - *port*: connection port number (defaults to 5432 if not provided)
    
        Using the *connection_factory* parameter a different class or connections
        factory can be specified. It should be a callable object taking a dsn
        argument.
    
        Using the *cursor_factory* parameter, a new default cursor factory will be
        used by cursor().
    
        Using *async*=True an asynchronous connection will be created. *async_* is
        a valid alias (for Python versions where ``async`` is a keyword).
    
        Any other keyword parameter will be passed to the underlying client
        library: the list of supported parameters depends on the library version.
    
        """
        kwasync = {}
        if 'async' in kwargs:
            kwasync['async'] = kwargs.pop('async')
        if 'async_' in kwargs:
            kwasync['async_'] = kwargs.pop('async_')
    
        dsn = _ext.make_dsn(dsn, **kwargs)
>       conn = _connect(dsn, connection_factory=connection_factory, **kwasync)
               ^^^^^^^^^^^^^^^^^^^^^^^^^^^^^^^^^^^^^^^^^^^^^^^^^^^^^^^^^^^^^^^
E       psycopg2.OperationalError: connection to server at "localhost" (::1), port 5432 failed: Connection refused (0x0000274D/10061)
E       	Is the server running on that host and accepting TCP/IP connections?
E       connection to server at "localhost" (127.0.0.1), port 5432 failed: Connection refused (0x0000274D/10061)
E       	Is the server running on that host and accepting TCP/IP connections?

C:\Users\RMOHINDR\AppData\Local\Programs\Python\Python311\Lib\site-packages\psycopg2\__init__.py:135: OperationalError

The above exception was the direct cause of the following exception:

    @pytest.fixture(scope="session")
    def _test_engine():
        """Create the test database (if needed) and return an engine bound to it.
    
        The database is created once per test session and the full schema is
        applied via ``Base.metadata.create_all``.
        """
        # Connect to the admin database to create the test database.
        admin_engine = create_engine(_PG_ADMIN_URL, isolation_level="AUTOCOMMIT")
>       with admin_engine.connect() as conn:
             ^^^^^^^^^^^^^^^^^^^^^^

apps\backend\tests\conftest.py:69: 
_ _ _ _ _ _ _ _ _ _ _ _ _ _ _ _ _ _ _ _ _ _ _ _ _ _ _ _ _ _ _ _ _ _ _ _ _ _ _ _

self = Engine(postgresql://transportation:***@localhost:5432/postgres)

    def connect(self) -> Connection:
        """Return a new :class:`_engine.Connection` object.
    
        The :class:`_engine.Connection` acts as a Python context manager, so
        the typical use of this method looks like::
    
            with engine.connect() as connection:
                connection.execute(text("insert into table values ('foo')"))
                connection.commit()
    
        Where above, after the block is completed, the connection is "closed"
        and its underlying DBAPI resources are returned to the connection pool.
        This also has the effect of rolling back any transaction that
        was explicitly begun or was begun via autobegin, and will
        emit the :meth:`_events.ConnectionEvents.rollback` event if one was
        started and is still in progress.
    
        .. seealso::
    
            :meth:`_engine.Engine.begin`
    
        """
    
>       return self._connection_cls(self)
               ^^^^^^^^^^^^^^^^^^^^^^^^^^

C:\Users\RMOHINDR\AppData\Local\Programs\Python\Python311\Lib\site-packages\sqlalchemy\engine\base.py:3293: 
_ _ _ _ _ _ _ _ _ _ _ _ _ _ _ _ _ _ _ _ _ _ _ _ _ _ _ _ _ _ _ _ _ _ _ _ _ _ _ _

self = <sqlalchemy.engine.base.Connection object at 0x000001CEFA8A9490>
engine = Engine(postgresql://transportation:***@localhost:5432/postgres)
connection = None, _has_events = None, _allow_revalidate = True
_allow_autobegin = True

    def __init__(
        self,
        engine: Engine,
        connection: Optional[PoolProxiedConnection] = None,
        _has_events: Optional[bool] = None,
        _allow_revalidate: bool = True,
        _allow_autobegin: bool = True,
    ):
        """Construct a new Connection."""
        self.engine = engine
        self.dialect = dialect = engine.dialect
    
        if connection is None:
            try:
                self._dbapi_connection = engine.raw_connection()
            except dialect.loaded_dbapi.Error as err:
>               Connection._handle_dbapi_exception_noconnection(
                    err, dialect, engine
                )

C:\Users\RMOHINDR\AppData\Local\Programs\Python\Python311\Lib\site-packages\sqlalchemy\engine\base.py:145: 
_ _ _ _ _ _ _ _ _ _ _ _ _ _ _ _ _ _ _ _ _ _ _ _ _ _ _ _ _ _ _ _ _ _ _ _ _ _ _ _

cls = <class 'sqlalchemy.engine.base.Connection'>
e = OperationalError('connection to server at "localhost" (::1), port 5432 failed: Connection refused (0x0000274D/10061)\n...iled: Connection refused (0x0000274D/10061)\n\tIs the server running on that host and accepting TCP/IP connections?\n')
dialect = <sqlalchemy.dialects.postgresql.psycopg2.PGDialect_psycopg2 object at 0x000001CEF9852D50>
engine = Engine(postgresql://transportation:***@localhost:5432/postgres)
is_disconnect = False, invalidate_pool_on_disconnect = True, is_pre_ping = False

    @classmethod
    def _handle_dbapi_exception_noconnection(
        cls,
        e: BaseException,
        dialect: Dialect,
        engine: Optional[Engine] = None,
        is_disconnect: Optional[bool] = None,
        invalidate_pool_on_disconnect: bool = True,
        is_pre_ping: bool = False,
    ) -> NoReturn:
        exc_info = sys.exc_info()
    
        if is_disconnect is None:
            is_disconnect = isinstance(
                e, dialect.loaded_dbapi.Error
            ) and dialect.is_disconnect(e, None, None)
    
        should_wrap = isinstance(e, dialect.loaded_dbapi.Error)
    
        if should_wrap:
            sqlalchemy_exception = exc.DBAPIError.instance(
                None,
                None,
                cast(Exception, e),
                dialect.loaded_dbapi.Error,
                hide_parameters=(
                    engine.hide_parameters if engine is not None else False
                ),
                connection_invalidated=is_disconnect,
                dialect=dialect,
            )
        else:
            sqlalchemy_exception = None
    
        newraise = None
    
        if dialect._has_events:
            ctx = ExceptionContextImpl(
                e,
                sqlalchemy_exception,
                engine,
                dialect,
                None,
                None,
                None,
                None,
                None,
                is_disconnect,
                invalidate_pool_on_disconnect,
                is_pre_ping,
            )
            for fn in dialect.dispatch.handle_error:
                try:
                    # handler returns an exception;
                    # call next handler in a chain
                    per_fn = fn(ctx)
                    if per_fn is not None:
                        ctx.chained_exception = newraise = per_fn
                except Exception as _raised:
                    # handler raises an exception - stop processing
                    newraise = _raised
                    break
    
            if sqlalchemy_exception and is_disconnect != ctx.is_disconnect:
                sqlalchemy_exception.connection_invalidated = ctx.is_disconnect
    
        if newraise:
            raise newraise.with_traceback(exc_info[2]) from e
        elif should_wrap:
            assert sqlalchemy_exception is not None
>           raise sqlalchemy_exception.with_traceback(exc_info[2]) from e

C:\Users\RMOHINDR\AppData\Local\Programs\Python\Python311\Lib\site-packages\sqlalchemy\engine\base.py:2448: 
_ _ _ _ _ _ _ _ _ _ _ _ _ _ _ _ _ _ _ _ _ _ _ _ _ _ _ _ _ _ _ _ _ _ _ _ _ _ _ _

self = <sqlalchemy.engine.base.Connection object at 0x000001CEFA8A9490>
engine = Engine(postgresql://transportation:***@localhost:5432/postgres)
connection = None, _has_events = None, _allow_revalidate = True
_allow_autobegin = True

    def __init__(
        self,
        engine: Engine,
        connection: Optional[PoolProxiedConnection] = None,
        _has_events: Optional[bool] = None,
        _allow_revalidate: bool = True,
        _allow_autobegin: bool = True,
    ):
        """Construct a new Connection."""
        self.engine = engine
        self.dialect = dialect = engine.dialect
    
        if connection is None:
            try:
>               self._dbapi_connection = engine.raw_connection()
                                         ^^^^^^^^^^^^^^^^^^^^^^^

C:\Users\RMOHINDR\AppData\Local\Programs\Python\Python311\Lib\site-packages\sqlalchemy\engine\base.py:143: 
_ _ _ _ _ _ _ _ _ _ _ _ _ _ _ _ _ _ _ _ _ _ _ _ _ _ _ _ _ _ _ _ _ _ _ _ _ _ _ _

self = Engine(postgresql://transportation:***@localhost:5432/postgres)

    def raw_connection(self) -> PoolProxiedConnection:
        """Return a "raw" DBAPI connection from the connection pool.
    
        The returned object is a proxied version of the DBAPI
        connection object used by the underlying driver in use.
        The object will have all the same behavior as the real DBAPI
        connection, except that its ``close()`` method will result in the
        connection being returned to the pool, rather than being closed
        for real.
    
        This method provides direct DBAPI connection access for
        special situations when the API provided by
        :class:`_engine.Connection`
        is not needed.   When a :class:`_engine.Connection` object is already
        present, the DBAPI connection is available using
        the :attr:`_engine.Connection.connection` accessor.
    
        .. seealso::
    
            :ref:`dbapi_connections`
    
        """
>       return self.pool.connect()
               ^^^^^^^^^^^^^^^^^^^

C:\Users\RMOHINDR\AppData\Local\Programs\Python\Python311\Lib\site-packages\sqlalchemy\engine\base.py:3317: 
_ _ _ _ _ _ _ _ _ _ _ _ _ _ _ _ _ _ _ _ _ _ _ _ _ _ _ _ _ _ _ _ _ _ _ _ _ _ _ _

self = <sqlalchemy.pool.impl.QueuePool object at 0x000001CEFAB7F450>

    def connect(self) -> PoolProxiedConnection:
        """Return a DBAPI connection from the pool.
    
        The connection is instrumented such that when its
        ``close()`` method is called, the connection will be returned to
        the pool.
    
        """
>       return _ConnectionFairy._checkout(self)
               ^^^^^^^^^^^^^^^^^^^^^^^^^^^^^^^^

C:\Users\RMOHINDR\AppData\Local\Programs\Python\Python311\Lib\site-packages\sqlalchemy\pool\base.py:448: 
_ _ _ _ _ _ _ _ _ _ _ _ _ _ _ _ _ _ _ _ _ _ _ _ _ _ _ _ _ _ _ _ _ _ _ _ _ _ _ _

cls = <class 'sqlalchemy.pool.base._ConnectionFairy'>
pool = <sqlalchemy.pool.impl.QueuePool object at 0x000001CEFAB7F450>
threadconns = None, fairy = None

    @classmethod
    def _checkout(
        cls,
        pool: Pool,
        threadconns: Optional[threading.local] = None,
        fairy: Optional[_ConnectionFairy] = None,
    ) -> _ConnectionFairy:
        if not fairy:
>           fairy = _ConnectionRecord.checkout(pool)
                    ^^^^^^^^^^^^^^^^^^^^^^^^^^^^^^^^

C:\Users\RMOHINDR\AppData\Local\Programs\Python\Python311\Lib\site-packages\sqlalchemy\pool\base.py:1272: 
_ _ _ _ _ _ _ _ _ _ _ _ _ _ _ _ _ _ _ _ _ _ _ _ _ _ _ _ _ _ _ _ _ _ _ _ _ _ _ _

cls = <class 'sqlalchemy.pool.base._ConnectionRecord'>
pool = <sqlalchemy.pool.impl.QueuePool object at 0x000001CEFAB7F450>

    @classmethod
    def checkout(cls, pool: Pool) -> _ConnectionFairy:
        if TYPE_CHECKING:
            rec = cast(_ConnectionRecord, pool._do_get())
        else:
>           rec = pool._do_get()
                  ^^^^^^^^^^^^^^

C:\Users\RMOHINDR\AppData\Local\Programs\Python\Python311\Lib\site-packages\sqlalchemy\pool\base.py:712: 
_ _ _ _ _ _ _ _ _ _ _ _ _ _ _ _ _ _ _ _ _ _ _ _ _ _ _ _ _ _ _ _ _ _ _ _ _ _ _ _

self = <sqlalchemy.pool.impl.QueuePool object at 0x000001CEFAB7F450>

    def _do_get(self) -> ConnectionPoolEntry:
        use_overflow = self._max_overflow > -1
    
        wait = use_overflow and self._overflow >= self._max_overflow
        try:
            return self._pool.get(wait, self._timeout)
        except sqla_queue.Empty:
            # don't do things inside of "except Empty", because when we say
            # we timed out or can't connect and raise, Python 3 tells
            # people the real error is queue.Empty which it isn't.
            pass
        if use_overflow and self._overflow >= self._max_overflow:
            if not wait:
                return self._do_get()
            else:
                raise exc.TimeoutError(
                    "QueuePool limit of size %d overflow %d reached, "
                    "connection timed out, timeout %0.2f"
                    % (self.size(), self.overflow(), self._timeout),
                    code="3o7r",
                )
    
        if self._inc_overflow():
            try:
                return self._create_connection()
            except:
>               with util.safe_reraise():

C:\Users\RMOHINDR\AppData\Local\Programs\Python\Python311\Lib\site-packages\sqlalchemy\pool\impl.py:177: 
_ _ _ _ _ _ _ _ _ _ _ _ _ _ _ _ _ _ _ _ _ _ _ _ _ _ _ _ _ _ _ _ _ _ _ _ _ _ _ _

self = <sqlalchemy.util.langhelpers.safe_reraise object at 0x000001CEFAB43E50>
type_ = None, value = None, traceback = None

    def __exit__(
        self,
        type_: Optional[Type[BaseException]],
        value: Optional[BaseException],
        traceback: Optional[types.TracebackType],
    ) -> NoReturn:
        assert self._exc_info is not None
        # see #2703 for notes
        if type_ is None:
            exc_type, exc_value, exc_tb = self._exc_info
            assert exc_value is not None
            self._exc_info = None  # remove potential circular references
>           raise exc_value.with_traceback(exc_tb)

C:\Users\RMOHINDR\AppData\Local\Programs\Python\Python311\Lib\site-packages\sqlalchemy\util\langhelpers.py:121: 
_ _ _ _ _ _ _ _ _ _ _ _ _ _ _ _ _ _ _ _ _ _ _ _ _ _ _ _ _ _ _ _ _ _ _ _ _ _ _ _

self = <sqlalchemy.pool.impl.QueuePool object at 0x000001CEFAB7F450>

    def _do_get(self) -> ConnectionPoolEntry:
        use_overflow = self._max_overflow > -1
    
        wait = use_overflow and self._overflow >= self._max_overflow
        try:
            return self._pool.get(wait, self._timeout)
        except sqla_queue.Empty:
            # don't do things inside of "except Empty", because when we say
            # we timed out or can't connect and raise, Python 3 tells
            # people the real error is queue.Empty which it isn't.
            pass
        if use_overflow and self._overflow >= self._max_overflow:
            if not wait:
                return self._do_get()
            else:
                raise exc.TimeoutError(
                    "QueuePool limit of size %d overflow %d reached, "
                    "connection timed out, timeout %0.2f"
                    % (self.size(), self.overflow(), self._timeout),
                    code="3o7r",
                )
    
        if self._inc_overflow():
            try:
>               return self._create_connection()
                       ^^^^^^^^^^^^^^^^^^^^^^^^^

C:\Users\RMOHINDR\AppData\Local\Programs\Python\Python311\Lib\site-packages\sqlalchemy\pool\impl.py:175: 
_ _ _ _ _ _ _ _ _ _ _ _ _ _ _ _ _ _ _ _ _ _ _ _ _ _ _ _ _ _ _ _ _ _ _ _ _ _ _ _

self = <sqlalchemy.pool.impl.QueuePool object at 0x000001CEFAB7F450>

    def _create_connection(self) -> ConnectionPoolEntry:
        """Called by subclasses to create a new ConnectionRecord."""
    
>       return _ConnectionRecord(self)
               ^^^^^^^^^^^^^^^^^^^^^^^

C:\Users\RMOHINDR\AppData\Local\Programs\Python\Python311\Lib\site-packages\sqlalchemy\pool\base.py:389: 
_ _ _ _ _ _ _ _ _ _ _ _ _ _ _ _ _ _ _ _ _ _ _ _ _ _ _ _ _ _ _ _ _ _ _ _ _ _ _ _

self = <sqlalchemy.pool.base._ConnectionRecord object at 0x000001CEFAB2BE70>
pool = <sqlalchemy.pool.impl.QueuePool object at 0x000001CEFAB7F450>
connect = True

    def __init__(self, pool: Pool, connect: bool = True):
        self.fresh = False
        self.fairy_ref = None
        self.starttime = 0
        self.dbapi_connection = None
    
        self.__pool = pool
        if connect:
>           self.__connect()

C:\Users\RMOHINDR\AppData\Local\Programs\Python\Python311\Lib\site-packages\sqlalchemy\pool\base.py:674: 
_ _ _ _ _ _ _ _ _ _ _ _ _ _ _ _ _ _ _ _ _ _ _ _ _ _ _ _ _ _ _ _ _ _ _ _ _ _ _ _

self = <sqlalchemy.pool.base._ConnectionRecord object at 0x000001CEFAB2BE70>

    def __connect(self) -> None:
        pool = self.__pool
    
        # ensure any existing connection is removed, so that if
        # creator fails, this attribute stays None
        self.dbapi_connection = None
        try:
            self.starttime = time.time()
            self.dbapi_connection = connection = pool._invoke_creator(self)
            pool.logger.debug("Created new connection %r", connection)
            self.fresh = True
        except BaseException as e:
>           with util.safe_reraise():

C:\Users\RMOHINDR\AppData\Local\Programs\Python\Python311\Lib\site-packages\sqlalchemy\pool\base.py:900: 
_ _ _ _ _ _ _ _ _ _ _ _ _ _ _ _ _ _ _ _ _ _ _ _ _ _ _ _ _ _ _ _ _ _ _ _ _ _ _ _

self = <sqlalchemy.util.langhelpers.safe_reraise object at 0x000001CEFAB43D60>
type_ = None, value = None, traceback = None

    def __exit__(
        self,
        type_: Optional[Type[BaseException]],
        value: Optional[BaseException],
        traceback: Optional[types.TracebackType],
    ) -> NoReturn:
        assert self._exc_info is not None
        # see #2703 for notes
        if type_ is None:
            exc_type, exc_value, exc_tb = self._exc_info
            assert exc_value is not None
            self._exc_info = None  # remove potential circular references
>           raise exc_value.with_traceback(exc_tb)

C:\Users\RMOHINDR\AppData\Local\Programs\Python\Python311\Lib\site-packages\sqlalchemy\util\langhelpers.py:121: 
_ _ _ _ _ _ _ _ _ _ _ _ _ _ _ _ _ _ _ _ _ _ _ _ _ _ _ _ _ _ _ _ _ _ _ _ _ _ _ _

self = <sqlalchemy.pool.base._ConnectionRecord object at 0x000001CEFAB2BE70>

    def __connect(self) -> None:
        pool = self.__pool
    
        # ensure any existing connection is removed, so that if
        # creator fails, this attribute stays None
        self.dbapi_connection = None
        try:
            self.starttime = time.time()
>           self.dbapi_connection = connection = pool._invoke_creator(self)
                                                 ^^^^^^^^^^^^^^^^^^^^^^^^^^

C:\Users\RMOHINDR\AppData\Local\Programs\Python\Python311\Lib\site-packages\sqlalchemy\pool\base.py:896: 
_ _ _ _ _ _ _ _ _ _ _ _ _ _ _ _ _ _ _ _ _ _ _ _ _ _ _ _ _ _ _ _ _ _ _ _ _ _ _ _

connection_record = <sqlalchemy.pool.base._ConnectionRecord object at 0x000001CEFAB2BE70>

    def connect(
        connection_record: Optional[ConnectionPoolEntry] = None,
    ) -> DBAPIConnection:
        if dialect._has_events:
            mutable_cargs = list(cargs_tup)
            mutable_cparams = dict(cparams)
            for fn in dialect.dispatch.do_connect:
                connection = cast(
                    DBAPIConnection,
                    fn(
                        dialect,
                        connection_record,
                        mutable_cargs,
                        mutable_cparams,
                    ),
                )
                if connection is not None:
                    return connection
            return dialect.connect(*mutable_cargs, **mutable_cparams)
        else:
>           return dialect.connect(*cargs_tup, **cparams)
                   ^^^^^^^^^^^^^^^^^^^^^^^^^^^^^^^^^^^^^^

C:\Users\RMOHINDR\AppData\Local\Programs\Python\Python311\Lib\site-packages\sqlalchemy\engine\create.py:667: 
_ _ _ _ _ _ _ _ _ _ _ _ _ _ _ _ _ _ _ _ _ _ _ _ _ _ _ _ _ _ _ _ _ _ _ _ _ _ _ _

self = <sqlalchemy.dialects.postgresql.psycopg2.PGDialect_psycopg2 object at 0x000001CEF9852D50>
cargs = ()
cparams = {'dbname': 'postgres', 'host': 'localhost', 'password': 'password', 'port': 5432, ...}

    def connect(self, *cargs: Any, **cparams: Any) -> DBAPIConnection:
        # inherits the docstring from interfaces.Dialect.connect
>       return self.loaded_dbapi.connect(*cargs, **cparams)  # type: ignore[no-any-return]  # NOQA: E501
               ^^^^^^^^^^^^^^^^^^^^^^^^^^^^^^^^^^^^^^^^^^^^

C:\Users\RMOHINDR\AppData\Local\Programs\Python\Python311\Lib\site-packages\sqlalchemy\engine\default.py:630: 
_ _ _ _ _ _ _ _ _ _ _ _ _ _ _ _ _ _ _ _ _ _ _ _ _ _ _ _ _ _ _ _ _ _ _ _ _ _ _ _

dsn = 'host=localhost dbname=postgres user=transportation password=password port=5432'
connection_factory = None, cursor_factory = None
kwargs = {'dbname': 'postgres', 'host': 'localhost', 'password': 'password', 'port': 5432, ...}
kwasync = {}

    def connect(dsn=None, connection_factory=None, cursor_factory=None, **kwargs):
        """
        Create a new database connection.
    
        The connection parameters can be specified as a string:
    
            conn = psycopg2.connect("dbname=test user=postgres password=secret")
    
        or using a set of keyword arguments:
    
            conn = psycopg2.connect(database="test", user="postgres", password="secret")
    
        Or as a mix of both. The basic connection parameters are:
    
        - *dbname*: the database name
        - *database*: the database name (only as keyword argument)
        - *user*: user name used to authenticate
        - *password*: password used to authenticate
        - *host*: database host address (defaults to UNIX socket if not provided)
        - *port*: connection port number (defaults to 5432 if not provided)
    
        Using the *connection_factory* parameter a different class or connections
        factory can be specified. It should be a callable object taking a dsn
        argument.
    
        Using the *cursor_factory* parameter, a new default cursor factory will be
        used by cursor().
    
        Using *async*=True an asynchronous connection will be created. *async_* is
        a valid alias (for Python versions where ``async`` is a keyword).
    
        Any other keyword parameter will be passed to the underlying client
        library: the list of supported parameters depends on the library version.
    
        """
        kwasync = {}
        if 'async' in kwargs:
            kwasync['async'] = kwargs.pop('async')
        if 'async_' in kwargs:
            kwasync['async_'] = kwargs.pop('async_')
    
        dsn = _ext.make_dsn(dsn, **kwargs)
>       conn = _connect(dsn, connection_factory=connection_factory, **kwasync)
               ^^^^^^^^^^^^^^^^^^^^^^^^^^^^^^^^^^^^^^^^^^^^^^^^^^^^^^^^^^^^^^^
E       sqlalchemy.exc.OperationalError: (psycopg2.OperationalError) connection to server at "localhost" (::1), port 5432 failed: Connection refused (0x0000274D/10061)
E       	Is the server running on that host and accepting TCP/IP connections?
E       connection to server at "localhost" (127.0.0.1), port 5432 failed: Connection refused (0x0000274D/10061)
E       	Is the server running on that host and accepting TCP/IP connections?
E       
E       (Background on this error at: https://sqlalche.me/e/20/e3q8)

C:\Users\RMOHINDR\AppData\Local\Programs\Python\Python311\Lib\site-packages\psycopg2\__init__.py:135: OperationalError
_ ERROR at setup of TestDeleteEndpointEnforcement.test_tc003_8_nonadmin_can_delete_own_draft _

self = <sqlalchemy.engine.base.Connection object at 0x000001CEFA8A9490>
engine = Engine(postgresql://transportation:***@localhost:5432/postgres)
connection = None, _has_events = None, _allow_revalidate = True
_allow_autobegin = True

    def __init__(
        self,
        engine: Engine,
        connection: Optional[PoolProxiedConnection] = None,
        _has_events: Optional[bool] = None,
        _allow_revalidate: bool = True,
        _allow_autobegin: bool = True,
    ):
        """Construct a new Connection."""
        self.engine = engine
        self.dialect = dialect = engine.dialect
    
        if connection is None:
            try:
>               self._dbapi_connection = engine.raw_connection()
                                         ^^^^^^^^^^^^^^^^^^^^^^^

C:\Users\RMOHINDR\AppData\Local\Programs\Python\Python311\Lib\site-packages\sqlalchemy\engine\base.py:143: 
_ _ _ _ _ _ _ _ _ _ _ _ _ _ _ _ _ _ _ _ _ _ _ _ _ _ _ _ _ _ _ _ _ _ _ _ _ _ _ _

self = Engine(postgresql://transportation:***@localhost:5432/postgres)

    def raw_connection(self) -> PoolProxiedConnection:
        """Return a "raw" DBAPI connection from the connection pool.
    
        The returned object is a proxied version of the DBAPI
        connection object used by the underlying driver in use.
        The object will have all the same behavior as the real DBAPI
        connection, except that its ``close()`` method will result in the
        connection being returned to the pool, rather than being closed
        for real.
    
        This method provides direct DBAPI connection access for
        special situations when the API provided by
        :class:`_engine.Connection`
        is not needed.   When a :class:`_engine.Connection` object is already
        present, the DBAPI connection is available using
        the :attr:`_engine.Connection.connection` accessor.
    
        .. seealso::
    
            :ref:`dbapi_connections`
    
        """
>       return self.pool.connect()
               ^^^^^^^^^^^^^^^^^^^

C:\Users\RMOHINDR\AppData\Local\Programs\Python\Python311\Lib\site-packages\sqlalchemy\engine\base.py:3317: 
_ _ _ _ _ _ _ _ _ _ _ _ _ _ _ _ _ _ _ _ _ _ _ _ _ _ _ _ _ _ _ _ _ _ _ _ _ _ _ _

self = <sqlalchemy.pool.impl.QueuePool object at 0x000001CEFAB7F450>

    def connect(self) -> PoolProxiedConnection:
        """Return a DBAPI connection from the pool.
    
        The connection is instrumented such that when its
        ``close()`` method is called, the connection will be returned to
        the pool.
    
        """
>       return _ConnectionFairy._checkout(self)
               ^^^^^^^^^^^^^^^^^^^^^^^^^^^^^^^^

C:\Users\RMOHINDR\AppData\Local\Programs\Python\Python311\Lib\site-packages\sqlalchemy\pool\base.py:448: 
_ _ _ _ _ _ _ _ _ _ _ _ _ _ _ _ _ _ _ _ _ _ _ _ _ _ _ _ _ _ _ _ _ _ _ _ _ _ _ _

cls = <class 'sqlalchemy.pool.base._ConnectionFairy'>
pool = <sqlalchemy.pool.impl.QueuePool object at 0x000001CEFAB7F450>
threadconns = None, fairy = None

    @classmethod
    def _checkout(
        cls,
        pool: Pool,
        threadconns: Optional[threading.local] = None,
        fairy: Optional[_ConnectionFairy] = None,
    ) -> _ConnectionFairy:
        if not fairy:
>           fairy = _ConnectionRecord.checkout(pool)
                    ^^^^^^^^^^^^^^^^^^^^^^^^^^^^^^^^

C:\Users\RMOHINDR\AppData\Local\Programs\Python\Python311\Lib\site-packages\sqlalchemy\pool\base.py:1272: 
_ _ _ _ _ _ _ _ _ _ _ _ _ _ _ _ _ _ _ _ _ _ _ _ _ _ _ _ _ _ _ _ _ _ _ _ _ _ _ _

cls = <class 'sqlalchemy.pool.base._ConnectionRecord'>
pool = <sqlalchemy.pool.impl.QueuePool object at 0x000001CEFAB7F450>

    @classmethod
    def checkout(cls, pool: Pool) -> _ConnectionFairy:
        if TYPE_CHECKING:
            rec = cast(_ConnectionRecord, pool._do_get())
        else:
>           rec = pool._do_get()
                  ^^^^^^^^^^^^^^

C:\Users\RMOHINDR\AppData\Local\Programs\Python\Python311\Lib\site-packages\sqlalchemy\pool\base.py:712: 
_ _ _ _ _ _ _ _ _ _ _ _ _ _ _ _ _ _ _ _ _ _ _ _ _ _ _ _ _ _ _ _ _ _ _ _ _ _ _ _

self = <sqlalchemy.pool.impl.QueuePool object at 0x000001CEFAB7F450>

    def _do_get(self) -> ConnectionPoolEntry:
        use_overflow = self._max_overflow > -1
    
        wait = use_overflow and self._overflow >= self._max_overflow
        try:
            return self._pool.get(wait, self._timeout)
        except sqla_queue.Empty:
            # don't do things inside of "except Empty", because when we say
            # we timed out or can't connect and raise, Python 3 tells
            # people the real error is queue.Empty which it isn't.
            pass
        if use_overflow and self._overflow >= self._max_overflow:
            if not wait:
                return self._do_get()
            else:
                raise exc.TimeoutError(
                    "QueuePool limit of size %d overflow %d reached, "
                    "connection timed out, timeout %0.2f"
                    % (self.size(), self.overflow(), self._timeout),
                    code="3o7r",
                )
    
        if self._inc_overflow():
            try:
                return self._create_connection()
            except:
>               with util.safe_reraise():

C:\Users\RMOHINDR\AppData\Local\Programs\Python\Python311\Lib\site-packages\sqlalchemy\pool\impl.py:177: 
_ _ _ _ _ _ _ _ _ _ _ _ _ _ _ _ _ _ _ _ _ _ _ _ _ _ _ _ _ _ _ _ _ _ _ _ _ _ _ _

self = <sqlalchemy.util.langhelpers.safe_reraise object at 0x000001CEFAB43E50>
type_ = None, value = None, traceback = None

    def __exit__(
        self,
        type_: Optional[Type[BaseException]],
        value: Optional[BaseException],
        traceback: Optional[types.TracebackType],
    ) -> NoReturn:
        assert self._exc_info is not None
        # see #2703 for notes
        if type_ is None:
            exc_type, exc_value, exc_tb = self._exc_info
            assert exc_value is not None
            self._exc_info = None  # remove potential circular references
>           raise exc_value.with_traceback(exc_tb)

C:\Users\RMOHINDR\AppData\Local\Programs\Python\Python311\Lib\site-packages\sqlalchemy\util\langhelpers.py:121: 
_ _ _ _ _ _ _ _ _ _ _ _ _ _ _ _ _ _ _ _ _ _ _ _ _ _ _ _ _ _ _ _ _ _ _ _ _ _ _ _

self = <sqlalchemy.pool.impl.QueuePool object at 0x000001CEFAB7F450>

    def _do_get(self) -> ConnectionPoolEntry:
        use_overflow = self._max_overflow > -1
    
        wait = use_overflow and self._overflow >= self._max_overflow
        try:
            return self._pool.get(wait, self._timeout)
        except sqla_queue.Empty:
            # don't do things inside of "except Empty", because when we say
            # we timed out or can't connect and raise, Python 3 tells
            # people the real error is queue.Empty which it isn't.
            pass
        if use_overflow and self._overflow >= self._max_overflow:
            if not wait:
                return self._do_get()
            else:
                raise exc.TimeoutError(
                    "QueuePool limit of size %d overflow %d reached, "
                    "connection timed out, timeout %0.2f"
                    % (self.size(), self.overflow(), self._timeout),
                    code="3o7r",
                )
    
        if self._inc_overflow():
            try:
>               return self._create_connection()
                       ^^^^^^^^^^^^^^^^^^^^^^^^^

C:\Users\RMOHINDR\AppData\Local\Programs\Python\Python311\Lib\site-packages\sqlalchemy\pool\impl.py:175: 
_ _ _ _ _ _ _ _ _ _ _ _ _ _ _ _ _ _ _ _ _ _ _ _ _ _ _ _ _ _ _ _ _ _ _ _ _ _ _ _

self = <sqlalchemy.pool.impl.QueuePool object at 0x000001CEFAB7F450>

    def _create_connection(self) -> ConnectionPoolEntry:
        """Called by subclasses to create a new ConnectionRecord."""
    
>       return _ConnectionRecord(self)
               ^^^^^^^^^^^^^^^^^^^^^^^

C:\Users\RMOHINDR\AppData\Local\Programs\Python\Python311\Lib\site-packages\sqlalchemy\pool\base.py:389: 
_ _ _ _ _ _ _ _ _ _ _ _ _ _ _ _ _ _ _ _ _ _ _ _ _ _ _ _ _ _ _ _ _ _ _ _ _ _ _ _

self = <sqlalchemy.pool.base._ConnectionRecord object at 0x000001CEFAB2BE70>
pool = <sqlalchemy.pool.impl.QueuePool object at 0x000001CEFAB7F450>
connect = True

    def __init__(self, pool: Pool, connect: bool = True):
        self.fresh = False
        self.fairy_ref = None
        self.starttime = 0
        self.dbapi_connection = None
    
        self.__pool = pool
        if connect:
>           self.__connect()

C:\Users\RMOHINDR\AppData\Local\Programs\Python\Python311\Lib\site-packages\sqlalchemy\pool\base.py:674: 
_ _ _ _ _ _ _ _ _ _ _ _ _ _ _ _ _ _ _ _ _ _ _ _ _ _ _ _ _ _ _ _ _ _ _ _ _ _ _ _

self = <sqlalchemy.pool.base._ConnectionRecord object at 0x000001CEFAB2BE70>

    def __connect(self) -> None:
        pool = self.__pool
    
        # ensure any existing connection is removed, so that if
        # creator fails, this attribute stays None
        self.dbapi_connection = None
        try:
            self.starttime = time.time()
            self.dbapi_connection = connection = pool._invoke_creator(self)
            pool.logger.debug("Created new connection %r", connection)
            self.fresh = True
        except BaseException as e:
>           with util.safe_reraise():

C:\Users\RMOHINDR\AppData\Local\Programs\Python\Python311\Lib\site-packages\sqlalchemy\pool\base.py:900: 
_ _ _ _ _ _ _ _ _ _ _ _ _ _ _ _ _ _ _ _ _ _ _ _ _ _ _ _ _ _ _ _ _ _ _ _ _ _ _ _

self = <sqlalchemy.util.langhelpers.safe_reraise object at 0x000001CEFAB43D60>
type_ = None, value = None, traceback = None

    def __exit__(
        self,
        type_: Optional[Type[BaseException]],
        value: Optional[BaseException],
        traceback: Optional[types.TracebackType],
    ) -> NoReturn:
        assert self._exc_info is not None
        # see #2703 for notes
        if type_ is None:
            exc_type, exc_value, exc_tb = self._exc_info
            assert exc_value is not None
            self._exc_info = None  # remove potential circular references
>           raise exc_value.with_traceback(exc_tb)

C:\Users\RMOHINDR\AppData\Local\Programs\Python\Python311\Lib\site-packages\sqlalchemy\util\langhelpers.py:121: 
_ _ _ _ _ _ _ _ _ _ _ _ _ _ _ _ _ _ _ _ _ _ _ _ _ _ _ _ _ _ _ _ _ _ _ _ _ _ _ _

self = <sqlalchemy.pool.base._ConnectionRecord object at 0x000001CEFAB2BE70>

    def __connect(self) -> None:
        pool = self.__pool
    
        # ensure any existing connection is removed, so that if
        # creator fails, this attribute stays None
        self.dbapi_connection = None
        try:
            self.starttime = time.time()
>           self.dbapi_connection = connection = pool._invoke_creator(self)
                                                 ^^^^^^^^^^^^^^^^^^^^^^^^^^

C:\Users\RMOHINDR\AppData\Local\Programs\Python\Python311\Lib\site-packages\sqlalchemy\pool\base.py:896: 
_ _ _ _ _ _ _ _ _ _ _ _ _ _ _ _ _ _ _ _ _ _ _ _ _ _ _ _ _ _ _ _ _ _ _ _ _ _ _ _

connection_record = <sqlalchemy.pool.base._ConnectionRecord object at 0x000001CEFAB2BE70>

    def connect(
        connection_record: Optional[ConnectionPoolEntry] = None,
    ) -> DBAPIConnection:
        if dialect._has_events:
            mutable_cargs = list(cargs_tup)
            mutable_cparams = dict(cparams)
            for fn in dialect.dispatch.do_connect:
                connection = cast(
                    DBAPIConnection,
                    fn(
                        dialect,
                        connection_record,
                        mutable_cargs,
                        mutable_cparams,
                    ),
                )
                if connection is not None:
                    return connection
            return dialect.connect(*mutable_cargs, **mutable_cparams)
        else:
>           return dialect.connect(*cargs_tup, **cparams)
                   ^^^^^^^^^^^^^^^^^^^^^^^^^^^^^^^^^^^^^^

C:\Users\RMOHINDR\AppData\Local\Programs\Python\Python311\Lib\site-packages\sqlalchemy\engine\create.py:667: 
_ _ _ _ _ _ _ _ _ _ _ _ _ _ _ _ _ _ _ _ _ _ _ _ _ _ _ _ _ _ _ _ _ _ _ _ _ _ _ _

self = <sqlalchemy.dialects.postgresql.psycopg2.PGDialect_psycopg2 object at 0x000001CEF9852D50>
cargs = ()
cparams = {'dbname': 'postgres', 'host': 'localhost', 'password': 'password', 'port': 5432, ...}

    def connect(self, *cargs: Any, **cparams: Any) -> DBAPIConnection:
        # inherits the docstring from interfaces.Dialect.connect
>       return self.loaded_dbapi.connect(*cargs, **cparams)  # type: ignore[no-any-return]  # NOQA: E501
               ^^^^^^^^^^^^^^^^^^^^^^^^^^^^^^^^^^^^^^^^^^^^

C:\Users\RMOHINDR\AppData\Local\Programs\Python\Python311\Lib\site-packages\sqlalchemy\engine\default.py:630: 
_ _ _ _ _ _ _ _ _ _ _ _ _ _ _ _ _ _ _ _ _ _ _ _ _ _ _ _ _ _ _ _ _ _ _ _ _ _ _ _

dsn = 'host=localhost dbname=postgres user=transportation password=password port=5432'
connection_factory = None, cursor_factory = None
kwargs = {'dbname': 'postgres', 'host': 'localhost', 'password': 'password', 'port': 5432, ...}
kwasync = {}

    def connect(dsn=None, connection_factory=None, cursor_factory=None, **kwargs):
        """
        Create a new database connection.
    
        The connection parameters can be specified as a string:
    
            conn = psycopg2.connect("dbname=test user=postgres password=secret")
    
        or using a set of keyword arguments:
    
            conn = psycopg2.connect(database="test", user="postgres", password="secret")
    
        Or as a mix of both. The basic connection parameters are:
    
        - *dbname*: the database name
        - *database*: the database name (only as keyword argument)
        - *user*: user name used to authenticate
        - *password*: password used to authenticate
        - *host*: database host address (defaults to UNIX socket if not provided)
        - *port*: connection port number (defaults to 5432 if not provided)
    
        Using the *connection_factory* parameter a different class or connections
        factory can be specified. It should be a callable object taking a dsn
        argument.
    
        Using the *cursor_factory* parameter, a new default cursor factory will be
        used by cursor().
    
        Using *async*=True an asynchronous connection will be created. *async_* is
        a valid alias (for Python versions where ``async`` is a keyword).
    
        Any other keyword parameter will be passed to the underlying client
        library: the list of supported parameters depends on the library version.
    
        """
        kwasync = {}
        if 'async' in kwargs:
            kwasync['async'] = kwargs.pop('async')
        if 'async_' in kwargs:
            kwasync['async_'] = kwargs.pop('async_')
    
        dsn = _ext.make_dsn(dsn, **kwargs)
>       conn = _connect(dsn, connection_factory=connection_factory, **kwasync)
               ^^^^^^^^^^^^^^^^^^^^^^^^^^^^^^^^^^^^^^^^^^^^^^^^^^^^^^^^^^^^^^^
E       psycopg2.OperationalError: connection to server at "localhost" (::1), port 5432 failed: Connection refused (0x0000274D/10061)
E       	Is the server running on that host and accepting TCP/IP connections?
E       connection to server at "localhost" (127.0.0.1), port 5432 failed: Connection refused (0x0000274D/10061)
E       	Is the server running on that host and accepting TCP/IP connections?

C:\Users\RMOHINDR\AppData\Local\Programs\Python\Python311\Lib\site-packages\psycopg2\__init__.py:135: OperationalError

The above exception was the direct cause of the following exception:

    @pytest.fixture(scope="session")
    def _test_engine():
        """Create the test database (if needed) and return an engine bound to it.
    
        The database is created once per test session and the full schema is
        applied via ``Base.metadata.create_all``.
        """
        # Connect to the admin database to create the test database.
        admin_engine = create_engine(_PG_ADMIN_URL, isolation_level="AUTOCOMMIT")
>       with admin_engine.connect() as conn:
             ^^^^^^^^^^^^^^^^^^^^^^

apps\backend\tests\conftest.py:69: 
_ _ _ _ _ _ _ _ _ _ _ _ _ _ _ _ _ _ _ _ _ _ _ _ _ _ _ _ _ _ _ _ _ _ _ _ _ _ _ _

self = Engine(postgresql://transportation:***@localhost:5432/postgres)

    def connect(self) -> Connection:
        """Return a new :class:`_engine.Connection` object.
    
        The :class:`_engine.Connection` acts as a Python context manager, so
        the typical use of this method looks like::
    
            with engine.connect() as connection:
                connection.execute(text("insert into table values ('foo')"))
                connection.commit()
    
        Where above, after the block is completed, the connection is "closed"
        and its underlying DBAPI resources are returned to the connection pool.
        This also has the effect of rolling back any transaction that
        was explicitly begun or was begun via autobegin, and will
        emit the :meth:`_events.ConnectionEvents.rollback` event if one was
        started and is still in progress.
    
        .. seealso::
    
            :meth:`_engine.Engine.begin`
    
        """
    
>       return self._connection_cls(self)
               ^^^^^^^^^^^^^^^^^^^^^^^^^^

C:\Users\RMOHINDR\AppData\Local\Programs\Python\Python311\Lib\site-packages\sqlalchemy\engine\base.py:3293: 
_ _ _ _ _ _ _ _ _ _ _ _ _ _ _ _ _ _ _ _ _ _ _ _ _ _ _ _ _ _ _ _ _ _ _ _ _ _ _ _

self = <sqlalchemy.engine.base.Connection object at 0x000001CEFA8A9490>
engine = Engine(postgresql://transportation:***@localhost:5432/postgres)
connection = None, _has_events = None, _allow_revalidate = True
_allow_autobegin = True

    def __init__(
        self,
        engine: Engine,
        connection: Optional[PoolProxiedConnection] = None,
        _has_events: Optional[bool] = None,
        _allow_revalidate: bool = True,
        _allow_autobegin: bool = True,
    ):
        """Construct a new Connection."""
        self.engine = engine
        self.dialect = dialect = engine.dialect
    
        if connection is None:
            try:
                self._dbapi_connection = engine.raw_connection()
            except dialect.loaded_dbapi.Error as err:
>               Connection._handle_dbapi_exception_noconnection(
                    err, dialect, engine
                )

C:\Users\RMOHINDR\AppData\Local\Programs\Python\Python311\Lib\site-packages\sqlalchemy\engine\base.py:145: 
_ _ _ _ _ _ _ _ _ _ _ _ _ _ _ _ _ _ _ _ _ _ _ _ _ _ _ _ _ _ _ _ _ _ _ _ _ _ _ _

cls = <class 'sqlalchemy.engine.base.Connection'>
e = OperationalError('connection to server at "localhost" (::1), port 5432 failed: Connection refused (0x0000274D/10061)\n...iled: Connection refused (0x0000274D/10061)\n\tIs the server running on that host and accepting TCP/IP connections?\n')
dialect = <sqlalchemy.dialects.postgresql.psycopg2.PGDialect_psycopg2 object at 0x000001CEF9852D50>
engine = Engine(postgresql://transportation:***@localhost:5432/postgres)
is_disconnect = False, invalidate_pool_on_disconnect = True, is_pre_ping = False

    @classmethod
    def _handle_dbapi_exception_noconnection(
        cls,
        e: BaseException,
        dialect: Dialect,
        engine: Optional[Engine] = None,
        is_disconnect: Optional[bool] = None,
        invalidate_pool_on_disconnect: bool = True,
        is_pre_ping: bool = False,
    ) -> NoReturn:
        exc_info = sys.exc_info()
    
        if is_disconnect is None:
            is_disconnect = isinstance(
                e, dialect.loaded_dbapi.Error
            ) and dialect.is_disconnect(e, None, None)
    
        should_wrap = isinstance(e, dialect.loaded_dbapi.Error)
    
        if should_wrap:
            sqlalchemy_exception = exc.DBAPIError.instance(
                None,
                None,
                cast(Exception, e),
                dialect.loaded_dbapi.Error,
                hide_parameters=(
                    engine.hide_parameters if engine is not None else False
                ),
                connection_invalidated=is_disconnect,
                dialect=dialect,
            )
        else:
            sqlalchemy_exception = None
    
        newraise = None
    
        if dialect._has_events:
            ctx = ExceptionContextImpl(
                e,
                sqlalchemy_exception,
                engine,
                dialect,
                None,
                None,
                None,
                None,
                None,
                is_disconnect,
                invalidate_pool_on_disconnect,
                is_pre_ping,
            )
            for fn in dialect.dispatch.handle_error:
                try:
                    # handler returns an exception;
                    # call next handler in a chain
                    per_fn = fn(ctx)
                    if per_fn is not None:
                        ctx.chained_exception = newraise = per_fn
                except Exception as _raised:
                    # handler raises an exception - stop processing
                    newraise = _raised
                    break
    
            if sqlalchemy_exception and is_disconnect != ctx.is_disconnect:
                sqlalchemy_exception.connection_invalidated = ctx.is_disconnect
    
        if newraise:
            raise newraise.with_traceback(exc_info[2]) from e
        elif should_wrap:
            assert sqlalchemy_exception is not None
>           raise sqlalchemy_exception.with_traceback(exc_info[2]) from e

C:\Users\RMOHINDR\AppData\Local\Programs\Python\Python311\Lib\site-packages\sqlalchemy\engine\base.py:2448: 
_ _ _ _ _ _ _ _ _ _ _ _ _ _ _ _ _ _ _ _ _ _ _ _ _ _ _ _ _ _ _ _ _ _ _ _ _ _ _ _

self = <sqlalchemy.engine.base.Connection object at 0x000001CEFA8A9490>
engine = Engine(postgresql://transportation:***@localhost:5432/postgres)
connection = None, _has_events = None, _allow_revalidate = True
_allow_autobegin = True

    def __init__(
        self,
        engine: Engine,
        connection: Optional[PoolProxiedConnection] = None,
        _has_events: Optional[bool] = None,
        _allow_revalidate: bool = True,
        _allow_autobegin: bool = True,
    ):
        """Construct a new Connection."""
        self.engine = engine
        self.dialect = dialect = engine.dialect
    
        if connection is None:
            try:
>               self._dbapi_connection = engine.raw_connection()
                                         ^^^^^^^^^^^^^^^^^^^^^^^

C:\Users\RMOHINDR\AppData\Local\Programs\Python\Python311\Lib\site-packages\sqlalchemy\engine\base.py:143: 
_ _ _ _ _ _ _ _ _ _ _ _ _ _ _ _ _ _ _ _ _ _ _ _ _ _ _ _ _ _ _ _ _ _ _ _ _ _ _ _

self = Engine(postgresql://transportation:***@localhost:5432/postgres)

    def raw_connection(self) -> PoolProxiedConnection:
        """Return a "raw" DBAPI connection from the connection pool.
    
        The returned object is a proxied version of the DBAPI
        connection object used by the underlying driver in use.
        The object will have all the same behavior as the real DBAPI
        connection, except that its ``close()`` method will result in the
        connection being returned to the pool, rather than being closed
        for real.
    
        This method provides direct DBAPI connection access for
        special situations when the API provided by
        :class:`_engine.Connection`
        is not needed.   When a :class:`_engine.Connection` object is already
        present, the DBAPI connection is available using
        the :attr:`_engine.Connection.connection` accessor.
    
        .. seealso::
    
            :ref:`dbapi_connections`
    
        """
>       return self.pool.connect()
               ^^^^^^^^^^^^^^^^^^^

C:\Users\RMOHINDR\AppData\Local\Programs\Python\Python311\Lib\site-packages\sqlalchemy\engine\base.py:3317: 
_ _ _ _ _ _ _ _ _ _ _ _ _ _ _ _ _ _ _ _ _ _ _ _ _ _ _ _ _ _ _ _ _ _ _ _ _ _ _ _

self = <sqlalchemy.pool.impl.QueuePool object at 0x000001CEFAB7F450>

    def connect(self) -> PoolProxiedConnection:
        """Return a DBAPI connection from the pool.
    
        The connection is instrumented such that when its
        ``close()`` method is called, the connection will be returned to
        the pool.
    
        """
>       return _ConnectionFairy._checkout(self)
               ^^^^^^^^^^^^^^^^^^^^^^^^^^^^^^^^

C:\Users\RMOHINDR\AppData\Local\Programs\Python\Python311\Lib\site-packages\sqlalchemy\pool\base.py:448: 
_ _ _ _ _ _ _ _ _ _ _ _ _ _ _ _ _ _ _ _ _ _ _ _ _ _ _ _ _ _ _ _ _ _ _ _ _ _ _ _

cls = <class 'sqlalchemy.pool.base._ConnectionFairy'>
pool = <sqlalchemy.pool.impl.QueuePool object at 0x000001CEFAB7F450>
threadconns = None, fairy = None

    @classmethod
    def _checkout(
        cls,
        pool: Pool,
        threadconns: Optional[threading.local] = None,
        fairy: Optional[_ConnectionFairy] = None,
    ) -> _ConnectionFairy:
        if not fairy:
>           fairy = _ConnectionRecord.checkout(pool)
                    ^^^^^^^^^^^^^^^^^^^^^^^^^^^^^^^^

C:\Users\RMOHINDR\AppData\Local\Programs\Python\Python311\Lib\site-packages\sqlalchemy\pool\base.py:1272: 
_ _ _ _ _ _ _ _ _ _ _ _ _ _ _ _ _ _ _ _ _ _ _ _ _ _ _ _ _ _ _ _ _ _ _ _ _ _ _ _

cls = <class 'sqlalchemy.pool.base._ConnectionRecord'>
pool = <sqlalchemy.pool.impl.QueuePool object at 0x000001CEFAB7F450>

    @classmethod
    def checkout(cls, pool: Pool) -> _ConnectionFairy:
        if TYPE_CHECKING:
            rec = cast(_ConnectionRecord, pool._do_get())
        else:
>           rec = pool._do_get()
                  ^^^^^^^^^^^^^^

C:\Users\RMOHINDR\AppData\Local\Programs\Python\Python311\Lib\site-packages\sqlalchemy\pool\base.py:712: 
_ _ _ _ _ _ _ _ _ _ _ _ _ _ _ _ _ _ _ _ _ _ _ _ _ _ _ _ _ _ _ _ _ _ _ _ _ _ _ _

self = <sqlalchemy.pool.impl.QueuePool object at 0x000001CEFAB7F450>

    def _do_get(self) -> ConnectionPoolEntry:
        use_overflow = self._max_overflow > -1
    
        wait = use_overflow and self._overflow >= self._max_overflow
        try:
            return self._pool.get(wait, self._timeout)
        except sqla_queue.Empty:
            # don't do things inside of "except Empty", because when we say
            # we timed out or can't connect and raise, Python 3 tells
            # people the real error is queue.Empty which it isn't.
            pass
        if use_overflow and self._overflow >= self._max_overflow:
            if not wait:
                return self._do_get()
            else:
                raise exc.TimeoutError(
                    "QueuePool limit of size %d overflow %d reached, "
                    "connection timed out, timeout %0.2f"
                    % (self.size(), self.overflow(), self._timeout),
                    code="3o7r",
                )
    
        if self._inc_overflow():
            try:
                return self._create_connection()
            except:
>               with util.safe_reraise():

C:\Users\RMOHINDR\AppData\Local\Programs\Python\Python311\Lib\site-packages\sqlalchemy\pool\impl.py:177: 
_ _ _ _ _ _ _ _ _ _ _ _ _ _ _ _ _ _ _ _ _ _ _ _ _ _ _ _ _ _ _ _ _ _ _ _ _ _ _ _

self = <sqlalchemy.util.langhelpers.safe_reraise object at 0x000001CEFAB43E50>
type_ = None, value = None, traceback = None

    def __exit__(
        self,
        type_: Optional[Type[BaseException]],
        value: Optional[BaseException],
        traceback: Optional[types.TracebackType],
    ) -> NoReturn:
        assert self._exc_info is not None
        # see #2703 for notes
        if type_ is None:
            exc_type, exc_value, exc_tb = self._exc_info
            assert exc_value is not None
            self._exc_info = None  # remove potential circular references
>           raise exc_value.with_traceback(exc_tb)

C:\Users\RMOHINDR\AppData\Local\Programs\Python\Python311\Lib\site-packages\sqlalchemy\util\langhelpers.py:121: 
_ _ _ _ _ _ _ _ _ _ _ _ _ _ _ _ _ _ _ _ _ _ _ _ _ _ _ _ _ _ _ _ _ _ _ _ _ _ _ _

self = <sqlalchemy.pool.impl.QueuePool object at 0x000001CEFAB7F450>

    def _do_get(self) -> ConnectionPoolEntry:
        use_overflow = self._max_overflow > -1
    
        wait = use_overflow and self._overflow >= self._max_overflow
        try:
            return self._pool.get(wait, self._timeout)
        except sqla_queue.Empty:
            # don't do things inside of "except Empty", because when we say
            # we timed out or can't connect and raise, Python 3 tells
            # people the real error is queue.Empty which it isn't.
            pass
        if use_overflow and self._overflow >= self._max_overflow:
            if not wait:
                return self._do_get()
            else:
                raise exc.TimeoutError(
                    "QueuePool limit of size %d overflow %d reached, "
                    "connection timed out, timeout %0.2f"
                    % (self.size(), self.overflow(), self._timeout),
                    code="3o7r",
                )
    
        if self._inc_overflow():
            try:
>               return self._create_connection()
                       ^^^^^^^^^^^^^^^^^^^^^^^^^

C:\Users\RMOHINDR\AppData\Local\Programs\Python\Python311\Lib\site-packages\sqlalchemy\pool\impl.py:175: 
_ _ _ _ _ _ _ _ _ _ _ _ _ _ _ _ _ _ _ _ _ _ _ _ _ _ _ _ _ _ _ _ _ _ _ _ _ _ _ _

self = <sqlalchemy.pool.impl.QueuePool object at 0x000001CEFAB7F450>

    def _create_connection(self) -> ConnectionPoolEntry:
        """Called by subclasses to create a new ConnectionRecord."""
    
>       return _ConnectionRecord(self)
               ^^^^^^^^^^^^^^^^^^^^^^^

C:\Users\RMOHINDR\AppData\Local\Programs\Python\Python311\Lib\site-packages\sqlalchemy\pool\base.py:389: 
_ _ _ _ _ _ _ _ _ _ _ _ _ _ _ _ _ _ _ _ _ _ _ _ _ _ _ _ _ _ _ _ _ _ _ _ _ _ _ _

self = <sqlalchemy.pool.base._ConnectionRecord object at 0x000001CEFAB2BE70>
pool = <sqlalchemy.pool.impl.QueuePool object at 0x000001CEFAB7F450>
connect = True

    def __init__(self, pool: Pool, connect: bool = True):
        self.fresh = False
        self.fairy_ref = None
        self.starttime = 0
        self.dbapi_connection = None
    
        self.__pool = pool
        if connect:
>           self.__connect()

C:\Users\RMOHINDR\AppData\Local\Programs\Python\Python311\Lib\site-packages\sqlalchemy\pool\base.py:674: 
_ _ _ _ _ _ _ _ _ _ _ _ _ _ _ _ _ _ _ _ _ _ _ _ _ _ _ _ _ _ _ _ _ _ _ _ _ _ _ _

self = <sqlalchemy.pool.base._ConnectionRecord object at 0x000001CEFAB2BE70>

    def __connect(self) -> None:
        pool = self.__pool
    
        # ensure any existing connection is removed, so that if
        # creator fails, this attribute stays None
        self.dbapi_connection = None
        try:
            self.starttime = time.time()
            self.dbapi_connection = connection = pool._invoke_creator(self)
            pool.logger.debug("Created new connection %r", connection)
            self.fresh = True
        except BaseException as e:
>           with util.safe_reraise():

C:\Users\RMOHINDR\AppData\Local\Programs\Python\Python311\Lib\site-packages\sqlalchemy\pool\base.py:900: 
_ _ _ _ _ _ _ _ _ _ _ _ _ _ _ _ _ _ _ _ _ _ _ _ _ _ _ _ _ _ _ _ _ _ _ _ _ _ _ _

self = <sqlalchemy.util.langhelpers.safe_reraise object at 0x000001CEFAB43D60>
type_ = None, value = None, traceback = None

    def __exit__(
        self,
        type_: Optional[Type[BaseException]],
        value: Optional[BaseException],
        traceback: Optional[types.TracebackType],
    ) -> NoReturn:
        assert self._exc_info is not None
        # see #2703 for notes
        if type_ is None:
            exc_type, exc_value, exc_tb = self._exc_info
            assert exc_value is not None
            self._exc_info = None  # remove potential circular references
>           raise exc_value.with_traceback(exc_tb)

C:\Users\RMOHINDR\AppData\Local\Programs\Python\Python311\Lib\site-packages\sqlalchemy\util\langhelpers.py:121: 
_ _ _ _ _ _ _ _ _ _ _ _ _ _ _ _ _ _ _ _ _ _ _ _ _ _ _ _ _ _ _ _ _ _ _ _ _ _ _ _

self = <sqlalchemy.pool.base._ConnectionRecord object at 0x000001CEFAB2BE70>

    def __connect(self) -> None:
        pool = self.__pool
    
        # ensure any existing connection is removed, so that if
        # creator fails, this attribute stays None
        self.dbapi_connection = None
        try:
            self.starttime = time.time()
>           self.dbapi_connection = connection = pool._invoke_creator(self)
                                                 ^^^^^^^^^^^^^^^^^^^^^^^^^^

C:\Users\RMOHINDR\AppData\Local\Programs\Python\Python311\Lib\site-packages\sqlalchemy\pool\base.py:896: 
_ _ _ _ _ _ _ _ _ _ _ _ _ _ _ _ _ _ _ _ _ _ _ _ _ _ _ _ _ _ _ _ _ _ _ _ _ _ _ _

connection_record = <sqlalchemy.pool.base._ConnectionRecord object at 0x000001CEFAB2BE70>

    def connect(
        connection_record: Optional[ConnectionPoolEntry] = None,
    ) -> DBAPIConnection:
        if dialect._has_events:
            mutable_cargs = list(cargs_tup)
            mutable_cparams = dict(cparams)
            for fn in dialect.dispatch.do_connect:
                connection = cast(
                    DBAPIConnection,
                    fn(
                        dialect,
                        connection_record,
                        mutable_cargs,
                        mutable_cparams,
                    ),
                )
                if connection is not None:
                    return connection
            return dialect.connect(*mutable_cargs, **mutable_cparams)
        else:
>           return dialect.connect(*cargs_tup, **cparams)
                   ^^^^^^^^^^^^^^^^^^^^^^^^^^^^^^^^^^^^^^

C:\Users\RMOHINDR\AppData\Local\Programs\Python\Python311\Lib\site-packages\sqlalchemy\engine\create.py:667: 
_ _ _ _ _ _ _ _ _ _ _ _ _ _ _ _ _ _ _ _ _ _ _ _ _ _ _ _ _ _ _ _ _ _ _ _ _ _ _ _

self = <sqlalchemy.dialects.postgresql.psycopg2.PGDialect_psycopg2 object at 0x000001CEF9852D50>
cargs = ()
cparams = {'dbname': 'postgres', 'host': 'localhost', 'password': 'password', 'port': 5432, ...}

    def connect(self, *cargs: Any, **cparams: Any) -> DBAPIConnection:
        # inherits the docstring from interfaces.Dialect.connect
>       return self.loaded_dbapi.connect(*cargs, **cparams)  # type: ignore[no-any-return]  # NOQA: E501
               ^^^^^^^^^^^^^^^^^^^^^^^^^^^^^^^^^^^^^^^^^^^^

C:\Users\RMOHINDR\AppData\Local\Programs\Python\Python311\Lib\site-packages\sqlalchemy\engine\default.py:630: 
_ _ _ _ _ _ _ _ _ _ _ _ _ _ _ _ _ _ _ _ _ _ _ _ _ _ _ _ _ _ _ _ _ _ _ _ _ _ _ _

dsn = 'host=localhost dbname=postgres user=transportation password=password port=5432'
connection_factory = None, cursor_factory = None
kwargs = {'dbname': 'postgres', 'host': 'localhost', 'password': 'password', 'port': 5432, ...}
kwasync = {}

    def connect(dsn=None, connection_factory=None, cursor_factory=None, **kwargs):
        """
        Create a new database connection.
    
        The connection parameters can be specified as a string:
    
            conn = psycopg2.connect("dbname=test user=postgres password=secret")
    
        or using a set of keyword arguments:
    
            conn = psycopg2.connect(database="test", user="postgres", password="secret")
    
        Or as a mix of both. The basic connection parameters are:
    
        - *dbname*: the database name
        - *database*: the database name (only as keyword argument)
        - *user*: user name used to authenticate
        - *password*: password used to authenticate
        - *host*: database host address (defaults to UNIX socket if not provided)
        - *port*: connection port number (defaults to 5432 if not provided)
    
        Using the *connection_factory* parameter a different class or connections
        factory can be specified. It should be a callable object taking a dsn
        argument.
    
        Using the *cursor_factory* parameter, a new default cursor factory will be
        used by cursor().
    
        Using *async*=True an asynchronous connection will be created. *async_* is
        a valid alias (for Python versions where ``async`` is a keyword).
    
        Any other keyword parameter will be passed to the underlying client
        library: the list of supported parameters depends on the library version.
    
        """
        kwasync = {}
        if 'async' in kwargs:
            kwasync['async'] = kwargs.pop('async')
        if 'async_' in kwargs:
            kwasync['async_'] = kwargs.pop('async_')
    
        dsn = _ext.make_dsn(dsn, **kwargs)
>       conn = _connect(dsn, connection_factory=connection_factory, **kwasync)
               ^^^^^^^^^^^^^^^^^^^^^^^^^^^^^^^^^^^^^^^^^^^^^^^^^^^^^^^^^^^^^^^
E       sqlalchemy.exc.OperationalError: (psycopg2.OperationalError) connection to server at "localhost" (::1), port 5432 failed: Connection refused (0x0000274D/10061)
E       	Is the server running on that host and accepting TCP/IP connections?
E       connection to server at "localhost" (127.0.0.1), port 5432 failed: Connection refused (0x0000274D/10061)
E       	Is the server running on that host and accepting TCP/IP connections?
E       
E       (Background on this error at: https://sqlalche.me/e/20/e3q8)

C:\Users\RMOHINDR\AppData\Local\Programs\Python\Python311\Lib\site-packages\psycopg2\__init__.py:135: OperationalError
_ ERROR at setup of TestDeleteEndpointEnforcement.test_tc003_3_cannot_delete_pending_review _

self = <sqlalchemy.engine.base.Connection object at 0x000001CEFA8A9490>
engine = Engine(postgresql://transportation:***@localhost:5432/postgres)
connection = None, _has_events = None, _allow_revalidate = True
_allow_autobegin = True

    def __init__(
        self,
        engine: Engine,
        connection: Optional[PoolProxiedConnection] = None,
        _has_events: Optional[bool] = None,
        _allow_revalidate: bool = True,
        _allow_autobegin: bool = True,
    ):
        """Construct a new Connection."""
        self.engine = engine
        self.dialect = dialect = engine.dialect
    
        if connection is None:
            try:
>               self._dbapi_connection = engine.raw_connection()
                                         ^^^^^^^^^^^^^^^^^^^^^^^

C:\Users\RMOHINDR\AppData\Local\Programs\Python\Python311\Lib\site-packages\sqlalchemy\engine\base.py:143: 
_ _ _ _ _ _ _ _ _ _ _ _ _ _ _ _ _ _ _ _ _ _ _ _ _ _ _ _ _ _ _ _ _ _ _ _ _ _ _ _

self = Engine(postgresql://transportation:***@localhost:5432/postgres)

    def raw_connection(self) -> PoolProxiedConnection:
        """Return a "raw" DBAPI connection from the connection pool.
    
        The returned object is a proxied version of the DBAPI
        connection object used by the underlying driver in use.
        The object will have all the same behavior as the real DBAPI
        connection, except that its ``close()`` method will result in the
        connection being returned to the pool, rather than being closed
        for real.
    
        This method provides direct DBAPI connection access for
        special situations when the API provided by
        :class:`_engine.Connection`
        is not needed.   When a :class:`_engine.Connection` object is already
        present, the DBAPI connection is available using
        the :attr:`_engine.Connection.connection` accessor.
    
        .. seealso::
    
            :ref:`dbapi_connections`
    
        """
>       return self.pool.connect()
               ^^^^^^^^^^^^^^^^^^^

C:\Users\RMOHINDR\AppData\Local\Programs\Python\Python311\Lib\site-packages\sqlalchemy\engine\base.py:3317: 
_ _ _ _ _ _ _ _ _ _ _ _ _ _ _ _ _ _ _ _ _ _ _ _ _ _ _ _ _ _ _ _ _ _ _ _ _ _ _ _

self = <sqlalchemy.pool.impl.QueuePool object at 0x000001CEFAB7F450>

    def connect(self) -> PoolProxiedConnection:
        """Return a DBAPI connection from the pool.
    
        The connection is instrumented such that when its
        ``close()`` method is called, the connection will be returned to
        the pool.
    
        """
>       return _ConnectionFairy._checkout(self)
               ^^^^^^^^^^^^^^^^^^^^^^^^^^^^^^^^

C:\Users\RMOHINDR\AppData\Local\Programs\Python\Python311\Lib\site-packages\sqlalchemy\pool\base.py:448: 
_ _ _ _ _ _ _ _ _ _ _ _ _ _ _ _ _ _ _ _ _ _ _ _ _ _ _ _ _ _ _ _ _ _ _ _ _ _ _ _

cls = <class 'sqlalchemy.pool.base._ConnectionFairy'>
pool = <sqlalchemy.pool.impl.QueuePool object at 0x000001CEFAB7F450>
threadconns = None, fairy = None

    @classmethod
    def _checkout(
        cls,
        pool: Pool,
        threadconns: Optional[threading.local] = None,
        fairy: Optional[_ConnectionFairy] = None,
    ) -> _ConnectionFairy:
        if not fairy:
>           fairy = _ConnectionRecord.checkout(pool)
                    ^^^^^^^^^^^^^^^^^^^^^^^^^^^^^^^^

C:\Users\RMOHINDR\AppData\Local\Programs\Python\Python311\Lib\site-packages\sqlalchemy\pool\base.py:1272: 
_ _ _ _ _ _ _ _ _ _ _ _ _ _ _ _ _ _ _ _ _ _ _ _ _ _ _ _ _ _ _ _ _ _ _ _ _ _ _ _

cls = <class 'sqlalchemy.pool.base._ConnectionRecord'>
pool = <sqlalchemy.pool.impl.QueuePool object at 0x000001CEFAB7F450>

    @classmethod
    def checkout(cls, pool: Pool) -> _ConnectionFairy:
        if TYPE_CHECKING:
            rec = cast(_ConnectionRecord, pool._do_get())
        else:
>           rec = pool._do_get()
                  ^^^^^^^^^^^^^^

C:\Users\RMOHINDR\AppData\Local\Programs\Python\Python311\Lib\site-packages\sqlalchemy\pool\base.py:712: 
_ _ _ _ _ _ _ _ _ _ _ _ _ _ _ _ _ _ _ _ _ _ _ _ _ _ _ _ _ _ _ _ _ _ _ _ _ _ _ _

self = <sqlalchemy.pool.impl.QueuePool object at 0x000001CEFAB7F450>

    def _do_get(self) -> ConnectionPoolEntry:
        use_overflow = self._max_overflow > -1
    
        wait = use_overflow and self._overflow >= self._max_overflow
        try:
            return self._pool.get(wait, self._timeout)
        except sqla_queue.Empty:
            # don't do things inside of "except Empty", because when we say
            # we timed out or can't connect and raise, Python 3 tells
            # people the real error is queue.Empty which it isn't.
            pass
        if use_overflow and self._overflow >= self._max_overflow:
            if not wait:
                return self._do_get()
            else:
                raise exc.TimeoutError(
                    "QueuePool limit of size %d overflow %d reached, "
                    "connection timed out, timeout %0.2f"
                    % (self.size(), self.overflow(), self._timeout),
                    code="3o7r",
                )
    
        if self._inc_overflow():
            try:
                return self._create_connection()
            except:
>               with util.safe_reraise():

C:\Users\RMOHINDR\AppData\Local\Programs\Python\Python311\Lib\site-packages\sqlalchemy\pool\impl.py:177: 
_ _ _ _ _ _ _ _ _ _ _ _ _ _ _ _ _ _ _ _ _ _ _ _ _ _ _ _ _ _ _ _ _ _ _ _ _ _ _ _

self = <sqlalchemy.util.langhelpers.safe_reraise object at 0x000001CEFAB43E50>
type_ = None, value = None, traceback = None

    def __exit__(
        self,
        type_: Optional[Type[BaseException]],
        value: Optional[BaseException],
        traceback: Optional[types.TracebackType],
    ) -> NoReturn:
        assert self._exc_info is not None
        # see #2703 for notes
        if type_ is None:
            exc_type, exc_value, exc_tb = self._exc_info
            assert exc_value is not None
            self._exc_info = None  # remove potential circular references
>           raise exc_value.with_traceback(exc_tb)

C:\Users\RMOHINDR\AppData\Local\Programs\Python\Python311\Lib\site-packages\sqlalchemy\util\langhelpers.py:121: 
_ _ _ _ _ _ _ _ _ _ _ _ _ _ _ _ _ _ _ _ _ _ _ _ _ _ _ _ _ _ _ _ _ _ _ _ _ _ _ _

self = <sqlalchemy.pool.impl.QueuePool object at 0x000001CEFAB7F450>

    def _do_get(self) -> ConnectionPoolEntry:
        use_overflow = self._max_overflow > -1
    
        wait = use_overflow and self._overflow >= self._max_overflow
        try:
            return self._pool.get(wait, self._timeout)
        except sqla_queue.Empty:
            # don't do things inside of "except Empty", because when we say
            # we timed out or can't connect and raise, Python 3 tells
            # people the real error is queue.Empty which it isn't.
            pass
        if use_overflow and self._overflow >= self._max_overflow:
            if not wait:
                return self._do_get()
            else:
                raise exc.TimeoutError(
                    "QueuePool limit of size %d overflow %d reached, "
                    "connection timed out, timeout %0.2f"
                    % (self.size(), self.overflow(), self._timeout),
                    code="3o7r",
                )
    
        if self._inc_overflow():
            try:
>               return self._create_connection()
                       ^^^^^^^^^^^^^^^^^^^^^^^^^

C:\Users\RMOHINDR\AppData\Local\Programs\Python\Python311\Lib\site-packages\sqlalchemy\pool\impl.py:175: 
_ _ _ _ _ _ _ _ _ _ _ _ _ _ _ _ _ _ _ _ _ _ _ _ _ _ _ _ _ _ _ _ _ _ _ _ _ _ _ _

self = <sqlalchemy.pool.impl.QueuePool object at 0x000001CEFAB7F450>

    def _create_connection(self) -> ConnectionPoolEntry:
        """Called by subclasses to create a new ConnectionRecord."""
    
>       return _ConnectionRecord(self)
               ^^^^^^^^^^^^^^^^^^^^^^^

C:\Users\RMOHINDR\AppData\Local\Programs\Python\Python311\Lib\site-packages\sqlalchemy\pool\base.py:389: 
_ _ _ _ _ _ _ _ _ _ _ _ _ _ _ _ _ _ _ _ _ _ _ _ _ _ _ _ _ _ _ _ _ _ _ _ _ _ _ _

self = <sqlalchemy.pool.base._ConnectionRecord object at 0x000001CEFAB2BE70>
pool = <sqlalchemy.pool.impl.QueuePool object at 0x000001CEFAB7F450>
connect = True

    def __init__(self, pool: Pool, connect: bool = True):
        self.fresh = False
        self.fairy_ref = None
        self.starttime = 0
        self.dbapi_connection = None
    
        self.__pool = pool
        if connect:
>           self.__connect()

C:\Users\RMOHINDR\AppData\Local\Programs\Python\Python311\Lib\site-packages\sqlalchemy\pool\base.py:674: 
_ _ _ _ _ _ _ _ _ _ _ _ _ _ _ _ _ _ _ _ _ _ _ _ _ _ _ _ _ _ _ _ _ _ _ _ _ _ _ _

self = <sqlalchemy.pool.base._ConnectionRecord object at 0x000001CEFAB2BE70>

    def __connect(self) -> None:
        pool = self.__pool
    
        # ensure any existing connection is removed, so that if
        # creator fails, this attribute stays None
        self.dbapi_connection = None
        try:
            self.starttime = time.time()
            self.dbapi_connection = connection = pool._invoke_creator(self)
            pool.logger.debug("Created new connection %r", connection)
            self.fresh = True
        except BaseException as e:
>           with util.safe_reraise():

C:\Users\RMOHINDR\AppData\Local\Programs\Python\Python311\Lib\site-packages\sqlalchemy\pool\base.py:900: 
_ _ _ _ _ _ _ _ _ _ _ _ _ _ _ _ _ _ _ _ _ _ _ _ _ _ _ _ _ _ _ _ _ _ _ _ _ _ _ _

self = <sqlalchemy.util.langhelpers.safe_reraise object at 0x000001CEFAB43D60>
type_ = None, value = None, traceback = None

    def __exit__(
        self,
        type_: Optional[Type[BaseException]],
        value: Optional[BaseException],
        traceback: Optional[types.TracebackType],
    ) -> NoReturn:
        assert self._exc_info is not None
        # see #2703 for notes
        if type_ is None:
            exc_type, exc_value, exc_tb = self._exc_info
            assert exc_value is not None
            self._exc_info = None  # remove potential circular references
>           raise exc_value.with_traceback(exc_tb)

C:\Users\RMOHINDR\AppData\Local\Programs\Python\Python311\Lib\site-packages\sqlalchemy\util\langhelpers.py:121: 
_ _ _ _ _ _ _ _ _ _ _ _ _ _ _ _ _ _ _ _ _ _ _ _ _ _ _ _ _ _ _ _ _ _ _ _ _ _ _ _

self = <sqlalchemy.pool.base._ConnectionRecord object at 0x000001CEFAB2BE70>

    def __connect(self) -> None:
        pool = self.__pool
    
        # ensure any existing connection is removed, so that if
        # creator fails, this attribute stays None
        self.dbapi_connection = None
        try:
            self.starttime = time.time()
>           self.dbapi_connection = connection = pool._invoke_creator(self)
                                                 ^^^^^^^^^^^^^^^^^^^^^^^^^^

C:\Users\RMOHINDR\AppData\Local\Programs\Python\Python311\Lib\site-packages\sqlalchemy\pool\base.py:896: 
_ _ _ _ _ _ _ _ _ _ _ _ _ _ _ _ _ _ _ _ _ _ _ _ _ _ _ _ _ _ _ _ _ _ _ _ _ _ _ _

connection_record = <sqlalchemy.pool.base._ConnectionRecord object at 0x000001CEFAB2BE70>

    def connect(
        connection_record: Optional[ConnectionPoolEntry] = None,
    ) -> DBAPIConnection:
        if dialect._has_events:
            mutable_cargs = list(cargs_tup)
            mutable_cparams = dict(cparams)
            for fn in dialect.dispatch.do_connect:
                connection = cast(
                    DBAPIConnection,
                    fn(
                        dialect,
                        connection_record,
                        mutable_cargs,
                        mutable_cparams,
                    ),
                )
                if connection is not None:
                    return connection
            return dialect.connect(*mutable_cargs, **mutable_cparams)
        else:
>           return dialect.connect(*cargs_tup, **cparams)
                   ^^^^^^^^^^^^^^^^^^^^^^^^^^^^^^^^^^^^^^

C:\Users\RMOHINDR\AppData\Local\Programs\Python\Python311\Lib\site-packages\sqlalchemy\engine\create.py:667: 
_ _ _ _ _ _ _ _ _ _ _ _ _ _ _ _ _ _ _ _ _ _ _ _ _ _ _ _ _ _ _ _ _ _ _ _ _ _ _ _

self = <sqlalchemy.dialects.postgresql.psycopg2.PGDialect_psycopg2 object at 0x000001CEF9852D50>
cargs = ()
cparams = {'dbname': 'postgres', 'host': 'localhost', 'password': 'password', 'port': 5432, ...}

    def connect(self, *cargs: Any, **cparams: Any) -> DBAPIConnection:
        # inherits the docstring from interfaces.Dialect.connect
>       return self.loaded_dbapi.connect(*cargs, **cparams)  # type: ignore[no-any-return]  # NOQA: E501
               ^^^^^^^^^^^^^^^^^^^^^^^^^^^^^^^^^^^^^^^^^^^^

C:\Users\RMOHINDR\AppData\Local\Programs\Python\Python311\Lib\site-packages\sqlalchemy\engine\default.py:630: 
_ _ _ _ _ _ _ _ _ _ _ _ _ _ _ _ _ _ _ _ _ _ _ _ _ _ _ _ _ _ _ _ _ _ _ _ _ _ _ _

dsn = 'host=localhost dbname=postgres user=transportation password=password port=5432'
connection_factory = None, cursor_factory = None
kwargs = {'dbname': 'postgres', 'host': 'localhost', 'password': 'password', 'port': 5432, ...}
kwasync = {}

    def connect(dsn=None, connection_factory=None, cursor_factory=None, **kwargs):
        """
        Create a new database connection.
    
        The connection parameters can be specified as a string:
    
            conn = psycopg2.connect("dbname=test user=postgres password=secret")
    
        or using a set of keyword arguments:
    
            conn = psycopg2.connect(database="test", user="postgres", password="secret")
    
        Or as a mix of both. The basic connection parameters are:
    
        - *dbname*: the database name
        - *database*: the database name (only as keyword argument)
        - *user*: user name used to authenticate
        - *password*: password used to authenticate
        - *host*: database host address (defaults to UNIX socket if not provided)
        - *port*: connection port number (defaults to 5432 if not provided)
    
        Using the *connection_factory* parameter a different class or connections
        factory can be specified. It should be a callable object taking a dsn
        argument.
    
        Using the *cursor_factory* parameter, a new default cursor factory will be
        used by cursor().
    
        Using *async*=True an asynchronous connection will be created. *async_* is
        a valid alias (for Python versions where ``async`` is a keyword).
    
        Any other keyword parameter will be passed to the underlying client
        library: the list of supported parameters depends on the library version.
    
        """
        kwasync = {}
        if 'async' in kwargs:
            kwasync['async'] = kwargs.pop('async')
        if 'async_' in kwargs:
            kwasync['async_'] = kwargs.pop('async_')
    
        dsn = _ext.make_dsn(dsn, **kwargs)
>       conn = _connect(dsn, connection_factory=connection_factory, **kwasync)
               ^^^^^^^^^^^^^^^^^^^^^^^^^^^^^^^^^^^^^^^^^^^^^^^^^^^^^^^^^^^^^^^
E       psycopg2.OperationalError: connection to server at "localhost" (::1), port 5432 failed: Connection refused (0x0000274D/10061)
E       	Is the server running on that host and accepting TCP/IP connections?
E       connection to server at "localhost" (127.0.0.1), port 5432 failed: Connection refused (0x0000274D/10061)
E       	Is the server running on that host and accepting TCP/IP connections?

C:\Users\RMOHINDR\AppData\Local\Programs\Python\Python311\Lib\site-packages\psycopg2\__init__.py:135: OperationalError

The above exception was the direct cause of the following exception:

    @pytest.fixture(scope="session")
    def _test_engine():
        """Create the test database (if needed) and return an engine bound to it.
    
        The database is created once per test session and the full schema is
        applied via ``Base.metadata.create_all``.
        """
        # Connect to the admin database to create the test database.
        admin_engine = create_engine(_PG_ADMIN_URL, isolation_level="AUTOCOMMIT")
>       with admin_engine.connect() as conn:
             ^^^^^^^^^^^^^^^^^^^^^^

apps\backend\tests\conftest.py:69: 
_ _ _ _ _ _ _ _ _ _ _ _ _ _ _ _ _ _ _ _ _ _ _ _ _ _ _ _ _ _ _ _ _ _ _ _ _ _ _ _

self = Engine(postgresql://transportation:***@localhost:5432/postgres)

    def connect(self) -> Connection:
        """Return a new :class:`_engine.Connection` object.
    
        The :class:`_engine.Connection` acts as a Python context manager, so
        the typical use of this method looks like::
    
            with engine.connect() as connection:
                connection.execute(text("insert into table values ('foo')"))
                connection.commit()
    
        Where above, after the block is completed, the connection is "closed"
        and its underlying DBAPI resources are returned to the connection pool.
        This also has the effect of rolling back any transaction that
        was explicitly begun or was begun via autobegin, and will
        emit the :meth:`_events.ConnectionEvents.rollback` event if one was
        started and is still in progress.
    
        .. seealso::
    
            :meth:`_engine.Engine.begin`
    
        """
    
>       return self._connection_cls(self)
               ^^^^^^^^^^^^^^^^^^^^^^^^^^

C:\Users\RMOHINDR\AppData\Local\Programs\Python\Python311\Lib\site-packages\sqlalchemy\engine\base.py:3293: 
_ _ _ _ _ _ _ _ _ _ _ _ _ _ _ _ _ _ _ _ _ _ _ _ _ _ _ _ _ _ _ _ _ _ _ _ _ _ _ _

self = <sqlalchemy.engine.base.Connection object at 0x000001CEFA8A9490>
engine = Engine(postgresql://transportation:***@localhost:5432/postgres)
connection = None, _has_events = None, _allow_revalidate = True
_allow_autobegin = True

    def __init__(
        self,
        engine: Engine,
        connection: Optional[PoolProxiedConnection] = None,
        _has_events: Optional[bool] = None,
        _allow_revalidate: bool = True,
        _allow_autobegin: bool = True,
    ):
        """Construct a new Connection."""
        self.engine = engine
        self.dialect = dialect = engine.dialect
    
        if connection is None:
            try:
                self._dbapi_connection = engine.raw_connection()
            except dialect.loaded_dbapi.Error as err:
>               Connection._handle_dbapi_exception_noconnection(
                    err, dialect, engine
                )

C:\Users\RMOHINDR\AppData\Local\Programs\Python\Python311\Lib\site-packages\sqlalchemy\engine\base.py:145: 
_ _ _ _ _ _ _ _ _ _ _ _ _ _ _ _ _ _ _ _ _ _ _ _ _ _ _ _ _ _ _ _ _ _ _ _ _ _ _ _

cls = <class 'sqlalchemy.engine.base.Connection'>
e = OperationalError('connection to server at "localhost" (::1), port 5432 failed: Connection refused (0x0000274D/10061)\n...iled: Connection refused (0x0000274D/10061)\n\tIs the server running on that host and accepting TCP/IP connections?\n')
dialect = <sqlalchemy.dialects.postgresql.psycopg2.PGDialect_psycopg2 object at 0x000001CEF9852D50>
engine = Engine(postgresql://transportation:***@localhost:5432/postgres)
is_disconnect = False, invalidate_pool_on_disconnect = True, is_pre_ping = False

    @classmethod
    def _handle_dbapi_exception_noconnection(
        cls,
        e: BaseException,
        dialect: Dialect,
        engine: Optional[Engine] = None,
        is_disconnect: Optional[bool] = None,
        invalidate_pool_on_disconnect: bool = True,
        is_pre_ping: bool = False,
    ) -> NoReturn:
        exc_info = sys.exc_info()
    
        if is_disconnect is None:
            is_disconnect = isinstance(
                e, dialect.loaded_dbapi.Error
            ) and dialect.is_disconnect(e, None, None)
    
        should_wrap = isinstance(e, dialect.loaded_dbapi.Error)
    
        if should_wrap:
            sqlalchemy_exception = exc.DBAPIError.instance(
                None,
                None,
                cast(Exception, e),
                dialect.loaded_dbapi.Error,
                hide_parameters=(
                    engine.hide_parameters if engine is not None else False
                ),
                connection_invalidated=is_disconnect,
                dialect=dialect,
            )
        else:
            sqlalchemy_exception = None
    
        newraise = None
    
        if dialect._has_events:
            ctx = ExceptionContextImpl(
                e,
                sqlalchemy_exception,
                engine,
                dialect,
                None,
                None,
                None,
                None,
                None,
                is_disconnect,
                invalidate_pool_on_disconnect,
                is_pre_ping,
            )
            for fn in dialect.dispatch.handle_error:
                try:
                    # handler returns an exception;
                    # call next handler in a chain
                    per_fn = fn(ctx)
                    if per_fn is not None:
                        ctx.chained_exception = newraise = per_fn
                except Exception as _raised:
                    # handler raises an exception - stop processing
                    newraise = _raised
                    break
    
            if sqlalchemy_exception and is_disconnect != ctx.is_disconnect:
                sqlalchemy_exception.connection_invalidated = ctx.is_disconnect
    
        if newraise:
            raise newraise.with_traceback(exc_info[2]) from e
        elif should_wrap:
            assert sqlalchemy_exception is not None
>           raise sqlalchemy_exception.with_traceback(exc_info[2]) from e

C:\Users\RMOHINDR\AppData\Local\Programs\Python\Python311\Lib\site-packages\sqlalchemy\engine\base.py:2448: 
_ _ _ _ _ _ _ _ _ _ _ _ _ _ _ _ _ _ _ _ _ _ _ _ _ _ _ _ _ _ _ _ _ _ _ _ _ _ _ _

self = <sqlalchemy.engine.base.Connection object at 0x000001CEFA8A9490>
engine = Engine(postgresql://transportation:***@localhost:5432/postgres)
connection = None, _has_events = None, _allow_revalidate = True
_allow_autobegin = True

    def __init__(
        self,
        engine: Engine,
        connection: Optional[PoolProxiedConnection] = None,
        _has_events: Optional[bool] = None,
        _allow_revalidate: bool = True,
        _allow_autobegin: bool = True,
    ):
        """Construct a new Connection."""
        self.engine = engine
        self.dialect = dialect = engine.dialect
    
        if connection is None:
            try:
>               self._dbapi_connection = engine.raw_connection()
                                         ^^^^^^^^^^^^^^^^^^^^^^^

C:\Users\RMOHINDR\AppData\Local\Programs\Python\Python311\Lib\site-packages\sqlalchemy\engine\base.py:143: 
_ _ _ _ _ _ _ _ _ _ _ _ _ _ _ _ _ _ _ _ _ _ _ _ _ _ _ _ _ _ _ _ _ _ _ _ _ _ _ _

self = Engine(postgresql://transportation:***@localhost:5432/postgres)

    def raw_connection(self) -> PoolProxiedConnection:
        """Return a "raw" DBAPI connection from the connection pool.
    
        The returned object is a proxied version of the DBAPI
        connection object used by the underlying driver in use.
        The object will have all the same behavior as the real DBAPI
        connection, except that its ``close()`` method will result in the
        connection being returned to the pool, rather than being closed
        for real.
    
        This method provides direct DBAPI connection access for
        special situations when the API provided by
        :class:`_engine.Connection`
        is not needed.   When a :class:`_engine.Connection` object is already
        present, the DBAPI connection is available using
        the :attr:`_engine.Connection.connection` accessor.
    
        .. seealso::
    
            :ref:`dbapi_connections`
    
        """
>       return self.pool.connect()
               ^^^^^^^^^^^^^^^^^^^

C:\Users\RMOHINDR\AppData\Local\Programs\Python\Python311\Lib\site-packages\sqlalchemy\engine\base.py:3317: 
_ _ _ _ _ _ _ _ _ _ _ _ _ _ _ _ _ _ _ _ _ _ _ _ _ _ _ _ _ _ _ _ _ _ _ _ _ _ _ _

self = <sqlalchemy.pool.impl.QueuePool object at 0x000001CEFAB7F450>

    def connect(self) -> PoolProxiedConnection:
        """Return a DBAPI connection from the pool.
    
        The connection is instrumented such that when its
        ``close()`` method is called, the connection will be returned to
        the pool.
    
        """
>       return _ConnectionFairy._checkout(self)
               ^^^^^^^^^^^^^^^^^^^^^^^^^^^^^^^^

C:\Users\RMOHINDR\AppData\Local\Programs\Python\Python311\Lib\site-packages\sqlalchemy\pool\base.py:448: 
_ _ _ _ _ _ _ _ _ _ _ _ _ _ _ _ _ _ _ _ _ _ _ _ _ _ _ _ _ _ _ _ _ _ _ _ _ _ _ _

cls = <class 'sqlalchemy.pool.base._ConnectionFairy'>
pool = <sqlalchemy.pool.impl.QueuePool object at 0x000001CEFAB7F450>
threadconns = None, fairy = None

    @classmethod
    def _checkout(
        cls,
        pool: Pool,
        threadconns: Optional[threading.local] = None,
        fairy: Optional[_ConnectionFairy] = None,
    ) -> _ConnectionFairy:
        if not fairy:
>           fairy = _ConnectionRecord.checkout(pool)
                    ^^^^^^^^^^^^^^^^^^^^^^^^^^^^^^^^

C:\Users\RMOHINDR\AppData\Local\Programs\Python\Python311\Lib\site-packages\sqlalchemy\pool\base.py:1272: 
_ _ _ _ _ _ _ _ _ _ _ _ _ _ _ _ _ _ _ _ _ _ _ _ _ _ _ _ _ _ _ _ _ _ _ _ _ _ _ _

cls = <class 'sqlalchemy.pool.base._ConnectionRecord'>
pool = <sqlalchemy.pool.impl.QueuePool object at 0x000001CEFAB7F450>

    @classmethod
    def checkout(cls, pool: Pool) -> _ConnectionFairy:
        if TYPE_CHECKING:
            rec = cast(_ConnectionRecord, pool._do_get())
        else:
>           rec = pool._do_get()
                  ^^^^^^^^^^^^^^

C:\Users\RMOHINDR\AppData\Local\Programs\Python\Python311\Lib\site-packages\sqlalchemy\pool\base.py:712: 
_ _ _ _ _ _ _ _ _ _ _ _ _ _ _ _ _ _ _ _ _ _ _ _ _ _ _ _ _ _ _ _ _ _ _ _ _ _ _ _

self = <sqlalchemy.pool.impl.QueuePool object at 0x000001CEFAB7F450>

    def _do_get(self) -> ConnectionPoolEntry:
        use_overflow = self._max_overflow > -1
    
        wait = use_overflow and self._overflow >= self._max_overflow
        try:
            return self._pool.get(wait, self._timeout)
        except sqla_queue.Empty:
            # don't do things inside of "except Empty", because when we say
            # we timed out or can't connect and raise, Python 3 tells
            # people the real error is queue.Empty which it isn't.
            pass
        if use_overflow and self._overflow >= self._max_overflow:
            if not wait:
                return self._do_get()
            else:
                raise exc.TimeoutError(
                    "QueuePool limit of size %d overflow %d reached, "
                    "connection timed out, timeout %0.2f"
                    % (self.size(), self.overflow(), self._timeout),
                    code="3o7r",
                )
    
        if self._inc_overflow():
            try:
                return self._create_connection()
            except:
>               with util.safe_reraise():

C:\Users\RMOHINDR\AppData\Local\Programs\Python\Python311\Lib\site-packages\sqlalchemy\pool\impl.py:177: 
_ _ _ _ _ _ _ _ _ _ _ _ _ _ _ _ _ _ _ _ _ _ _ _ _ _ _ _ _ _ _ _ _ _ _ _ _ _ _ _

self = <sqlalchemy.util.langhelpers.safe_reraise object at 0x000001CEFAB43E50>
type_ = None, value = None, traceback = None

    def __exit__(
        self,
        type_: Optional[Type[BaseException]],
        value: Optional[BaseException],
        traceback: Optional[types.TracebackType],
    ) -> NoReturn:
        assert self._exc_info is not None
        # see #2703 for notes
        if type_ is None:
            exc_type, exc_value, exc_tb = self._exc_info
            assert exc_value is not None
            self._exc_info = None  # remove potential circular references
>           raise exc_value.with_traceback(exc_tb)

C:\Users\RMOHINDR\AppData\Local\Programs\Python\Python311\Lib\site-packages\sqlalchemy\util\langhelpers.py:121: 
_ _ _ _ _ _ _ _ _ _ _ _ _ _ _ _ _ _ _ _ _ _ _ _ _ _ _ _ _ _ _ _ _ _ _ _ _ _ _ _

self = <sqlalchemy.pool.impl.QueuePool object at 0x000001CEFAB7F450>

    def _do_get(self) -> ConnectionPoolEntry:
        use_overflow = self._max_overflow > -1
    
        wait = use_overflow and self._overflow >= self._max_overflow
        try:
            return self._pool.get(wait, self._timeout)
        except sqla_queue.Empty:
            # don't do things inside of "except Empty", because when we say
            # we timed out or can't connect and raise, Python 3 tells
            # people the real error is queue.Empty which it isn't.
            pass
        if use_overflow and self._overflow >= self._max_overflow:
            if not wait:
                return self._do_get()
            else:
                raise exc.TimeoutError(
                    "QueuePool limit of size %d overflow %d reached, "
                    "connection timed out, timeout %0.2f"
                    % (self.size(), self.overflow(), self._timeout),
                    code="3o7r",
                )
    
        if self._inc_overflow():
            try:
>               return self._create_connection()
                       ^^^^^^^^^^^^^^^^^^^^^^^^^

C:\Users\RMOHINDR\AppData\Local\Programs\Python\Python311\Lib\site-packages\sqlalchemy\pool\impl.py:175: 
_ _ _ _ _ _ _ _ _ _ _ _ _ _ _ _ _ _ _ _ _ _ _ _ _ _ _ _ _ _ _ _ _ _ _ _ _ _ _ _

self = <sqlalchemy.pool.impl.QueuePool object at 0x000001CEFAB7F450>

    def _create_connection(self) -> ConnectionPoolEntry:
        """Called by subclasses to create a new ConnectionRecord."""
    
>       return _ConnectionRecord(self)
               ^^^^^^^^^^^^^^^^^^^^^^^

C:\Users\RMOHINDR\AppData\Local\Programs\Python\Python311\Lib\site-packages\sqlalchemy\pool\base.py:389: 
_ _ _ _ _ _ _ _ _ _ _ _ _ _ _ _ _ _ _ _ _ _ _ _ _ _ _ _ _ _ _ _ _ _ _ _ _ _ _ _

self = <sqlalchemy.pool.base._ConnectionRecord object at 0x000001CEFAB2BE70>
pool = <sqlalchemy.pool.impl.QueuePool object at 0x000001CEFAB7F450>
connect = True

    def __init__(self, pool: Pool, connect: bool = True):
        self.fresh = False
        self.fairy_ref = None
        self.starttime = 0
        self.dbapi_connection = None
    
        self.__pool = pool
        if connect:
>           self.__connect()

C:\Users\RMOHINDR\AppData\Local\Programs\Python\Python311\Lib\site-packages\sqlalchemy\pool\base.py:674: 
_ _ _ _ _ _ _ _ _ _ _ _ _ _ _ _ _ _ _ _ _ _ _ _ _ _ _ _ _ _ _ _ _ _ _ _ _ _ _ _

self = <sqlalchemy.pool.base._ConnectionRecord object at 0x000001CEFAB2BE70>

    def __connect(self) -> None:
        pool = self.__pool
    
        # ensure any existing connection is removed, so that if
        # creator fails, this attribute stays None
        self.dbapi_connection = None
        try:
            self.starttime = time.time()
            self.dbapi_connection = connection = pool._invoke_creator(self)
            pool.logger.debug("Created new connection %r", connection)
            self.fresh = True
        except BaseException as e:
>           with util.safe_reraise():

C:\Users\RMOHINDR\AppData\Local\Programs\Python\Python311\Lib\site-packages\sqlalchemy\pool\base.py:900: 
_ _ _ _ _ _ _ _ _ _ _ _ _ _ _ _ _ _ _ _ _ _ _ _ _ _ _ _ _ _ _ _ _ _ _ _ _ _ _ _

self = <sqlalchemy.util.langhelpers.safe_reraise object at 0x000001CEFAB43D60>
type_ = None, value = None, traceback = None

    def __exit__(
        self,
        type_: Optional[Type[BaseException]],
        value: Optional[BaseException],
        traceback: Optional[types.TracebackType],
    ) -> NoReturn:
        assert self._exc_info is not None
        # see #2703 for notes
        if type_ is None:
            exc_type, exc_value, exc_tb = self._exc_info
            assert exc_value is not None
            self._exc_info = None  # remove potential circular references
>           raise exc_value.with_traceback(exc_tb)

C:\Users\RMOHINDR\AppData\Local\Programs\Python\Python311\Lib\site-packages\sqlalchemy\util\langhelpers.py:121: 
_ _ _ _ _ _ _ _ _ _ _ _ _ _ _ _ _ _ _ _ _ _ _ _ _ _ _ _ _ _ _ _ _ _ _ _ _ _ _ _

self = <sqlalchemy.pool.base._ConnectionRecord object at 0x000001CEFAB2BE70>

    def __connect(self) -> None:
        pool = self.__pool
    
        # ensure any existing connection is removed, so that if
        # creator fails, this attribute stays None
        self.dbapi_connection = None
        try:
            self.starttime = time.time()
>           self.dbapi_connection = connection = pool._invoke_creator(self)
                                                 ^^^^^^^^^^^^^^^^^^^^^^^^^^

C:\Users\RMOHINDR\AppData\Local\Programs\Python\Python311\Lib\site-packages\sqlalchemy\pool\base.py:896: 
_ _ _ _ _ _ _ _ _ _ _ _ _ _ _ _ _ _ _ _ _ _ _ _ _ _ _ _ _ _ _ _ _ _ _ _ _ _ _ _

connection_record = <sqlalchemy.pool.base._ConnectionRecord object at 0x000001CEFAB2BE70>

    def connect(
        connection_record: Optional[ConnectionPoolEntry] = None,
    ) -> DBAPIConnection:
        if dialect._has_events:
            mutable_cargs = list(cargs_tup)
            mutable_cparams = dict(cparams)
            for fn in dialect.dispatch.do_connect:
                connection = cast(
                    DBAPIConnection,
                    fn(
                        dialect,
                        connection_record,
                        mutable_cargs,
                        mutable_cparams,
                    ),
                )
                if connection is not None:
                    return connection
            return dialect.connect(*mutable_cargs, **mutable_cparams)
        else:
>           return dialect.connect(*cargs_tup, **cparams)
                   ^^^^^^^^^^^^^^^^^^^^^^^^^^^^^^^^^^^^^^

C:\Users\RMOHINDR\AppData\Local\Programs\Python\Python311\Lib\site-packages\sqlalchemy\engine\create.py:667: 
_ _ _ _ _ _ _ _ _ _ _ _ _ _ _ _ _ _ _ _ _ _ _ _ _ _ _ _ _ _ _ _ _ _ _ _ _ _ _ _

self = <sqlalchemy.dialects.postgresql.psycopg2.PGDialect_psycopg2 object at 0x000001CEF9852D50>
cargs = ()
cparams = {'dbname': 'postgres', 'host': 'localhost', 'password': 'password', 'port': 5432, ...}

    def connect(self, *cargs: Any, **cparams: Any) -> DBAPIConnection:
        # inherits the docstring from interfaces.Dialect.connect
>       return self.loaded_dbapi.connect(*cargs, **cparams)  # type: ignore[no-any-return]  # NOQA: E501
               ^^^^^^^^^^^^^^^^^^^^^^^^^^^^^^^^^^^^^^^^^^^^

C:\Users\RMOHINDR\AppData\Local\Programs\Python\Python311\Lib\site-packages\sqlalchemy\engine\default.py:630: 
_ _ _ _ _ _ _ _ _ _ _ _ _ _ _ _ _ _ _ _ _ _ _ _ _ _ _ _ _ _ _ _ _ _ _ _ _ _ _ _

dsn = 'host=localhost dbname=postgres user=transportation password=password port=5432'
connection_factory = None, cursor_factory = None
kwargs = {'dbname': 'postgres', 'host': 'localhost', 'password': 'password', 'port': 5432, ...}
kwasync = {}

    def connect(dsn=None, connection_factory=None, cursor_factory=None, **kwargs):
        """
        Create a new database connection.
    
        The connection parameters can be specified as a string:
    
            conn = psycopg2.connect("dbname=test user=postgres password=secret")
    
        or using a set of keyword arguments:
    
            conn = psycopg2.connect(database="test", user="postgres", password="secret")
    
        Or as a mix of both. The basic connection parameters are:
    
        - *dbname*: the database name
        - *database*: the database name (only as keyword argument)
        - *user*: user name used to authenticate
        - *password*: password used to authenticate
        - *host*: database host address (defaults to UNIX socket if not provided)
        - *port*: connection port number (defaults to 5432 if not provided)
    
        Using the *connection_factory* parameter a different class or connections
        factory can be specified. It should be a callable object taking a dsn
        argument.
    
        Using the *cursor_factory* parameter, a new default cursor factory will be
        used by cursor().
    
        Using *async*=True an asynchronous connection will be created. *async_* is
        a valid alias (for Python versions where ``async`` is a keyword).
    
        Any other keyword parameter will be passed to the underlying client
        library: the list of supported parameters depends on the library version.
    
        """
        kwasync = {}
        if 'async' in kwargs:
            kwasync['async'] = kwargs.pop('async')
        if 'async_' in kwargs:
            kwasync['async_'] = kwargs.pop('async_')
    
        dsn = _ext.make_dsn(dsn, **kwargs)
>       conn = _connect(dsn, connection_factory=connection_factory, **kwasync)
               ^^^^^^^^^^^^^^^^^^^^^^^^^^^^^^^^^^^^^^^^^^^^^^^^^^^^^^^^^^^^^^^
E       sqlalchemy.exc.OperationalError: (psycopg2.OperationalError) connection to server at "localhost" (::1), port 5432 failed: Connection refused (0x0000274D/10061)
E       	Is the server running on that host and accepting TCP/IP connections?
E       connection to server at "localhost" (127.0.0.1), port 5432 failed: Connection refused (0x0000274D/10061)
E       	Is the server running on that host and accepting TCP/IP connections?
E       
E       (Background on this error at: https://sqlalche.me/e/20/e3q8)

C:\Users\RMOHINDR\AppData\Local\Programs\Python\Python311\Lib\site-packages\psycopg2\__init__.py:135: OperationalError
_ ERROR at setup of TestDeleteEndpointEnforcement.test_tc003_4_cannot_delete_published _

self = <sqlalchemy.engine.base.Connection object at 0x000001CEFA8A9490>
engine = Engine(postgresql://transportation:***@localhost:5432/postgres)
connection = None, _has_events = None, _allow_revalidate = True
_allow_autobegin = True

    def __init__(
        self,
        engine: Engine,
        connection: Optional[PoolProxiedConnection] = None,
        _has_events: Optional[bool] = None,
        _allow_revalidate: bool = True,
        _allow_autobegin: bool = True,
    ):
        """Construct a new Connection."""
        self.engine = engine
        self.dialect = dialect = engine.dialect
    
        if connection is None:
            try:
>               self._dbapi_connection = engine.raw_connection()
                                         ^^^^^^^^^^^^^^^^^^^^^^^

C:\Users\RMOHINDR\AppData\Local\Programs\Python\Python311\Lib\site-packages\sqlalchemy\engine\base.py:143: 
_ _ _ _ _ _ _ _ _ _ _ _ _ _ _ _ _ _ _ _ _ _ _ _ _ _ _ _ _ _ _ _ _ _ _ _ _ _ _ _

self = Engine(postgresql://transportation:***@localhost:5432/postgres)

    def raw_connection(self) -> PoolProxiedConnection:
        """Return a "raw" DBAPI connection from the connection pool.
    
        The returned object is a proxied version of the DBAPI
        connection object used by the underlying driver in use.
        The object will have all the same behavior as the real DBAPI
        connection, except that its ``close()`` method will result in the
        connection being returned to the pool, rather than being closed
        for real.
    
        This method provides direct DBAPI connection access for
        special situations when the API provided by
        :class:`_engine.Connection`
        is not needed.   When a :class:`_engine.Connection` object is already
        present, the DBAPI connection is available using
        the :attr:`_engine.Connection.connection` accessor.
    
        .. seealso::
    
            :ref:`dbapi_connections`
    
        """
>       return self.pool.connect()
               ^^^^^^^^^^^^^^^^^^^

C:\Users\RMOHINDR\AppData\Local\Programs\Python\Python311\Lib\site-packages\sqlalchemy\engine\base.py:3317: 
_ _ _ _ _ _ _ _ _ _ _ _ _ _ _ _ _ _ _ _ _ _ _ _ _ _ _ _ _ _ _ _ _ _ _ _ _ _ _ _

self = <sqlalchemy.pool.impl.QueuePool object at 0x000001CEFAB7F450>

    def connect(self) -> PoolProxiedConnection:
        """Return a DBAPI connection from the pool.
    
        The connection is instrumented such that when its
        ``close()`` method is called, the connection will be returned to
        the pool.
    
        """
>       return _ConnectionFairy._checkout(self)
               ^^^^^^^^^^^^^^^^^^^^^^^^^^^^^^^^

C:\Users\RMOHINDR\AppData\Local\Programs\Python\Python311\Lib\site-packages\sqlalchemy\pool\base.py:448: 
_ _ _ _ _ _ _ _ _ _ _ _ _ _ _ _ _ _ _ _ _ _ _ _ _ _ _ _ _ _ _ _ _ _ _ _ _ _ _ _

cls = <class 'sqlalchemy.pool.base._ConnectionFairy'>
pool = <sqlalchemy.pool.impl.QueuePool object at 0x000001CEFAB7F450>
threadconns = None, fairy = None

    @classmethod
    def _checkout(
        cls,
        pool: Pool,
        threadconns: Optional[threading.local] = None,
        fairy: Optional[_ConnectionFairy] = None,
    ) -> _ConnectionFairy:
        if not fairy:
>           fairy = _ConnectionRecord.checkout(pool)
                    ^^^^^^^^^^^^^^^^^^^^^^^^^^^^^^^^

C:\Users\RMOHINDR\AppData\Local\Programs\Python\Python311\Lib\site-packages\sqlalchemy\pool\base.py:1272: 
_ _ _ _ _ _ _ _ _ _ _ _ _ _ _ _ _ _ _ _ _ _ _ _ _ _ _ _ _ _ _ _ _ _ _ _ _ _ _ _

cls = <class 'sqlalchemy.pool.base._ConnectionRecord'>
pool = <sqlalchemy.pool.impl.QueuePool object at 0x000001CEFAB7F450>

    @classmethod
    def checkout(cls, pool: Pool) -> _ConnectionFairy:
        if TYPE_CHECKING:
            rec = cast(_ConnectionRecord, pool._do_get())
        else:
>           rec = pool._do_get()
                  ^^^^^^^^^^^^^^

C:\Users\RMOHINDR\AppData\Local\Programs\Python\Python311\Lib\site-packages\sqlalchemy\pool\base.py:712: 
_ _ _ _ _ _ _ _ _ _ _ _ _ _ _ _ _ _ _ _ _ _ _ _ _ _ _ _ _ _ _ _ _ _ _ _ _ _ _ _

self = <sqlalchemy.pool.impl.QueuePool object at 0x000001CEFAB7F450>

    def _do_get(self) -> ConnectionPoolEntry:
        use_overflow = self._max_overflow > -1
    
        wait = use_overflow and self._overflow >= self._max_overflow
        try:
            return self._pool.get(wait, self._timeout)
        except sqla_queue.Empty:
            # don't do things inside of "except Empty", because when we say
            # we timed out or can't connect and raise, Python 3 tells
            # people the real error is queue.Empty which it isn't.
            pass
        if use_overflow and self._overflow >= self._max_overflow:
            if not wait:
                return self._do_get()
            else:
                raise exc.TimeoutError(
                    "QueuePool limit of size %d overflow %d reached, "
                    "connection timed out, timeout %0.2f"
                    % (self.size(), self.overflow(), self._timeout),
                    code="3o7r",
                )
    
        if self._inc_overflow():
            try:
                return self._create_connection()
            except:
>               with util.safe_reraise():

C:\Users\RMOHINDR\AppData\Local\Programs\Python\Python311\Lib\site-packages\sqlalchemy\pool\impl.py:177: 
_ _ _ _ _ _ _ _ _ _ _ _ _ _ _ _ _ _ _ _ _ _ _ _ _ _ _ _ _ _ _ _ _ _ _ _ _ _ _ _

self = <sqlalchemy.util.langhelpers.safe_reraise object at 0x000001CEFAB43E50>
type_ = None, value = None, traceback = None

    def __exit__(
        self,
        type_: Optional[Type[BaseException]],
        value: Optional[BaseException],
        traceback: Optional[types.TracebackType],
    ) -> NoReturn:
        assert self._exc_info is not None
        # see #2703 for notes
        if type_ is None:
            exc_type, exc_value, exc_tb = self._exc_info
            assert exc_value is not None
            self._exc_info = None  # remove potential circular references
>           raise exc_value.with_traceback(exc_tb)

C:\Users\RMOHINDR\AppData\Local\Programs\Python\Python311\Lib\site-packages\sqlalchemy\util\langhelpers.py:121: 
_ _ _ _ _ _ _ _ _ _ _ _ _ _ _ _ _ _ _ _ _ _ _ _ _ _ _ _ _ _ _ _ _ _ _ _ _ _ _ _

self = <sqlalchemy.pool.impl.QueuePool object at 0x000001CEFAB7F450>

    def _do_get(self) -> ConnectionPoolEntry:
        use_overflow = self._max_overflow > -1
    
        wait = use_overflow and self._overflow >= self._max_overflow
        try:
            return self._pool.get(wait, self._timeout)
        except sqla_queue.Empty:
            # don't do things inside of "except Empty", because when we say
            # we timed out or can't connect and raise, Python 3 tells
            # people the real error is queue.Empty which it isn't.
            pass
        if use_overflow and self._overflow >= self._max_overflow:
            if not wait:
                return self._do_get()
            else:
                raise exc.TimeoutError(
                    "QueuePool limit of size %d overflow %d reached, "
                    "connection timed out, timeout %0.2f"
                    % (self.size(), self.overflow(), self._timeout),
                    code="3o7r",
                )
    
        if self._inc_overflow():
            try:
>               return self._create_connection()
                       ^^^^^^^^^^^^^^^^^^^^^^^^^

C:\Users\RMOHINDR\AppData\Local\Programs\Python\Python311\Lib\site-packages\sqlalchemy\pool\impl.py:175: 
_ _ _ _ _ _ _ _ _ _ _ _ _ _ _ _ _ _ _ _ _ _ _ _ _ _ _ _ _ _ _ _ _ _ _ _ _ _ _ _

self = <sqlalchemy.pool.impl.QueuePool object at 0x000001CEFAB7F450>

    def _create_connection(self) -> ConnectionPoolEntry:
        """Called by subclasses to create a new ConnectionRecord."""
    
>       return _ConnectionRecord(self)
               ^^^^^^^^^^^^^^^^^^^^^^^

C:\Users\RMOHINDR\AppData\Local\Programs\Python\Python311\Lib\site-packages\sqlalchemy\pool\base.py:389: 
_ _ _ _ _ _ _ _ _ _ _ _ _ _ _ _ _ _ _ _ _ _ _ _ _ _ _ _ _ _ _ _ _ _ _ _ _ _ _ _

self = <sqlalchemy.pool.base._ConnectionRecord object at 0x000001CEFAB2BE70>
pool = <sqlalchemy.pool.impl.QueuePool object at 0x000001CEFAB7F450>
connect = True

    def __init__(self, pool: Pool, connect: bool = True):
        self.fresh = False
        self.fairy_ref = None
        self.starttime = 0
        self.dbapi_connection = None
    
        self.__pool = pool
        if connect:
>           self.__connect()

C:\Users\RMOHINDR\AppData\Local\Programs\Python\Python311\Lib\site-packages\sqlalchemy\pool\base.py:674: 
_ _ _ _ _ _ _ _ _ _ _ _ _ _ _ _ _ _ _ _ _ _ _ _ _ _ _ _ _ _ _ _ _ _ _ _ _ _ _ _

self = <sqlalchemy.pool.base._ConnectionRecord object at 0x000001CEFAB2BE70>

    def __connect(self) -> None:
        pool = self.__pool
    
        # ensure any existing connection is removed, so that if
        # creator fails, this attribute stays None
        self.dbapi_connection = None
        try:
            self.starttime = time.time()
            self.dbapi_connection = connection = pool._invoke_creator(self)
            pool.logger.debug("Created new connection %r", connection)
            self.fresh = True
        except BaseException as e:
>           with util.safe_reraise():

C:\Users\RMOHINDR\AppData\Local\Programs\Python\Python311\Lib\site-packages\sqlalchemy\pool\base.py:900: 
_ _ _ _ _ _ _ _ _ _ _ _ _ _ _ _ _ _ _ _ _ _ _ _ _ _ _ _ _ _ _ _ _ _ _ _ _ _ _ _

self = <sqlalchemy.util.langhelpers.safe_reraise object at 0x000001CEFAB43D60>
type_ = None, value = None, traceback = None

    def __exit__(
        self,
        type_: Optional[Type[BaseException]],
        value: Optional[BaseException],
        traceback: Optional[types.TracebackType],
    ) -> NoReturn:
        assert self._exc_info is not None
        # see #2703 for notes
        if type_ is None:
            exc_type, exc_value, exc_tb = self._exc_info
            assert exc_value is not None
            self._exc_info = None  # remove potential circular references
>           raise exc_value.with_traceback(exc_tb)

C:\Users\RMOHINDR\AppData\Local\Programs\Python\Python311\Lib\site-packages\sqlalchemy\util\langhelpers.py:121: 
_ _ _ _ _ _ _ _ _ _ _ _ _ _ _ _ _ _ _ _ _ _ _ _ _ _ _ _ _ _ _ _ _ _ _ _ _ _ _ _

self = <sqlalchemy.pool.base._ConnectionRecord object at 0x000001CEFAB2BE70>

    def __connect(self) -> None:
        pool = self.__pool
    
        # ensure any existing connection is removed, so that if
        # creator fails, this attribute stays None
        self.dbapi_connection = None
        try:
            self.starttime = time.time()
>           self.dbapi_connection = connection = pool._invoke_creator(self)
                                                 ^^^^^^^^^^^^^^^^^^^^^^^^^^

C:\Users\RMOHINDR\AppData\Local\Programs\Python\Python311\Lib\site-packages\sqlalchemy\pool\base.py:896: 
_ _ _ _ _ _ _ _ _ _ _ _ _ _ _ _ _ _ _ _ _ _ _ _ _ _ _ _ _ _ _ _ _ _ _ _ _ _ _ _

connection_record = <sqlalchemy.pool.base._ConnectionRecord object at 0x000001CEFAB2BE70>

    def connect(
        connection_record: Optional[ConnectionPoolEntry] = None,
    ) -> DBAPIConnection:
        if dialect._has_events:
            mutable_cargs = list(cargs_tup)
            mutable_cparams = dict(cparams)
            for fn in dialect.dispatch.do_connect:
                connection = cast(
                    DBAPIConnection,
                    fn(
                        dialect,
                        connection_record,
                        mutable_cargs,
                        mutable_cparams,
                    ),
                )
                if connection is not None:
                    return connection
            return dialect.connect(*mutable_cargs, **mutable_cparams)
        else:
>           return dialect.connect(*cargs_tup, **cparams)
                   ^^^^^^^^^^^^^^^^^^^^^^^^^^^^^^^^^^^^^^

C:\Users\RMOHINDR\AppData\Local\Programs\Python\Python311\Lib\site-packages\sqlalchemy\engine\create.py:667: 
_ _ _ _ _ _ _ _ _ _ _ _ _ _ _ _ _ _ _ _ _ _ _ _ _ _ _ _ _ _ _ _ _ _ _ _ _ _ _ _

self = <sqlalchemy.dialects.postgresql.psycopg2.PGDialect_psycopg2 object at 0x000001CEF9852D50>
cargs = ()
cparams = {'dbname': 'postgres', 'host': 'localhost', 'password': 'password', 'port': 5432, ...}

    def connect(self, *cargs: Any, **cparams: Any) -> DBAPIConnection:
        # inherits the docstring from interfaces.Dialect.connect
>       return self.loaded_dbapi.connect(*cargs, **cparams)  # type: ignore[no-any-return]  # NOQA: E501
               ^^^^^^^^^^^^^^^^^^^^^^^^^^^^^^^^^^^^^^^^^^^^

C:\Users\RMOHINDR\AppData\Local\Programs\Python\Python311\Lib\site-packages\sqlalchemy\engine\default.py:630: 
_ _ _ _ _ _ _ _ _ _ _ _ _ _ _ _ _ _ _ _ _ _ _ _ _ _ _ _ _ _ _ _ _ _ _ _ _ _ _ _

dsn = 'host=localhost dbname=postgres user=transportation password=password port=5432'
connection_factory = None, cursor_factory = None
kwargs = {'dbname': 'postgres', 'host': 'localhost', 'password': 'password', 'port': 5432, ...}
kwasync = {}

    def connect(dsn=None, connection_factory=None, cursor_factory=None, **kwargs):
        """
        Create a new database connection.
    
        The connection parameters can be specified as a string:
    
            conn = psycopg2.connect("dbname=test user=postgres password=secret")
    
        or using a set of keyword arguments:
    
            conn = psycopg2.connect(database="test", user="postgres", password="secret")
    
        Or as a mix of both. The basic connection parameters are:
    
        - *dbname*: the database name
        - *database*: the database name (only as keyword argument)
        - *user*: user name used to authenticate
        - *password*: password used to authenticate
        - *host*: database host address (defaults to UNIX socket if not provided)
        - *port*: connection port number (defaults to 5432 if not provided)
    
        Using the *connection_factory* parameter a different class or connections
        factory can be specified. It should be a callable object taking a dsn
        argument.
    
        Using the *cursor_factory* parameter, a new default cursor factory will be
        used by cursor().
    
        Using *async*=True an asynchronous connection will be created. *async_* is
        a valid alias (for Python versions where ``async`` is a keyword).
    
        Any other keyword parameter will be passed to the underlying client
        library: the list of supported parameters depends on the library version.
    
        """
        kwasync = {}
        if 'async' in kwargs:
            kwasync['async'] = kwargs.pop('async')
        if 'async_' in kwargs:
            kwasync['async_'] = kwargs.pop('async_')
    
        dsn = _ext.make_dsn(dsn, **kwargs)
>       conn = _connect(dsn, connection_factory=connection_factory, **kwasync)
               ^^^^^^^^^^^^^^^^^^^^^^^^^^^^^^^^^^^^^^^^^^^^^^^^^^^^^^^^^^^^^^^
E       psycopg2.OperationalError: connection to server at "localhost" (::1), port 5432 failed: Connection refused (0x0000274D/10061)
E       	Is the server running on that host and accepting TCP/IP connections?
E       connection to server at "localhost" (127.0.0.1), port 5432 failed: Connection refused (0x0000274D/10061)
E       	Is the server running on that host and accepting TCP/IP connections?

C:\Users\RMOHINDR\AppData\Local\Programs\Python\Python311\Lib\site-packages\psycopg2\__init__.py:135: OperationalError

The above exception was the direct cause of the following exception:

    @pytest.fixture(scope="session")
    def _test_engine():
        """Create the test database (if needed) and return an engine bound to it.
    
        The database is created once per test session and the full schema is
        applied via ``Base.metadata.create_all``.
        """
        # Connect to the admin database to create the test database.
        admin_engine = create_engine(_PG_ADMIN_URL, isolation_level="AUTOCOMMIT")
>       with admin_engine.connect() as conn:
             ^^^^^^^^^^^^^^^^^^^^^^

apps\backend\tests\conftest.py:69: 
_ _ _ _ _ _ _ _ _ _ _ _ _ _ _ _ _ _ _ _ _ _ _ _ _ _ _ _ _ _ _ _ _ _ _ _ _ _ _ _

self = Engine(postgresql://transportation:***@localhost:5432/postgres)

    def connect(self) -> Connection:
        """Return a new :class:`_engine.Connection` object.
    
        The :class:`_engine.Connection` acts as a Python context manager, so
        the typical use of this method looks like::
    
            with engine.connect() as connection:
                connection.execute(text("insert into table values ('foo')"))
                connection.commit()
    
        Where above, after the block is completed, the connection is "closed"
        and its underlying DBAPI resources are returned to the connection pool.
        This also has the effect of rolling back any transaction that
        was explicitly begun or was begun via autobegin, and will
        emit the :meth:`_events.ConnectionEvents.rollback` event if one was
        started and is still in progress.
    
        .. seealso::
    
            :meth:`_engine.Engine.begin`
    
        """
    
>       return self._connection_cls(self)
               ^^^^^^^^^^^^^^^^^^^^^^^^^^

C:\Users\RMOHINDR\AppData\Local\Programs\Python\Python311\Lib\site-packages\sqlalchemy\engine\base.py:3293: 
_ _ _ _ _ _ _ _ _ _ _ _ _ _ _ _ _ _ _ _ _ _ _ _ _ _ _ _ _ _ _ _ _ _ _ _ _ _ _ _

self = <sqlalchemy.engine.base.Connection object at 0x000001CEFA8A9490>
engine = Engine(postgresql://transportation:***@localhost:5432/postgres)
connection = None, _has_events = None, _allow_revalidate = True
_allow_autobegin = True

    def __init__(
        self,
        engine: Engine,
        connection: Optional[PoolProxiedConnection] = None,
        _has_events: Optional[bool] = None,
        _allow_revalidate: bool = True,
        _allow_autobegin: bool = True,
    ):
        """Construct a new Connection."""
        self.engine = engine
        self.dialect = dialect = engine.dialect
    
        if connection is None:
            try:
                self._dbapi_connection = engine.raw_connection()
            except dialect.loaded_dbapi.Error as err:
>               Connection._handle_dbapi_exception_noconnection(
                    err, dialect, engine
                )

C:\Users\RMOHINDR\AppData\Local\Programs\Python\Python311\Lib\site-packages\sqlalchemy\engine\base.py:145: 
_ _ _ _ _ _ _ _ _ _ _ _ _ _ _ _ _ _ _ _ _ _ _ _ _ _ _ _ _ _ _ _ _ _ _ _ _ _ _ _

cls = <class 'sqlalchemy.engine.base.Connection'>
e = OperationalError('connection to server at "localhost" (::1), port 5432 failed: Connection refused (0x0000274D/10061)\n...iled: Connection refused (0x0000274D/10061)\n\tIs the server running on that host and accepting TCP/IP connections?\n')
dialect = <sqlalchemy.dialects.postgresql.psycopg2.PGDialect_psycopg2 object at 0x000001CEF9852D50>
engine = Engine(postgresql://transportation:***@localhost:5432/postgres)
is_disconnect = False, invalidate_pool_on_disconnect = True, is_pre_ping = False

    @classmethod
    def _handle_dbapi_exception_noconnection(
        cls,
        e: BaseException,
        dialect: Dialect,
        engine: Optional[Engine] = None,
        is_disconnect: Optional[bool] = None,
        invalidate_pool_on_disconnect: bool = True,
        is_pre_ping: bool = False,
    ) -> NoReturn:
        exc_info = sys.exc_info()
    
        if is_disconnect is None:
            is_disconnect = isinstance(
                e, dialect.loaded_dbapi.Error
            ) and dialect.is_disconnect(e, None, None)
    
        should_wrap = isinstance(e, dialect.loaded_dbapi.Error)
    
        if should_wrap:
            sqlalchemy_exception = exc.DBAPIError.instance(
                None,
                None,
                cast(Exception, e),
                dialect.loaded_dbapi.Error,
                hide_parameters=(
                    engine.hide_parameters if engine is not None else False
                ),
                connection_invalidated=is_disconnect,
                dialect=dialect,
            )
        else:
            sqlalchemy_exception = None
    
        newraise = None
    
        if dialect._has_events:
            ctx = ExceptionContextImpl(
                e,
                sqlalchemy_exception,
                engine,
                dialect,
                None,
                None,
                None,
                None,
                None,
                is_disconnect,
                invalidate_pool_on_disconnect,
                is_pre_ping,
            )
            for fn in dialect.dispatch.handle_error:
                try:
                    # handler returns an exception;
                    # call next handler in a chain
                    per_fn = fn(ctx)
                    if per_fn is not None:
                        ctx.chained_exception = newraise = per_fn
                except Exception as _raised:
                    # handler raises an exception - stop processing
                    newraise = _raised
                    break
    
            if sqlalchemy_exception and is_disconnect != ctx.is_disconnect:
                sqlalchemy_exception.connection_invalidated = ctx.is_disconnect
    
        if newraise:
            raise newraise.with_traceback(exc_info[2]) from e
        elif should_wrap:
            assert sqlalchemy_exception is not None
>           raise sqlalchemy_exception.with_traceback(exc_info[2]) from e

C:\Users\RMOHINDR\AppData\Local\Programs\Python\Python311\Lib\site-packages\sqlalchemy\engine\base.py:2448: 
_ _ _ _ _ _ _ _ _ _ _ _ _ _ _ _ _ _ _ _ _ _ _ _ _ _ _ _ _ _ _ _ _ _ _ _ _ _ _ _

self = <sqlalchemy.engine.base.Connection object at 0x000001CEFA8A9490>
engine = Engine(postgresql://transportation:***@localhost:5432/postgres)
connection = None, _has_events = None, _allow_revalidate = True
_allow_autobegin = True

    def __init__(
        self,
        engine: Engine,
        connection: Optional[PoolProxiedConnection] = None,
        _has_events: Optional[bool] = None,
        _allow_revalidate: bool = True,
        _allow_autobegin: bool = True,
    ):
        """Construct a new Connection."""
        self.engine = engine
        self.dialect = dialect = engine.dialect
    
        if connection is None:
            try:
>               self._dbapi_connection = engine.raw_connection()
                                         ^^^^^^^^^^^^^^^^^^^^^^^

C:\Users\RMOHINDR\AppData\Local\Programs\Python\Python311\Lib\site-packages\sqlalchemy\engine\base.py:143: 
_ _ _ _ _ _ _ _ _ _ _ _ _ _ _ _ _ _ _ _ _ _ _ _ _ _ _ _ _ _ _ _ _ _ _ _ _ _ _ _

self = Engine(postgresql://transportation:***@localhost:5432/postgres)

    def raw_connection(self) -> PoolProxiedConnection:
        """Return a "raw" DBAPI connection from the connection pool.
    
        The returned object is a proxied version of the DBAPI
        connection object used by the underlying driver in use.
        The object will have all the same behavior as the real DBAPI
        connection, except that its ``close()`` method will result in the
        connection being returned to the pool, rather than being closed
        for real.
    
        This method provides direct DBAPI connection access for
        special situations when the API provided by
        :class:`_engine.Connection`
        is not needed.   When a :class:`_engine.Connection` object is already
        present, the DBAPI connection is available using
        the :attr:`_engine.Connection.connection` accessor.
    
        .. seealso::
    
            :ref:`dbapi_connections`
    
        """
>       return self.pool.connect()
               ^^^^^^^^^^^^^^^^^^^

C:\Users\RMOHINDR\AppData\Local\Programs\Python\Python311\Lib\site-packages\sqlalchemy\engine\base.py:3317: 
_ _ _ _ _ _ _ _ _ _ _ _ _ _ _ _ _ _ _ _ _ _ _ _ _ _ _ _ _ _ _ _ _ _ _ _ _ _ _ _

self = <sqlalchemy.pool.impl.QueuePool object at 0x000001CEFAB7F450>

    def connect(self) -> PoolProxiedConnection:
        """Return a DBAPI connection from the pool.
    
        The connection is instrumented such that when its
        ``close()`` method is called, the connection will be returned to
        the pool.
    
        """
>       return _ConnectionFairy._checkout(self)
               ^^^^^^^^^^^^^^^^^^^^^^^^^^^^^^^^

C:\Users\RMOHINDR\AppData\Local\Programs\Python\Python311\Lib\site-packages\sqlalchemy\pool\base.py:448: 
_ _ _ _ _ _ _ _ _ _ _ _ _ _ _ _ _ _ _ _ _ _ _ _ _ _ _ _ _ _ _ _ _ _ _ _ _ _ _ _

cls = <class 'sqlalchemy.pool.base._ConnectionFairy'>
pool = <sqlalchemy.pool.impl.QueuePool object at 0x000001CEFAB7F450>
threadconns = None, fairy = None

    @classmethod
    def _checkout(
        cls,
        pool: Pool,
        threadconns: Optional[threading.local] = None,
        fairy: Optional[_ConnectionFairy] = None,
    ) -> _ConnectionFairy:
        if not fairy:
>           fairy = _ConnectionRecord.checkout(pool)
                    ^^^^^^^^^^^^^^^^^^^^^^^^^^^^^^^^

C:\Users\RMOHINDR\AppData\Local\Programs\Python\Python311\Lib\site-packages\sqlalchemy\pool\base.py:1272: 
_ _ _ _ _ _ _ _ _ _ _ _ _ _ _ _ _ _ _ _ _ _ _ _ _ _ _ _ _ _ _ _ _ _ _ _ _ _ _ _

cls = <class 'sqlalchemy.pool.base._ConnectionRecord'>
pool = <sqlalchemy.pool.impl.QueuePool object at 0x000001CEFAB7F450>

    @classmethod
    def checkout(cls, pool: Pool) -> _ConnectionFairy:
        if TYPE_CHECKING:
            rec = cast(_ConnectionRecord, pool._do_get())
        else:
>           rec = pool._do_get()
                  ^^^^^^^^^^^^^^

C:\Users\RMOHINDR\AppData\Local\Programs\Python\Python311\Lib\site-packages\sqlalchemy\pool\base.py:712: 
_ _ _ _ _ _ _ _ _ _ _ _ _ _ _ _ _ _ _ _ _ _ _ _ _ _ _ _ _ _ _ _ _ _ _ _ _ _ _ _

self = <sqlalchemy.pool.impl.QueuePool object at 0x000001CEFAB7F450>

    def _do_get(self) -> ConnectionPoolEntry:
        use_overflow = self._max_overflow > -1
    
        wait = use_overflow and self._overflow >= self._max_overflow
        try:
            return self._pool.get(wait, self._timeout)
        except sqla_queue.Empty:
            # don't do things inside of "except Empty", because when we say
            # we timed out or can't connect and raise, Python 3 tells
            # people the real error is queue.Empty which it isn't.
            pass
        if use_overflow and self._overflow >= self._max_overflow:
            if not wait:
                return self._do_get()
            else:
                raise exc.TimeoutError(
                    "QueuePool limit of size %d overflow %d reached, "
                    "connection timed out, timeout %0.2f"
                    % (self.size(), self.overflow(), self._timeout),
                    code="3o7r",
                )
    
        if self._inc_overflow():
            try:
                return self._create_connection()
            except:
>               with util.safe_reraise():

C:\Users\RMOHINDR\AppData\Local\Programs\Python\Python311\Lib\site-packages\sqlalchemy\pool\impl.py:177: 
_ _ _ _ _ _ _ _ _ _ _ _ _ _ _ _ _ _ _ _ _ _ _ _ _ _ _ _ _ _ _ _ _ _ _ _ _ _ _ _

self = <sqlalchemy.util.langhelpers.safe_reraise object at 0x000001CEFAB43E50>
type_ = None, value = None, traceback = None

    def __exit__(
        self,
        type_: Optional[Type[BaseException]],
        value: Optional[BaseException],
        traceback: Optional[types.TracebackType],
    ) -> NoReturn:
        assert self._exc_info is not None
        # see #2703 for notes
        if type_ is None:
            exc_type, exc_value, exc_tb = self._exc_info
            assert exc_value is not None
            self._exc_info = None  # remove potential circular references
>           raise exc_value.with_traceback(exc_tb)

C:\Users\RMOHINDR\AppData\Local\Programs\Python\Python311\Lib\site-packages\sqlalchemy\util\langhelpers.py:121: 
_ _ _ _ _ _ _ _ _ _ _ _ _ _ _ _ _ _ _ _ _ _ _ _ _ _ _ _ _ _ _ _ _ _ _ _ _ _ _ _

self = <sqlalchemy.pool.impl.QueuePool object at 0x000001CEFAB7F450>

    def _do_get(self) -> ConnectionPoolEntry:
        use_overflow = self._max_overflow > -1
    
        wait = use_overflow and self._overflow >= self._max_overflow
        try:
            return self._pool.get(wait, self._timeout)
        except sqla_queue.Empty:
            # don't do things inside of "except Empty", because when we say
            # we timed out or can't connect and raise, Python 3 tells
            # people the real error is queue.Empty which it isn't.
            pass
        if use_overflow and self._overflow >= self._max_overflow:
            if not wait:
                return self._do_get()
            else:
                raise exc.TimeoutError(
                    "QueuePool limit of size %d overflow %d reached, "
                    "connection timed out, timeout %0.2f"
                    % (self.size(), self.overflow(), self._timeout),
                    code="3o7r",
                )
    
        if self._inc_overflow():
            try:
>               return self._create_connection()
                       ^^^^^^^^^^^^^^^^^^^^^^^^^

C:\Users\RMOHINDR\AppData\Local\Programs\Python\Python311\Lib\site-packages\sqlalchemy\pool\impl.py:175: 
_ _ _ _ _ _ _ _ _ _ _ _ _ _ _ _ _ _ _ _ _ _ _ _ _ _ _ _ _ _ _ _ _ _ _ _ _ _ _ _

self = <sqlalchemy.pool.impl.QueuePool object at 0x000001CEFAB7F450>

    def _create_connection(self) -> ConnectionPoolEntry:
        """Called by subclasses to create a new ConnectionRecord."""
    
>       return _ConnectionRecord(self)
               ^^^^^^^^^^^^^^^^^^^^^^^

C:\Users\RMOHINDR\AppData\Local\Programs\Python\Python311\Lib\site-packages\sqlalchemy\pool\base.py:389: 
_ _ _ _ _ _ _ _ _ _ _ _ _ _ _ _ _ _ _ _ _ _ _ _ _ _ _ _ _ _ _ _ _ _ _ _ _ _ _ _

self = <sqlalchemy.pool.base._ConnectionRecord object at 0x000001CEFAB2BE70>
pool = <sqlalchemy.pool.impl.QueuePool object at 0x000001CEFAB7F450>
connect = True

    def __init__(self, pool: Pool, connect: bool = True):
        self.fresh = False
        self.fairy_ref = None
        self.starttime = 0
        self.dbapi_connection = None
    
        self.__pool = pool
        if connect:
>           self.__connect()

C:\Users\RMOHINDR\AppData\Local\Programs\Python\Python311\Lib\site-packages\sqlalchemy\pool\base.py:674: 
_ _ _ _ _ _ _ _ _ _ _ _ _ _ _ _ _ _ _ _ _ _ _ _ _ _ _ _ _ _ _ _ _ _ _ _ _ _ _ _

self = <sqlalchemy.pool.base._ConnectionRecord object at 0x000001CEFAB2BE70>

    def __connect(self) -> None:
        pool = self.__pool
    
        # ensure any existing connection is removed, so that if
        # creator fails, this attribute stays None
        self.dbapi_connection = None
        try:
            self.starttime = time.time()
            self.dbapi_connection = connection = pool._invoke_creator(self)
            pool.logger.debug("Created new connection %r", connection)
            self.fresh = True
        except BaseException as e:
>           with util.safe_reraise():

C:\Users\RMOHINDR\AppData\Local\Programs\Python\Python311\Lib\site-packages\sqlalchemy\pool\base.py:900: 
_ _ _ _ _ _ _ _ _ _ _ _ _ _ _ _ _ _ _ _ _ _ _ _ _ _ _ _ _ _ _ _ _ _ _ _ _ _ _ _

self = <sqlalchemy.util.langhelpers.safe_reraise object at 0x000001CEFAB43D60>
type_ = None, value = None, traceback = None

    def __exit__(
        self,
        type_: Optional[Type[BaseException]],
        value: Optional[BaseException],
        traceback: Optional[types.TracebackType],
    ) -> NoReturn:
        assert self._exc_info is not None
        # see #2703 for notes
        if type_ is None:
            exc_type, exc_value, exc_tb = self._exc_info
            assert exc_value is not None
            self._exc_info = None  # remove potential circular references
>           raise exc_value.with_traceback(exc_tb)

C:\Users\RMOHINDR\AppData\Local\Programs\Python\Python311\Lib\site-packages\sqlalchemy\util\langhelpers.py:121: 
_ _ _ _ _ _ _ _ _ _ _ _ _ _ _ _ _ _ _ _ _ _ _ _ _ _ _ _ _ _ _ _ _ _ _ _ _ _ _ _

self = <sqlalchemy.pool.base._ConnectionRecord object at 0x000001CEFAB2BE70>

    def __connect(self) -> None:
        pool = self.__pool
    
        # ensure any existing connection is removed, so that if
        # creator fails, this attribute stays None
        self.dbapi_connection = None
        try:
            self.starttime = time.time()
>           self.dbapi_connection = connection = pool._invoke_creator(self)
                                                 ^^^^^^^^^^^^^^^^^^^^^^^^^^

C:\Users\RMOHINDR\AppData\Local\Programs\Python\Python311\Lib\site-packages\sqlalchemy\pool\base.py:896: 
_ _ _ _ _ _ _ _ _ _ _ _ _ _ _ _ _ _ _ _ _ _ _ _ _ _ _ _ _ _ _ _ _ _ _ _ _ _ _ _

connection_record = <sqlalchemy.pool.base._ConnectionRecord object at 0x000001CEFAB2BE70>

    def connect(
        connection_record: Optional[ConnectionPoolEntry] = None,
    ) -> DBAPIConnection:
        if dialect._has_events:
            mutable_cargs = list(cargs_tup)
            mutable_cparams = dict(cparams)
            for fn in dialect.dispatch.do_connect:
                connection = cast(
                    DBAPIConnection,
                    fn(
                        dialect,
                        connection_record,
                        mutable_cargs,
                        mutable_cparams,
                    ),
                )
                if connection is not None:
                    return connection
            return dialect.connect(*mutable_cargs, **mutable_cparams)
        else:
>           return dialect.connect(*cargs_tup, **cparams)
                   ^^^^^^^^^^^^^^^^^^^^^^^^^^^^^^^^^^^^^^

C:\Users\RMOHINDR\AppData\Local\Programs\Python\Python311\Lib\site-packages\sqlalchemy\engine\create.py:667: 
_ _ _ _ _ _ _ _ _ _ _ _ _ _ _ _ _ _ _ _ _ _ _ _ _ _ _ _ _ _ _ _ _ _ _ _ _ _ _ _

self = <sqlalchemy.dialects.postgresql.psycopg2.PGDialect_psycopg2 object at 0x000001CEF9852D50>
cargs = ()
cparams = {'dbname': 'postgres', 'host': 'localhost', 'password': 'password', 'port': 5432, ...}

    def connect(self, *cargs: Any, **cparams: Any) -> DBAPIConnection:
        # inherits the docstring from interfaces.Dialect.connect
>       return self.loaded_dbapi.connect(*cargs, **cparams)  # type: ignore[no-any-return]  # NOQA: E501
               ^^^^^^^^^^^^^^^^^^^^^^^^^^^^^^^^^^^^^^^^^^^^

C:\Users\RMOHINDR\AppData\Local\Programs\Python\Python311\Lib\site-packages\sqlalchemy\engine\default.py:630: 
_ _ _ _ _ _ _ _ _ _ _ _ _ _ _ _ _ _ _ _ _ _ _ _ _ _ _ _ _ _ _ _ _ _ _ _ _ _ _ _

dsn = 'host=localhost dbname=postgres user=transportation password=password port=5432'
connection_factory = None, cursor_factory = None
kwargs = {'dbname': 'postgres', 'host': 'localhost', 'password': 'password', 'port': 5432, ...}
kwasync = {}

    def connect(dsn=None, connection_factory=None, cursor_factory=None, **kwargs):
        """
        Create a new database connection.
    
        The connection parameters can be specified as a string:
    
            conn = psycopg2.connect("dbname=test user=postgres password=secret")
    
        or using a set of keyword arguments:
    
            conn = psycopg2.connect(database="test", user="postgres", password="secret")
    
        Or as a mix of both. The basic connection parameters are:
    
        - *dbname*: the database name
        - *database*: the database name (only as keyword argument)
        - *user*: user name used to authenticate
        - *password*: password used to authenticate
        - *host*: database host address (defaults to UNIX socket if not provided)
        - *port*: connection port number (defaults to 5432 if not provided)
    
        Using the *connection_factory* parameter a different class or connections
        factory can be specified. It should be a callable object taking a dsn
        argument.
    
        Using the *cursor_factory* parameter, a new default cursor factory will be
        used by cursor().
    
        Using *async*=True an asynchronous connection will be created. *async_* is
        a valid alias (for Python versions where ``async`` is a keyword).
    
        Any other keyword parameter will be passed to the underlying client
        library: the list of supported parameters depends on the library version.
    
        """
        kwasync = {}
        if 'async' in kwargs:
            kwasync['async'] = kwargs.pop('async')
        if 'async_' in kwargs:
            kwasync['async_'] = kwargs.pop('async_')
    
        dsn = _ext.make_dsn(dsn, **kwargs)
>       conn = _connect(dsn, connection_factory=connection_factory, **kwasync)
               ^^^^^^^^^^^^^^^^^^^^^^^^^^^^^^^^^^^^^^^^^^^^^^^^^^^^^^^^^^^^^^^
E       sqlalchemy.exc.OperationalError: (psycopg2.OperationalError) connection to server at "localhost" (::1), port 5432 failed: Connection refused (0x0000274D/10061)
E       	Is the server running on that host and accepting TCP/IP connections?
E       connection to server at "localhost" (127.0.0.1), port 5432 failed: Connection refused (0x0000274D/10061)
E       	Is the server running on that host and accepting TCP/IP connections?
E       
E       (Background on this error at: https://sqlalche.me/e/20/e3q8)

C:\Users\RMOHINDR\AppData\Local\Programs\Python\Python311\Lib\site-packages\psycopg2\__init__.py:135: OperationalError
_ ERROR at setup of TestDeleteEndpointEnforcement.test_tc003_5_cannot_delete_archived _

self = <sqlalchemy.engine.base.Connection object at 0x000001CEFA8A9490>
engine = Engine(postgresql://transportation:***@localhost:5432/postgres)
connection = None, _has_events = None, _allow_revalidate = True
_allow_autobegin = True

    def __init__(
        self,
        engine: Engine,
        connection: Optional[PoolProxiedConnection] = None,
        _has_events: Optional[bool] = None,
        _allow_revalidate: bool = True,
        _allow_autobegin: bool = True,
    ):
        """Construct a new Connection."""
        self.engine = engine
        self.dialect = dialect = engine.dialect
    
        if connection is None:
            try:
>               self._dbapi_connection = engine.raw_connection()
                                         ^^^^^^^^^^^^^^^^^^^^^^^

C:\Users\RMOHINDR\AppData\Local\Programs\Python\Python311\Lib\site-packages\sqlalchemy\engine\base.py:143: 
_ _ _ _ _ _ _ _ _ _ _ _ _ _ _ _ _ _ _ _ _ _ _ _ _ _ _ _ _ _ _ _ _ _ _ _ _ _ _ _

self = Engine(postgresql://transportation:***@localhost:5432/postgres)

    def raw_connection(self) -> PoolProxiedConnection:
        """Return a "raw" DBAPI connection from the connection pool.
    
        The returned object is a proxied version of the DBAPI
        connection object used by the underlying driver in use.
        The object will have all the same behavior as the real DBAPI
        connection, except that its ``close()`` method will result in the
        connection being returned to the pool, rather than being closed
        for real.
    
        This method provides direct DBAPI connection access for
        special situations when the API provided by
        :class:`_engine.Connection`
        is not needed.   When a :class:`_engine.Connection` object is already
        present, the DBAPI connection is available using
        the :attr:`_engine.Connection.connection` accessor.
    
        .. seealso::
    
            :ref:`dbapi_connections`
    
        """
>       return self.pool.connect()
               ^^^^^^^^^^^^^^^^^^^

C:\Users\RMOHINDR\AppData\Local\Programs\Python\Python311\Lib\site-packages\sqlalchemy\engine\base.py:3317: 
_ _ _ _ _ _ _ _ _ _ _ _ _ _ _ _ _ _ _ _ _ _ _ _ _ _ _ _ _ _ _ _ _ _ _ _ _ _ _ _

self = <sqlalchemy.pool.impl.QueuePool object at 0x000001CEFAB7F450>

    def connect(self) -> PoolProxiedConnection:
        """Return a DBAPI connection from the pool.
    
        The connection is instrumented such that when its
        ``close()`` method is called, the connection will be returned to
        the pool.
    
        """
>       return _ConnectionFairy._checkout(self)
               ^^^^^^^^^^^^^^^^^^^^^^^^^^^^^^^^

C:\Users\RMOHINDR\AppData\Local\Programs\Python\Python311\Lib\site-packages\sqlalchemy\pool\base.py:448: 
_ _ _ _ _ _ _ _ _ _ _ _ _ _ _ _ _ _ _ _ _ _ _ _ _ _ _ _ _ _ _ _ _ _ _ _ _ _ _ _

cls = <class 'sqlalchemy.pool.base._ConnectionFairy'>
pool = <sqlalchemy.pool.impl.QueuePool object at 0x000001CEFAB7F450>
threadconns = None, fairy = None

    @classmethod
    def _checkout(
        cls,
        pool: Pool,
        threadconns: Optional[threading.local] = None,
        fairy: Optional[_ConnectionFairy] = None,
    ) -> _ConnectionFairy:
        if not fairy:
>           fairy = _ConnectionRecord.checkout(pool)
                    ^^^^^^^^^^^^^^^^^^^^^^^^^^^^^^^^

C:\Users\RMOHINDR\AppData\Local\Programs\Python\Python311\Lib\site-packages\sqlalchemy\pool\base.py:1272: 
_ _ _ _ _ _ _ _ _ _ _ _ _ _ _ _ _ _ _ _ _ _ _ _ _ _ _ _ _ _ _ _ _ _ _ _ _ _ _ _

cls = <class 'sqlalchemy.pool.base._ConnectionRecord'>
pool = <sqlalchemy.pool.impl.QueuePool object at 0x000001CEFAB7F450>

    @classmethod
    def checkout(cls, pool: Pool) -> _ConnectionFairy:
        if TYPE_CHECKING:
            rec = cast(_ConnectionRecord, pool._do_get())
        else:
>           rec = pool._do_get()
                  ^^^^^^^^^^^^^^

C:\Users\RMOHINDR\AppData\Local\Programs\Python\Python311\Lib\site-packages\sqlalchemy\pool\base.py:712: 
_ _ _ _ _ _ _ _ _ _ _ _ _ _ _ _ _ _ _ _ _ _ _ _ _ _ _ _ _ _ _ _ _ _ _ _ _ _ _ _

self = <sqlalchemy.pool.impl.QueuePool object at 0x000001CEFAB7F450>

    def _do_get(self) -> ConnectionPoolEntry:
        use_overflow = self._max_overflow > -1
    
        wait = use_overflow and self._overflow >= self._max_overflow
        try:
            return self._pool.get(wait, self._timeout)
        except sqla_queue.Empty:
            # don't do things inside of "except Empty", because when we say
            # we timed out or can't connect and raise, Python 3 tells
            # people the real error is queue.Empty which it isn't.
            pass
        if use_overflow and self._overflow >= self._max_overflow:
            if not wait:
                return self._do_get()
            else:
                raise exc.TimeoutError(
                    "QueuePool limit of size %d overflow %d reached, "
                    "connection timed out, timeout %0.2f"
                    % (self.size(), self.overflow(), self._timeout),
                    code="3o7r",
                )
    
        if self._inc_overflow():
            try:
                return self._create_connection()
            except:
>               with util.safe_reraise():

C:\Users\RMOHINDR\AppData\Local\Programs\Python\Python311\Lib\site-packages\sqlalchemy\pool\impl.py:177: 
_ _ _ _ _ _ _ _ _ _ _ _ _ _ _ _ _ _ _ _ _ _ _ _ _ _ _ _ _ _ _ _ _ _ _ _ _ _ _ _

self = <sqlalchemy.util.langhelpers.safe_reraise object at 0x000001CEFAB43E50>
type_ = None, value = None, traceback = None

    def __exit__(
        self,
        type_: Optional[Type[BaseException]],
        value: Optional[BaseException],
        traceback: Optional[types.TracebackType],
    ) -> NoReturn:
        assert self._exc_info is not None
        # see #2703 for notes
        if type_ is None:
            exc_type, exc_value, exc_tb = self._exc_info
            assert exc_value is not None
            self._exc_info = None  # remove potential circular references
>           raise exc_value.with_traceback(exc_tb)

C:\Users\RMOHINDR\AppData\Local\Programs\Python\Python311\Lib\site-packages\sqlalchemy\util\langhelpers.py:121: 
_ _ _ _ _ _ _ _ _ _ _ _ _ _ _ _ _ _ _ _ _ _ _ _ _ _ _ _ _ _ _ _ _ _ _ _ _ _ _ _

self = <sqlalchemy.pool.impl.QueuePool object at 0x000001CEFAB7F450>

    def _do_get(self) -> ConnectionPoolEntry:
        use_overflow = self._max_overflow > -1
    
        wait = use_overflow and self._overflow >= self._max_overflow
        try:
            return self._pool.get(wait, self._timeout)
        except sqla_queue.Empty:
            # don't do things inside of "except Empty", because when we say
            # we timed out or can't connect and raise, Python 3 tells
            # people the real error is queue.Empty which it isn't.
            pass
        if use_overflow and self._overflow >= self._max_overflow:
            if not wait:
                return self._do_get()
            else:
                raise exc.TimeoutError(
                    "QueuePool limit of size %d overflow %d reached, "
                    "connection timed out, timeout %0.2f"
                    % (self.size(), self.overflow(), self._timeout),
                    code="3o7r",
                )
    
        if self._inc_overflow():
            try:
>               return self._create_connection()
                       ^^^^^^^^^^^^^^^^^^^^^^^^^

C:\Users\RMOHINDR\AppData\Local\Programs\Python\Python311\Lib\site-packages\sqlalchemy\pool\impl.py:175: 
_ _ _ _ _ _ _ _ _ _ _ _ _ _ _ _ _ _ _ _ _ _ _ _ _ _ _ _ _ _ _ _ _ _ _ _ _ _ _ _

self = <sqlalchemy.pool.impl.QueuePool object at 0x000001CEFAB7F450>

    def _create_connection(self) -> ConnectionPoolEntry:
        """Called by subclasses to create a new ConnectionRecord."""
    
>       return _ConnectionRecord(self)
               ^^^^^^^^^^^^^^^^^^^^^^^

C:\Users\RMOHINDR\AppData\Local\Programs\Python\Python311\Lib\site-packages\sqlalchemy\pool\base.py:389: 
_ _ _ _ _ _ _ _ _ _ _ _ _ _ _ _ _ _ _ _ _ _ _ _ _ _ _ _ _ _ _ _ _ _ _ _ _ _ _ _

self = <sqlalchemy.pool.base._ConnectionRecord object at 0x000001CEFAB2BE70>
pool = <sqlalchemy.pool.impl.QueuePool object at 0x000001CEFAB7F450>
connect = True

    def __init__(self, pool: Pool, connect: bool = True):
        self.fresh = False
        self.fairy_ref = None
        self.starttime = 0
        self.dbapi_connection = None
    
        self.__pool = pool
        if connect:
>           self.__connect()

C:\Users\RMOHINDR\AppData\Local\Programs\Python\Python311\Lib\site-packages\sqlalchemy\pool\base.py:674: 
_ _ _ _ _ _ _ _ _ _ _ _ _ _ _ _ _ _ _ _ _ _ _ _ _ _ _ _ _ _ _ _ _ _ _ _ _ _ _ _

self = <sqlalchemy.pool.base._ConnectionRecord object at 0x000001CEFAB2BE70>

    def __connect(self) -> None:
        pool = self.__pool
    
        # ensure any existing connection is removed, so that if
        # creator fails, this attribute stays None
        self.dbapi_connection = None
        try:
            self.starttime = time.time()
            self.dbapi_connection = connection = pool._invoke_creator(self)
            pool.logger.debug("Created new connection %r", connection)
            self.fresh = True
        except BaseException as e:
>           with util.safe_reraise():

C:\Users\RMOHINDR\AppData\Local\Programs\Python\Python311\Lib\site-packages\sqlalchemy\pool\base.py:900: 
_ _ _ _ _ _ _ _ _ _ _ _ _ _ _ _ _ _ _ _ _ _ _ _ _ _ _ _ _ _ _ _ _ _ _ _ _ _ _ _

self = <sqlalchemy.util.langhelpers.safe_reraise object at 0x000001CEFAB43D60>
type_ = None, value = None, traceback = None

    def __exit__(
        self,
        type_: Optional[Type[BaseException]],
        value: Optional[BaseException],
        traceback: Optional[types.TracebackType],
    ) -> NoReturn:
        assert self._exc_info is not None
        # see #2703 for notes
        if type_ is None:
            exc_type, exc_value, exc_tb = self._exc_info
            assert exc_value is not None
            self._exc_info = None  # remove potential circular references
>           raise exc_value.with_traceback(exc_tb)

C:\Users\RMOHINDR\AppData\Local\Programs\Python\Python311\Lib\site-packages\sqlalchemy\util\langhelpers.py:121: 
_ _ _ _ _ _ _ _ _ _ _ _ _ _ _ _ _ _ _ _ _ _ _ _ _ _ _ _ _ _ _ _ _ _ _ _ _ _ _ _

self = <sqlalchemy.pool.base._ConnectionRecord object at 0x000001CEFAB2BE70>

    def __connect(self) -> None:
        pool = self.__pool
    
        # ensure any existing connection is removed, so that if
        # creator fails, this attribute stays None
        self.dbapi_connection = None
        try:
            self.starttime = time.time()
>           self.dbapi_connection = connection = pool._invoke_creator(self)
                                                 ^^^^^^^^^^^^^^^^^^^^^^^^^^

C:\Users\RMOHINDR\AppData\Local\Programs\Python\Python311\Lib\site-packages\sqlalchemy\pool\base.py:896: 
_ _ _ _ _ _ _ _ _ _ _ _ _ _ _ _ _ _ _ _ _ _ _ _ _ _ _ _ _ _ _ _ _ _ _ _ _ _ _ _

connection_record = <sqlalchemy.pool.base._ConnectionRecord object at 0x000001CEFAB2BE70>

    def connect(
        connection_record: Optional[ConnectionPoolEntry] = None,
    ) -> DBAPIConnection:
        if dialect._has_events:
            mutable_cargs = list(cargs_tup)
            mutable_cparams = dict(cparams)
            for fn in dialect.dispatch.do_connect:
                connection = cast(
                    DBAPIConnection,
                    fn(
                        dialect,
                        connection_record,
                        mutable_cargs,
                        mutable_cparams,
                    ),
                )
                if connection is not None:
                    return connection
            return dialect.connect(*mutable_cargs, **mutable_cparams)
        else:
>           return dialect.connect(*cargs_tup, **cparams)
                   ^^^^^^^^^^^^^^^^^^^^^^^^^^^^^^^^^^^^^^

C:\Users\RMOHINDR\AppData\Local\Programs\Python\Python311\Lib\site-packages\sqlalchemy\engine\create.py:667: 
_ _ _ _ _ _ _ _ _ _ _ _ _ _ _ _ _ _ _ _ _ _ _ _ _ _ _ _ _ _ _ _ _ _ _ _ _ _ _ _

self = <sqlalchemy.dialects.postgresql.psycopg2.PGDialect_psycopg2 object at 0x000001CEF9852D50>
cargs = ()
cparams = {'dbname': 'postgres', 'host': 'localhost', 'password': 'password', 'port': 5432, ...}

    def connect(self, *cargs: Any, **cparams: Any) -> DBAPIConnection:
        # inherits the docstring from interfaces.Dialect.connect
>       return self.loaded_dbapi.connect(*cargs, **cparams)  # type: ignore[no-any-return]  # NOQA: E501
               ^^^^^^^^^^^^^^^^^^^^^^^^^^^^^^^^^^^^^^^^^^^^

C:\Users\RMOHINDR\AppData\Local\Programs\Python\Python311\Lib\site-packages\sqlalchemy\engine\default.py:630: 
_ _ _ _ _ _ _ _ _ _ _ _ _ _ _ _ _ _ _ _ _ _ _ _ _ _ _ _ _ _ _ _ _ _ _ _ _ _ _ _

dsn = 'host=localhost dbname=postgres user=transportation password=password port=5432'
connection_factory = None, cursor_factory = None
kwargs = {'dbname': 'postgres', 'host': 'localhost', 'password': 'password', 'port': 5432, ...}
kwasync = {}

    def connect(dsn=None, connection_factory=None, cursor_factory=None, **kwargs):
        """
        Create a new database connection.
    
        The connection parameters can be specified as a string:
    
            conn = psycopg2.connect("dbname=test user=postgres password=secret")
    
        or using a set of keyword arguments:
    
            conn = psycopg2.connect(database="test", user="postgres", password="secret")
    
        Or as a mix of both. The basic connection parameters are:
    
        - *dbname*: the database name
        - *database*: the database name (only as keyword argument)
        - *user*: user name used to authenticate
        - *password*: password used to authenticate
        - *host*: database host address (defaults to UNIX socket if not provided)
        - *port*: connection port number (defaults to 5432 if not provided)
    
        Using the *connection_factory* parameter a different class or connections
        factory can be specified. It should be a callable object taking a dsn
        argument.
    
        Using the *cursor_factory* parameter, a new default cursor factory will be
        used by cursor().
    
        Using *async*=True an asynchronous connection will be created. *async_* is
        a valid alias (for Python versions where ``async`` is a keyword).
    
        Any other keyword parameter will be passed to the underlying client
        library: the list of supported parameters depends on the library version.
    
        """
        kwasync = {}
        if 'async' in kwargs:
            kwasync['async'] = kwargs.pop('async')
        if 'async_' in kwargs:
            kwasync['async_'] = kwargs.pop('async_')
    
        dsn = _ext.make_dsn(dsn, **kwargs)
>       conn = _connect(dsn, connection_factory=connection_factory, **kwasync)
               ^^^^^^^^^^^^^^^^^^^^^^^^^^^^^^^^^^^^^^^^^^^^^^^^^^^^^^^^^^^^^^^
E       psycopg2.OperationalError: connection to server at "localhost" (::1), port 5432 failed: Connection refused (0x0000274D/10061)
E       	Is the server running on that host and accepting TCP/IP connections?
E       connection to server at "localhost" (127.0.0.1), port 5432 failed: Connection refused (0x0000274D/10061)
E       	Is the server running on that host and accepting TCP/IP connections?

C:\Users\RMOHINDR\AppData\Local\Programs\Python\Python311\Lib\site-packages\psycopg2\__init__.py:135: OperationalError

The above exception was the direct cause of the following exception:

    @pytest.fixture(scope="session")
    def _test_engine():
        """Create the test database (if needed) and return an engine bound to it.
    
        The database is created once per test session and the full schema is
        applied via ``Base.metadata.create_all``.
        """
        # Connect to the admin database to create the test database.
        admin_engine = create_engine(_PG_ADMIN_URL, isolation_level="AUTOCOMMIT")
>       with admin_engine.connect() as conn:
             ^^^^^^^^^^^^^^^^^^^^^^

apps\backend\tests\conftest.py:69: 
_ _ _ _ _ _ _ _ _ _ _ _ _ _ _ _ _ _ _ _ _ _ _ _ _ _ _ _ _ _ _ _ _ _ _ _ _ _ _ _

self = Engine(postgresql://transportation:***@localhost:5432/postgres)

    def connect(self) -> Connection:
        """Return a new :class:`_engine.Connection` object.
    
        The :class:`_engine.Connection` acts as a Python context manager, so
        the typical use of this method looks like::
    
            with engine.connect() as connection:
                connection.execute(text("insert into table values ('foo')"))
                connection.commit()
    
        Where above, after the block is completed, the connection is "closed"
        and its underlying DBAPI resources are returned to the connection pool.
        This also has the effect of rolling back any transaction that
        was explicitly begun or was begun via autobegin, and will
        emit the :meth:`_events.ConnectionEvents.rollback` event if one was
        started and is still in progress.
    
        .. seealso::
    
            :meth:`_engine.Engine.begin`
    
        """
    
>       return self._connection_cls(self)
               ^^^^^^^^^^^^^^^^^^^^^^^^^^

C:\Users\RMOHINDR\AppData\Local\Programs\Python\Python311\Lib\site-packages\sqlalchemy\engine\base.py:3293: 
_ _ _ _ _ _ _ _ _ _ _ _ _ _ _ _ _ _ _ _ _ _ _ _ _ _ _ _ _ _ _ _ _ _ _ _ _ _ _ _

self = <sqlalchemy.engine.base.Connection object at 0x000001CEFA8A9490>
engine = Engine(postgresql://transportation:***@localhost:5432/postgres)
connection = None, _has_events = None, _allow_revalidate = True
_allow_autobegin = True

    def __init__(
        self,
        engine: Engine,
        connection: Optional[PoolProxiedConnection] = None,
        _has_events: Optional[bool] = None,
        _allow_revalidate: bool = True,
        _allow_autobegin: bool = True,
    ):
        """Construct a new Connection."""
        self.engine = engine
        self.dialect = dialect = engine.dialect
    
        if connection is None:
            try:
                self._dbapi_connection = engine.raw_connection()
            except dialect.loaded_dbapi.Error as err:
>               Connection._handle_dbapi_exception_noconnection(
                    err, dialect, engine
                )

C:\Users\RMOHINDR\AppData\Local\Programs\Python\Python311\Lib\site-packages\sqlalchemy\engine\base.py:145: 
_ _ _ _ _ _ _ _ _ _ _ _ _ _ _ _ _ _ _ _ _ _ _ _ _ _ _ _ _ _ _ _ _ _ _ _ _ _ _ _

cls = <class 'sqlalchemy.engine.base.Connection'>
e = OperationalError('connection to server at "localhost" (::1), port 5432 failed: Connection refused (0x0000274D/10061)\n...iled: Connection refused (0x0000274D/10061)\n\tIs the server running on that host and accepting TCP/IP connections?\n')
dialect = <sqlalchemy.dialects.postgresql.psycopg2.PGDialect_psycopg2 object at 0x000001CEF9852D50>
engine = Engine(postgresql://transportation:***@localhost:5432/postgres)
is_disconnect = False, invalidate_pool_on_disconnect = True, is_pre_ping = False

    @classmethod
    def _handle_dbapi_exception_noconnection(
        cls,
        e: BaseException,
        dialect: Dialect,
        engine: Optional[Engine] = None,
        is_disconnect: Optional[bool] = None,
        invalidate_pool_on_disconnect: bool = True,
        is_pre_ping: bool = False,
    ) -> NoReturn:
        exc_info = sys.exc_info()
    
        if is_disconnect is None:
            is_disconnect = isinstance(
                e, dialect.loaded_dbapi.Error
            ) and dialect.is_disconnect(e, None, None)
    
        should_wrap = isinstance(e, dialect.loaded_dbapi.Error)
    
        if should_wrap:
            sqlalchemy_exception = exc.DBAPIError.instance(
                None,
                None,
                cast(Exception, e),
                dialect.loaded_dbapi.Error,
                hide_parameters=(
                    engine.hide_parameters if engine is not None else False
                ),
                connection_invalidated=is_disconnect,
                dialect=dialect,
            )
        else:
            sqlalchemy_exception = None
    
        newraise = None
    
        if dialect._has_events:
            ctx = ExceptionContextImpl(
                e,
                sqlalchemy_exception,
                engine,
                dialect,
                None,
                None,
                None,
                None,
                None,
                is_disconnect,
                invalidate_pool_on_disconnect,
                is_pre_ping,
            )
            for fn in dialect.dispatch.handle_error:
                try:
                    # handler returns an exception;
                    # call next handler in a chain
                    per_fn = fn(ctx)
                    if per_fn is not None:
                        ctx.chained_exception = newraise = per_fn
                except Exception as _raised:
                    # handler raises an exception - stop processing
                    newraise = _raised
                    break
    
            if sqlalchemy_exception and is_disconnect != ctx.is_disconnect:
                sqlalchemy_exception.connection_invalidated = ctx.is_disconnect
    
        if newraise:
            raise newraise.with_traceback(exc_info[2]) from e
        elif should_wrap:
            assert sqlalchemy_exception is not None
>           raise sqlalchemy_exception.with_traceback(exc_info[2]) from e

C:\Users\RMOHINDR\AppData\Local\Programs\Python\Python311\Lib\site-packages\sqlalchemy\engine\base.py:2448: 
_ _ _ _ _ _ _ _ _ _ _ _ _ _ _ _ _ _ _ _ _ _ _ _ _ _ _ _ _ _ _ _ _ _ _ _ _ _ _ _

self = <sqlalchemy.engine.base.Connection object at 0x000001CEFA8A9490>
engine = Engine(postgresql://transportation:***@localhost:5432/postgres)
connection = None, _has_events = None, _allow_revalidate = True
_allow_autobegin = True

    def __init__(
        self,
        engine: Engine,
        connection: Optional[PoolProxiedConnection] = None,
        _has_events: Optional[bool] = None,
        _allow_revalidate: bool = True,
        _allow_autobegin: bool = True,
    ):
        """Construct a new Connection."""
        self.engine = engine
        self.dialect = dialect = engine.dialect
    
        if connection is None:
            try:
>               self._dbapi_connection = engine.raw_connection()
                                         ^^^^^^^^^^^^^^^^^^^^^^^

C:\Users\RMOHINDR\AppData\Local\Programs\Python\Python311\Lib\site-packages\sqlalchemy\engine\base.py:143: 
_ _ _ _ _ _ _ _ _ _ _ _ _ _ _ _ _ _ _ _ _ _ _ _ _ _ _ _ _ _ _ _ _ _ _ _ _ _ _ _

self = Engine(postgresql://transportation:***@localhost:5432/postgres)

    def raw_connection(self) -> PoolProxiedConnection:
        """Return a "raw" DBAPI connection from the connection pool.
    
        The returned object is a proxied version of the DBAPI
        connection object used by the underlying driver in use.
        The object will have all the same behavior as the real DBAPI
        connection, except that its ``close()`` method will result in the
        connection being returned to the pool, rather than being closed
        for real.
    
        This method provides direct DBAPI connection access for
        special situations when the API provided by
        :class:`_engine.Connection`
        is not needed.   When a :class:`_engine.Connection` object is already
        present, the DBAPI connection is available using
        the :attr:`_engine.Connection.connection` accessor.
    
        .. seealso::
    
            :ref:`dbapi_connections`
    
        """
>       return self.pool.connect()
               ^^^^^^^^^^^^^^^^^^^

C:\Users\RMOHINDR\AppData\Local\Programs\Python\Python311\Lib\site-packages\sqlalchemy\engine\base.py:3317: 
_ _ _ _ _ _ _ _ _ _ _ _ _ _ _ _ _ _ _ _ _ _ _ _ _ _ _ _ _ _ _ _ _ _ _ _ _ _ _ _

self = <sqlalchemy.pool.impl.QueuePool object at 0x000001CEFAB7F450>

    def connect(self) -> PoolProxiedConnection:
        """Return a DBAPI connection from the pool.
    
        The connection is instrumented such that when its
        ``close()`` method is called, the connection will be returned to
        the pool.
    
        """
>       return _ConnectionFairy._checkout(self)
               ^^^^^^^^^^^^^^^^^^^^^^^^^^^^^^^^

C:\Users\RMOHINDR\AppData\Local\Programs\Python\Python311\Lib\site-packages\sqlalchemy\pool\base.py:448: 
_ _ _ _ _ _ _ _ _ _ _ _ _ _ _ _ _ _ _ _ _ _ _ _ _ _ _ _ _ _ _ _ _ _ _ _ _ _ _ _

cls = <class 'sqlalchemy.pool.base._ConnectionFairy'>
pool = <sqlalchemy.pool.impl.QueuePool object at 0x000001CEFAB7F450>
threadconns = None, fairy = None

    @classmethod
    def _checkout(
        cls,
        pool: Pool,
        threadconns: Optional[threading.local] = None,
        fairy: Optional[_ConnectionFairy] = None,
    ) -> _ConnectionFairy:
        if not fairy:
>           fairy = _ConnectionRecord.checkout(pool)
                    ^^^^^^^^^^^^^^^^^^^^^^^^^^^^^^^^

C:\Users\RMOHINDR\AppData\Local\Programs\Python\Python311\Lib\site-packages\sqlalchemy\pool\base.py:1272: 
_ _ _ _ _ _ _ _ _ _ _ _ _ _ _ _ _ _ _ _ _ _ _ _ _ _ _ _ _ _ _ _ _ _ _ _ _ _ _ _

cls = <class 'sqlalchemy.pool.base._ConnectionRecord'>
pool = <sqlalchemy.pool.impl.QueuePool object at 0x000001CEFAB7F450>

    @classmethod
    def checkout(cls, pool: Pool) -> _ConnectionFairy:
        if TYPE_CHECKING:
            rec = cast(_ConnectionRecord, pool._do_get())
        else:
>           rec = pool._do_get()
                  ^^^^^^^^^^^^^^

C:\Users\RMOHINDR\AppData\Local\Programs\Python\Python311\Lib\site-packages\sqlalchemy\pool\base.py:712: 
_ _ _ _ _ _ _ _ _ _ _ _ _ _ _ _ _ _ _ _ _ _ _ _ _ _ _ _ _ _ _ _ _ _ _ _ _ _ _ _

self = <sqlalchemy.pool.impl.QueuePool object at 0x000001CEFAB7F450>

    def _do_get(self) -> ConnectionPoolEntry:
        use_overflow = self._max_overflow > -1
    
        wait = use_overflow and self._overflow >= self._max_overflow
        try:
            return self._pool.get(wait, self._timeout)
        except sqla_queue.Empty:
            # don't do things inside of "except Empty", because when we say
            # we timed out or can't connect and raise, Python 3 tells
            # people the real error is queue.Empty which it isn't.
            pass
        if use_overflow and self._overflow >= self._max_overflow:
            if not wait:
                return self._do_get()
            else:
                raise exc.TimeoutError(
                    "QueuePool limit of size %d overflow %d reached, "
                    "connection timed out, timeout %0.2f"
                    % (self.size(), self.overflow(), self._timeout),
                    code="3o7r",
                )
    
        if self._inc_overflow():
            try:
                return self._create_connection()
            except:
>               with util.safe_reraise():

C:\Users\RMOHINDR\AppData\Local\Programs\Python\Python311\Lib\site-packages\sqlalchemy\pool\impl.py:177: 
_ _ _ _ _ _ _ _ _ _ _ _ _ _ _ _ _ _ _ _ _ _ _ _ _ _ _ _ _ _ _ _ _ _ _ _ _ _ _ _

self = <sqlalchemy.util.langhelpers.safe_reraise object at 0x000001CEFAB43E50>
type_ = None, value = None, traceback = None

    def __exit__(
        self,
        type_: Optional[Type[BaseException]],
        value: Optional[BaseException],
        traceback: Optional[types.TracebackType],
    ) -> NoReturn:
        assert self._exc_info is not None
        # see #2703 for notes
        if type_ is None:
            exc_type, exc_value, exc_tb = self._exc_info
            assert exc_value is not None
            self._exc_info = None  # remove potential circular references
>           raise exc_value.with_traceback(exc_tb)

C:\Users\RMOHINDR\AppData\Local\Programs\Python\Python311\Lib\site-packages\sqlalchemy\util\langhelpers.py:121: 
_ _ _ _ _ _ _ _ _ _ _ _ _ _ _ _ _ _ _ _ _ _ _ _ _ _ _ _ _ _ _ _ _ _ _ _ _ _ _ _

self = <sqlalchemy.pool.impl.QueuePool object at 0x000001CEFAB7F450>

    def _do_get(self) -> ConnectionPoolEntry:
        use_overflow = self._max_overflow > -1
    
        wait = use_overflow and self._overflow >= self._max_overflow
        try:
            return self._pool.get(wait, self._timeout)
        except sqla_queue.Empty:
            # don't do things inside of "except Empty", because when we say
            # we timed out or can't connect and raise, Python 3 tells
            # people the real error is queue.Empty which it isn't.
            pass
        if use_overflow and self._overflow >= self._max_overflow:
            if not wait:
                return self._do_get()
            else:
                raise exc.TimeoutError(
                    "QueuePool limit of size %d overflow %d reached, "
                    "connection timed out, timeout %0.2f"
                    % (self.size(), self.overflow(), self._timeout),
                    code="3o7r",
                )
    
        if self._inc_overflow():
            try:
>               return self._create_connection()
                       ^^^^^^^^^^^^^^^^^^^^^^^^^

C:\Users\RMOHINDR\AppData\Local\Programs\Python\Python311\Lib\site-packages\sqlalchemy\pool\impl.py:175: 
_ _ _ _ _ _ _ _ _ _ _ _ _ _ _ _ _ _ _ _ _ _ _ _ _ _ _ _ _ _ _ _ _ _ _ _ _ _ _ _

self = <sqlalchemy.pool.impl.QueuePool object at 0x000001CEFAB7F450>

    def _create_connection(self) -> ConnectionPoolEntry:
        """Called by subclasses to create a new ConnectionRecord."""
    
>       return _ConnectionRecord(self)
               ^^^^^^^^^^^^^^^^^^^^^^^

C:\Users\RMOHINDR\AppData\Local\Programs\Python\Python311\Lib\site-packages\sqlalchemy\pool\base.py:389: 
_ _ _ _ _ _ _ _ _ _ _ _ _ _ _ _ _ _ _ _ _ _ _ _ _ _ _ _ _ _ _ _ _ _ _ _ _ _ _ _

self = <sqlalchemy.pool.base._ConnectionRecord object at 0x000001CEFAB2BE70>
pool = <sqlalchemy.pool.impl.QueuePool object at 0x000001CEFAB7F450>
connect = True

    def __init__(self, pool: Pool, connect: bool = True):
        self.fresh = False
        self.fairy_ref = None
        self.starttime = 0
        self.dbapi_connection = None
    
        self.__pool = pool
        if connect:
>           self.__connect()

C:\Users\RMOHINDR\AppData\Local\Programs\Python\Python311\Lib\site-packages\sqlalchemy\pool\base.py:674: 
_ _ _ _ _ _ _ _ _ _ _ _ _ _ _ _ _ _ _ _ _ _ _ _ _ _ _ _ _ _ _ _ _ _ _ _ _ _ _ _

self = <sqlalchemy.pool.base._ConnectionRecord object at 0x000001CEFAB2BE70>

    def __connect(self) -> None:
        pool = self.__pool
    
        # ensure any existing connection is removed, so that if
        # creator fails, this attribute stays None
        self.dbapi_connection = None
        try:
            self.starttime = time.time()
            self.dbapi_connection = connection = pool._invoke_creator(self)
            pool.logger.debug("Created new connection %r", connection)
            self.fresh = True
        except BaseException as e:
>           with util.safe_reraise():

C:\Users\RMOHINDR\AppData\Local\Programs\Python\Python311\Lib\site-packages\sqlalchemy\pool\base.py:900: 
_ _ _ _ _ _ _ _ _ _ _ _ _ _ _ _ _ _ _ _ _ _ _ _ _ _ _ _ _ _ _ _ _ _ _ _ _ _ _ _

self = <sqlalchemy.util.langhelpers.safe_reraise object at 0x000001CEFAB43D60>
type_ = None, value = None, traceback = None

    def __exit__(
        self,
        type_: Optional[Type[BaseException]],
        value: Optional[BaseException],
        traceback: Optional[types.TracebackType],
    ) -> NoReturn:
        assert self._exc_info is not None
        # see #2703 for notes
        if type_ is None:
            exc_type, exc_value, exc_tb = self._exc_info
            assert exc_value is not None
            self._exc_info = None  # remove potential circular references
>           raise exc_value.with_traceback(exc_tb)

C:\Users\RMOHINDR\AppData\Local\Programs\Python\Python311\Lib\site-packages\sqlalchemy\util\langhelpers.py:121: 
_ _ _ _ _ _ _ _ _ _ _ _ _ _ _ _ _ _ _ _ _ _ _ _ _ _ _ _ _ _ _ _ _ _ _ _ _ _ _ _

self = <sqlalchemy.pool.base._ConnectionRecord object at 0x000001CEFAB2BE70>

    def __connect(self) -> None:
        pool = self.__pool
    
        # ensure any existing connection is removed, so that if
        # creator fails, this attribute stays None
        self.dbapi_connection = None
        try:
            self.starttime = time.time()
>           self.dbapi_connection = connection = pool._invoke_creator(self)
                                                 ^^^^^^^^^^^^^^^^^^^^^^^^^^

C:\Users\RMOHINDR\AppData\Local\Programs\Python\Python311\Lib\site-packages\sqlalchemy\pool\base.py:896: 
_ _ _ _ _ _ _ _ _ _ _ _ _ _ _ _ _ _ _ _ _ _ _ _ _ _ _ _ _ _ _ _ _ _ _ _ _ _ _ _

connection_record = <sqlalchemy.pool.base._ConnectionRecord object at 0x000001CEFAB2BE70>

    def connect(
        connection_record: Optional[ConnectionPoolEntry] = None,
    ) -> DBAPIConnection:
        if dialect._has_events:
            mutable_cargs = list(cargs_tup)
            mutable_cparams = dict(cparams)
            for fn in dialect.dispatch.do_connect:
                connection = cast(
                    DBAPIConnection,
                    fn(
                        dialect,
                        connection_record,
                        mutable_cargs,
                        mutable_cparams,
                    ),
                )
                if connection is not None:
                    return connection
            return dialect.connect(*mutable_cargs, **mutable_cparams)
        else:
>           return dialect.connect(*cargs_tup, **cparams)
                   ^^^^^^^^^^^^^^^^^^^^^^^^^^^^^^^^^^^^^^

C:\Users\RMOHINDR\AppData\Local\Programs\Python\Python311\Lib\site-packages\sqlalchemy\engine\create.py:667: 
_ _ _ _ _ _ _ _ _ _ _ _ _ _ _ _ _ _ _ _ _ _ _ _ _ _ _ _ _ _ _ _ _ _ _ _ _ _ _ _

self = <sqlalchemy.dialects.postgresql.psycopg2.PGDialect_psycopg2 object at 0x000001CEF9852D50>
cargs = ()
cparams = {'dbname': 'postgres', 'host': 'localhost', 'password': 'password', 'port': 5432, ...}

    def connect(self, *cargs: Any, **cparams: Any) -> DBAPIConnection:
        # inherits the docstring from interfaces.Dialect.connect
>       return self.loaded_dbapi.connect(*cargs, **cparams)  # type: ignore[no-any-return]  # NOQA: E501
               ^^^^^^^^^^^^^^^^^^^^^^^^^^^^^^^^^^^^^^^^^^^^

C:\Users\RMOHINDR\AppData\Local\Programs\Python\Python311\Lib\site-packages\sqlalchemy\engine\default.py:630: 
_ _ _ _ _ _ _ _ _ _ _ _ _ _ _ _ _ _ _ _ _ _ _ _ _ _ _ _ _ _ _ _ _ _ _ _ _ _ _ _

dsn = 'host=localhost dbname=postgres user=transportation password=password port=5432'
connection_factory = None, cursor_factory = None
kwargs = {'dbname': 'postgres', 'host': 'localhost', 'password': 'password', 'port': 5432, ...}
kwasync = {}

    def connect(dsn=None, connection_factory=None, cursor_factory=None, **kwargs):
        """
        Create a new database connection.
    
        The connection parameters can be specified as a string:
    
            conn = psycopg2.connect("dbname=test user=postgres password=secret")
    
        or using a set of keyword arguments:
    
            conn = psycopg2.connect(database="test", user="postgres", password="secret")
    
        Or as a mix of both. The basic connection parameters are:
    
        - *dbname*: the database name
        - *database*: the database name (only as keyword argument)
        - *user*: user name used to authenticate
        - *password*: password used to authenticate
        - *host*: database host address (defaults to UNIX socket if not provided)
        - *port*: connection port number (defaults to 5432 if not provided)
    
        Using the *connection_factory* parameter a different class or connections
        factory can be specified. It should be a callable object taking a dsn
        argument.
    
        Using the *cursor_factory* parameter, a new default cursor factory will be
        used by cursor().
    
        Using *async*=True an asynchronous connection will be created. *async_* is
        a valid alias (for Python versions where ``async`` is a keyword).
    
        Any other keyword parameter will be passed to the underlying client
        library: the list of supported parameters depends on the library version.
    
        """
        kwasync = {}
        if 'async' in kwargs:
            kwasync['async'] = kwargs.pop('async')
        if 'async_' in kwargs:
            kwasync['async_'] = kwargs.pop('async_')
    
        dsn = _ext.make_dsn(dsn, **kwargs)
>       conn = _connect(dsn, connection_factory=connection_factory, **kwasync)
               ^^^^^^^^^^^^^^^^^^^^^^^^^^^^^^^^^^^^^^^^^^^^^^^^^^^^^^^^^^^^^^^
E       sqlalchemy.exc.OperationalError: (psycopg2.OperationalError) connection to server at "localhost" (::1), port 5432 failed: Connection refused (0x0000274D/10061)
E       	Is the server running on that host and accepting TCP/IP connections?
E       connection to server at "localhost" (127.0.0.1), port 5432 failed: Connection refused (0x0000274D/10061)
E       	Is the server running on that host and accepting TCP/IP connections?
E       
E       (Background on this error at: https://sqlalche.me/e/20/e3q8)

C:\Users\RMOHINDR\AppData\Local\Programs\Python\Python311\Lib\site-packages\psycopg2\__init__.py:135: OperationalError
_ ERROR at setup of TestDeleteEndpointEnforcement.test_tc003_7_nonadmin_cannot_delete_another_users_draft _

self = <sqlalchemy.engine.base.Connection object at 0x000001CEFA8A9490>
engine = Engine(postgresql://transportation:***@localhost:5432/postgres)
connection = None, _has_events = None, _allow_revalidate = True
_allow_autobegin = True

    def __init__(
        self,
        engine: Engine,
        connection: Optional[PoolProxiedConnection] = None,
        _has_events: Optional[bool] = None,
        _allow_revalidate: bool = True,
        _allow_autobegin: bool = True,
    ):
        """Construct a new Connection."""
        self.engine = engine
        self.dialect = dialect = engine.dialect
    
        if connection is None:
            try:
>               self._dbapi_connection = engine.raw_connection()
                                         ^^^^^^^^^^^^^^^^^^^^^^^

C:\Users\RMOHINDR\AppData\Local\Programs\Python\Python311\Lib\site-packages\sqlalchemy\engine\base.py:143: 
_ _ _ _ _ _ _ _ _ _ _ _ _ _ _ _ _ _ _ _ _ _ _ _ _ _ _ _ _ _ _ _ _ _ _ _ _ _ _ _

self = Engine(postgresql://transportation:***@localhost:5432/postgres)

    def raw_connection(self) -> PoolProxiedConnection:
        """Return a "raw" DBAPI connection from the connection pool.
    
        The returned object is a proxied version of the DBAPI
        connection object used by the underlying driver in use.
        The object will have all the same behavior as the real DBAPI
        connection, except that its ``close()`` method will result in the
        connection being returned to the pool, rather than being closed
        for real.
    
        This method provides direct DBAPI connection access for
        special situations when the API provided by
        :class:`_engine.Connection`
        is not needed.   When a :class:`_engine.Connection` object is already
        present, the DBAPI connection is available using
        the :attr:`_engine.Connection.connection` accessor.
    
        .. seealso::
    
            :ref:`dbapi_connections`
    
        """
>       return self.pool.connect()
               ^^^^^^^^^^^^^^^^^^^

C:\Users\RMOHINDR\AppData\Local\Programs\Python\Python311\Lib\site-packages\sqlalchemy\engine\base.py:3317: 
_ _ _ _ _ _ _ _ _ _ _ _ _ _ _ _ _ _ _ _ _ _ _ _ _ _ _ _ _ _ _ _ _ _ _ _ _ _ _ _

self = <sqlalchemy.pool.impl.QueuePool object at 0x000001CEFAB7F450>

    def connect(self) -> PoolProxiedConnection:
        """Return a DBAPI connection from the pool.
    
        The connection is instrumented such that when its
        ``close()`` method is called, the connection will be returned to
        the pool.
    
        """
>       return _ConnectionFairy._checkout(self)
               ^^^^^^^^^^^^^^^^^^^^^^^^^^^^^^^^

C:\Users\RMOHINDR\AppData\Local\Programs\Python\Python311\Lib\site-packages\sqlalchemy\pool\base.py:448: 
_ _ _ _ _ _ _ _ _ _ _ _ _ _ _ _ _ _ _ _ _ _ _ _ _ _ _ _ _ _ _ _ _ _ _ _ _ _ _ _

cls = <class 'sqlalchemy.pool.base._ConnectionFairy'>
pool = <sqlalchemy.pool.impl.QueuePool object at 0x000001CEFAB7F450>
threadconns = None, fairy = None

    @classmethod
    def _checkout(
        cls,
        pool: Pool,
        threadconns: Optional[threading.local] = None,
        fairy: Optional[_ConnectionFairy] = None,
    ) -> _ConnectionFairy:
        if not fairy:
>           fairy = _ConnectionRecord.checkout(pool)
                    ^^^^^^^^^^^^^^^^^^^^^^^^^^^^^^^^

C:\Users\RMOHINDR\AppData\Local\Programs\Python\Python311\Lib\site-packages\sqlalchemy\pool\base.py:1272: 
_ _ _ _ _ _ _ _ _ _ _ _ _ _ _ _ _ _ _ _ _ _ _ _ _ _ _ _ _ _ _ _ _ _ _ _ _ _ _ _

cls = <class 'sqlalchemy.pool.base._ConnectionRecord'>
pool = <sqlalchemy.pool.impl.QueuePool object at 0x000001CEFAB7F450>

    @classmethod
    def checkout(cls, pool: Pool) -> _ConnectionFairy:
        if TYPE_CHECKING:
            rec = cast(_ConnectionRecord, pool._do_get())
        else:
>           rec = pool._do_get()
                  ^^^^^^^^^^^^^^

C:\Users\RMOHINDR\AppData\Local\Programs\Python\Python311\Lib\site-packages\sqlalchemy\pool\base.py:712: 
_ _ _ _ _ _ _ _ _ _ _ _ _ _ _ _ _ _ _ _ _ _ _ _ _ _ _ _ _ _ _ _ _ _ _ _ _ _ _ _

self = <sqlalchemy.pool.impl.QueuePool object at 0x000001CEFAB7F450>

    def _do_get(self) -> ConnectionPoolEntry:
        use_overflow = self._max_overflow > -1
    
        wait = use_overflow and self._overflow >= self._max_overflow
        try:
            return self._pool.get(wait, self._timeout)
        except sqla_queue.Empty:
            # don't do things inside of "except Empty", because when we say
            # we timed out or can't connect and raise, Python 3 tells
            # people the real error is queue.Empty which it isn't.
            pass
        if use_overflow and self._overflow >= self._max_overflow:
            if not wait:
                return self._do_get()
            else:
                raise exc.TimeoutError(
                    "QueuePool limit of size %d overflow %d reached, "
                    "connection timed out, timeout %0.2f"
                    % (self.size(), self.overflow(), self._timeout),
                    code="3o7r",
                )
    
        if self._inc_overflow():
            try:
                return self._create_connection()
            except:
>               with util.safe_reraise():

C:\Users\RMOHINDR\AppData\Local\Programs\Python\Python311\Lib\site-packages\sqlalchemy\pool\impl.py:177: 
_ _ _ _ _ _ _ _ _ _ _ _ _ _ _ _ _ _ _ _ _ _ _ _ _ _ _ _ _ _ _ _ _ _ _ _ _ _ _ _

self = <sqlalchemy.util.langhelpers.safe_reraise object at 0x000001CEFAB43E50>
type_ = None, value = None, traceback = None

    def __exit__(
        self,
        type_: Optional[Type[BaseException]],
        value: Optional[BaseException],
        traceback: Optional[types.TracebackType],
    ) -> NoReturn:
        assert self._exc_info is not None
        # see #2703 for notes
        if type_ is None:
            exc_type, exc_value, exc_tb = self._exc_info
            assert exc_value is not None
            self._exc_info = None  # remove potential circular references
>           raise exc_value.with_traceback(exc_tb)

C:\Users\RMOHINDR\AppData\Local\Programs\Python\Python311\Lib\site-packages\sqlalchemy\util\langhelpers.py:121: 
_ _ _ _ _ _ _ _ _ _ _ _ _ _ _ _ _ _ _ _ _ _ _ _ _ _ _ _ _ _ _ _ _ _ _ _ _ _ _ _

self = <sqlalchemy.pool.impl.QueuePool object at 0x000001CEFAB7F450>

    def _do_get(self) -> ConnectionPoolEntry:
        use_overflow = self._max_overflow > -1
    
        wait = use_overflow and self._overflow >= self._max_overflow
        try:
            return self._pool.get(wait, self._timeout)
        except sqla_queue.Empty:
            # don't do things inside of "except Empty", because when we say
            # we timed out or can't connect and raise, Python 3 tells
            # people the real error is queue.Empty which it isn't.
            pass
        if use_overflow and self._overflow >= self._max_overflow:
            if not wait:
                return self._do_get()
            else:
                raise exc.TimeoutError(
                    "QueuePool limit of size %d overflow %d reached, "
                    "connection timed out, timeout %0.2f"
                    % (self.size(), self.overflow(), self._timeout),
                    code="3o7r",
                )
    
        if self._inc_overflow():
            try:
>               return self._create_connection()
                       ^^^^^^^^^^^^^^^^^^^^^^^^^

C:\Users\RMOHINDR\AppData\Local\Programs\Python\Python311\Lib\site-packages\sqlalchemy\pool\impl.py:175: 
_ _ _ _ _ _ _ _ _ _ _ _ _ _ _ _ _ _ _ _ _ _ _ _ _ _ _ _ _ _ _ _ _ _ _ _ _ _ _ _

self = <sqlalchemy.pool.impl.QueuePool object at 0x000001CEFAB7F450>

    def _create_connection(self) -> ConnectionPoolEntry:
        """Called by subclasses to create a new ConnectionRecord."""
    
>       return _ConnectionRecord(self)
               ^^^^^^^^^^^^^^^^^^^^^^^

C:\Users\RMOHINDR\AppData\Local\Programs\Python\Python311\Lib\site-packages\sqlalchemy\pool\base.py:389: 
_ _ _ _ _ _ _ _ _ _ _ _ _ _ _ _ _ _ _ _ _ _ _ _ _ _ _ _ _ _ _ _ _ _ _ _ _ _ _ _

self = <sqlalchemy.pool.base._ConnectionRecord object at 0x000001CEFAB2BE70>
pool = <sqlalchemy.pool.impl.QueuePool object at 0x000001CEFAB7F450>
connect = True

    def __init__(self, pool: Pool, connect: bool = True):
        self.fresh = False
        self.fairy_ref = None
        self.starttime = 0
        self.dbapi_connection = None
    
        self.__pool = pool
        if connect:
>           self.__connect()

C:\Users\RMOHINDR\AppData\Local\Programs\Python\Python311\Lib\site-packages\sqlalchemy\pool\base.py:674: 
_ _ _ _ _ _ _ _ _ _ _ _ _ _ _ _ _ _ _ _ _ _ _ _ _ _ _ _ _ _ _ _ _ _ _ _ _ _ _ _

self = <sqlalchemy.pool.base._ConnectionRecord object at 0x000001CEFAB2BE70>

    def __connect(self) -> None:
        pool = self.__pool
    
        # ensure any existing connection is removed, so that if
        # creator fails, this attribute stays None
        self.dbapi_connection = None
        try:
            self.starttime = time.time()
            self.dbapi_connection = connection = pool._invoke_creator(self)
            pool.logger.debug("Created new connection %r", connection)
            self.fresh = True
        except BaseException as e:
>           with util.safe_reraise():

C:\Users\RMOHINDR\AppData\Local\Programs\Python\Python311\Lib\site-packages\sqlalchemy\pool\base.py:900: 
_ _ _ _ _ _ _ _ _ _ _ _ _ _ _ _ _ _ _ _ _ _ _ _ _ _ _ _ _ _ _ _ _ _ _ _ _ _ _ _

self = <sqlalchemy.util.langhelpers.safe_reraise object at 0x000001CEFAB43D60>
type_ = None, value = None, traceback = None

    def __exit__(
        self,
        type_: Optional[Type[BaseException]],
        value: Optional[BaseException],
        traceback: Optional[types.TracebackType],
    ) -> NoReturn:
        assert self._exc_info is not None
        # see #2703 for notes
        if type_ is None:
            exc_type, exc_value, exc_tb = self._exc_info
            assert exc_value is not None
            self._exc_info = None  # remove potential circular references
>           raise exc_value.with_traceback(exc_tb)

C:\Users\RMOHINDR\AppData\Local\Programs\Python\Python311\Lib\site-packages\sqlalchemy\util\langhelpers.py:121: 
_ _ _ _ _ _ _ _ _ _ _ _ _ _ _ _ _ _ _ _ _ _ _ _ _ _ _ _ _ _ _ _ _ _ _ _ _ _ _ _

self = <sqlalchemy.pool.base._ConnectionRecord object at 0x000001CEFAB2BE70>

    def __connect(self) -> None:
        pool = self.__pool
    
        # ensure any existing connection is removed, so that if
        # creator fails, this attribute stays None
        self.dbapi_connection = None
        try:
            self.starttime = time.time()
>           self.dbapi_connection = connection = pool._invoke_creator(self)
                                                 ^^^^^^^^^^^^^^^^^^^^^^^^^^

C:\Users\RMOHINDR\AppData\Local\Programs\Python\Python311\Lib\site-packages\sqlalchemy\pool\base.py:896: 
_ _ _ _ _ _ _ _ _ _ _ _ _ _ _ _ _ _ _ _ _ _ _ _ _ _ _ _ _ _ _ _ _ _ _ _ _ _ _ _

connection_record = <sqlalchemy.pool.base._ConnectionRecord object at 0x000001CEFAB2BE70>

    def connect(
        connection_record: Optional[ConnectionPoolEntry] = None,
    ) -> DBAPIConnection:
        if dialect._has_events:
            mutable_cargs = list(cargs_tup)
            mutable_cparams = dict(cparams)
            for fn in dialect.dispatch.do_connect:
                connection = cast(
                    DBAPIConnection,
                    fn(
                        dialect,
                        connection_record,
                        mutable_cargs,
                        mutable_cparams,
                    ),
                )
                if connection is not None:
                    return connection
            return dialect.connect(*mutable_cargs, **mutable_cparams)
        else:
>           return dialect.connect(*cargs_tup, **cparams)
                   ^^^^^^^^^^^^^^^^^^^^^^^^^^^^^^^^^^^^^^

C:\Users\RMOHINDR\AppData\Local\Programs\Python\Python311\Lib\site-packages\sqlalchemy\engine\create.py:667: 
_ _ _ _ _ _ _ _ _ _ _ _ _ _ _ _ _ _ _ _ _ _ _ _ _ _ _ _ _ _ _ _ _ _ _ _ _ _ _ _

self = <sqlalchemy.dialects.postgresql.psycopg2.PGDialect_psycopg2 object at 0x000001CEF9852D50>
cargs = ()
cparams = {'dbname': 'postgres', 'host': 'localhost', 'password': 'password', 'port': 5432, ...}

    def connect(self, *cargs: Any, **cparams: Any) -> DBAPIConnection:
        # inherits the docstring from interfaces.Dialect.connect
>       return self.loaded_dbapi.connect(*cargs, **cparams)  # type: ignore[no-any-return]  # NOQA: E501
               ^^^^^^^^^^^^^^^^^^^^^^^^^^^^^^^^^^^^^^^^^^^^

C:\Users\RMOHINDR\AppData\Local\Programs\Python\Python311\Lib\site-packages\sqlalchemy\engine\default.py:630: 
_ _ _ _ _ _ _ _ _ _ _ _ _ _ _ _ _ _ _ _ _ _ _ _ _ _ _ _ _ _ _ _ _ _ _ _ _ _ _ _

dsn = 'host=localhost dbname=postgres user=transportation password=password port=5432'
connection_factory = None, cursor_factory = None
kwargs = {'dbname': 'postgres', 'host': 'localhost', 'password': 'password', 'port': 5432, ...}
kwasync = {}

    def connect(dsn=None, connection_factory=None, cursor_factory=None, **kwargs):
        """
        Create a new database connection.
    
        The connection parameters can be specified as a string:
    
            conn = psycopg2.connect("dbname=test user=postgres password=secret")
    
        or using a set of keyword arguments:
    
            conn = psycopg2.connect(database="test", user="postgres", password="secret")
    
        Or as a mix of both. The basic connection parameters are:
    
        - *dbname*: the database name
        - *database*: the database name (only as keyword argument)
        - *user*: user name used to authenticate
        - *password*: password used to authenticate
        - *host*: database host address (defaults to UNIX socket if not provided)
        - *port*: connection port number (defaults to 5432 if not provided)
    
        Using the *connection_factory* parameter a different class or connections
        factory can be specified. It should be a callable object taking a dsn
        argument.
    
        Using the *cursor_factory* parameter, a new default cursor factory will be
        used by cursor().
    
        Using *async*=True an asynchronous connection will be created. *async_* is
        a valid alias (for Python versions where ``async`` is a keyword).
    
        Any other keyword parameter will be passed to the underlying client
        library: the list of supported parameters depends on the library version.
    
        """
        kwasync = {}
        if 'async' in kwargs:
            kwasync['async'] = kwargs.pop('async')
        if 'async_' in kwargs:
            kwasync['async_'] = kwargs.pop('async_')
    
        dsn = _ext.make_dsn(dsn, **kwargs)
>       conn = _connect(dsn, connection_factory=connection_factory, **kwasync)
               ^^^^^^^^^^^^^^^^^^^^^^^^^^^^^^^^^^^^^^^^^^^^^^^^^^^^^^^^^^^^^^^
E       psycopg2.OperationalError: connection to server at "localhost" (::1), port 5432 failed: Connection refused (0x0000274D/10061)
E       	Is the server running on that host and accepting TCP/IP connections?
E       connection to server at "localhost" (127.0.0.1), port 5432 failed: Connection refused (0x0000274D/10061)
E       	Is the server running on that host and accepting TCP/IP connections?

C:\Users\RMOHINDR\AppData\Local\Programs\Python\Python311\Lib\site-packages\psycopg2\__init__.py:135: OperationalError

The above exception was the direct cause of the following exception:

    @pytest.fixture(scope="session")
    def _test_engine():
        """Create the test database (if needed) and return an engine bound to it.
    
        The database is created once per test session and the full schema is
        applied via ``Base.metadata.create_all``.
        """
        # Connect to the admin database to create the test database.
        admin_engine = create_engine(_PG_ADMIN_URL, isolation_level="AUTOCOMMIT")
>       with admin_engine.connect() as conn:
             ^^^^^^^^^^^^^^^^^^^^^^

apps\backend\tests\conftest.py:69: 
_ _ _ _ _ _ _ _ _ _ _ _ _ _ _ _ _ _ _ _ _ _ _ _ _ _ _ _ _ _ _ _ _ _ _ _ _ _ _ _

self = Engine(postgresql://transportation:***@localhost:5432/postgres)

    def connect(self) -> Connection:
        """Return a new :class:`_engine.Connection` object.
    
        The :class:`_engine.Connection` acts as a Python context manager, so
        the typical use of this method looks like::
    
            with engine.connect() as connection:
                connection.execute(text("insert into table values ('foo')"))
                connection.commit()
    
        Where above, after the block is completed, the connection is "closed"
        and its underlying DBAPI resources are returned to the connection pool.
        This also has the effect of rolling back any transaction that
        was explicitly begun or was begun via autobegin, and will
        emit the :meth:`_events.ConnectionEvents.rollback` event if one was
        started and is still in progress.
    
        .. seealso::
    
            :meth:`_engine.Engine.begin`
    
        """
    
>       return self._connection_cls(self)
               ^^^^^^^^^^^^^^^^^^^^^^^^^^

C:\Users\RMOHINDR\AppData\Local\Programs\Python\Python311\Lib\site-packages\sqlalchemy\engine\base.py:3293: 
_ _ _ _ _ _ _ _ _ _ _ _ _ _ _ _ _ _ _ _ _ _ _ _ _ _ _ _ _ _ _ _ _ _ _ _ _ _ _ _

self = <sqlalchemy.engine.base.Connection object at 0x000001CEFA8A9490>
engine = Engine(postgresql://transportation:***@localhost:5432/postgres)
connection = None, _has_events = None, _allow_revalidate = True
_allow_autobegin = True

    def __init__(
        self,
        engine: Engine,
        connection: Optional[PoolProxiedConnection] = None,
        _has_events: Optional[bool] = None,
        _allow_revalidate: bool = True,
        _allow_autobegin: bool = True,
    ):
        """Construct a new Connection."""
        self.engine = engine
        self.dialect = dialect = engine.dialect
    
        if connection is None:
            try:
                self._dbapi_connection = engine.raw_connection()
            except dialect.loaded_dbapi.Error as err:
>               Connection._handle_dbapi_exception_noconnection(
                    err, dialect, engine
                )

C:\Users\RMOHINDR\AppData\Local\Programs\Python\Python311\Lib\site-packages\sqlalchemy\engine\base.py:145: 
_ _ _ _ _ _ _ _ _ _ _ _ _ _ _ _ _ _ _ _ _ _ _ _ _ _ _ _ _ _ _ _ _ _ _ _ _ _ _ _

cls = <class 'sqlalchemy.engine.base.Connection'>
e = OperationalError('connection to server at "localhost" (::1), port 5432 failed: Connection refused (0x0000274D/10061)\n...iled: Connection refused (0x0000274D/10061)\n\tIs the server running on that host and accepting TCP/IP connections?\n')
dialect = <sqlalchemy.dialects.postgresql.psycopg2.PGDialect_psycopg2 object at 0x000001CEF9852D50>
engine = Engine(postgresql://transportation:***@localhost:5432/postgres)
is_disconnect = False, invalidate_pool_on_disconnect = True, is_pre_ping = False

    @classmethod
    def _handle_dbapi_exception_noconnection(
        cls,
        e: BaseException,
        dialect: Dialect,
        engine: Optional[Engine] = None,
        is_disconnect: Optional[bool] = None,
        invalidate_pool_on_disconnect: bool = True,
        is_pre_ping: bool = False,
    ) -> NoReturn:
        exc_info = sys.exc_info()
    
        if is_disconnect is None:
            is_disconnect = isinstance(
                e, dialect.loaded_dbapi.Error
            ) and dialect.is_disconnect(e, None, None)
    
        should_wrap = isinstance(e, dialect.loaded_dbapi.Error)
    
        if should_wrap:
            sqlalchemy_exception = exc.DBAPIError.instance(
                None,
                None,
                cast(Exception, e),
                dialect.loaded_dbapi.Error,
                hide_parameters=(
                    engine.hide_parameters if engine is not None else False
                ),
                connection_invalidated=is_disconnect,
                dialect=dialect,
            )
        else:
            sqlalchemy_exception = None
    
        newraise = None
    
        if dialect._has_events:
            ctx = ExceptionContextImpl(
                e,
                sqlalchemy_exception,
                engine,
                dialect,
                None,
                None,
                None,
                None,
                None,
                is_disconnect,
                invalidate_pool_on_disconnect,
                is_pre_ping,
            )
            for fn in dialect.dispatch.handle_error:
                try:
                    # handler returns an exception;
                    # call next handler in a chain
                    per_fn = fn(ctx)
                    if per_fn is not None:
                        ctx.chained_exception = newraise = per_fn
                except Exception as _raised:
                    # handler raises an exception - stop processing
                    newraise = _raised
                    break
    
            if sqlalchemy_exception and is_disconnect != ctx.is_disconnect:
                sqlalchemy_exception.connection_invalidated = ctx.is_disconnect
    
        if newraise:
            raise newraise.with_traceback(exc_info[2]) from e
        elif should_wrap:
            assert sqlalchemy_exception is not None
>           raise sqlalchemy_exception.with_traceback(exc_info[2]) from e

C:\Users\RMOHINDR\AppData\Local\Programs\Python\Python311\Lib\site-packages\sqlalchemy\engine\base.py:2448: 
_ _ _ _ _ _ _ _ _ _ _ _ _ _ _ _ _ _ _ _ _ _ _ _ _ _ _ _ _ _ _ _ _ _ _ _ _ _ _ _

self = <sqlalchemy.engine.base.Connection object at 0x000001CEFA8A9490>
engine = Engine(postgresql://transportation:***@localhost:5432/postgres)
connection = None, _has_events = None, _allow_revalidate = True
_allow_autobegin = True

    def __init__(
        self,
        engine: Engine,
        connection: Optional[PoolProxiedConnection] = None,
        _has_events: Optional[bool] = None,
        _allow_revalidate: bool = True,
        _allow_autobegin: bool = True,
    ):
        """Construct a new Connection."""
        self.engine = engine
        self.dialect = dialect = engine.dialect
    
        if connection is None:
            try:
>               self._dbapi_connection = engine.raw_connection()
                                         ^^^^^^^^^^^^^^^^^^^^^^^

C:\Users\RMOHINDR\AppData\Local\Programs\Python\Python311\Lib\site-packages\sqlalchemy\engine\base.py:143: 
_ _ _ _ _ _ _ _ _ _ _ _ _ _ _ _ _ _ _ _ _ _ _ _ _ _ _ _ _ _ _ _ _ _ _ _ _ _ _ _

self = Engine(postgresql://transportation:***@localhost:5432/postgres)

    def raw_connection(self) -> PoolProxiedConnection:
        """Return a "raw" DBAPI connection from the connection pool.
    
        The returned object is a proxied version of the DBAPI
        connection object used by the underlying driver in use.
        The object will have all the same behavior as the real DBAPI
        connection, except that its ``close()`` method will result in the
        connection being returned to the pool, rather than being closed
        for real.
    
        This method provides direct DBAPI connection access for
        special situations when the API provided by
        :class:`_engine.Connection`
        is not needed.   When a :class:`_engine.Connection` object is already
        present, the DBAPI connection is available using
        the :attr:`_engine.Connection.connection` accessor.
    
        .. seealso::
    
            :ref:`dbapi_connections`
    
        """
>       return self.pool.connect()
               ^^^^^^^^^^^^^^^^^^^

C:\Users\RMOHINDR\AppData\Local\Programs\Python\Python311\Lib\site-packages\sqlalchemy\engine\base.py:3317: 
_ _ _ _ _ _ _ _ _ _ _ _ _ _ _ _ _ _ _ _ _ _ _ _ _ _ _ _ _ _ _ _ _ _ _ _ _ _ _ _

self = <sqlalchemy.pool.impl.QueuePool object at 0x000001CEFAB7F450>

    def connect(self) -> PoolProxiedConnection:
        """Return a DBAPI connection from the pool.
    
        The connection is instrumented such that when its
        ``close()`` method is called, the connection will be returned to
        the pool.
    
        """
>       return _ConnectionFairy._checkout(self)
               ^^^^^^^^^^^^^^^^^^^^^^^^^^^^^^^^

C:\Users\RMOHINDR\AppData\Local\Programs\Python\Python311\Lib\site-packages\sqlalchemy\pool\base.py:448: 
_ _ _ _ _ _ _ _ _ _ _ _ _ _ _ _ _ _ _ _ _ _ _ _ _ _ _ _ _ _ _ _ _ _ _ _ _ _ _ _

cls = <class 'sqlalchemy.pool.base._ConnectionFairy'>
pool = <sqlalchemy.pool.impl.QueuePool object at 0x000001CEFAB7F450>
threadconns = None, fairy = None

    @classmethod
    def _checkout(
        cls,
        pool: Pool,
        threadconns: Optional[threading.local] = None,
        fairy: Optional[_ConnectionFairy] = None,
    ) -> _ConnectionFairy:
        if not fairy:
>           fairy = _ConnectionRecord.checkout(pool)
                    ^^^^^^^^^^^^^^^^^^^^^^^^^^^^^^^^

C:\Users\RMOHINDR\AppData\Local\Programs\Python\Python311\Lib\site-packages\sqlalchemy\pool\base.py:1272: 
_ _ _ _ _ _ _ _ _ _ _ _ _ _ _ _ _ _ _ _ _ _ _ _ _ _ _ _ _ _ _ _ _ _ _ _ _ _ _ _

cls = <class 'sqlalchemy.pool.base._ConnectionRecord'>
pool = <sqlalchemy.pool.impl.QueuePool object at 0x000001CEFAB7F450>

    @classmethod
    def checkout(cls, pool: Pool) -> _ConnectionFairy:
        if TYPE_CHECKING:
            rec = cast(_ConnectionRecord, pool._do_get())
        else:
>           rec = pool._do_get()
                  ^^^^^^^^^^^^^^

C:\Users\RMOHINDR\AppData\Local\Programs\Python\Python311\Lib\site-packages\sqlalchemy\pool\base.py:712: 
_ _ _ _ _ _ _ _ _ _ _ _ _ _ _ _ _ _ _ _ _ _ _ _ _ _ _ _ _ _ _ _ _ _ _ _ _ _ _ _

self = <sqlalchemy.pool.impl.QueuePool object at 0x000001CEFAB7F450>

    def _do_get(self) -> ConnectionPoolEntry:
        use_overflow = self._max_overflow > -1
    
        wait = use_overflow and self._overflow >= self._max_overflow
        try:
            return self._pool.get(wait, self._timeout)
        except sqla_queue.Empty:
            # don't do things inside of "except Empty", because when we say
            # we timed out or can't connect and raise, Python 3 tells
            # people the real error is queue.Empty which it isn't.
            pass
        if use_overflow and self._overflow >= self._max_overflow:
            if not wait:
                return self._do_get()
            else:
                raise exc.TimeoutError(
                    "QueuePool limit of size %d overflow %d reached, "
                    "connection timed out, timeout %0.2f"
                    % (self.size(), self.overflow(), self._timeout),
                    code="3o7r",
                )
    
        if self._inc_overflow():
            try:
                return self._create_connection()
            except:
>               with util.safe_reraise():

C:\Users\RMOHINDR\AppData\Local\Programs\Python\Python311\Lib\site-packages\sqlalchemy\pool\impl.py:177: 
_ _ _ _ _ _ _ _ _ _ _ _ _ _ _ _ _ _ _ _ _ _ _ _ _ _ _ _ _ _ _ _ _ _ _ _ _ _ _ _

self = <sqlalchemy.util.langhelpers.safe_reraise object at 0x000001CEFAB43E50>
type_ = None, value = None, traceback = None

    def __exit__(
        self,
        type_: Optional[Type[BaseException]],
        value: Optional[BaseException],
        traceback: Optional[types.TracebackType],
    ) -> NoReturn:
        assert self._exc_info is not None
        # see #2703 for notes
        if type_ is None:
            exc_type, exc_value, exc_tb = self._exc_info
            assert exc_value is not None
            self._exc_info = None  # remove potential circular references
>           raise exc_value.with_traceback(exc_tb)

C:\Users\RMOHINDR\AppData\Local\Programs\Python\Python311\Lib\site-packages\sqlalchemy\util\langhelpers.py:121: 
_ _ _ _ _ _ _ _ _ _ _ _ _ _ _ _ _ _ _ _ _ _ _ _ _ _ _ _ _ _ _ _ _ _ _ _ _ _ _ _

self = <sqlalchemy.pool.impl.QueuePool object at 0x000001CEFAB7F450>

    def _do_get(self) -> ConnectionPoolEntry:
        use_overflow = self._max_overflow > -1
    
        wait = use_overflow and self._overflow >= self._max_overflow
        try:
            return self._pool.get(wait, self._timeout)
        except sqla_queue.Empty:
            # don't do things inside of "except Empty", because when we say
            # we timed out or can't connect and raise, Python 3 tells
            # people the real error is queue.Empty which it isn't.
            pass
        if use_overflow and self._overflow >= self._max_overflow:
            if not wait:
                return self._do_get()
            else:
                raise exc.TimeoutError(
                    "QueuePool limit of size %d overflow %d reached, "
                    "connection timed out, timeout %0.2f"
                    % (self.size(), self.overflow(), self._timeout),
                    code="3o7r",
                )
    
        if self._inc_overflow():
            try:
>               return self._create_connection()
                       ^^^^^^^^^^^^^^^^^^^^^^^^^

C:\Users\RMOHINDR\AppData\Local\Programs\Python\Python311\Lib\site-packages\sqlalchemy\pool\impl.py:175: 
_ _ _ _ _ _ _ _ _ _ _ _ _ _ _ _ _ _ _ _ _ _ _ _ _ _ _ _ _ _ _ _ _ _ _ _ _ _ _ _

self = <sqlalchemy.pool.impl.QueuePool object at 0x000001CEFAB7F450>

    def _create_connection(self) -> ConnectionPoolEntry:
        """Called by subclasses to create a new ConnectionRecord."""
    
>       return _ConnectionRecord(self)
               ^^^^^^^^^^^^^^^^^^^^^^^

C:\Users\RMOHINDR\AppData\Local\Programs\Python\Python311\Lib\site-packages\sqlalchemy\pool\base.py:389: 
_ _ _ _ _ _ _ _ _ _ _ _ _ _ _ _ _ _ _ _ _ _ _ _ _ _ _ _ _ _ _ _ _ _ _ _ _ _ _ _

self = <sqlalchemy.pool.base._ConnectionRecord object at 0x000001CEFAB2BE70>
pool = <sqlalchemy.pool.impl.QueuePool object at 0x000001CEFAB7F450>
connect = True

    def __init__(self, pool: Pool, connect: bool = True):
        self.fresh = False
        self.fairy_ref = None
        self.starttime = 0
        self.dbapi_connection = None
    
        self.__pool = pool
        if connect:
>           self.__connect()

C:\Users\RMOHINDR\AppData\Local\Programs\Python\Python311\Lib\site-packages\sqlalchemy\pool\base.py:674: 
_ _ _ _ _ _ _ _ _ _ _ _ _ _ _ _ _ _ _ _ _ _ _ _ _ _ _ _ _ _ _ _ _ _ _ _ _ _ _ _

self = <sqlalchemy.pool.base._ConnectionRecord object at 0x000001CEFAB2BE70>

    def __connect(self) -> None:
        pool = self.__pool
    
        # ensure any existing connection is removed, so that if
        # creator fails, this attribute stays None
        self.dbapi_connection = None
        try:
            self.starttime = time.time()
            self.dbapi_connection = connection = pool._invoke_creator(self)
            pool.logger.debug("Created new connection %r", connection)
            self.fresh = True
        except BaseException as e:
>           with util.safe_reraise():

C:\Users\RMOHINDR\AppData\Local\Programs\Python\Python311\Lib\site-packages\sqlalchemy\pool\base.py:900: 
_ _ _ _ _ _ _ _ _ _ _ _ _ _ _ _ _ _ _ _ _ _ _ _ _ _ _ _ _ _ _ _ _ _ _ _ _ _ _ _

self = <sqlalchemy.util.langhelpers.safe_reraise object at 0x000001CEFAB43D60>
type_ = None, value = None, traceback = None

    def __exit__(
        self,
        type_: Optional[Type[BaseException]],
        value: Optional[BaseException],
        traceback: Optional[types.TracebackType],
    ) -> NoReturn:
        assert self._exc_info is not None
        # see #2703 for notes
        if type_ is None:
            exc_type, exc_value, exc_tb = self._exc_info
            assert exc_value is not None
            self._exc_info = None  # remove potential circular references
>           raise exc_value.with_traceback(exc_tb)

C:\Users\RMOHINDR\AppData\Local\Programs\Python\Python311\Lib\site-packages\sqlalchemy\util\langhelpers.py:121: 
_ _ _ _ _ _ _ _ _ _ _ _ _ _ _ _ _ _ _ _ _ _ _ _ _ _ _ _ _ _ _ _ _ _ _ _ _ _ _ _

self = <sqlalchemy.pool.base._ConnectionRecord object at 0x000001CEFAB2BE70>

    def __connect(self) -> None:
        pool = self.__pool
    
        # ensure any existing connection is removed, so that if
        # creator fails, this attribute stays None
        self.dbapi_connection = None
        try:
            self.starttime = time.time()
>           self.dbapi_connection = connection = pool._invoke_creator(self)
                                                 ^^^^^^^^^^^^^^^^^^^^^^^^^^

C:\Users\RMOHINDR\AppData\Local\Programs\Python\Python311\Lib\site-packages\sqlalchemy\pool\base.py:896: 
_ _ _ _ _ _ _ _ _ _ _ _ _ _ _ _ _ _ _ _ _ _ _ _ _ _ _ _ _ _ _ _ _ _ _ _ _ _ _ _

connection_record = <sqlalchemy.pool.base._ConnectionRecord object at 0x000001CEFAB2BE70>

    def connect(
        connection_record: Optional[ConnectionPoolEntry] = None,
    ) -> DBAPIConnection:
        if dialect._has_events:
            mutable_cargs = list(cargs_tup)
            mutable_cparams = dict(cparams)
            for fn in dialect.dispatch.do_connect:
                connection = cast(
                    DBAPIConnection,
                    fn(
                        dialect,
                        connection_record,
                        mutable_cargs,
                        mutable_cparams,
                    ),
                )
                if connection is not None:
                    return connection
            return dialect.connect(*mutable_cargs, **mutable_cparams)
        else:
>           return dialect.connect(*cargs_tup, **cparams)
                   ^^^^^^^^^^^^^^^^^^^^^^^^^^^^^^^^^^^^^^

C:\Users\RMOHINDR\AppData\Local\Programs\Python\Python311\Lib\site-packages\sqlalchemy\engine\create.py:667: 
_ _ _ _ _ _ _ _ _ _ _ _ _ _ _ _ _ _ _ _ _ _ _ _ _ _ _ _ _ _ _ _ _ _ _ _ _ _ _ _

self = <sqlalchemy.dialects.postgresql.psycopg2.PGDialect_psycopg2 object at 0x000001CEF9852D50>
cargs = ()
cparams = {'dbname': 'postgres', 'host': 'localhost', 'password': 'password', 'port': 5432, ...}

    def connect(self, *cargs: Any, **cparams: Any) -> DBAPIConnection:
        # inherits the docstring from interfaces.Dialect.connect
>       return self.loaded_dbapi.connect(*cargs, **cparams)  # type: ignore[no-any-return]  # NOQA: E501
               ^^^^^^^^^^^^^^^^^^^^^^^^^^^^^^^^^^^^^^^^^^^^

C:\Users\RMOHINDR\AppData\Local\Programs\Python\Python311\Lib\site-packages\sqlalchemy\engine\default.py:630: 
_ _ _ _ _ _ _ _ _ _ _ _ _ _ _ _ _ _ _ _ _ _ _ _ _ _ _ _ _ _ _ _ _ _ _ _ _ _ _ _

dsn = 'host=localhost dbname=postgres user=transportation password=password port=5432'
connection_factory = None, cursor_factory = None
kwargs = {'dbname': 'postgres', 'host': 'localhost', 'password': 'password', 'port': 5432, ...}
kwasync = {}

    def connect(dsn=None, connection_factory=None, cursor_factory=None, **kwargs):
        """
        Create a new database connection.
    
        The connection parameters can be specified as a string:
    
            conn = psycopg2.connect("dbname=test user=postgres password=secret")
    
        or using a set of keyword arguments:
    
            conn = psycopg2.connect(database="test", user="postgres", password="secret")
    
        Or as a mix of both. The basic connection parameters are:
    
        - *dbname*: the database name
        - *database*: the database name (only as keyword argument)
        - *user*: user name used to authenticate
        - *password*: password used to authenticate
        - *host*: database host address (defaults to UNIX socket if not provided)
        - *port*: connection port number (defaults to 5432 if not provided)
    
        Using the *connection_factory* parameter a different class or connections
        factory can be specified. It should be a callable object taking a dsn
        argument.
    
        Using the *cursor_factory* parameter, a new default cursor factory will be
        used by cursor().
    
        Using *async*=True an asynchronous connection will be created. *async_* is
        a valid alias (for Python versions where ``async`` is a keyword).
    
        Any other keyword parameter will be passed to the underlying client
        library: the list of supported parameters depends on the library version.
    
        """
        kwasync = {}
        if 'async' in kwargs:
            kwasync['async'] = kwargs.pop('async')
        if 'async_' in kwargs:
            kwasync['async_'] = kwargs.pop('async_')
    
        dsn = _ext.make_dsn(dsn, **kwargs)
>       conn = _connect(dsn, connection_factory=connection_factory, **kwasync)
               ^^^^^^^^^^^^^^^^^^^^^^^^^^^^^^^^^^^^^^^^^^^^^^^^^^^^^^^^^^^^^^^
E       sqlalchemy.exc.OperationalError: (psycopg2.OperationalError) connection to server at "localhost" (::1), port 5432 failed: Connection refused (0x0000274D/10061)
E       	Is the server running on that host and accepting TCP/IP connections?
E       connection to server at "localhost" (127.0.0.1), port 5432 failed: Connection refused (0x0000274D/10061)
E       	Is the server running on that host and accepting TCP/IP connections?
E       
E       (Background on this error at: https://sqlalche.me/e/20/e3q8)

C:\Users\RMOHINDR\AppData\Local\Programs\Python\Python311\Lib\site-packages\psycopg2\__init__.py:135: OperationalError
_ ERROR at setup of TestDeleteEndpointEnforcement.test_tc003_9_nonexistent_form_returns_404 _

self = <sqlalchemy.engine.base.Connection object at 0x000001CEFA8A9490>
engine = Engine(postgresql://transportation:***@localhost:5432/postgres)
connection = None, _has_events = None, _allow_revalidate = True
_allow_autobegin = True

    def __init__(
        self,
        engine: Engine,
        connection: Optional[PoolProxiedConnection] = None,
        _has_events: Optional[bool] = None,
        _allow_revalidate: bool = True,
        _allow_autobegin: bool = True,
    ):
        """Construct a new Connection."""
        self.engine = engine
        self.dialect = dialect = engine.dialect
    
        if connection is None:
            try:
>               self._dbapi_connection = engine.raw_connection()
                                         ^^^^^^^^^^^^^^^^^^^^^^^

C:\Users\RMOHINDR\AppData\Local\Programs\Python\Python311\Lib\site-packages\sqlalchemy\engine\base.py:143: 
_ _ _ _ _ _ _ _ _ _ _ _ _ _ _ _ _ _ _ _ _ _ _ _ _ _ _ _ _ _ _ _ _ _ _ _ _ _ _ _

self = Engine(postgresql://transportation:***@localhost:5432/postgres)

    def raw_connection(self) -> PoolProxiedConnection:
        """Return a "raw" DBAPI connection from the connection pool.
    
        The returned object is a proxied version of the DBAPI
        connection object used by the underlying driver in use.
        The object will have all the same behavior as the real DBAPI
        connection, except that its ``close()`` method will result in the
        connection being returned to the pool, rather than being closed
        for real.
    
        This method provides direct DBAPI connection access for
        special situations when the API provided by
        :class:`_engine.Connection`
        is not needed.   When a :class:`_engine.Connection` object is already
        present, the DBAPI connection is available using
        the :attr:`_engine.Connection.connection` accessor.
    
        .. seealso::
    
            :ref:`dbapi_connections`
    
        """
>       return self.pool.connect()
               ^^^^^^^^^^^^^^^^^^^

C:\Users\RMOHINDR\AppData\Local\Programs\Python\Python311\Lib\site-packages\sqlalchemy\engine\base.py:3317: 
_ _ _ _ _ _ _ _ _ _ _ _ _ _ _ _ _ _ _ _ _ _ _ _ _ _ _ _ _ _ _ _ _ _ _ _ _ _ _ _

self = <sqlalchemy.pool.impl.QueuePool object at 0x000001CEFAB7F450>

    def connect(self) -> PoolProxiedConnection:
        """Return a DBAPI connection from the pool.
    
        The connection is instrumented such that when its
        ``close()`` method is called, the connection will be returned to
        the pool.
    
        """
>       return _ConnectionFairy._checkout(self)
               ^^^^^^^^^^^^^^^^^^^^^^^^^^^^^^^^

C:\Users\RMOHINDR\AppData\Local\Programs\Python\Python311\Lib\site-packages\sqlalchemy\pool\base.py:448: 
_ _ _ _ _ _ _ _ _ _ _ _ _ _ _ _ _ _ _ _ _ _ _ _ _ _ _ _ _ _ _ _ _ _ _ _ _ _ _ _

cls = <class 'sqlalchemy.pool.base._ConnectionFairy'>
pool = <sqlalchemy.pool.impl.QueuePool object at 0x000001CEFAB7F450>
threadconns = None, fairy = None

    @classmethod
    def _checkout(
        cls,
        pool: Pool,
        threadconns: Optional[threading.local] = None,
        fairy: Optional[_ConnectionFairy] = None,
    ) -> _ConnectionFairy:
        if not fairy:
>           fairy = _ConnectionRecord.checkout(pool)
                    ^^^^^^^^^^^^^^^^^^^^^^^^^^^^^^^^

C:\Users\RMOHINDR\AppData\Local\Programs\Python\Python311\Lib\site-packages\sqlalchemy\pool\base.py:1272: 
_ _ _ _ _ _ _ _ _ _ _ _ _ _ _ _ _ _ _ _ _ _ _ _ _ _ _ _ _ _ _ _ _ _ _ _ _ _ _ _

cls = <class 'sqlalchemy.pool.base._ConnectionRecord'>
pool = <sqlalchemy.pool.impl.QueuePool object at 0x000001CEFAB7F450>

    @classmethod
    def checkout(cls, pool: Pool) -> _ConnectionFairy:
        if TYPE_CHECKING:
            rec = cast(_ConnectionRecord, pool._do_get())
        else:
>           rec = pool._do_get()
                  ^^^^^^^^^^^^^^

C:\Users\RMOHINDR\AppData\Local\Programs\Python\Python311\Lib\site-packages\sqlalchemy\pool\base.py:712: 
_ _ _ _ _ _ _ _ _ _ _ _ _ _ _ _ _ _ _ _ _ _ _ _ _ _ _ _ _ _ _ _ _ _ _ _ _ _ _ _

self = <sqlalchemy.pool.impl.QueuePool object at 0x000001CEFAB7F450>

    def _do_get(self) -> ConnectionPoolEntry:
        use_overflow = self._max_overflow > -1
    
        wait = use_overflow and self._overflow >= self._max_overflow
        try:
            return self._pool.get(wait, self._timeout)
        except sqla_queue.Empty:
            # don't do things inside of "except Empty", because when we say
            # we timed out or can't connect and raise, Python 3 tells
            # people the real error is queue.Empty which it isn't.
            pass
        if use_overflow and self._overflow >= self._max_overflow:
            if not wait:
                return self._do_get()
            else:
                raise exc.TimeoutError(
                    "QueuePool limit of size %d overflow %d reached, "
                    "connection timed out, timeout %0.2f"
                    % (self.size(), self.overflow(), self._timeout),
                    code="3o7r",
                )
    
        if self._inc_overflow():
            try:
                return self._create_connection()
            except:
>               with util.safe_reraise():

C:\Users\RMOHINDR\AppData\Local\Programs\Python\Python311\Lib\site-packages\sqlalchemy\pool\impl.py:177: 
_ _ _ _ _ _ _ _ _ _ _ _ _ _ _ _ _ _ _ _ _ _ _ _ _ _ _ _ _ _ _ _ _ _ _ _ _ _ _ _

self = <sqlalchemy.util.langhelpers.safe_reraise object at 0x000001CEFAB43E50>
type_ = None, value = None, traceback = None

    def __exit__(
        self,
        type_: Optional[Type[BaseException]],
        value: Optional[BaseException],
        traceback: Optional[types.TracebackType],
    ) -> NoReturn:
        assert self._exc_info is not None
        # see #2703 for notes
        if type_ is None:
            exc_type, exc_value, exc_tb = self._exc_info
            assert exc_value is not None
            self._exc_info = None  # remove potential circular references
>           raise exc_value.with_traceback(exc_tb)

C:\Users\RMOHINDR\AppData\Local\Programs\Python\Python311\Lib\site-packages\sqlalchemy\util\langhelpers.py:121: 
_ _ _ _ _ _ _ _ _ _ _ _ _ _ _ _ _ _ _ _ _ _ _ _ _ _ _ _ _ _ _ _ _ _ _ _ _ _ _ _

self = <sqlalchemy.pool.impl.QueuePool object at 0x000001CEFAB7F450>

    def _do_get(self) -> ConnectionPoolEntry:
        use_overflow = self._max_overflow > -1
    
        wait = use_overflow and self._overflow >= self._max_overflow
        try:
            return self._pool.get(wait, self._timeout)
        except sqla_queue.Empty:
            # don't do things inside of "except Empty", because when we say
            # we timed out or can't connect and raise, Python 3 tells
            # people the real error is queue.Empty which it isn't.
            pass
        if use_overflow and self._overflow >= self._max_overflow:
            if not wait:
                return self._do_get()
            else:
                raise exc.TimeoutError(
                    "QueuePool limit of size %d overflow %d reached, "
                    "connection timed out, timeout %0.2f"
                    % (self.size(), self.overflow(), self._timeout),
                    code="3o7r",
                )
    
        if self._inc_overflow():
            try:
>               return self._create_connection()
                       ^^^^^^^^^^^^^^^^^^^^^^^^^

C:\Users\RMOHINDR\AppData\Local\Programs\Python\Python311\Lib\site-packages\sqlalchemy\pool\impl.py:175: 
_ _ _ _ _ _ _ _ _ _ _ _ _ _ _ _ _ _ _ _ _ _ _ _ _ _ _ _ _ _ _ _ _ _ _ _ _ _ _ _

self = <sqlalchemy.pool.impl.QueuePool object at 0x000001CEFAB7F450>

    def _create_connection(self) -> ConnectionPoolEntry:
        """Called by subclasses to create a new ConnectionRecord."""
    
>       return _ConnectionRecord(self)
               ^^^^^^^^^^^^^^^^^^^^^^^

C:\Users\RMOHINDR\AppData\Local\Programs\Python\Python311\Lib\site-packages\sqlalchemy\pool\base.py:389: 
_ _ _ _ _ _ _ _ _ _ _ _ _ _ _ _ _ _ _ _ _ _ _ _ _ _ _ _ _ _ _ _ _ _ _ _ _ _ _ _

self = <sqlalchemy.pool.base._ConnectionRecord object at 0x000001CEFAB2BE70>
pool = <sqlalchemy.pool.impl.QueuePool object at 0x000001CEFAB7F450>
connect = True

    def __init__(self, pool: Pool, connect: bool = True):
        self.fresh = False
        self.fairy_ref = None
        self.starttime = 0
        self.dbapi_connection = None
    
        self.__pool = pool
        if connect:
>           self.__connect()

C:\Users\RMOHINDR\AppData\Local\Programs\Python\Python311\Lib\site-packages\sqlalchemy\pool\base.py:674: 
_ _ _ _ _ _ _ _ _ _ _ _ _ _ _ _ _ _ _ _ _ _ _ _ _ _ _ _ _ _ _ _ _ _ _ _ _ _ _ _

self = <sqlalchemy.pool.base._ConnectionRecord object at 0x000001CEFAB2BE70>

    def __connect(self) -> None:
        pool = self.__pool
    
        # ensure any existing connection is removed, so that if
        # creator fails, this attribute stays None
        self.dbapi_connection = None
        try:
            self.starttime = time.time()
            self.dbapi_connection = connection = pool._invoke_creator(self)
            pool.logger.debug("Created new connection %r", connection)
            self.fresh = True
        except BaseException as e:
>           with util.safe_reraise():

C:\Users\RMOHINDR\AppData\Local\Programs\Python\Python311\Lib\site-packages\sqlalchemy\pool\base.py:900: 
_ _ _ _ _ _ _ _ _ _ _ _ _ _ _ _ _ _ _ _ _ _ _ _ _ _ _ _ _ _ _ _ _ _ _ _ _ _ _ _

self = <sqlalchemy.util.langhelpers.safe_reraise object at 0x000001CEFAB43D60>
type_ = None, value = None, traceback = None

    def __exit__(
        self,
        type_: Optional[Type[BaseException]],
        value: Optional[BaseException],
        traceback: Optional[types.TracebackType],
    ) -> NoReturn:
        assert self._exc_info is not None
        # see #2703 for notes
        if type_ is None:
            exc_type, exc_value, exc_tb = self._exc_info
            assert exc_value is not None
            self._exc_info = None  # remove potential circular references
>           raise exc_value.with_traceback(exc_tb)

C:\Users\RMOHINDR\AppData\Local\Programs\Python\Python311\Lib\site-packages\sqlalchemy\util\langhelpers.py:121: 
_ _ _ _ _ _ _ _ _ _ _ _ _ _ _ _ _ _ _ _ _ _ _ _ _ _ _ _ _ _ _ _ _ _ _ _ _ _ _ _

self = <sqlalchemy.pool.base._ConnectionRecord object at 0x000001CEFAB2BE70>

    def __connect(self) -> None:
        pool = self.__pool
    
        # ensure any existing connection is removed, so that if
        # creator fails, this attribute stays None
        self.dbapi_connection = None
        try:
            self.starttime = time.time()
>           self.dbapi_connection = connection = pool._invoke_creator(self)
                                                 ^^^^^^^^^^^^^^^^^^^^^^^^^^

C:\Users\RMOHINDR\AppData\Local\Programs\Python\Python311\Lib\site-packages\sqlalchemy\pool\base.py:896: 
_ _ _ _ _ _ _ _ _ _ _ _ _ _ _ _ _ _ _ _ _ _ _ _ _ _ _ _ _ _ _ _ _ _ _ _ _ _ _ _

connection_record = <sqlalchemy.pool.base._ConnectionRecord object at 0x000001CEFAB2BE70>

    def connect(
        connection_record: Optional[ConnectionPoolEntry] = None,
    ) -> DBAPIConnection:
        if dialect._has_events:
            mutable_cargs = list(cargs_tup)
            mutable_cparams = dict(cparams)
            for fn in dialect.dispatch.do_connect:
                connection = cast(
                    DBAPIConnection,
                    fn(
                        dialect,
                        connection_record,
                        mutable_cargs,
                        mutable_cparams,
                    ),
                )
                if connection is not None:
                    return connection
            return dialect.connect(*mutable_cargs, **mutable_cparams)
        else:
>           return dialect.connect(*cargs_tup, **cparams)
                   ^^^^^^^^^^^^^^^^^^^^^^^^^^^^^^^^^^^^^^

C:\Users\RMOHINDR\AppData\Local\Programs\Python\Python311\Lib\site-packages\sqlalchemy\engine\create.py:667: 
_ _ _ _ _ _ _ _ _ _ _ _ _ _ _ _ _ _ _ _ _ _ _ _ _ _ _ _ _ _ _ _ _ _ _ _ _ _ _ _

self = <sqlalchemy.dialects.postgresql.psycopg2.PGDialect_psycopg2 object at 0x000001CEF9852D50>
cargs = ()
cparams = {'dbname': 'postgres', 'host': 'localhost', 'password': 'password', 'port': 5432, ...}

    def connect(self, *cargs: Any, **cparams: Any) -> DBAPIConnection:
        # inherits the docstring from interfaces.Dialect.connect
>       return self.loaded_dbapi.connect(*cargs, **cparams)  # type: ignore[no-any-return]  # NOQA: E501
               ^^^^^^^^^^^^^^^^^^^^^^^^^^^^^^^^^^^^^^^^^^^^

C:\Users\RMOHINDR\AppData\Local\Programs\Python\Python311\Lib\site-packages\sqlalchemy\engine\default.py:630: 
_ _ _ _ _ _ _ _ _ _ _ _ _ _ _ _ _ _ _ _ _ _ _ _ _ _ _ _ _ _ _ _ _ _ _ _ _ _ _ _

dsn = 'host=localhost dbname=postgres user=transportation password=password port=5432'
connection_factory = None, cursor_factory = None
kwargs = {'dbname': 'postgres', 'host': 'localhost', 'password': 'password', 'port': 5432, ...}
kwasync = {}

    def connect(dsn=None, connection_factory=None, cursor_factory=None, **kwargs):
        """
        Create a new database connection.
    
        The connection parameters can be specified as a string:
    
            conn = psycopg2.connect("dbname=test user=postgres password=secret")
    
        or using a set of keyword arguments:
    
            conn = psycopg2.connect(database="test", user="postgres", password="secret")
    
        Or as a mix of both. The basic connection parameters are:
    
        - *dbname*: the database name
        - *database*: the database name (only as keyword argument)
        - *user*: user name used to authenticate
        - *password*: password used to authenticate
        - *host*: database host address (defaults to UNIX socket if not provided)
        - *port*: connection port number (defaults to 5432 if not provided)
    
        Using the *connection_factory* parameter a different class or connections
        factory can be specified. It should be a callable object taking a dsn
        argument.
    
        Using the *cursor_factory* parameter, a new default cursor factory will be
        used by cursor().
    
        Using *async*=True an asynchronous connection will be created. *async_* is
        a valid alias (for Python versions where ``async`` is a keyword).
    
        Any other keyword parameter will be passed to the underlying client
        library: the list of supported parameters depends on the library version.
    
        """
        kwasync = {}
        if 'async' in kwargs:
            kwasync['async'] = kwargs.pop('async')
        if 'async_' in kwargs:
            kwasync['async_'] = kwargs.pop('async_')
    
        dsn = _ext.make_dsn(dsn, **kwargs)
>       conn = _connect(dsn, connection_factory=connection_factory, **kwasync)
               ^^^^^^^^^^^^^^^^^^^^^^^^^^^^^^^^^^^^^^^^^^^^^^^^^^^^^^^^^^^^^^^
E       psycopg2.OperationalError: connection to server at "localhost" (::1), port 5432 failed: Connection refused (0x0000274D/10061)
E       	Is the server running on that host and accepting TCP/IP connections?
E       connection to server at "localhost" (127.0.0.1), port 5432 failed: Connection refused (0x0000274D/10061)
E       	Is the server running on that host and accepting TCP/IP connections?

C:\Users\RMOHINDR\AppData\Local\Programs\Python\Python311\Lib\site-packages\psycopg2\__init__.py:135: OperationalError

The above exception was the direct cause of the following exception:

    @pytest.fixture(scope="session")
    def _test_engine():
        """Create the test database (if needed) and return an engine bound to it.
    
        The database is created once per test session and the full schema is
        applied via ``Base.metadata.create_all``.
        """
        # Connect to the admin database to create the test database.
        admin_engine = create_engine(_PG_ADMIN_URL, isolation_level="AUTOCOMMIT")
>       with admin_engine.connect() as conn:
             ^^^^^^^^^^^^^^^^^^^^^^

apps\backend\tests\conftest.py:69: 
_ _ _ _ _ _ _ _ _ _ _ _ _ _ _ _ _ _ _ _ _ _ _ _ _ _ _ _ _ _ _ _ _ _ _ _ _ _ _ _

self = Engine(postgresql://transportation:***@localhost:5432/postgres)

    def connect(self) -> Connection:
        """Return a new :class:`_engine.Connection` object.
    
        The :class:`_engine.Connection` acts as a Python context manager, so
        the typical use of this method looks like::
    
            with engine.connect() as connection:
                connection.execute(text("insert into table values ('foo')"))
                connection.commit()
    
        Where above, after the block is completed, the connection is "closed"
        and its underlying DBAPI resources are returned to the connection pool.
        This also has the effect of rolling back any transaction that
        was explicitly begun or was begun via autobegin, and will
        emit the :meth:`_events.ConnectionEvents.rollback` event if one was
        started and is still in progress.
    
        .. seealso::
    
            :meth:`_engine.Engine.begin`
    
        """
    
>       return self._connection_cls(self)
               ^^^^^^^^^^^^^^^^^^^^^^^^^^

C:\Users\RMOHINDR\AppData\Local\Programs\Python\Python311\Lib\site-packages\sqlalchemy\engine\base.py:3293: 
_ _ _ _ _ _ _ _ _ _ _ _ _ _ _ _ _ _ _ _ _ _ _ _ _ _ _ _ _ _ _ _ _ _ _ _ _ _ _ _

self = <sqlalchemy.engine.base.Connection object at 0x000001CEFA8A9490>
engine = Engine(postgresql://transportation:***@localhost:5432/postgres)
connection = None, _has_events = None, _allow_revalidate = True
_allow_autobegin = True

    def __init__(
        self,
        engine: Engine,
        connection: Optional[PoolProxiedConnection] = None,
        _has_events: Optional[bool] = None,
        _allow_revalidate: bool = True,
        _allow_autobegin: bool = True,
    ):
        """Construct a new Connection."""
        self.engine = engine
        self.dialect = dialect = engine.dialect
    
        if connection is None:
            try:
                self._dbapi_connection = engine.raw_connection()
            except dialect.loaded_dbapi.Error as err:
>               Connection._handle_dbapi_exception_noconnection(
                    err, dialect, engine
                )

C:\Users\RMOHINDR\AppData\Local\Programs\Python\Python311\Lib\site-packages\sqlalchemy\engine\base.py:145: 
_ _ _ _ _ _ _ _ _ _ _ _ _ _ _ _ _ _ _ _ _ _ _ _ _ _ _ _ _ _ _ _ _ _ _ _ _ _ _ _

cls = <class 'sqlalchemy.engine.base.Connection'>
e = OperationalError('connection to server at "localhost" (::1), port 5432 failed: Connection refused (0x0000274D/10061)\n...iled: Connection refused (0x0000274D/10061)\n\tIs the server running on that host and accepting TCP/IP connections?\n')
dialect = <sqlalchemy.dialects.postgresql.psycopg2.PGDialect_psycopg2 object at 0x000001CEF9852D50>
engine = Engine(postgresql://transportation:***@localhost:5432/postgres)
is_disconnect = False, invalidate_pool_on_disconnect = True, is_pre_ping = False

    @classmethod
    def _handle_dbapi_exception_noconnection(
        cls,
        e: BaseException,
        dialect: Dialect,
        engine: Optional[Engine] = None,
        is_disconnect: Optional[bool] = None,
        invalidate_pool_on_disconnect: bool = True,
        is_pre_ping: bool = False,
    ) -> NoReturn:
        exc_info = sys.exc_info()
    
        if is_disconnect is None:
            is_disconnect = isinstance(
                e, dialect.loaded_dbapi.Error
            ) and dialect.is_disconnect(e, None, None)
    
        should_wrap = isinstance(e, dialect.loaded_dbapi.Error)
    
        if should_wrap:
            sqlalchemy_exception = exc.DBAPIError.instance(
                None,
                None,
                cast(Exception, e),
                dialect.loaded_dbapi.Error,
                hide_parameters=(
                    engine.hide_parameters if engine is not None else False
                ),
                connection_invalidated=is_disconnect,
                dialect=dialect,
            )
        else:
            sqlalchemy_exception = None
    
        newraise = None
    
        if dialect._has_events:
            ctx = ExceptionContextImpl(
                e,
                sqlalchemy_exception,
                engine,
                dialect,
                None,
                None,
                None,
                None,
                None,
                is_disconnect,
                invalidate_pool_on_disconnect,
                is_pre_ping,
            )
            for fn in dialect.dispatch.handle_error:
                try:
                    # handler returns an exception;
                    # call next handler in a chain
                    per_fn = fn(ctx)
                    if per_fn is not None:
                        ctx.chained_exception = newraise = per_fn
                except Exception as _raised:
                    # handler raises an exception - stop processing
                    newraise = _raised
                    break
    
            if sqlalchemy_exception and is_disconnect != ctx.is_disconnect:
                sqlalchemy_exception.connection_invalidated = ctx.is_disconnect
    
        if newraise:
            raise newraise.with_traceback(exc_info[2]) from e
        elif should_wrap:
            assert sqlalchemy_exception is not None
>           raise sqlalchemy_exception.with_traceback(exc_info[2]) from e

C:\Users\RMOHINDR\AppData\Local\Programs\Python\Python311\Lib\site-packages\sqlalchemy\engine\base.py:2448: 
_ _ _ _ _ _ _ _ _ _ _ _ _ _ _ _ _ _ _ _ _ _ _ _ _ _ _ _ _ _ _ _ _ _ _ _ _ _ _ _

self = <sqlalchemy.engine.base.Connection object at 0x000001CEFA8A9490>
engine = Engine(postgresql://transportation:***@localhost:5432/postgres)
connection = None, _has_events = None, _allow_revalidate = True
_allow_autobegin = True

    def __init__(
        self,
        engine: Engine,
        connection: Optional[PoolProxiedConnection] = None,
        _has_events: Optional[bool] = None,
        _allow_revalidate: bool = True,
        _allow_autobegin: bool = True,
    ):
        """Construct a new Connection."""
        self.engine = engine
        self.dialect = dialect = engine.dialect
    
        if connection is None:
            try:
>               self._dbapi_connection = engine.raw_connection()
                                         ^^^^^^^^^^^^^^^^^^^^^^^

C:\Users\RMOHINDR\AppData\Local\Programs\Python\Python311\Lib\site-packages\sqlalchemy\engine\base.py:143: 
_ _ _ _ _ _ _ _ _ _ _ _ _ _ _ _ _ _ _ _ _ _ _ _ _ _ _ _ _ _ _ _ _ _ _ _ _ _ _ _

self = Engine(postgresql://transportation:***@localhost:5432/postgres)

    def raw_connection(self) -> PoolProxiedConnection:
        """Return a "raw" DBAPI connection from the connection pool.
    
        The returned object is a proxied version of the DBAPI
        connection object used by the underlying driver in use.
        The object will have all the same behavior as the real DBAPI
        connection, except that its ``close()`` method will result in the
        connection being returned to the pool, rather than being closed
        for real.
    
        This method provides direct DBAPI connection access for
        special situations when the API provided by
        :class:`_engine.Connection`
        is not needed.   When a :class:`_engine.Connection` object is already
        present, the DBAPI connection is available using
        the :attr:`_engine.Connection.connection` accessor.
    
        .. seealso::
    
            :ref:`dbapi_connections`
    
        """
>       return self.pool.connect()
               ^^^^^^^^^^^^^^^^^^^

C:\Users\RMOHINDR\AppData\Local\Programs\Python\Python311\Lib\site-packages\sqlalchemy\engine\base.py:3317: 
_ _ _ _ _ _ _ _ _ _ _ _ _ _ _ _ _ _ _ _ _ _ _ _ _ _ _ _ _ _ _ _ _ _ _ _ _ _ _ _

self = <sqlalchemy.pool.impl.QueuePool object at 0x000001CEFAB7F450>

    def connect(self) -> PoolProxiedConnection:
        """Return a DBAPI connection from the pool.
    
        The connection is instrumented such that when its
        ``close()`` method is called, the connection will be returned to
        the pool.
    
        """
>       return _ConnectionFairy._checkout(self)
               ^^^^^^^^^^^^^^^^^^^^^^^^^^^^^^^^

C:\Users\RMOHINDR\AppData\Local\Programs\Python\Python311\Lib\site-packages\sqlalchemy\pool\base.py:448: 
_ _ _ _ _ _ _ _ _ _ _ _ _ _ _ _ _ _ _ _ _ _ _ _ _ _ _ _ _ _ _ _ _ _ _ _ _ _ _ _

cls = <class 'sqlalchemy.pool.base._ConnectionFairy'>
pool = <sqlalchemy.pool.impl.QueuePool object at 0x000001CEFAB7F450>
threadconns = None, fairy = None

    @classmethod
    def _checkout(
        cls,
        pool: Pool,
        threadconns: Optional[threading.local] = None,
        fairy: Optional[_ConnectionFairy] = None,
    ) -> _ConnectionFairy:
        if not fairy:
>           fairy = _ConnectionRecord.checkout(pool)
                    ^^^^^^^^^^^^^^^^^^^^^^^^^^^^^^^^

C:\Users\RMOHINDR\AppData\Local\Programs\Python\Python311\Lib\site-packages\sqlalchemy\pool\base.py:1272: 
_ _ _ _ _ _ _ _ _ _ _ _ _ _ _ _ _ _ _ _ _ _ _ _ _ _ _ _ _ _ _ _ _ _ _ _ _ _ _ _

cls = <class 'sqlalchemy.pool.base._ConnectionRecord'>
pool = <sqlalchemy.pool.impl.QueuePool object at 0x000001CEFAB7F450>

    @classmethod
    def checkout(cls, pool: Pool) -> _ConnectionFairy:
        if TYPE_CHECKING:
            rec = cast(_ConnectionRecord, pool._do_get())
        else:
>           rec = pool._do_get()
                  ^^^^^^^^^^^^^^

C:\Users\RMOHINDR\AppData\Local\Programs\Python\Python311\Lib\site-packages\sqlalchemy\pool\base.py:712: 
_ _ _ _ _ _ _ _ _ _ _ _ _ _ _ _ _ _ _ _ _ _ _ _ _ _ _ _ _ _ _ _ _ _ _ _ _ _ _ _

self = <sqlalchemy.pool.impl.QueuePool object at 0x000001CEFAB7F450>

    def _do_get(self) -> ConnectionPoolEntry:
        use_overflow = self._max_overflow > -1
    
        wait = use_overflow and self._overflow >= self._max_overflow
        try:
            return self._pool.get(wait, self._timeout)
        except sqla_queue.Empty:
            # don't do things inside of "except Empty", because when we say
            # we timed out or can't connect and raise, Python 3 tells
            # people the real error is queue.Empty which it isn't.
            pass
        if use_overflow and self._overflow >= self._max_overflow:
            if not wait:
                return self._do_get()
            else:
                raise exc.TimeoutError(
                    "QueuePool limit of size %d overflow %d reached, "
                    "connection timed out, timeout %0.2f"
                    % (self.size(), self.overflow(), self._timeout),
                    code="3o7r",
                )
    
        if self._inc_overflow():
            try:
                return self._create_connection()
            except:
>               with util.safe_reraise():

C:\Users\RMOHINDR\AppData\Local\Programs\Python\Python311\Lib\site-packages\sqlalchemy\pool\impl.py:177: 
_ _ _ _ _ _ _ _ _ _ _ _ _ _ _ _ _ _ _ _ _ _ _ _ _ _ _ _ _ _ _ _ _ _ _ _ _ _ _ _

self = <sqlalchemy.util.langhelpers.safe_reraise object at 0x000001CEFAB43E50>
type_ = None, value = None, traceback = None

    def __exit__(
        self,
        type_: Optional[Type[BaseException]],
        value: Optional[BaseException],
        traceback: Optional[types.TracebackType],
    ) -> NoReturn:
        assert self._exc_info is not None
        # see #2703 for notes
        if type_ is None:
            exc_type, exc_value, exc_tb = self._exc_info
            assert exc_value is not None
            self._exc_info = None  # remove potential circular references
>           raise exc_value.with_traceback(exc_tb)

C:\Users\RMOHINDR\AppData\Local\Programs\Python\Python311\Lib\site-packages\sqlalchemy\util\langhelpers.py:121: 
_ _ _ _ _ _ _ _ _ _ _ _ _ _ _ _ _ _ _ _ _ _ _ _ _ _ _ _ _ _ _ _ _ _ _ _ _ _ _ _

self = <sqlalchemy.pool.impl.QueuePool object at 0x000001CEFAB7F450>

    def _do_get(self) -> ConnectionPoolEntry:
        use_overflow = self._max_overflow > -1
    
        wait = use_overflow and self._overflow >= self._max_overflow
        try:
            return self._pool.get(wait, self._timeout)
        except sqla_queue.Empty:
            # don't do things inside of "except Empty", because when we say
            # we timed out or can't connect and raise, Python 3 tells
            # people the real error is queue.Empty which it isn't.
            pass
        if use_overflow and self._overflow >= self._max_overflow:
            if not wait:
                return self._do_get()
            else:
                raise exc.TimeoutError(
                    "QueuePool limit of size %d overflow %d reached, "
                    "connection timed out, timeout %0.2f"
                    % (self.size(), self.overflow(), self._timeout),
                    code="3o7r",
                )
    
        if self._inc_overflow():
            try:
>               return self._create_connection()
                       ^^^^^^^^^^^^^^^^^^^^^^^^^

C:\Users\RMOHINDR\AppData\Local\Programs\Python\Python311\Lib\site-packages\sqlalchemy\pool\impl.py:175: 
_ _ _ _ _ _ _ _ _ _ _ _ _ _ _ _ _ _ _ _ _ _ _ _ _ _ _ _ _ _ _ _ _ _ _ _ _ _ _ _

self = <sqlalchemy.pool.impl.QueuePool object at 0x000001CEFAB7F450>

    def _create_connection(self) -> ConnectionPoolEntry:
        """Called by subclasses to create a new ConnectionRecord."""
    
>       return _ConnectionRecord(self)
               ^^^^^^^^^^^^^^^^^^^^^^^

C:\Users\RMOHINDR\AppData\Local\Programs\Python\Python311\Lib\site-packages\sqlalchemy\pool\base.py:389: 
_ _ _ _ _ _ _ _ _ _ _ _ _ _ _ _ _ _ _ _ _ _ _ _ _ _ _ _ _ _ _ _ _ _ _ _ _ _ _ _

self = <sqlalchemy.pool.base._ConnectionRecord object at 0x000001CEFAB2BE70>
pool = <sqlalchemy.pool.impl.QueuePool object at 0x000001CEFAB7F450>
connect = True

    def __init__(self, pool: Pool, connect: bool = True):
        self.fresh = False
        self.fairy_ref = None
        self.starttime = 0
        self.dbapi_connection = None
    
        self.__pool = pool
        if connect:
>           self.__connect()

C:\Users\RMOHINDR\AppData\Local\Programs\Python\Python311\Lib\site-packages\sqlalchemy\pool\base.py:674: 
_ _ _ _ _ _ _ _ _ _ _ _ _ _ _ _ _ _ _ _ _ _ _ _ _ _ _ _ _ _ _ _ _ _ _ _ _ _ _ _

self = <sqlalchemy.pool.base._ConnectionRecord object at 0x000001CEFAB2BE70>

    def __connect(self) -> None:
        pool = self.__pool
    
        # ensure any existing connection is removed, so that if
        # creator fails, this attribute stays None
        self.dbapi_connection = None
        try:
            self.starttime = time.time()
            self.dbapi_connection = connection = pool._invoke_creator(self)
            pool.logger.debug("Created new connection %r", connection)
            self.fresh = True
        except BaseException as e:
>           with util.safe_reraise():

C:\Users\RMOHINDR\AppData\Local\Programs\Python\Python311\Lib\site-packages\sqlalchemy\pool\base.py:900: 
_ _ _ _ _ _ _ _ _ _ _ _ _ _ _ _ _ _ _ _ _ _ _ _ _ _ _ _ _ _ _ _ _ _ _ _ _ _ _ _

self = <sqlalchemy.util.langhelpers.safe_reraise object at 0x000001CEFAB43D60>
type_ = None, value = None, traceback = None

    def __exit__(
        self,
        type_: Optional[Type[BaseException]],
        value: Optional[BaseException],
        traceback: Optional[types.TracebackType],
    ) -> NoReturn:
        assert self._exc_info is not None
        # see #2703 for notes
        if type_ is None:
            exc_type, exc_value, exc_tb = self._exc_info
            assert exc_value is not None
            self._exc_info = None  # remove potential circular references
>           raise exc_value.with_traceback(exc_tb)

C:\Users\RMOHINDR\AppData\Local\Programs\Python\Python311\Lib\site-packages\sqlalchemy\util\langhelpers.py:121: 
_ _ _ _ _ _ _ _ _ _ _ _ _ _ _ _ _ _ _ _ _ _ _ _ _ _ _ _ _ _ _ _ _ _ _ _ _ _ _ _

self = <sqlalchemy.pool.base._ConnectionRecord object at 0x000001CEFAB2BE70>

    def __connect(self) -> None:
        pool = self.__pool
    
        # ensure any existing connection is removed, so that if
        # creator fails, this attribute stays None
        self.dbapi_connection = None
        try:
            self.starttime = time.time()
>           self.dbapi_connection = connection = pool._invoke_creator(self)
                                                 ^^^^^^^^^^^^^^^^^^^^^^^^^^

C:\Users\RMOHINDR\AppData\Local\Programs\Python\Python311\Lib\site-packages\sqlalchemy\pool\base.py:896: 
_ _ _ _ _ _ _ _ _ _ _ _ _ _ _ _ _ _ _ _ _ _ _ _ _ _ _ _ _ _ _ _ _ _ _ _ _ _ _ _

connection_record = <sqlalchemy.pool.base._ConnectionRecord object at 0x000001CEFAB2BE70>

    def connect(
        connection_record: Optional[ConnectionPoolEntry] = None,
    ) -> DBAPIConnection:
        if dialect._has_events:
            mutable_cargs = list(cargs_tup)
            mutable_cparams = dict(cparams)
            for fn in dialect.dispatch.do_connect:
                connection = cast(
                    DBAPIConnection,
                    fn(
                        dialect,
                        connection_record,
                        mutable_cargs,
                        mutable_cparams,
                    ),
                )
                if connection is not None:
                    return connection
            return dialect.connect(*mutable_cargs, **mutable_cparams)
        else:
>           return dialect.connect(*cargs_tup, **cparams)
                   ^^^^^^^^^^^^^^^^^^^^^^^^^^^^^^^^^^^^^^

C:\Users\RMOHINDR\AppData\Local\Programs\Python\Python311\Lib\site-packages\sqlalchemy\engine\create.py:667: 
_ _ _ _ _ _ _ _ _ _ _ _ _ _ _ _ _ _ _ _ _ _ _ _ _ _ _ _ _ _ _ _ _ _ _ _ _ _ _ _

self = <sqlalchemy.dialects.postgresql.psycopg2.PGDialect_psycopg2 object at 0x000001CEF9852D50>
cargs = ()
cparams = {'dbname': 'postgres', 'host': 'localhost', 'password': 'password', 'port': 5432, ...}

    def connect(self, *cargs: Any, **cparams: Any) -> DBAPIConnection:
        # inherits the docstring from interfaces.Dialect.connect
>       return self.loaded_dbapi.connect(*cargs, **cparams)  # type: ignore[no-any-return]  # NOQA: E501
               ^^^^^^^^^^^^^^^^^^^^^^^^^^^^^^^^^^^^^^^^^^^^

C:\Users\RMOHINDR\AppData\Local\Programs\Python\Python311\Lib\site-packages\sqlalchemy\engine\default.py:630: 
_ _ _ _ _ _ _ _ _ _ _ _ _ _ _ _ _ _ _ _ _ _ _ _ _ _ _ _ _ _ _ _ _ _ _ _ _ _ _ _

dsn = 'host=localhost dbname=postgres user=transportation password=password port=5432'
connection_factory = None, cursor_factory = None
kwargs = {'dbname': 'postgres', 'host': 'localhost', 'password': 'password', 'port': 5432, ...}
kwasync = {}

    def connect(dsn=None, connection_factory=None, cursor_factory=None, **kwargs):
        """
        Create a new database connection.
    
        The connection parameters can be specified as a string:
    
            conn = psycopg2.connect("dbname=test user=postgres password=secret")
    
        or using a set of keyword arguments:
    
            conn = psycopg2.connect(database="test", user="postgres", password="secret")
    
        Or as a mix of both. The basic connection parameters are:
    
        - *dbname*: the database name
        - *database*: the database name (only as keyword argument)
        - *user*: user name used to authenticate
        - *password*: password used to authenticate
        - *host*: database host address (defaults to UNIX socket if not provided)
        - *port*: connection port number (defaults to 5432 if not provided)
    
        Using the *connection_factory* parameter a different class or connections
        factory can be specified. It should be a callable object taking a dsn
        argument.
    
        Using the *cursor_factory* parameter, a new default cursor factory will be
        used by cursor().
    
        Using *async*=True an asynchronous connection will be created. *async_* is
        a valid alias (for Python versions where ``async`` is a keyword).
    
        Any other keyword parameter will be passed to the underlying client
        library: the list of supported parameters depends on the library version.
    
        """
        kwasync = {}
        if 'async' in kwargs:
            kwasync['async'] = kwargs.pop('async')
        if 'async_' in kwargs:
            kwasync['async_'] = kwargs.pop('async_')
    
        dsn = _ext.make_dsn(dsn, **kwargs)
>       conn = _connect(dsn, connection_factory=connection_factory, **kwasync)
               ^^^^^^^^^^^^^^^^^^^^^^^^^^^^^^^^^^^^^^^^^^^^^^^^^^^^^^^^^^^^^^^
E       sqlalchemy.exc.OperationalError: (psycopg2.OperationalError) connection to server at "localhost" (::1), port 5432 failed: Connection refused (0x0000274D/10061)
E       	Is the server running on that host and accepting TCP/IP connections?
E       connection to server at "localhost" (127.0.0.1), port 5432 failed: Connection refused (0x0000274D/10061)
E       	Is the server running on that host and accepting TCP/IP connections?
E       
E       (Background on this error at: https://sqlalche.me/e/20/e3q8)

C:\Users\RMOHINDR\AppData\Local\Programs\Python\Python311\Lib\site-packages\psycopg2\__init__.py:135: OperationalError
_ ERROR at setup of TestDeleteEndpointEnforcement.test_tc003_9c_invalid_uuid_returns_400 _

self = <sqlalchemy.engine.base.Connection object at 0x000001CEFA8A9490>
engine = Engine(postgresql://transportation:***@localhost:5432/postgres)
connection = None, _has_events = None, _allow_revalidate = True
_allow_autobegin = True

    def __init__(
        self,
        engine: Engine,
        connection: Optional[PoolProxiedConnection] = None,
        _has_events: Optional[bool] = None,
        _allow_revalidate: bool = True,
        _allow_autobegin: bool = True,
    ):
        """Construct a new Connection."""
        self.engine = engine
        self.dialect = dialect = engine.dialect
    
        if connection is None:
            try:
>               self._dbapi_connection = engine.raw_connection()
                                         ^^^^^^^^^^^^^^^^^^^^^^^

C:\Users\RMOHINDR\AppData\Local\Programs\Python\Python311\Lib\site-packages\sqlalchemy\engine\base.py:143: 
_ _ _ _ _ _ _ _ _ _ _ _ _ _ _ _ _ _ _ _ _ _ _ _ _ _ _ _ _ _ _ _ _ _ _ _ _ _ _ _

self = Engine(postgresql://transportation:***@localhost:5432/postgres)

    def raw_connection(self) -> PoolProxiedConnection:
        """Return a "raw" DBAPI connection from the connection pool.
    
        The returned object is a proxied version of the DBAPI
        connection object used by the underlying driver in use.
        The object will have all the same behavior as the real DBAPI
        connection, except that its ``close()`` method will result in the
        connection being returned to the pool, rather than being closed
        for real.
    
        This method provides direct DBAPI connection access for
        special situations when the API provided by
        :class:`_engine.Connection`
        is not needed.   When a :class:`_engine.Connection` object is already
        present, the DBAPI connection is available using
        the :attr:`_engine.Connection.connection` accessor.
    
        .. seealso::
    
            :ref:`dbapi_connections`
    
        """
>       return self.pool.connect()
               ^^^^^^^^^^^^^^^^^^^

C:\Users\RMOHINDR\AppData\Local\Programs\Python\Python311\Lib\site-packages\sqlalchemy\engine\base.py:3317: 
_ _ _ _ _ _ _ _ _ _ _ _ _ _ _ _ _ _ _ _ _ _ _ _ _ _ _ _ _ _ _ _ _ _ _ _ _ _ _ _

self = <sqlalchemy.pool.impl.QueuePool object at 0x000001CEFAB7F450>

    def connect(self) -> PoolProxiedConnection:
        """Return a DBAPI connection from the pool.
    
        The connection is instrumented such that when its
        ``close()`` method is called, the connection will be returned to
        the pool.
    
        """
>       return _ConnectionFairy._checkout(self)
               ^^^^^^^^^^^^^^^^^^^^^^^^^^^^^^^^

C:\Users\RMOHINDR\AppData\Local\Programs\Python\Python311\Lib\site-packages\sqlalchemy\pool\base.py:448: 
_ _ _ _ _ _ _ _ _ _ _ _ _ _ _ _ _ _ _ _ _ _ _ _ _ _ _ _ _ _ _ _ _ _ _ _ _ _ _ _

cls = <class 'sqlalchemy.pool.base._ConnectionFairy'>
pool = <sqlalchemy.pool.impl.QueuePool object at 0x000001CEFAB7F450>
threadconns = None, fairy = None

    @classmethod
    def _checkout(
        cls,
        pool: Pool,
        threadconns: Optional[threading.local] = None,
        fairy: Optional[_ConnectionFairy] = None,
    ) -> _ConnectionFairy:
        if not fairy:
>           fairy = _ConnectionRecord.checkout(pool)
                    ^^^^^^^^^^^^^^^^^^^^^^^^^^^^^^^^

C:\Users\RMOHINDR\AppData\Local\Programs\Python\Python311\Lib\site-packages\sqlalchemy\pool\base.py:1272: 
_ _ _ _ _ _ _ _ _ _ _ _ _ _ _ _ _ _ _ _ _ _ _ _ _ _ _ _ _ _ _ _ _ _ _ _ _ _ _ _

cls = <class 'sqlalchemy.pool.base._ConnectionRecord'>
pool = <sqlalchemy.pool.impl.QueuePool object at 0x000001CEFAB7F450>

    @classmethod
    def checkout(cls, pool: Pool) -> _ConnectionFairy:
        if TYPE_CHECKING:
            rec = cast(_ConnectionRecord, pool._do_get())
        else:
>           rec = pool._do_get()
                  ^^^^^^^^^^^^^^

C:\Users\RMOHINDR\AppData\Local\Programs\Python\Python311\Lib\site-packages\sqlalchemy\pool\base.py:712: 
_ _ _ _ _ _ _ _ _ _ _ _ _ _ _ _ _ _ _ _ _ _ _ _ _ _ _ _ _ _ _ _ _ _ _ _ _ _ _ _

self = <sqlalchemy.pool.impl.QueuePool object at 0x000001CEFAB7F450>

    def _do_get(self) -> ConnectionPoolEntry:
        use_overflow = self._max_overflow > -1
    
        wait = use_overflow and self._overflow >= self._max_overflow
        try:
            return self._pool.get(wait, self._timeout)
        except sqla_queue.Empty:
            # don't do things inside of "except Empty", because when we say
            # we timed out or can't connect and raise, Python 3 tells
            # people the real error is queue.Empty which it isn't.
            pass
        if use_overflow and self._overflow >= self._max_overflow:
            if not wait:
                return self._do_get()
            else:
                raise exc.TimeoutError(
                    "QueuePool limit of size %d overflow %d reached, "
                    "connection timed out, timeout %0.2f"
                    % (self.size(), self.overflow(), self._timeout),
                    code="3o7r",
                )
    
        if self._inc_overflow():
            try:
                return self._create_connection()
            except:
>               with util.safe_reraise():

C:\Users\RMOHINDR\AppData\Local\Programs\Python\Python311\Lib\site-packages\sqlalchemy\pool\impl.py:177: 
_ _ _ _ _ _ _ _ _ _ _ _ _ _ _ _ _ _ _ _ _ _ _ _ _ _ _ _ _ _ _ _ _ _ _ _ _ _ _ _

self = <sqlalchemy.util.langhelpers.safe_reraise object at 0x000001CEFAB43E50>
type_ = None, value = None, traceback = None

    def __exit__(
        self,
        type_: Optional[Type[BaseException]],
        value: Optional[BaseException],
        traceback: Optional[types.TracebackType],
    ) -> NoReturn:
        assert self._exc_info is not None
        # see #2703 for notes
        if type_ is None:
            exc_type, exc_value, exc_tb = self._exc_info
            assert exc_value is not None
            self._exc_info = None  # remove potential circular references
>           raise exc_value.with_traceback(exc_tb)

C:\Users\RMOHINDR\AppData\Local\Programs\Python\Python311\Lib\site-packages\sqlalchemy\util\langhelpers.py:121: 
_ _ _ _ _ _ _ _ _ _ _ _ _ _ _ _ _ _ _ _ _ _ _ _ _ _ _ _ _ _ _ _ _ _ _ _ _ _ _ _

self = <sqlalchemy.pool.impl.QueuePool object at 0x000001CEFAB7F450>

    def _do_get(self) -> ConnectionPoolEntry:
        use_overflow = self._max_overflow > -1
    
        wait = use_overflow and self._overflow >= self._max_overflow
        try:
            return self._pool.get(wait, self._timeout)
        except sqla_queue.Empty:
            # don't do things inside of "except Empty", because when we say
            # we timed out or can't connect and raise, Python 3 tells
            # people the real error is queue.Empty which it isn't.
            pass
        if use_overflow and self._overflow >= self._max_overflow:
            if not wait:
                return self._do_get()
            else:
                raise exc.TimeoutError(
                    "QueuePool limit of size %d overflow %d reached, "
                    "connection timed out, timeout %0.2f"
                    % (self.size(), self.overflow(), self._timeout),
                    code="3o7r",
                )
    
        if self._inc_overflow():
            try:
>               return self._create_connection()
                       ^^^^^^^^^^^^^^^^^^^^^^^^^

C:\Users\RMOHINDR\AppData\Local\Programs\Python\Python311\Lib\site-packages\sqlalchemy\pool\impl.py:175: 
_ _ _ _ _ _ _ _ _ _ _ _ _ _ _ _ _ _ _ _ _ _ _ _ _ _ _ _ _ _ _ _ _ _ _ _ _ _ _ _

self = <sqlalchemy.pool.impl.QueuePool object at 0x000001CEFAB7F450>

    def _create_connection(self) -> ConnectionPoolEntry:
        """Called by subclasses to create a new ConnectionRecord."""
    
>       return _ConnectionRecord(self)
               ^^^^^^^^^^^^^^^^^^^^^^^

C:\Users\RMOHINDR\AppData\Local\Programs\Python\Python311\Lib\site-packages\sqlalchemy\pool\base.py:389: 
_ _ _ _ _ _ _ _ _ _ _ _ _ _ _ _ _ _ _ _ _ _ _ _ _ _ _ _ _ _ _ _ _ _ _ _ _ _ _ _

self = <sqlalchemy.pool.base._ConnectionRecord object at 0x000001CEFAB2BE70>
pool = <sqlalchemy.pool.impl.QueuePool object at 0x000001CEFAB7F450>
connect = True

    def __init__(self, pool: Pool, connect: bool = True):
        self.fresh = False
        self.fairy_ref = None
        self.starttime = 0
        self.dbapi_connection = None
    
        self.__pool = pool
        if connect:
>           self.__connect()

C:\Users\RMOHINDR\AppData\Local\Programs\Python\Python311\Lib\site-packages\sqlalchemy\pool\base.py:674: 
_ _ _ _ _ _ _ _ _ _ _ _ _ _ _ _ _ _ _ _ _ _ _ _ _ _ _ _ _ _ _ _ _ _ _ _ _ _ _ _

self = <sqlalchemy.pool.base._ConnectionRecord object at 0x000001CEFAB2BE70>

    def __connect(self) -> None:
        pool = self.__pool
    
        # ensure any existing connection is removed, so that if
        # creator fails, this attribute stays None
        self.dbapi_connection = None
        try:
            self.starttime = time.time()
            self.dbapi_connection = connection = pool._invoke_creator(self)
            pool.logger.debug("Created new connection %r", connection)
            self.fresh = True
        except BaseException as e:
>           with util.safe_reraise():

C:\Users\RMOHINDR\AppData\Local\Programs\Python\Python311\Lib\site-packages\sqlalchemy\pool\base.py:900: 
_ _ _ _ _ _ _ _ _ _ _ _ _ _ _ _ _ _ _ _ _ _ _ _ _ _ _ _ _ _ _ _ _ _ _ _ _ _ _ _

self = <sqlalchemy.util.langhelpers.safe_reraise object at 0x000001CEFAB43D60>
type_ = None, value = None, traceback = None

    def __exit__(
        self,
        type_: Optional[Type[BaseException]],
        value: Optional[BaseException],
        traceback: Optional[types.TracebackType],
    ) -> NoReturn:
        assert self._exc_info is not None
        # see #2703 for notes
        if type_ is None:
            exc_type, exc_value, exc_tb = self._exc_info
            assert exc_value is not None
            self._exc_info = None  # remove potential circular references
>           raise exc_value.with_traceback(exc_tb)

C:\Users\RMOHINDR\AppData\Local\Programs\Python\Python311\Lib\site-packages\sqlalchemy\util\langhelpers.py:121: 
_ _ _ _ _ _ _ _ _ _ _ _ _ _ _ _ _ _ _ _ _ _ _ _ _ _ _ _ _ _ _ _ _ _ _ _ _ _ _ _

self = <sqlalchemy.pool.base._ConnectionRecord object at 0x000001CEFAB2BE70>

    def __connect(self) -> None:
        pool = self.__pool
    
        # ensure any existing connection is removed, so that if
        # creator fails, this attribute stays None
        self.dbapi_connection = None
        try:
            self.starttime = time.time()
>           self.dbapi_connection = connection = pool._invoke_creator(self)
                                                 ^^^^^^^^^^^^^^^^^^^^^^^^^^

C:\Users\RMOHINDR\AppData\Local\Programs\Python\Python311\Lib\site-packages\sqlalchemy\pool\base.py:896: 
_ _ _ _ _ _ _ _ _ _ _ _ _ _ _ _ _ _ _ _ _ _ _ _ _ _ _ _ _ _ _ _ _ _ _ _ _ _ _ _

connection_record = <sqlalchemy.pool.base._ConnectionRecord object at 0x000001CEFAB2BE70>

    def connect(
        connection_record: Optional[ConnectionPoolEntry] = None,
    ) -> DBAPIConnection:
        if dialect._has_events:
            mutable_cargs = list(cargs_tup)
            mutable_cparams = dict(cparams)
            for fn in dialect.dispatch.do_connect:
                connection = cast(
                    DBAPIConnection,
                    fn(
                        dialect,
                        connection_record,
                        mutable_cargs,
                        mutable_cparams,
                    ),
                )
                if connection is not None:
                    return connection
            return dialect.connect(*mutable_cargs, **mutable_cparams)
        else:
>           return dialect.connect(*cargs_tup, **cparams)
                   ^^^^^^^^^^^^^^^^^^^^^^^^^^^^^^^^^^^^^^

C:\Users\RMOHINDR\AppData\Local\Programs\Python\Python311\Lib\site-packages\sqlalchemy\engine\create.py:667: 
_ _ _ _ _ _ _ _ _ _ _ _ _ _ _ _ _ _ _ _ _ _ _ _ _ _ _ _ _ _ _ _ _ _ _ _ _ _ _ _

self = <sqlalchemy.dialects.postgresql.psycopg2.PGDialect_psycopg2 object at 0x000001CEF9852D50>
cargs = ()
cparams = {'dbname': 'postgres', 'host': 'localhost', 'password': 'password', 'port': 5432, ...}

    def connect(self, *cargs: Any, **cparams: Any) -> DBAPIConnection:
        # inherits the docstring from interfaces.Dialect.connect
>       return self.loaded_dbapi.connect(*cargs, **cparams)  # type: ignore[no-any-return]  # NOQA: E501
               ^^^^^^^^^^^^^^^^^^^^^^^^^^^^^^^^^^^^^^^^^^^^

C:\Users\RMOHINDR\AppData\Local\Programs\Python\Python311\Lib\site-packages\sqlalchemy\engine\default.py:630: 
_ _ _ _ _ _ _ _ _ _ _ _ _ _ _ _ _ _ _ _ _ _ _ _ _ _ _ _ _ _ _ _ _ _ _ _ _ _ _ _

dsn = 'host=localhost dbname=postgres user=transportation password=password port=5432'
connection_factory = None, cursor_factory = None
kwargs = {'dbname': 'postgres', 'host': 'localhost', 'password': 'password', 'port': 5432, ...}
kwasync = {}

    def connect(dsn=None, connection_factory=None, cursor_factory=None, **kwargs):
        """
        Create a new database connection.
    
        The connection parameters can be specified as a string:
    
            conn = psycopg2.connect("dbname=test user=postgres password=secret")
    
        or using a set of keyword arguments:
    
            conn = psycopg2.connect(database="test", user="postgres", password="secret")
    
        Or as a mix of both. The basic connection parameters are:
    
        - *dbname*: the database name
        - *database*: the database name (only as keyword argument)
        - *user*: user name used to authenticate
        - *password*: password used to authenticate
        - *host*: database host address (defaults to UNIX socket if not provided)
        - *port*: connection port number (defaults to 5432 if not provided)
    
        Using the *connection_factory* parameter a different class or connections
        factory can be specified. It should be a callable object taking a dsn
        argument.
    
        Using the *cursor_factory* parameter, a new default cursor factory will be
        used by cursor().
    
        Using *async*=True an asynchronous connection will be created. *async_* is
        a valid alias (for Python versions where ``async`` is a keyword).
    
        Any other keyword parameter will be passed to the underlying client
        library: the list of supported parameters depends on the library version.
    
        """
        kwasync = {}
        if 'async' in kwargs:
            kwasync['async'] = kwargs.pop('async')
        if 'async_' in kwargs:
            kwasync['async_'] = kwargs.pop('async_')
    
        dsn = _ext.make_dsn(dsn, **kwargs)
>       conn = _connect(dsn, connection_factory=connection_factory, **kwasync)
               ^^^^^^^^^^^^^^^^^^^^^^^^^^^^^^^^^^^^^^^^^^^^^^^^^^^^^^^^^^^^^^^
E       psycopg2.OperationalError: connection to server at "localhost" (::1), port 5432 failed: Connection refused (0x0000274D/10061)
E       	Is the server running on that host and accepting TCP/IP connections?
E       connection to server at "localhost" (127.0.0.1), port 5432 failed: Connection refused (0x0000274D/10061)
E       	Is the server running on that host and accepting TCP/IP connections?

C:\Users\RMOHINDR\AppData\Local\Programs\Python\Python311\Lib\site-packages\psycopg2\__init__.py:135: OperationalError

The above exception was the direct cause of the following exception:

    @pytest.fixture(scope="session")
    def _test_engine():
        """Create the test database (if needed) and return an engine bound to it.
    
        The database is created once per test session and the full schema is
        applied via ``Base.metadata.create_all``.
        """
        # Connect to the admin database to create the test database.
        admin_engine = create_engine(_PG_ADMIN_URL, isolation_level="AUTOCOMMIT")
>       with admin_engine.connect() as conn:
             ^^^^^^^^^^^^^^^^^^^^^^

apps\backend\tests\conftest.py:69: 
_ _ _ _ _ _ _ _ _ _ _ _ _ _ _ _ _ _ _ _ _ _ _ _ _ _ _ _ _ _ _ _ _ _ _ _ _ _ _ _

self = Engine(postgresql://transportation:***@localhost:5432/postgres)

    def connect(self) -> Connection:
        """Return a new :class:`_engine.Connection` object.
    
        The :class:`_engine.Connection` acts as a Python context manager, so
        the typical use of this method looks like::
    
            with engine.connect() as connection:
                connection.execute(text("insert into table values ('foo')"))
                connection.commit()
    
        Where above, after the block is completed, the connection is "closed"
        and its underlying DBAPI resources are returned to the connection pool.
        This also has the effect of rolling back any transaction that
        was explicitly begun or was begun via autobegin, and will
        emit the :meth:`_events.ConnectionEvents.rollback` event if one was
        started and is still in progress.
    
        .. seealso::
    
            :meth:`_engine.Engine.begin`
    
        """
    
>       return self._connection_cls(self)
               ^^^^^^^^^^^^^^^^^^^^^^^^^^

C:\Users\RMOHINDR\AppData\Local\Programs\Python\Python311\Lib\site-packages\sqlalchemy\engine\base.py:3293: 
_ _ _ _ _ _ _ _ _ _ _ _ _ _ _ _ _ _ _ _ _ _ _ _ _ _ _ _ _ _ _ _ _ _ _ _ _ _ _ _

self = <sqlalchemy.engine.base.Connection object at 0x000001CEFA8A9490>
engine = Engine(postgresql://transportation:***@localhost:5432/postgres)
connection = None, _has_events = None, _allow_revalidate = True
_allow_autobegin = True

    def __init__(
        self,
        engine: Engine,
        connection: Optional[PoolProxiedConnection] = None,
        _has_events: Optional[bool] = None,
        _allow_revalidate: bool = True,
        _allow_autobegin: bool = True,
    ):
        """Construct a new Connection."""
        self.engine = engine
        self.dialect = dialect = engine.dialect
    
        if connection is None:
            try:
                self._dbapi_connection = engine.raw_connection()
            except dialect.loaded_dbapi.Error as err:
>               Connection._handle_dbapi_exception_noconnection(
                    err, dialect, engine
                )

C:\Users\RMOHINDR\AppData\Local\Programs\Python\Python311\Lib\site-packages\sqlalchemy\engine\base.py:145: 
_ _ _ _ _ _ _ _ _ _ _ _ _ _ _ _ _ _ _ _ _ _ _ _ _ _ _ _ _ _ _ _ _ _ _ _ _ _ _ _

cls = <class 'sqlalchemy.engine.base.Connection'>
e = OperationalError('connection to server at "localhost" (::1), port 5432 failed: Connection refused (0x0000274D/10061)\n...iled: Connection refused (0x0000274D/10061)\n\tIs the server running on that host and accepting TCP/IP connections?\n')
dialect = <sqlalchemy.dialects.postgresql.psycopg2.PGDialect_psycopg2 object at 0x000001CEF9852D50>
engine = Engine(postgresql://transportation:***@localhost:5432/postgres)
is_disconnect = False, invalidate_pool_on_disconnect = True, is_pre_ping = False

    @classmethod
    def _handle_dbapi_exception_noconnection(
        cls,
        e: BaseException,
        dialect: Dialect,
        engine: Optional[Engine] = None,
        is_disconnect: Optional[bool] = None,
        invalidate_pool_on_disconnect: bool = True,
        is_pre_ping: bool = False,
    ) -> NoReturn:
        exc_info = sys.exc_info()
    
        if is_disconnect is None:
            is_disconnect = isinstance(
                e, dialect.loaded_dbapi.Error
            ) and dialect.is_disconnect(e, None, None)
    
        should_wrap = isinstance(e, dialect.loaded_dbapi.Error)
    
        if should_wrap:
            sqlalchemy_exception = exc.DBAPIError.instance(
                None,
                None,
                cast(Exception, e),
                dialect.loaded_dbapi.Error,
                hide_parameters=(
                    engine.hide_parameters if engine is not None else False
                ),
                connection_invalidated=is_disconnect,
                dialect=dialect,
            )
        else:
            sqlalchemy_exception = None
    
        newraise = None
    
        if dialect._has_events:
            ctx = ExceptionContextImpl(
                e,
                sqlalchemy_exception,
                engine,
                dialect,
                None,
                None,
                None,
                None,
                None,
                is_disconnect,
                invalidate_pool_on_disconnect,
                is_pre_ping,
            )
            for fn in dialect.dispatch.handle_error:
                try:
                    # handler returns an exception;
                    # call next handler in a chain
                    per_fn = fn(ctx)
                    if per_fn is not None:
                        ctx.chained_exception = newraise = per_fn
                except Exception as _raised:
                    # handler raises an exception - stop processing
                    newraise = _raised
                    break
    
            if sqlalchemy_exception and is_disconnect != ctx.is_disconnect:
                sqlalchemy_exception.connection_invalidated = ctx.is_disconnect
    
        if newraise:
            raise newraise.with_traceback(exc_info[2]) from e
        elif should_wrap:
            assert sqlalchemy_exception is not None
>           raise sqlalchemy_exception.with_traceback(exc_info[2]) from e

C:\Users\RMOHINDR\AppData\Local\Programs\Python\Python311\Lib\site-packages\sqlalchemy\engine\base.py:2448: 
_ _ _ _ _ _ _ _ _ _ _ _ _ _ _ _ _ _ _ _ _ _ _ _ _ _ _ _ _ _ _ _ _ _ _ _ _ _ _ _

self = <sqlalchemy.engine.base.Connection object at 0x000001CEFA8A9490>
engine = Engine(postgresql://transportation:***@localhost:5432/postgres)
connection = None, _has_events = None, _allow_revalidate = True
_allow_autobegin = True

    def __init__(
        self,
        engine: Engine,
        connection: Optional[PoolProxiedConnection] = None,
        _has_events: Optional[bool] = None,
        _allow_revalidate: bool = True,
        _allow_autobegin: bool = True,
    ):
        """Construct a new Connection."""
        self.engine = engine
        self.dialect = dialect = engine.dialect
    
        if connection is None:
            try:
>               self._dbapi_connection = engine.raw_connection()
                                         ^^^^^^^^^^^^^^^^^^^^^^^

C:\Users\RMOHINDR\AppData\Local\Programs\Python\Python311\Lib\site-packages\sqlalchemy\engine\base.py:143: 
_ _ _ _ _ _ _ _ _ _ _ _ _ _ _ _ _ _ _ _ _ _ _ _ _ _ _ _ _ _ _ _ _ _ _ _ _ _ _ _

self = Engine(postgresql://transportation:***@localhost:5432/postgres)

    def raw_connection(self) -> PoolProxiedConnection:
        """Return a "raw" DBAPI connection from the connection pool.
    
        The returned object is a proxied version of the DBAPI
        connection object used by the underlying driver in use.
        The object will have all the same behavior as the real DBAPI
        connection, except that its ``close()`` method will result in the
        connection being returned to the pool, rather than being closed
        for real.
    
        This method provides direct DBAPI connection access for
        special situations when the API provided by
        :class:`_engine.Connection`
        is not needed.   When a :class:`_engine.Connection` object is already
        present, the DBAPI connection is available using
        the :attr:`_engine.Connection.connection` accessor.
    
        .. seealso::
    
            :ref:`dbapi_connections`
    
        """
>       return self.pool.connect()
               ^^^^^^^^^^^^^^^^^^^

C:\Users\RMOHINDR\AppData\Local\Programs\Python\Python311\Lib\site-packages\sqlalchemy\engine\base.py:3317: 
_ _ _ _ _ _ _ _ _ _ _ _ _ _ _ _ _ _ _ _ _ _ _ _ _ _ _ _ _ _ _ _ _ _ _ _ _ _ _ _

self = <sqlalchemy.pool.impl.QueuePool object at 0x000001CEFAB7F450>

    def connect(self) -> PoolProxiedConnection:
        """Return a DBAPI connection from the pool.
    
        The connection is instrumented such that when its
        ``close()`` method is called, the connection will be returned to
        the pool.
    
        """
>       return _ConnectionFairy._checkout(self)
               ^^^^^^^^^^^^^^^^^^^^^^^^^^^^^^^^

C:\Users\RMOHINDR\AppData\Local\Programs\Python\Python311\Lib\site-packages\sqlalchemy\pool\base.py:448: 
_ _ _ _ _ _ _ _ _ _ _ _ _ _ _ _ _ _ _ _ _ _ _ _ _ _ _ _ _ _ _ _ _ _ _ _ _ _ _ _

cls = <class 'sqlalchemy.pool.base._ConnectionFairy'>
pool = <sqlalchemy.pool.impl.QueuePool object at 0x000001CEFAB7F450>
threadconns = None, fairy = None

    @classmethod
    def _checkout(
        cls,
        pool: Pool,
        threadconns: Optional[threading.local] = None,
        fairy: Optional[_ConnectionFairy] = None,
    ) -> _ConnectionFairy:
        if not fairy:
>           fairy = _ConnectionRecord.checkout(pool)
                    ^^^^^^^^^^^^^^^^^^^^^^^^^^^^^^^^

C:\Users\RMOHINDR\AppData\Local\Programs\Python\Python311\Lib\site-packages\sqlalchemy\pool\base.py:1272: 
_ _ _ _ _ _ _ _ _ _ _ _ _ _ _ _ _ _ _ _ _ _ _ _ _ _ _ _ _ _ _ _ _ _ _ _ _ _ _ _

cls = <class 'sqlalchemy.pool.base._ConnectionRecord'>
pool = <sqlalchemy.pool.impl.QueuePool object at 0x000001CEFAB7F450>

    @classmethod
    def checkout(cls, pool: Pool) -> _ConnectionFairy:
        if TYPE_CHECKING:
            rec = cast(_ConnectionRecord, pool._do_get())
        else:
>           rec = pool._do_get()
                  ^^^^^^^^^^^^^^

C:\Users\RMOHINDR\AppData\Local\Programs\Python\Python311\Lib\site-packages\sqlalchemy\pool\base.py:712: 
_ _ _ _ _ _ _ _ _ _ _ _ _ _ _ _ _ _ _ _ _ _ _ _ _ _ _ _ _ _ _ _ _ _ _ _ _ _ _ _

self = <sqlalchemy.pool.impl.QueuePool object at 0x000001CEFAB7F450>

    def _do_get(self) -> ConnectionPoolEntry:
        use_overflow = self._max_overflow > -1
    
        wait = use_overflow and self._overflow >= self._max_overflow
        try:
            return self._pool.get(wait, self._timeout)
        except sqla_queue.Empty:
            # don't do things inside of "except Empty", because when we say
            # we timed out or can't connect and raise, Python 3 tells
            # people the real error is queue.Empty which it isn't.
            pass
        if use_overflow and self._overflow >= self._max_overflow:
            if not wait:
                return self._do_get()
            else:
                raise exc.TimeoutError(
                    "QueuePool limit of size %d overflow %d reached, "
                    "connection timed out, timeout %0.2f"
                    % (self.size(), self.overflow(), self._timeout),
                    code="3o7r",
                )
    
        if self._inc_overflow():
            try:
                return self._create_connection()
            except:
>               with util.safe_reraise():

C:\Users\RMOHINDR\AppData\Local\Programs\Python\Python311\Lib\site-packages\sqlalchemy\pool\impl.py:177: 
_ _ _ _ _ _ _ _ _ _ _ _ _ _ _ _ _ _ _ _ _ _ _ _ _ _ _ _ _ _ _ _ _ _ _ _ _ _ _ _

self = <sqlalchemy.util.langhelpers.safe_reraise object at 0x000001CEFAB43E50>
type_ = None, value = None, traceback = None

    def __exit__(
        self,
        type_: Optional[Type[BaseException]],
        value: Optional[BaseException],
        traceback: Optional[types.TracebackType],
    ) -> NoReturn:
        assert self._exc_info is not None
        # see #2703 for notes
        if type_ is None:
            exc_type, exc_value, exc_tb = self._exc_info
            assert exc_value is not None
            self._exc_info = None  # remove potential circular references
>           raise exc_value.with_traceback(exc_tb)

C:\Users\RMOHINDR\AppData\Local\Programs\Python\Python311\Lib\site-packages\sqlalchemy\util\langhelpers.py:121: 
_ _ _ _ _ _ _ _ _ _ _ _ _ _ _ _ _ _ _ _ _ _ _ _ _ _ _ _ _ _ _ _ _ _ _ _ _ _ _ _

self = <sqlalchemy.pool.impl.QueuePool object at 0x000001CEFAB7F450>

    def _do_get(self) -> ConnectionPoolEntry:
        use_overflow = self._max_overflow > -1
    
        wait = use_overflow and self._overflow >= self._max_overflow
        try:
            return self._pool.get(wait, self._timeout)
        except sqla_queue.Empty:
            # don't do things inside of "except Empty", because when we say
            # we timed out or can't connect and raise, Python 3 tells
            # people the real error is queue.Empty which it isn't.
            pass
        if use_overflow and self._overflow >= self._max_overflow:
            if not wait:
                return self._do_get()
            else:
                raise exc.TimeoutError(
                    "QueuePool limit of size %d overflow %d reached, "
                    "connection timed out, timeout %0.2f"
                    % (self.size(), self.overflow(), self._timeout),
                    code="3o7r",
                )
    
        if self._inc_overflow():
            try:
>               return self._create_connection()
                       ^^^^^^^^^^^^^^^^^^^^^^^^^

C:\Users\RMOHINDR\AppData\Local\Programs\Python\Python311\Lib\site-packages\sqlalchemy\pool\impl.py:175: 
_ _ _ _ _ _ _ _ _ _ _ _ _ _ _ _ _ _ _ _ _ _ _ _ _ _ _ _ _ _ _ _ _ _ _ _ _ _ _ _

self = <sqlalchemy.pool.impl.QueuePool object at 0x000001CEFAB7F450>

    def _create_connection(self) -> ConnectionPoolEntry:
        """Called by subclasses to create a new ConnectionRecord."""
    
>       return _ConnectionRecord(self)
               ^^^^^^^^^^^^^^^^^^^^^^^

C:\Users\RMOHINDR\AppData\Local\Programs\Python\Python311\Lib\site-packages\sqlalchemy\pool\base.py:389: 
_ _ _ _ _ _ _ _ _ _ _ _ _ _ _ _ _ _ _ _ _ _ _ _ _ _ _ _ _ _ _ _ _ _ _ _ _ _ _ _

self = <sqlalchemy.pool.base._ConnectionRecord object at 0x000001CEFAB2BE70>
pool = <sqlalchemy.pool.impl.QueuePool object at 0x000001CEFAB7F450>
connect = True

    def __init__(self, pool: Pool, connect: bool = True):
        self.fresh = False
        self.fairy_ref = None
        self.starttime = 0
        self.dbapi_connection = None
    
        self.__pool = pool
        if connect:
>           self.__connect()

C:\Users\RMOHINDR\AppData\Local\Programs\Python\Python311\Lib\site-packages\sqlalchemy\pool\base.py:674: 
_ _ _ _ _ _ _ _ _ _ _ _ _ _ _ _ _ _ _ _ _ _ _ _ _ _ _ _ _ _ _ _ _ _ _ _ _ _ _ _

self = <sqlalchemy.pool.base._ConnectionRecord object at 0x000001CEFAB2BE70>

    def __connect(self) -> None:
        pool = self.__pool
    
        # ensure any existing connection is removed, so that if
        # creator fails, this attribute stays None
        self.dbapi_connection = None
        try:
            self.starttime = time.time()
            self.dbapi_connection = connection = pool._invoke_creator(self)
            pool.logger.debug("Created new connection %r", connection)
            self.fresh = True
        except BaseException as e:
>           with util.safe_reraise():

C:\Users\RMOHINDR\AppData\Local\Programs\Python\Python311\Lib\site-packages\sqlalchemy\pool\base.py:900: 
_ _ _ _ _ _ _ _ _ _ _ _ _ _ _ _ _ _ _ _ _ _ _ _ _ _ _ _ _ _ _ _ _ _ _ _ _ _ _ _

self = <sqlalchemy.util.langhelpers.safe_reraise object at 0x000001CEFAB43D60>
type_ = None, value = None, traceback = None

    def __exit__(
        self,
        type_: Optional[Type[BaseException]],
        value: Optional[BaseException],
        traceback: Optional[types.TracebackType],
    ) -> NoReturn:
        assert self._exc_info is not None
        # see #2703 for notes
        if type_ is None:
            exc_type, exc_value, exc_tb = self._exc_info
            assert exc_value is not None
            self._exc_info = None  # remove potential circular references
>           raise exc_value.with_traceback(exc_tb)

C:\Users\RMOHINDR\AppData\Local\Programs\Python\Python311\Lib\site-packages\sqlalchemy\util\langhelpers.py:121: 
_ _ _ _ _ _ _ _ _ _ _ _ _ _ _ _ _ _ _ _ _ _ _ _ _ _ _ _ _ _ _ _ _ _ _ _ _ _ _ _

self = <sqlalchemy.pool.base._ConnectionRecord object at 0x000001CEFAB2BE70>

    def __connect(self) -> None:
        pool = self.__pool
    
        # ensure any existing connection is removed, so that if
        # creator fails, this attribute stays None
        self.dbapi_connection = None
        try:
            self.starttime = time.time()
>           self.dbapi_connection = connection = pool._invoke_creator(self)
                                                 ^^^^^^^^^^^^^^^^^^^^^^^^^^

C:\Users\RMOHINDR\AppData\Local\Programs\Python\Python311\Lib\site-packages\sqlalchemy\pool\base.py:896: 
_ _ _ _ _ _ _ _ _ _ _ _ _ _ _ _ _ _ _ _ _ _ _ _ _ _ _ _ _ _ _ _ _ _ _ _ _ _ _ _

connection_record = <sqlalchemy.pool.base._ConnectionRecord object at 0x000001CEFAB2BE70>

    def connect(
        connection_record: Optional[ConnectionPoolEntry] = None,
    ) -> DBAPIConnection:
        if dialect._has_events:
            mutable_cargs = list(cargs_tup)
            mutable_cparams = dict(cparams)
            for fn in dialect.dispatch.do_connect:
                connection = cast(
                    DBAPIConnection,
                    fn(
                        dialect,
                        connection_record,
                        mutable_cargs,
                        mutable_cparams,
                    ),
                )
                if connection is not None:
                    return connection
            return dialect.connect(*mutable_cargs, **mutable_cparams)
        else:
>           return dialect.connect(*cargs_tup, **cparams)
                   ^^^^^^^^^^^^^^^^^^^^^^^^^^^^^^^^^^^^^^

C:\Users\RMOHINDR\AppData\Local\Programs\Python\Python311\Lib\site-packages\sqlalchemy\engine\create.py:667: 
_ _ _ _ _ _ _ _ _ _ _ _ _ _ _ _ _ _ _ _ _ _ _ _ _ _ _ _ _ _ _ _ _ _ _ _ _ _ _ _

self = <sqlalchemy.dialects.postgresql.psycopg2.PGDialect_psycopg2 object at 0x000001CEF9852D50>
cargs = ()
cparams = {'dbname': 'postgres', 'host': 'localhost', 'password': 'password', 'port': 5432, ...}

    def connect(self, *cargs: Any, **cparams: Any) -> DBAPIConnection:
        # inherits the docstring from interfaces.Dialect.connect
>       return self.loaded_dbapi.connect(*cargs, **cparams)  # type: ignore[no-any-return]  # NOQA: E501
               ^^^^^^^^^^^^^^^^^^^^^^^^^^^^^^^^^^^^^^^^^^^^

C:\Users\RMOHINDR\AppData\Local\Programs\Python\Python311\Lib\site-packages\sqlalchemy\engine\default.py:630: 
_ _ _ _ _ _ _ _ _ _ _ _ _ _ _ _ _ _ _ _ _ _ _ _ _ _ _ _ _ _ _ _ _ _ _ _ _ _ _ _

dsn = 'host=localhost dbname=postgres user=transportation password=password port=5432'
connection_factory = None, cursor_factory = None
kwargs = {'dbname': 'postgres', 'host': 'localhost', 'password': 'password', 'port': 5432, ...}
kwasync = {}

    def connect(dsn=None, connection_factory=None, cursor_factory=None, **kwargs):
        """
        Create a new database connection.
    
        The connection parameters can be specified as a string:
    
            conn = psycopg2.connect("dbname=test user=postgres password=secret")
    
        or using a set of keyword arguments:
    
            conn = psycopg2.connect(database="test", user="postgres", password="secret")
    
        Or as a mix of both. The basic connection parameters are:
    
        - *dbname*: the database name
        - *database*: the database name (only as keyword argument)
        - *user*: user name used to authenticate
        - *password*: password used to authenticate
        - *host*: database host address (defaults to UNIX socket if not provided)
        - *port*: connection port number (defaults to 5432 if not provided)
    
        Using the *connection_factory* parameter a different class or connections
        factory can be specified. It should be a callable object taking a dsn
        argument.
    
        Using the *cursor_factory* parameter, a new default cursor factory will be
        used by cursor().
    
        Using *async*=True an asynchronous connection will be created. *async_* is
        a valid alias (for Python versions where ``async`` is a keyword).
    
        Any other keyword parameter will be passed to the underlying client
        library: the list of supported parameters depends on the library version.
    
        """
        kwasync = {}
        if 'async' in kwargs:
            kwasync['async'] = kwargs.pop('async')
        if 'async_' in kwargs:
            kwasync['async_'] = kwargs.pop('async_')
    
        dsn = _ext.make_dsn(dsn, **kwargs)
>       conn = _connect(dsn, connection_factory=connection_factory, **kwasync)
               ^^^^^^^^^^^^^^^^^^^^^^^^^^^^^^^^^^^^^^^^^^^^^^^^^^^^^^^^^^^^^^^
E       sqlalchemy.exc.OperationalError: (psycopg2.OperationalError) connection to server at "localhost" (::1), port 5432 failed: Connection refused (0x0000274D/10061)
E       	Is the server running on that host and accepting TCP/IP connections?
E       connection to server at "localhost" (127.0.0.1), port 5432 failed: Connection refused (0x0000274D/10061)
E       	Is the server running on that host and accepting TCP/IP connections?
E       
E       (Background on this error at: https://sqlalche.me/e/20/e3q8)

C:\Users\RMOHINDR\AppData\Local\Programs\Python\Python311\Lib\site-packages\psycopg2\__init__.py:135: OperationalError
_ ERROR at setup of TestDeleteEndpointEnforcement.test_tc003_10_audit_log_created_on_delete _

self = <sqlalchemy.engine.base.Connection object at 0x000001CEFA8A9490>
engine = Engine(postgresql://transportation:***@localhost:5432/postgres)
connection = None, _has_events = None, _allow_revalidate = True
_allow_autobegin = True

    def __init__(
        self,
        engine: Engine,
        connection: Optional[PoolProxiedConnection] = None,
        _has_events: Optional[bool] = None,
        _allow_revalidate: bool = True,
        _allow_autobegin: bool = True,
    ):
        """Construct a new Connection."""
        self.engine = engine
        self.dialect = dialect = engine.dialect
    
        if connection is None:
            try:
>               self._dbapi_connection = engine.raw_connection()
                                         ^^^^^^^^^^^^^^^^^^^^^^^

C:\Users\RMOHINDR\AppData\Local\Programs\Python\Python311\Lib\site-packages\sqlalchemy\engine\base.py:143: 
_ _ _ _ _ _ _ _ _ _ _ _ _ _ _ _ _ _ _ _ _ _ _ _ _ _ _ _ _ _ _ _ _ _ _ _ _ _ _ _

self = Engine(postgresql://transportation:***@localhost:5432/postgres)

    def raw_connection(self) -> PoolProxiedConnection:
        """Return a "raw" DBAPI connection from the connection pool.
    
        The returned object is a proxied version of the DBAPI
        connection object used by the underlying driver in use.
        The object will have all the same behavior as the real DBAPI
        connection, except that its ``close()`` method will result in the
        connection being returned to the pool, rather than being closed
        for real.
    
        This method provides direct DBAPI connection access for
        special situations when the API provided by
        :class:`_engine.Connection`
        is not needed.   When a :class:`_engine.Connection` object is already
        present, the DBAPI connection is available using
        the :attr:`_engine.Connection.connection` accessor.
    
        .. seealso::
    
            :ref:`dbapi_connections`
    
        """
>       return self.pool.connect()
               ^^^^^^^^^^^^^^^^^^^

C:\Users\RMOHINDR\AppData\Local\Programs\Python\Python311\Lib\site-packages\sqlalchemy\engine\base.py:3317: 
_ _ _ _ _ _ _ _ _ _ _ _ _ _ _ _ _ _ _ _ _ _ _ _ _ _ _ _ _ _ _ _ _ _ _ _ _ _ _ _

self = <sqlalchemy.pool.impl.QueuePool object at 0x000001CEFAB7F450>

    def connect(self) -> PoolProxiedConnection:
        """Return a DBAPI connection from the pool.
    
        The connection is instrumented such that when its
        ``close()`` method is called, the connection will be returned to
        the pool.
    
        """
>       return _ConnectionFairy._checkout(self)
               ^^^^^^^^^^^^^^^^^^^^^^^^^^^^^^^^

C:\Users\RMOHINDR\AppData\Local\Programs\Python\Python311\Lib\site-packages\sqlalchemy\pool\base.py:448: 
_ _ _ _ _ _ _ _ _ _ _ _ _ _ _ _ _ _ _ _ _ _ _ _ _ _ _ _ _ _ _ _ _ _ _ _ _ _ _ _

cls = <class 'sqlalchemy.pool.base._ConnectionFairy'>
pool = <sqlalchemy.pool.impl.QueuePool object at 0x000001CEFAB7F450>
threadconns = None, fairy = None

    @classmethod
    def _checkout(
        cls,
        pool: Pool,
        threadconns: Optional[threading.local] = None,
        fairy: Optional[_ConnectionFairy] = None,
    ) -> _ConnectionFairy:
        if not fairy:
>           fairy = _ConnectionRecord.checkout(pool)
                    ^^^^^^^^^^^^^^^^^^^^^^^^^^^^^^^^

C:\Users\RMOHINDR\AppData\Local\Programs\Python\Python311\Lib\site-packages\sqlalchemy\pool\base.py:1272: 
_ _ _ _ _ _ _ _ _ _ _ _ _ _ _ _ _ _ _ _ _ _ _ _ _ _ _ _ _ _ _ _ _ _ _ _ _ _ _ _

cls = <class 'sqlalchemy.pool.base._ConnectionRecord'>
pool = <sqlalchemy.pool.impl.QueuePool object at 0x000001CEFAB7F450>

    @classmethod
    def checkout(cls, pool: Pool) -> _ConnectionFairy:
        if TYPE_CHECKING:
            rec = cast(_ConnectionRecord, pool._do_get())
        else:
>           rec = pool._do_get()
                  ^^^^^^^^^^^^^^

C:\Users\RMOHINDR\AppData\Local\Programs\Python\Python311\Lib\site-packages\sqlalchemy\pool\base.py:712: 
_ _ _ _ _ _ _ _ _ _ _ _ _ _ _ _ _ _ _ _ _ _ _ _ _ _ _ _ _ _ _ _ _ _ _ _ _ _ _ _

self = <sqlalchemy.pool.impl.QueuePool object at 0x000001CEFAB7F450>

    def _do_get(self) -> ConnectionPoolEntry:
        use_overflow = self._max_overflow > -1
    
        wait = use_overflow and self._overflow >= self._max_overflow
        try:
            return self._pool.get(wait, self._timeout)
        except sqla_queue.Empty:
            # don't do things inside of "except Empty", because when we say
            # we timed out or can't connect and raise, Python 3 tells
            # people the real error is queue.Empty which it isn't.
            pass
        if use_overflow and self._overflow >= self._max_overflow:
            if not wait:
                return self._do_get()
            else:
                raise exc.TimeoutError(
                    "QueuePool limit of size %d overflow %d reached, "
                    "connection timed out, timeout %0.2f"
                    % (self.size(), self.overflow(), self._timeout),
                    code="3o7r",
                )
    
        if self._inc_overflow():
            try:
                return self._create_connection()
            except:
>               with util.safe_reraise():

C:\Users\RMOHINDR\AppData\Local\Programs\Python\Python311\Lib\site-packages\sqlalchemy\pool\impl.py:177: 
_ _ _ _ _ _ _ _ _ _ _ _ _ _ _ _ _ _ _ _ _ _ _ _ _ _ _ _ _ _ _ _ _ _ _ _ _ _ _ _

self = <sqlalchemy.util.langhelpers.safe_reraise object at 0x000001CEFAB43E50>
type_ = None, value = None, traceback = None

    def __exit__(
        self,
        type_: Optional[Type[BaseException]],
        value: Optional[BaseException],
        traceback: Optional[types.TracebackType],
    ) -> NoReturn:
        assert self._exc_info is not None
        # see #2703 for notes
        if type_ is None:
            exc_type, exc_value, exc_tb = self._exc_info
            assert exc_value is not None
            self._exc_info = None  # remove potential circular references
>           raise exc_value.with_traceback(exc_tb)

C:\Users\RMOHINDR\AppData\Local\Programs\Python\Python311\Lib\site-packages\sqlalchemy\util\langhelpers.py:121: 
_ _ _ _ _ _ _ _ _ _ _ _ _ _ _ _ _ _ _ _ _ _ _ _ _ _ _ _ _ _ _ _ _ _ _ _ _ _ _ _

self = <sqlalchemy.pool.impl.QueuePool object at 0x000001CEFAB7F450>

    def _do_get(self) -> ConnectionPoolEntry:
        use_overflow = self._max_overflow > -1
    
        wait = use_overflow and self._overflow >= self._max_overflow
        try:
            return self._pool.get(wait, self._timeout)
        except sqla_queue.Empty:
            # don't do things inside of "except Empty", because when we say
            # we timed out or can't connect and raise, Python 3 tells
            # people the real error is queue.Empty which it isn't.
            pass
        if use_overflow and self._overflow >= self._max_overflow:
            if not wait:
                return self._do_get()
            else:
                raise exc.TimeoutError(
                    "QueuePool limit of size %d overflow %d reached, "
                    "connection timed out, timeout %0.2f"
                    % (self.size(), self.overflow(), self._timeout),
                    code="3o7r",
                )
    
        if self._inc_overflow():
            try:
>               return self._create_connection()
                       ^^^^^^^^^^^^^^^^^^^^^^^^^

C:\Users\RMOHINDR\AppData\Local\Programs\Python\Python311\Lib\site-packages\sqlalchemy\pool\impl.py:175: 
_ _ _ _ _ _ _ _ _ _ _ _ _ _ _ _ _ _ _ _ _ _ _ _ _ _ _ _ _ _ _ _ _ _ _ _ _ _ _ _

self = <sqlalchemy.pool.impl.QueuePool object at 0x000001CEFAB7F450>

    def _create_connection(self) -> ConnectionPoolEntry:
        """Called by subclasses to create a new ConnectionRecord."""
    
>       return _ConnectionRecord(self)
               ^^^^^^^^^^^^^^^^^^^^^^^

C:\Users\RMOHINDR\AppData\Local\Programs\Python\Python311\Lib\site-packages\sqlalchemy\pool\base.py:389: 
_ _ _ _ _ _ _ _ _ _ _ _ _ _ _ _ _ _ _ _ _ _ _ _ _ _ _ _ _ _ _ _ _ _ _ _ _ _ _ _

self = <sqlalchemy.pool.base._ConnectionRecord object at 0x000001CEFAB2BE70>
pool = <sqlalchemy.pool.impl.QueuePool object at 0x000001CEFAB7F450>
connect = True

    def __init__(self, pool: Pool, connect: bool = True):
        self.fresh = False
        self.fairy_ref = None
        self.starttime = 0
        self.dbapi_connection = None
    
        self.__pool = pool
        if connect:
>           self.__connect()

C:\Users\RMOHINDR\AppData\Local\Programs\Python\Python311\Lib\site-packages\sqlalchemy\pool\base.py:674: 
_ _ _ _ _ _ _ _ _ _ _ _ _ _ _ _ _ _ _ _ _ _ _ _ _ _ _ _ _ _ _ _ _ _ _ _ _ _ _ _

self = <sqlalchemy.pool.base._ConnectionRecord object at 0x000001CEFAB2BE70>

    def __connect(self) -> None:
        pool = self.__pool
    
        # ensure any existing connection is removed, so that if
        # creator fails, this attribute stays None
        self.dbapi_connection = None
        try:
            self.starttime = time.time()
            self.dbapi_connection = connection = pool._invoke_creator(self)
            pool.logger.debug("Created new connection %r", connection)
            self.fresh = True
        except BaseException as e:
>           with util.safe_reraise():

C:\Users\RMOHINDR\AppData\Local\Programs\Python\Python311\Lib\site-packages\sqlalchemy\pool\base.py:900: 
_ _ _ _ _ _ _ _ _ _ _ _ _ _ _ _ _ _ _ _ _ _ _ _ _ _ _ _ _ _ _ _ _ _ _ _ _ _ _ _

self = <sqlalchemy.util.langhelpers.safe_reraise object at 0x000001CEFAB43D60>
type_ = None, value = None, traceback = None

    def __exit__(
        self,
        type_: Optional[Type[BaseException]],
        value: Optional[BaseException],
        traceback: Optional[types.TracebackType],
    ) -> NoReturn:
        assert self._exc_info is not None
        # see #2703 for notes
        if type_ is None:
            exc_type, exc_value, exc_tb = self._exc_info
            assert exc_value is not None
            self._exc_info = None  # remove potential circular references
>           raise exc_value.with_traceback(exc_tb)

C:\Users\RMOHINDR\AppData\Local\Programs\Python\Python311\Lib\site-packages\sqlalchemy\util\langhelpers.py:121: 
_ _ _ _ _ _ _ _ _ _ _ _ _ _ _ _ _ _ _ _ _ _ _ _ _ _ _ _ _ _ _ _ _ _ _ _ _ _ _ _

self = <sqlalchemy.pool.base._ConnectionRecord object at 0x000001CEFAB2BE70>

    def __connect(self) -> None:
        pool = self.__pool
    
        # ensure any existing connection is removed, so that if
        # creator fails, this attribute stays None
        self.dbapi_connection = None
        try:
            self.starttime = time.time()
>           self.dbapi_connection = connection = pool._invoke_creator(self)
                                                 ^^^^^^^^^^^^^^^^^^^^^^^^^^

C:\Users\RMOHINDR\AppData\Local\Programs\Python\Python311\Lib\site-packages\sqlalchemy\pool\base.py:896: 
_ _ _ _ _ _ _ _ _ _ _ _ _ _ _ _ _ _ _ _ _ _ _ _ _ _ _ _ _ _ _ _ _ _ _ _ _ _ _ _

connection_record = <sqlalchemy.pool.base._ConnectionRecord object at 0x000001CEFAB2BE70>

    def connect(
        connection_record: Optional[ConnectionPoolEntry] = None,
    ) -> DBAPIConnection:
        if dialect._has_events:
            mutable_cargs = list(cargs_tup)
            mutable_cparams = dict(cparams)
            for fn in dialect.dispatch.do_connect:
                connection = cast(
                    DBAPIConnection,
                    fn(
                        dialect,
                        connection_record,
                        mutable_cargs,
                        mutable_cparams,
                    ),
                )
                if connection is not None:
                    return connection
            return dialect.connect(*mutable_cargs, **mutable_cparams)
        else:
>           return dialect.connect(*cargs_tup, **cparams)
                   ^^^^^^^^^^^^^^^^^^^^^^^^^^^^^^^^^^^^^^

C:\Users\RMOHINDR\AppData\Local\Programs\Python\Python311\Lib\site-packages\sqlalchemy\engine\create.py:667: 
_ _ _ _ _ _ _ _ _ _ _ _ _ _ _ _ _ _ _ _ _ _ _ _ _ _ _ _ _ _ _ _ _ _ _ _ _ _ _ _

self = <sqlalchemy.dialects.postgresql.psycopg2.PGDialect_psycopg2 object at 0x000001CEF9852D50>
cargs = ()
cparams = {'dbname': 'postgres', 'host': 'localhost', 'password': 'password', 'port': 5432, ...}

    def connect(self, *cargs: Any, **cparams: Any) -> DBAPIConnection:
        # inherits the docstring from interfaces.Dialect.connect
>       return self.loaded_dbapi.connect(*cargs, **cparams)  # type: ignore[no-any-return]  # NOQA: E501
               ^^^^^^^^^^^^^^^^^^^^^^^^^^^^^^^^^^^^^^^^^^^^

C:\Users\RMOHINDR\AppData\Local\Programs\Python\Python311\Lib\site-packages\sqlalchemy\engine\default.py:630: 
_ _ _ _ _ _ _ _ _ _ _ _ _ _ _ _ _ _ _ _ _ _ _ _ _ _ _ _ _ _ _ _ _ _ _ _ _ _ _ _

dsn = 'host=localhost dbname=postgres user=transportation password=password port=5432'
connection_factory = None, cursor_factory = None
kwargs = {'dbname': 'postgres', 'host': 'localhost', 'password': 'password', 'port': 5432, ...}
kwasync = {}

    def connect(dsn=None, connection_factory=None, cursor_factory=None, **kwargs):
        """
        Create a new database connection.
    
        The connection parameters can be specified as a string:
    
            conn = psycopg2.connect("dbname=test user=postgres password=secret")
    
        or using a set of keyword arguments:
    
            conn = psycopg2.connect(database="test", user="postgres", password="secret")
    
        Or as a mix of both. The basic connection parameters are:
    
        - *dbname*: the database name
        - *database*: the database name (only as keyword argument)
        - *user*: user name used to authenticate
        - *password*: password used to authenticate
        - *host*: database host address (defaults to UNIX socket if not provided)
        - *port*: connection port number (defaults to 5432 if not provided)
    
        Using the *connection_factory* parameter a different class or connections
        factory can be specified. It should be a callable object taking a dsn
        argument.
    
        Using the *cursor_factory* parameter, a new default cursor factory will be
        used by cursor().
    
        Using *async*=True an asynchronous connection will be created. *async_* is
        a valid alias (for Python versions where ``async`` is a keyword).
    
        Any other keyword parameter will be passed to the underlying client
        library: the list of supported parameters depends on the library version.
    
        """
        kwasync = {}
        if 'async' in kwargs:
            kwasync['async'] = kwargs.pop('async')
        if 'async_' in kwargs:
            kwasync['async_'] = kwargs.pop('async_')
    
        dsn = _ext.make_dsn(dsn, **kwargs)
>       conn = _connect(dsn, connection_factory=connection_factory, **kwasync)
               ^^^^^^^^^^^^^^^^^^^^^^^^^^^^^^^^^^^^^^^^^^^^^^^^^^^^^^^^^^^^^^^
E       psycopg2.OperationalError: connection to server at "localhost" (::1), port 5432 failed: Connection refused (0x0000274D/10061)
E       	Is the server running on that host and accepting TCP/IP connections?
E       connection to server at "localhost" (127.0.0.1), port 5432 failed: Connection refused (0x0000274D/10061)
E       	Is the server running on that host and accepting TCP/IP connections?

C:\Users\RMOHINDR\AppData\Local\Programs\Python\Python311\Lib\site-packages\psycopg2\__init__.py:135: OperationalError

The above exception was the direct cause of the following exception:

    @pytest.fixture(scope="session")
    def _test_engine():
        """Create the test database (if needed) and return an engine bound to it.
    
        The database is created once per test session and the full schema is
        applied via ``Base.metadata.create_all``.
        """
        # Connect to the admin database to create the test database.
        admin_engine = create_engine(_PG_ADMIN_URL, isolation_level="AUTOCOMMIT")
>       with admin_engine.connect() as conn:
             ^^^^^^^^^^^^^^^^^^^^^^

apps\backend\tests\conftest.py:69: 
_ _ _ _ _ _ _ _ _ _ _ _ _ _ _ _ _ _ _ _ _ _ _ _ _ _ _ _ _ _ _ _ _ _ _ _ _ _ _ _

self = Engine(postgresql://transportation:***@localhost:5432/postgres)

    def connect(self) -> Connection:
        """Return a new :class:`_engine.Connection` object.
    
        The :class:`_engine.Connection` acts as a Python context manager, so
        the typical use of this method looks like::
    
            with engine.connect() as connection:
                connection.execute(text("insert into table values ('foo')"))
                connection.commit()
    
        Where above, after the block is completed, the connection is "closed"
        and its underlying DBAPI resources are returned to the connection pool.
        This also has the effect of rolling back any transaction that
        was explicitly begun or was begun via autobegin, and will
        emit the :meth:`_events.ConnectionEvents.rollback` event if one was
        started and is still in progress.
    
        .. seealso::
    
            :meth:`_engine.Engine.begin`
    
        """
    
>       return self._connection_cls(self)
               ^^^^^^^^^^^^^^^^^^^^^^^^^^

C:\Users\RMOHINDR\AppData\Local\Programs\Python\Python311\Lib\site-packages\sqlalchemy\engine\base.py:3293: 
_ _ _ _ _ _ _ _ _ _ _ _ _ _ _ _ _ _ _ _ _ _ _ _ _ _ _ _ _ _ _ _ _ _ _ _ _ _ _ _

self = <sqlalchemy.engine.base.Connection object at 0x000001CEFA8A9490>
engine = Engine(postgresql://transportation:***@localhost:5432/postgres)
connection = None, _has_events = None, _allow_revalidate = True
_allow_autobegin = True

    def __init__(
        self,
        engine: Engine,
        connection: Optional[PoolProxiedConnection] = None,
        _has_events: Optional[bool] = None,
        _allow_revalidate: bool = True,
        _allow_autobegin: bool = True,
    ):
        """Construct a new Connection."""
        self.engine = engine
        self.dialect = dialect = engine.dialect
    
        if connection is None:
            try:
                self._dbapi_connection = engine.raw_connection()
            except dialect.loaded_dbapi.Error as err:
>               Connection._handle_dbapi_exception_noconnection(
                    err, dialect, engine
                )

C:\Users\RMOHINDR\AppData\Local\Programs\Python\Python311\Lib\site-packages\sqlalchemy\engine\base.py:145: 
_ _ _ _ _ _ _ _ _ _ _ _ _ _ _ _ _ _ _ _ _ _ _ _ _ _ _ _ _ _ _ _ _ _ _ _ _ _ _ _

cls = <class 'sqlalchemy.engine.base.Connection'>
e = OperationalError('connection to server at "localhost" (::1), port 5432 failed: Connection refused (0x0000274D/10061)\n...iled: Connection refused (0x0000274D/10061)\n\tIs the server running on that host and accepting TCP/IP connections?\n')
dialect = <sqlalchemy.dialects.postgresql.psycopg2.PGDialect_psycopg2 object at 0x000001CEF9852D50>
engine = Engine(postgresql://transportation:***@localhost:5432/postgres)
is_disconnect = False, invalidate_pool_on_disconnect = True, is_pre_ping = False

    @classmethod
    def _handle_dbapi_exception_noconnection(
        cls,
        e: BaseException,
        dialect: Dialect,
        engine: Optional[Engine] = None,
        is_disconnect: Optional[bool] = None,
        invalidate_pool_on_disconnect: bool = True,
        is_pre_ping: bool = False,
    ) -> NoReturn:
        exc_info = sys.exc_info()
    
        if is_disconnect is None:
            is_disconnect = isinstance(
                e, dialect.loaded_dbapi.Error
            ) and dialect.is_disconnect(e, None, None)
    
        should_wrap = isinstance(e, dialect.loaded_dbapi.Error)
    
        if should_wrap:
            sqlalchemy_exception = exc.DBAPIError.instance(
                None,
                None,
                cast(Exception, e),
                dialect.loaded_dbapi.Error,
                hide_parameters=(
                    engine.hide_parameters if engine is not None else False
                ),
                connection_invalidated=is_disconnect,
                dialect=dialect,
            )
        else:
            sqlalchemy_exception = None
    
        newraise = None
    
        if dialect._has_events:
            ctx = ExceptionContextImpl(
                e,
                sqlalchemy_exception,
                engine,
                dialect,
                None,
                None,
                None,
                None,
                None,
                is_disconnect,
                invalidate_pool_on_disconnect,
                is_pre_ping,
            )
            for fn in dialect.dispatch.handle_error:
                try:
                    # handler returns an exception;
                    # call next handler in a chain
                    per_fn = fn(ctx)
                    if per_fn is not None:
                        ctx.chained_exception = newraise = per_fn
                except Exception as _raised:
                    # handler raises an exception - stop processing
                    newraise = _raised
                    break
    
            if sqlalchemy_exception and is_disconnect != ctx.is_disconnect:
                sqlalchemy_exception.connection_invalidated = ctx.is_disconnect
    
        if newraise:
            raise newraise.with_traceback(exc_info[2]) from e
        elif should_wrap:
            assert sqlalchemy_exception is not None
>           raise sqlalchemy_exception.with_traceback(exc_info[2]) from e

C:\Users\RMOHINDR\AppData\Local\Programs\Python\Python311\Lib\site-packages\sqlalchemy\engine\base.py:2448: 
_ _ _ _ _ _ _ _ _ _ _ _ _ _ _ _ _ _ _ _ _ _ _ _ _ _ _ _ _ _ _ _ _ _ _ _ _ _ _ _

self = <sqlalchemy.engine.base.Connection object at 0x000001CEFA8A9490>
engine = Engine(postgresql://transportation:***@localhost:5432/postgres)
connection = None, _has_events = None, _allow_revalidate = True
_allow_autobegin = True

    def __init__(
        self,
        engine: Engine,
        connection: Optional[PoolProxiedConnection] = None,
        _has_events: Optional[bool] = None,
        _allow_revalidate: bool = True,
        _allow_autobegin: bool = True,
    ):
        """Construct a new Connection."""
        self.engine = engine
        self.dialect = dialect = engine.dialect
    
        if connection is None:
            try:
>               self._dbapi_connection = engine.raw_connection()
                                         ^^^^^^^^^^^^^^^^^^^^^^^

C:\Users\RMOHINDR\AppData\Local\Programs\Python\Python311\Lib\site-packages\sqlalchemy\engine\base.py:143: 
_ _ _ _ _ _ _ _ _ _ _ _ _ _ _ _ _ _ _ _ _ _ _ _ _ _ _ _ _ _ _ _ _ _ _ _ _ _ _ _

self = Engine(postgresql://transportation:***@localhost:5432/postgres)

    def raw_connection(self) -> PoolProxiedConnection:
        """Return a "raw" DBAPI connection from the connection pool.
    
        The returned object is a proxied version of the DBAPI
        connection object used by the underlying driver in use.
        The object will have all the same behavior as the real DBAPI
        connection, except that its ``close()`` method will result in the
        connection being returned to the pool, rather than being closed
        for real.
    
        This method provides direct DBAPI connection access for
        special situations when the API provided by
        :class:`_engine.Connection`
        is not needed.   When a :class:`_engine.Connection` object is already
        present, the DBAPI connection is available using
        the :attr:`_engine.Connection.connection` accessor.
    
        .. seealso::
    
            :ref:`dbapi_connections`
    
        """
>       return self.pool.connect()
               ^^^^^^^^^^^^^^^^^^^

C:\Users\RMOHINDR\AppData\Local\Programs\Python\Python311\Lib\site-packages\sqlalchemy\engine\base.py:3317: 
_ _ _ _ _ _ _ _ _ _ _ _ _ _ _ _ _ _ _ _ _ _ _ _ _ _ _ _ _ _ _ _ _ _ _ _ _ _ _ _

self = <sqlalchemy.pool.impl.QueuePool object at 0x000001CEFAB7F450>

    def connect(self) -> PoolProxiedConnection:
        """Return a DBAPI connection from the pool.
    
        The connection is instrumented such that when its
        ``close()`` method is called, the connection will be returned to
        the pool.
    
        """
>       return _ConnectionFairy._checkout(self)
               ^^^^^^^^^^^^^^^^^^^^^^^^^^^^^^^^

C:\Users\RMOHINDR\AppData\Local\Programs\Python\Python311\Lib\site-packages\sqlalchemy\pool\base.py:448: 
_ _ _ _ _ _ _ _ _ _ _ _ _ _ _ _ _ _ _ _ _ _ _ _ _ _ _ _ _ _ _ _ _ _ _ _ _ _ _ _

cls = <class 'sqlalchemy.pool.base._ConnectionFairy'>
pool = <sqlalchemy.pool.impl.QueuePool object at 0x000001CEFAB7F450>
threadconns = None, fairy = None

    @classmethod
    def _checkout(
        cls,
        pool: Pool,
        threadconns: Optional[threading.local] = None,
        fairy: Optional[_ConnectionFairy] = None,
    ) -> _ConnectionFairy:
        if not fairy:
>           fairy = _ConnectionRecord.checkout(pool)
                    ^^^^^^^^^^^^^^^^^^^^^^^^^^^^^^^^

C:\Users\RMOHINDR\AppData\Local\Programs\Python\Python311\Lib\site-packages\sqlalchemy\pool\base.py:1272: 
_ _ _ _ _ _ _ _ _ _ _ _ _ _ _ _ _ _ _ _ _ _ _ _ _ _ _ _ _ _ _ _ _ _ _ _ _ _ _ _

cls = <class 'sqlalchemy.pool.base._ConnectionRecord'>
pool = <sqlalchemy.pool.impl.QueuePool object at 0x000001CEFAB7F450>

    @classmethod
    def checkout(cls, pool: Pool) -> _ConnectionFairy:
        if TYPE_CHECKING:
            rec = cast(_ConnectionRecord, pool._do_get())
        else:
>           rec = pool._do_get()
                  ^^^^^^^^^^^^^^

C:\Users\RMOHINDR\AppData\Local\Programs\Python\Python311\Lib\site-packages\sqlalchemy\pool\base.py:712: 
_ _ _ _ _ _ _ _ _ _ _ _ _ _ _ _ _ _ _ _ _ _ _ _ _ _ _ _ _ _ _ _ _ _ _ _ _ _ _ _

self = <sqlalchemy.pool.impl.QueuePool object at 0x000001CEFAB7F450>

    def _do_get(self) -> ConnectionPoolEntry:
        use_overflow = self._max_overflow > -1
    
        wait = use_overflow and self._overflow >= self._max_overflow
        try:
            return self._pool.get(wait, self._timeout)
        except sqla_queue.Empty:
            # don't do things inside of "except Empty", because when we say
            # we timed out or can't connect and raise, Python 3 tells
            # people the real error is queue.Empty which it isn't.
            pass
        if use_overflow and self._overflow >= self._max_overflow:
            if not wait:
                return self._do_get()
            else:
                raise exc.TimeoutError(
                    "QueuePool limit of size %d overflow %d reached, "
                    "connection timed out, timeout %0.2f"
                    % (self.size(), self.overflow(), self._timeout),
                    code="3o7r",
                )
    
        if self._inc_overflow():
            try:
                return self._create_connection()
            except:
>               with util.safe_reraise():

C:\Users\RMOHINDR\AppData\Local\Programs\Python\Python311\Lib\site-packages\sqlalchemy\pool\impl.py:177: 
_ _ _ _ _ _ _ _ _ _ _ _ _ _ _ _ _ _ _ _ _ _ _ _ _ _ _ _ _ _ _ _ _ _ _ _ _ _ _ _

self = <sqlalchemy.util.langhelpers.safe_reraise object at 0x000001CEFAB43E50>
type_ = None, value = None, traceback = None

    def __exit__(
        self,
        type_: Optional[Type[BaseException]],
        value: Optional[BaseException],
        traceback: Optional[types.TracebackType],
    ) -> NoReturn:
        assert self._exc_info is not None
        # see #2703 for notes
        if type_ is None:
            exc_type, exc_value, exc_tb = self._exc_info
            assert exc_value is not None
            self._exc_info = None  # remove potential circular references
>           raise exc_value.with_traceback(exc_tb)

C:\Users\RMOHINDR\AppData\Local\Programs\Python\Python311\Lib\site-packages\sqlalchemy\util\langhelpers.py:121: 
_ _ _ _ _ _ _ _ _ _ _ _ _ _ _ _ _ _ _ _ _ _ _ _ _ _ _ _ _ _ _ _ _ _ _ _ _ _ _ _

self = <sqlalchemy.pool.impl.QueuePool object at 0x000001CEFAB7F450>

    def _do_get(self) -> ConnectionPoolEntry:
        use_overflow = self._max_overflow > -1
    
        wait = use_overflow and self._overflow >= self._max_overflow
        try:
            return self._pool.get(wait, self._timeout)
        except sqla_queue.Empty:
            # don't do things inside of "except Empty", because when we say
            # we timed out or can't connect and raise, Python 3 tells
            # people the real error is queue.Empty which it isn't.
            pass
        if use_overflow and self._overflow >= self._max_overflow:
            if not wait:
                return self._do_get()
            else:
                raise exc.TimeoutError(
                    "QueuePool limit of size %d overflow %d reached, "
                    "connection timed out, timeout %0.2f"
                    % (self.size(), self.overflow(), self._timeout),
                    code="3o7r",
                )
    
        if self._inc_overflow():
            try:
>               return self._create_connection()
                       ^^^^^^^^^^^^^^^^^^^^^^^^^

C:\Users\RMOHINDR\AppData\Local\Programs\Python\Python311\Lib\site-packages\sqlalchemy\pool\impl.py:175: 
_ _ _ _ _ _ _ _ _ _ _ _ _ _ _ _ _ _ _ _ _ _ _ _ _ _ _ _ _ _ _ _ _ _ _ _ _ _ _ _

self = <sqlalchemy.pool.impl.QueuePool object at 0x000001CEFAB7F450>

    def _create_connection(self) -> ConnectionPoolEntry:
        """Called by subclasses to create a new ConnectionRecord."""
    
>       return _ConnectionRecord(self)
               ^^^^^^^^^^^^^^^^^^^^^^^

C:\Users\RMOHINDR\AppData\Local\Programs\Python\Python311\Lib\site-packages\sqlalchemy\pool\base.py:389: 
_ _ _ _ _ _ _ _ _ _ _ _ _ _ _ _ _ _ _ _ _ _ _ _ _ _ _ _ _ _ _ _ _ _ _ _ _ _ _ _

self = <sqlalchemy.pool.base._ConnectionRecord object at 0x000001CEFAB2BE70>
pool = <sqlalchemy.pool.impl.QueuePool object at 0x000001CEFAB7F450>
connect = True

    def __init__(self, pool: Pool, connect: bool = True):
        self.fresh = False
        self.fairy_ref = None
        self.starttime = 0
        self.dbapi_connection = None
    
        self.__pool = pool
        if connect:
>           self.__connect()

C:\Users\RMOHINDR\AppData\Local\Programs\Python\Python311\Lib\site-packages\sqlalchemy\pool\base.py:674: 
_ _ _ _ _ _ _ _ _ _ _ _ _ _ _ _ _ _ _ _ _ _ _ _ _ _ _ _ _ _ _ _ _ _ _ _ _ _ _ _

self = <sqlalchemy.pool.base._ConnectionRecord object at 0x000001CEFAB2BE70>

    def __connect(self) -> None:
        pool = self.__pool
    
        # ensure any existing connection is removed, so that if
        # creator fails, this attribute stays None
        self.dbapi_connection = None
        try:
            self.starttime = time.time()
            self.dbapi_connection = connection = pool._invoke_creator(self)
            pool.logger.debug("Created new connection %r", connection)
            self.fresh = True
        except BaseException as e:
>           with util.safe_reraise():

C:\Users\RMOHINDR\AppData\Local\Programs\Python\Python311\Lib\site-packages\sqlalchemy\pool\base.py:900: 
_ _ _ _ _ _ _ _ _ _ _ _ _ _ _ _ _ _ _ _ _ _ _ _ _ _ _ _ _ _ _ _ _ _ _ _ _ _ _ _

self = <sqlalchemy.util.langhelpers.safe_reraise object at 0x000001CEFAB43D60>
type_ = None, value = None, traceback = None

    def __exit__(
        self,
        type_: Optional[Type[BaseException]],
        value: Optional[BaseException],
        traceback: Optional[types.TracebackType],
    ) -> NoReturn:
        assert self._exc_info is not None
        # see #2703 for notes
        if type_ is None:
            exc_type, exc_value, exc_tb = self._exc_info
            assert exc_value is not None
            self._exc_info = None  # remove potential circular references
>           raise exc_value.with_traceback(exc_tb)

C:\Users\RMOHINDR\AppData\Local\Programs\Python\Python311\Lib\site-packages\sqlalchemy\util\langhelpers.py:121: 
_ _ _ _ _ _ _ _ _ _ _ _ _ _ _ _ _ _ _ _ _ _ _ _ _ _ _ _ _ _ _ _ _ _ _ _ _ _ _ _

self = <sqlalchemy.pool.base._ConnectionRecord object at 0x000001CEFAB2BE70>

    def __connect(self) -> None:
        pool = self.__pool
    
        # ensure any existing connection is removed, so that if
        # creator fails, this attribute stays None
        self.dbapi_connection = None
        try:
            self.starttime = time.time()
>           self.dbapi_connection = connection = pool._invoke_creator(self)
                                                 ^^^^^^^^^^^^^^^^^^^^^^^^^^

C:\Users\RMOHINDR\AppData\Local\Programs\Python\Python311\Lib\site-packages\sqlalchemy\pool\base.py:896: 
_ _ _ _ _ _ _ _ _ _ _ _ _ _ _ _ _ _ _ _ _ _ _ _ _ _ _ _ _ _ _ _ _ _ _ _ _ _ _ _

connection_record = <sqlalchemy.pool.base._ConnectionRecord object at 0x000001CEFAB2BE70>

    def connect(
        connection_record: Optional[ConnectionPoolEntry] = None,
    ) -> DBAPIConnection:
        if dialect._has_events:
            mutable_cargs = list(cargs_tup)
            mutable_cparams = dict(cparams)
            for fn in dialect.dispatch.do_connect:
                connection = cast(
                    DBAPIConnection,
                    fn(
                        dialect,
                        connection_record,
                        mutable_cargs,
                        mutable_cparams,
                    ),
                )
                if connection is not None:
                    return connection
            return dialect.connect(*mutable_cargs, **mutable_cparams)
        else:
>           return dialect.connect(*cargs_tup, **cparams)
                   ^^^^^^^^^^^^^^^^^^^^^^^^^^^^^^^^^^^^^^

C:\Users\RMOHINDR\AppData\Local\Programs\Python\Python311\Lib\site-packages\sqlalchemy\engine\create.py:667: 
_ _ _ _ _ _ _ _ _ _ _ _ _ _ _ _ _ _ _ _ _ _ _ _ _ _ _ _ _ _ _ _ _ _ _ _ _ _ _ _

self = <sqlalchemy.dialects.postgresql.psycopg2.PGDialect_psycopg2 object at 0x000001CEF9852D50>
cargs = ()
cparams = {'dbname': 'postgres', 'host': 'localhost', 'password': 'password', 'port': 5432, ...}

    def connect(self, *cargs: Any, **cparams: Any) -> DBAPIConnection:
        # inherits the docstring from interfaces.Dialect.connect
>       return self.loaded_dbapi.connect(*cargs, **cparams)  # type: ignore[no-any-return]  # NOQA: E501
               ^^^^^^^^^^^^^^^^^^^^^^^^^^^^^^^^^^^^^^^^^^^^

C:\Users\RMOHINDR\AppData\Local\Programs\Python\Python311\Lib\site-packages\sqlalchemy\engine\default.py:630: 
_ _ _ _ _ _ _ _ _ _ _ _ _ _ _ _ _ _ _ _ _ _ _ _ _ _ _ _ _ _ _ _ _ _ _ _ _ _ _ _

dsn = 'host=localhost dbname=postgres user=transportation password=password port=5432'
connection_factory = None, cursor_factory = None
kwargs = {'dbname': 'postgres', 'host': 'localhost', 'password': 'password', 'port': 5432, ...}
kwasync = {}

    def connect(dsn=None, connection_factory=None, cursor_factory=None, **kwargs):
        """
        Create a new database connection.
    
        The connection parameters can be specified as a string:
    
            conn = psycopg2.connect("dbname=test user=postgres password=secret")
    
        or using a set of keyword arguments:
    
            conn = psycopg2.connect(database="test", user="postgres", password="secret")
    
        Or as a mix of both. The basic connection parameters are:
    
        - *dbname*: the database name
        - *database*: the database name (only as keyword argument)
        - *user*: user name used to authenticate
        - *password*: password used to authenticate
        - *host*: database host address (defaults to UNIX socket if not provided)
        - *port*: connection port number (defaults to 5432 if not provided)
    
        Using the *connection_factory* parameter a different class or connections
        factory can be specified. It should be a callable object taking a dsn
        argument.
    
        Using the *cursor_factory* parameter, a new default cursor factory will be
        used by cursor().
    
        Using *async*=True an asynchronous connection will be created. *async_* is
        a valid alias (for Python versions where ``async`` is a keyword).
    
        Any other keyword parameter will be passed to the underlying client
        library: the list of supported parameters depends on the library version.
    
        """
        kwasync = {}
        if 'async' in kwargs:
            kwasync['async'] = kwargs.pop('async')
        if 'async_' in kwargs:
            kwasync['async_'] = kwargs.pop('async_')
    
        dsn = _ext.make_dsn(dsn, **kwargs)
>       conn = _connect(dsn, connection_factory=connection_factory, **kwasync)
               ^^^^^^^^^^^^^^^^^^^^^^^^^^^^^^^^^^^^^^^^^^^^^^^^^^^^^^^^^^^^^^^
E       sqlalchemy.exc.OperationalError: (psycopg2.OperationalError) connection to server at "localhost" (::1), port 5432 failed: Connection refused (0x0000274D/10061)
E       	Is the server running on that host and accepting TCP/IP connections?
E       connection to server at "localhost" (127.0.0.1), port 5432 failed: Connection refused (0x0000274D/10061)
E       	Is the server running on that host and accepting TCP/IP connections?
E       
E       (Background on this error at: https://sqlalche.me/e/20/e3q8)

C:\Users\RMOHINDR\AppData\Local\Programs\Python\Python311\Lib\site-packages\psycopg2\__init__.py:135: OperationalError
_ ERROR at setup of TestSubmitOwnershipEnforcement.test_tc004_1_creator_with_perm_can_submit_own_draft _

self = <sqlalchemy.engine.base.Connection object at 0x000001CEFA8A9490>
engine = Engine(postgresql://transportation:***@localhost:5432/postgres)
connection = None, _has_events = None, _allow_revalidate = True
_allow_autobegin = True

    def __init__(
        self,
        engine: Engine,
        connection: Optional[PoolProxiedConnection] = None,
        _has_events: Optional[bool] = None,
        _allow_revalidate: bool = True,
        _allow_autobegin: bool = True,
    ):
        """Construct a new Connection."""
        self.engine = engine
        self.dialect = dialect = engine.dialect
    
        if connection is None:
            try:
>               self._dbapi_connection = engine.raw_connection()
                                         ^^^^^^^^^^^^^^^^^^^^^^^

C:\Users\RMOHINDR\AppData\Local\Programs\Python\Python311\Lib\site-packages\sqlalchemy\engine\base.py:143: 
_ _ _ _ _ _ _ _ _ _ _ _ _ _ _ _ _ _ _ _ _ _ _ _ _ _ _ _ _ _ _ _ _ _ _ _ _ _ _ _

self = Engine(postgresql://transportation:***@localhost:5432/postgres)

    def raw_connection(self) -> PoolProxiedConnection:
        """Return a "raw" DBAPI connection from the connection pool.
    
        The returned object is a proxied version of the DBAPI
        connection object used by the underlying driver in use.
        The object will have all the same behavior as the real DBAPI
        connection, except that its ``close()`` method will result in the
        connection being returned to the pool, rather than being closed
        for real.
    
        This method provides direct DBAPI connection access for
        special situations when the API provided by
        :class:`_engine.Connection`
        is not needed.   When a :class:`_engine.Connection` object is already
        present, the DBAPI connection is available using
        the :attr:`_engine.Connection.connection` accessor.
    
        .. seealso::
    
            :ref:`dbapi_connections`
    
        """
>       return self.pool.connect()
               ^^^^^^^^^^^^^^^^^^^

C:\Users\RMOHINDR\AppData\Local\Programs\Python\Python311\Lib\site-packages\sqlalchemy\engine\base.py:3317: 
_ _ _ _ _ _ _ _ _ _ _ _ _ _ _ _ _ _ _ _ _ _ _ _ _ _ _ _ _ _ _ _ _ _ _ _ _ _ _ _

self = <sqlalchemy.pool.impl.QueuePool object at 0x000001CEFAB7F450>

    def connect(self) -> PoolProxiedConnection:
        """Return a DBAPI connection from the pool.
    
        The connection is instrumented such that when its
        ``close()`` method is called, the connection will be returned to
        the pool.
    
        """
>       return _ConnectionFairy._checkout(self)
               ^^^^^^^^^^^^^^^^^^^^^^^^^^^^^^^^

C:\Users\RMOHINDR\AppData\Local\Programs\Python\Python311\Lib\site-packages\sqlalchemy\pool\base.py:448: 
_ _ _ _ _ _ _ _ _ _ _ _ _ _ _ _ _ _ _ _ _ _ _ _ _ _ _ _ _ _ _ _ _ _ _ _ _ _ _ _

cls = <class 'sqlalchemy.pool.base._ConnectionFairy'>
pool = <sqlalchemy.pool.impl.QueuePool object at 0x000001CEFAB7F450>
threadconns = None, fairy = None

    @classmethod
    def _checkout(
        cls,
        pool: Pool,
        threadconns: Optional[threading.local] = None,
        fairy: Optional[_ConnectionFairy] = None,
    ) -> _ConnectionFairy:
        if not fairy:
>           fairy = _ConnectionRecord.checkout(pool)
                    ^^^^^^^^^^^^^^^^^^^^^^^^^^^^^^^^

C:\Users\RMOHINDR\AppData\Local\Programs\Python\Python311\Lib\site-packages\sqlalchemy\pool\base.py:1272: 
_ _ _ _ _ _ _ _ _ _ _ _ _ _ _ _ _ _ _ _ _ _ _ _ _ _ _ _ _ _ _ _ _ _ _ _ _ _ _ _

cls = <class 'sqlalchemy.pool.base._ConnectionRecord'>
pool = <sqlalchemy.pool.impl.QueuePool object at 0x000001CEFAB7F450>

    @classmethod
    def checkout(cls, pool: Pool) -> _ConnectionFairy:
        if TYPE_CHECKING:
            rec = cast(_ConnectionRecord, pool._do_get())
        else:
>           rec = pool._do_get()
                  ^^^^^^^^^^^^^^

C:\Users\RMOHINDR\AppData\Local\Programs\Python\Python311\Lib\site-packages\sqlalchemy\pool\base.py:712: 
_ _ _ _ _ _ _ _ _ _ _ _ _ _ _ _ _ _ _ _ _ _ _ _ _ _ _ _ _ _ _ _ _ _ _ _ _ _ _ _

self = <sqlalchemy.pool.impl.QueuePool object at 0x000001CEFAB7F450>

    def _do_get(self) -> ConnectionPoolEntry:
        use_overflow = self._max_overflow > -1
    
        wait = use_overflow and self._overflow >= self._max_overflow
        try:
            return self._pool.get(wait, self._timeout)
        except sqla_queue.Empty:
            # don't do things inside of "except Empty", because when we say
            # we timed out or can't connect and raise, Python 3 tells
            # people the real error is queue.Empty which it isn't.
            pass
        if use_overflow and self._overflow >= self._max_overflow:
            if not wait:
                return self._do_get()
            else:
                raise exc.TimeoutError(
                    "QueuePool limit of size %d overflow %d reached, "
                    "connection timed out, timeout %0.2f"
                    % (self.size(), self.overflow(), self._timeout),
                    code="3o7r",
                )
    
        if self._inc_overflow():
            try:
                return self._create_connection()
            except:
>               with util.safe_reraise():

C:\Users\RMOHINDR\AppData\Local\Programs\Python\Python311\Lib\site-packages\sqlalchemy\pool\impl.py:177: 
_ _ _ _ _ _ _ _ _ _ _ _ _ _ _ _ _ _ _ _ _ _ _ _ _ _ _ _ _ _ _ _ _ _ _ _ _ _ _ _

self = <sqlalchemy.util.langhelpers.safe_reraise object at 0x000001CEFAB43E50>
type_ = None, value = None, traceback = None

    def __exit__(
        self,
        type_: Optional[Type[BaseException]],
        value: Optional[BaseException],
        traceback: Optional[types.TracebackType],
    ) -> NoReturn:
        assert self._exc_info is not None
        # see #2703 for notes
        if type_ is None:
            exc_type, exc_value, exc_tb = self._exc_info
            assert exc_value is not None
            self._exc_info = None  # remove potential circular references
>           raise exc_value.with_traceback(exc_tb)

C:\Users\RMOHINDR\AppData\Local\Programs\Python\Python311\Lib\site-packages\sqlalchemy\util\langhelpers.py:121: 
_ _ _ _ _ _ _ _ _ _ _ _ _ _ _ _ _ _ _ _ _ _ _ _ _ _ _ _ _ _ _ _ _ _ _ _ _ _ _ _

self = <sqlalchemy.pool.impl.QueuePool object at 0x000001CEFAB7F450>

    def _do_get(self) -> ConnectionPoolEntry:
        use_overflow = self._max_overflow > -1
    
        wait = use_overflow and self._overflow >= self._max_overflow
        try:
            return self._pool.get(wait, self._timeout)
        except sqla_queue.Empty:
            # don't do things inside of "except Empty", because when we say
            # we timed out or can't connect and raise, Python 3 tells
            # people the real error is queue.Empty which it isn't.
            pass
        if use_overflow and self._overflow >= self._max_overflow:
            if not wait:
                return self._do_get()
            else:
                raise exc.TimeoutError(
                    "QueuePool limit of size %d overflow %d reached, "
                    "connection timed out, timeout %0.2f"
                    % (self.size(), self.overflow(), self._timeout),
                    code="3o7r",
                )
    
        if self._inc_overflow():
            try:
>               return self._create_connection()
                       ^^^^^^^^^^^^^^^^^^^^^^^^^

C:\Users\RMOHINDR\AppData\Local\Programs\Python\Python311\Lib\site-packages\sqlalchemy\pool\impl.py:175: 
_ _ _ _ _ _ _ _ _ _ _ _ _ _ _ _ _ _ _ _ _ _ _ _ _ _ _ _ _ _ _ _ _ _ _ _ _ _ _ _

self = <sqlalchemy.pool.impl.QueuePool object at 0x000001CEFAB7F450>

    def _create_connection(self) -> ConnectionPoolEntry:
        """Called by subclasses to create a new ConnectionRecord."""
    
>       return _ConnectionRecord(self)
               ^^^^^^^^^^^^^^^^^^^^^^^

C:\Users\RMOHINDR\AppData\Local\Programs\Python\Python311\Lib\site-packages\sqlalchemy\pool\base.py:389: 
_ _ _ _ _ _ _ _ _ _ _ _ _ _ _ _ _ _ _ _ _ _ _ _ _ _ _ _ _ _ _ _ _ _ _ _ _ _ _ _

self = <sqlalchemy.pool.base._ConnectionRecord object at 0x000001CEFAB2BE70>
pool = <sqlalchemy.pool.impl.QueuePool object at 0x000001CEFAB7F450>
connect = True

    def __init__(self, pool: Pool, connect: bool = True):
        self.fresh = False
        self.fairy_ref = None
        self.starttime = 0
        self.dbapi_connection = None
    
        self.__pool = pool
        if connect:
>           self.__connect()

C:\Users\RMOHINDR\AppData\Local\Programs\Python\Python311\Lib\site-packages\sqlalchemy\pool\base.py:674: 
_ _ _ _ _ _ _ _ _ _ _ _ _ _ _ _ _ _ _ _ _ _ _ _ _ _ _ _ _ _ _ _ _ _ _ _ _ _ _ _

self = <sqlalchemy.pool.base._ConnectionRecord object at 0x000001CEFAB2BE70>

    def __connect(self) -> None:
        pool = self.__pool
    
        # ensure any existing connection is removed, so that if
        # creator fails, this attribute stays None
        self.dbapi_connection = None
        try:
            self.starttime = time.time()
            self.dbapi_connection = connection = pool._invoke_creator(self)
            pool.logger.debug("Created new connection %r", connection)
            self.fresh = True
        except BaseException as e:
>           with util.safe_reraise():

C:\Users\RMOHINDR\AppData\Local\Programs\Python\Python311\Lib\site-packages\sqlalchemy\pool\base.py:900: 
_ _ _ _ _ _ _ _ _ _ _ _ _ _ _ _ _ _ _ _ _ _ _ _ _ _ _ _ _ _ _ _ _ _ _ _ _ _ _ _

self = <sqlalchemy.util.langhelpers.safe_reraise object at 0x000001CEFAB43D60>
type_ = None, value = None, traceback = None

    def __exit__(
        self,
        type_: Optional[Type[BaseException]],
        value: Optional[BaseException],
        traceback: Optional[types.TracebackType],
    ) -> NoReturn:
        assert self._exc_info is not None
        # see #2703 for notes
        if type_ is None:
            exc_type, exc_value, exc_tb = self._exc_info
            assert exc_value is not None
            self._exc_info = None  # remove potential circular references
>           raise exc_value.with_traceback(exc_tb)

C:\Users\RMOHINDR\AppData\Local\Programs\Python\Python311\Lib\site-packages\sqlalchemy\util\langhelpers.py:121: 
_ _ _ _ _ _ _ _ _ _ _ _ _ _ _ _ _ _ _ _ _ _ _ _ _ _ _ _ _ _ _ _ _ _ _ _ _ _ _ _

self = <sqlalchemy.pool.base._ConnectionRecord object at 0x000001CEFAB2BE70>

    def __connect(self) -> None:
        pool = self.__pool
    
        # ensure any existing connection is removed, so that if
        # creator fails, this attribute stays None
        self.dbapi_connection = None
        try:
            self.starttime = time.time()
>           self.dbapi_connection = connection = pool._invoke_creator(self)
                                                 ^^^^^^^^^^^^^^^^^^^^^^^^^^

C:\Users\RMOHINDR\AppData\Local\Programs\Python\Python311\Lib\site-packages\sqlalchemy\pool\base.py:896: 
_ _ _ _ _ _ _ _ _ _ _ _ _ _ _ _ _ _ _ _ _ _ _ _ _ _ _ _ _ _ _ _ _ _ _ _ _ _ _ _

connection_record = <sqlalchemy.pool.base._ConnectionRecord object at 0x000001CEFAB2BE70>

    def connect(
        connection_record: Optional[ConnectionPoolEntry] = None,
    ) -> DBAPIConnection:
        if dialect._has_events:
            mutable_cargs = list(cargs_tup)
            mutable_cparams = dict(cparams)
            for fn in dialect.dispatch.do_connect:
                connection = cast(
                    DBAPIConnection,
                    fn(
                        dialect,
                        connection_record,
                        mutable_cargs,
                        mutable_cparams,
                    ),
                )
                if connection is not None:
                    return connection
            return dialect.connect(*mutable_cargs, **mutable_cparams)
        else:
>           return dialect.connect(*cargs_tup, **cparams)
                   ^^^^^^^^^^^^^^^^^^^^^^^^^^^^^^^^^^^^^^

C:\Users\RMOHINDR\AppData\Local\Programs\Python\Python311\Lib\site-packages\sqlalchemy\engine\create.py:667: 
_ _ _ _ _ _ _ _ _ _ _ _ _ _ _ _ _ _ _ _ _ _ _ _ _ _ _ _ _ _ _ _ _ _ _ _ _ _ _ _

self = <sqlalchemy.dialects.postgresql.psycopg2.PGDialect_psycopg2 object at 0x000001CEF9852D50>
cargs = ()
cparams = {'dbname': 'postgres', 'host': 'localhost', 'password': 'password', 'port': 5432, ...}

    def connect(self, *cargs: Any, **cparams: Any) -> DBAPIConnection:
        # inherits the docstring from interfaces.Dialect.connect
>       return self.loaded_dbapi.connect(*cargs, **cparams)  # type: ignore[no-any-return]  # NOQA: E501
               ^^^^^^^^^^^^^^^^^^^^^^^^^^^^^^^^^^^^^^^^^^^^

C:\Users\RMOHINDR\AppData\Local\Programs\Python\Python311\Lib\site-packages\sqlalchemy\engine\default.py:630: 
_ _ _ _ _ _ _ _ _ _ _ _ _ _ _ _ _ _ _ _ _ _ _ _ _ _ _ _ _ _ _ _ _ _ _ _ _ _ _ _

dsn = 'host=localhost dbname=postgres user=transportation password=password port=5432'
connection_factory = None, cursor_factory = None
kwargs = {'dbname': 'postgres', 'host': 'localhost', 'password': 'password', 'port': 5432, ...}
kwasync = {}

    def connect(dsn=None, connection_factory=None, cursor_factory=None, **kwargs):
        """
        Create a new database connection.
    
        The connection parameters can be specified as a string:
    
            conn = psycopg2.connect("dbname=test user=postgres password=secret")
    
        or using a set of keyword arguments:
    
            conn = psycopg2.connect(database="test", user="postgres", password="secret")
    
        Or as a mix of both. The basic connection parameters are:
    
        - *dbname*: the database name
        - *database*: the database name (only as keyword argument)
        - *user*: user name used to authenticate
        - *password*: password used to authenticate
        - *host*: database host address (defaults to UNIX socket if not provided)
        - *port*: connection port number (defaults to 5432 if not provided)
    
        Using the *connection_factory* parameter a different class or connections
        factory can be specified. It should be a callable object taking a dsn
        argument.
    
        Using the *cursor_factory* parameter, a new default cursor factory will be
        used by cursor().
    
        Using *async*=True an asynchronous connection will be created. *async_* is
        a valid alias (for Python versions where ``async`` is a keyword).
    
        Any other keyword parameter will be passed to the underlying client
        library: the list of supported parameters depends on the library version.
    
        """
        kwasync = {}
        if 'async' in kwargs:
            kwasync['async'] = kwargs.pop('async')
        if 'async_' in kwargs:
            kwasync['async_'] = kwargs.pop('async_')
    
        dsn = _ext.make_dsn(dsn, **kwargs)
>       conn = _connect(dsn, connection_factory=connection_factory, **kwasync)
               ^^^^^^^^^^^^^^^^^^^^^^^^^^^^^^^^^^^^^^^^^^^^^^^^^^^^^^^^^^^^^^^
E       psycopg2.OperationalError: connection to server at "localhost" (::1), port 5432 failed: Connection refused (0x0000274D/10061)
E       	Is the server running on that host and accepting TCP/IP connections?
E       connection to server at "localhost" (127.0.0.1), port 5432 failed: Connection refused (0x0000274D/10061)
E       	Is the server running on that host and accepting TCP/IP connections?

C:\Users\RMOHINDR\AppData\Local\Programs\Python\Python311\Lib\site-packages\psycopg2\__init__.py:135: OperationalError

The above exception was the direct cause of the following exception:

    @pytest.fixture(scope="session")
    def _test_engine():
        """Create the test database (if needed) and return an engine bound to it.
    
        The database is created once per test session and the full schema is
        applied via ``Base.metadata.create_all``.
        """
        # Connect to the admin database to create the test database.
        admin_engine = create_engine(_PG_ADMIN_URL, isolation_level="AUTOCOMMIT")
>       with admin_engine.connect() as conn:
             ^^^^^^^^^^^^^^^^^^^^^^

apps\backend\tests\conftest.py:69: 
_ _ _ _ _ _ _ _ _ _ _ _ _ _ _ _ _ _ _ _ _ _ _ _ _ _ _ _ _ _ _ _ _ _ _ _ _ _ _ _

self = Engine(postgresql://transportation:***@localhost:5432/postgres)

    def connect(self) -> Connection:
        """Return a new :class:`_engine.Connection` object.
    
        The :class:`_engine.Connection` acts as a Python context manager, so
        the typical use of this method looks like::
    
            with engine.connect() as connection:
                connection.execute(text("insert into table values ('foo')"))
                connection.commit()
    
        Where above, after the block is completed, the connection is "closed"
        and its underlying DBAPI resources are returned to the connection pool.
        This also has the effect of rolling back any transaction that
        was explicitly begun or was begun via autobegin, and will
        emit the :meth:`_events.ConnectionEvents.rollback` event if one was
        started and is still in progress.
    
        .. seealso::
    
            :meth:`_engine.Engine.begin`
    
        """
    
>       return self._connection_cls(self)
               ^^^^^^^^^^^^^^^^^^^^^^^^^^

C:\Users\RMOHINDR\AppData\Local\Programs\Python\Python311\Lib\site-packages\sqlalchemy\engine\base.py:3293: 
_ _ _ _ _ _ _ _ _ _ _ _ _ _ _ _ _ _ _ _ _ _ _ _ _ _ _ _ _ _ _ _ _ _ _ _ _ _ _ _

self = <sqlalchemy.engine.base.Connection object at 0x000001CEFA8A9490>
engine = Engine(postgresql://transportation:***@localhost:5432/postgres)
connection = None, _has_events = None, _allow_revalidate = True
_allow_autobegin = True

    def __init__(
        self,
        engine: Engine,
        connection: Optional[PoolProxiedConnection] = None,
        _has_events: Optional[bool] = None,
        _allow_revalidate: bool = True,
        _allow_autobegin: bool = True,
    ):
        """Construct a new Connection."""
        self.engine = engine
        self.dialect = dialect = engine.dialect
    
        if connection is None:
            try:
                self._dbapi_connection = engine.raw_connection()
            except dialect.loaded_dbapi.Error as err:
>               Connection._handle_dbapi_exception_noconnection(
                    err, dialect, engine
                )

C:\Users\RMOHINDR\AppData\Local\Programs\Python\Python311\Lib\site-packages\sqlalchemy\engine\base.py:145: 
_ _ _ _ _ _ _ _ _ _ _ _ _ _ _ _ _ _ _ _ _ _ _ _ _ _ _ _ _ _ _ _ _ _ _ _ _ _ _ _

cls = <class 'sqlalchemy.engine.base.Connection'>
e = OperationalError('connection to server at "localhost" (::1), port 5432 failed: Connection refused (0x0000274D/10061)\n...iled: Connection refused (0x0000274D/10061)\n\tIs the server running on that host and accepting TCP/IP connections?\n')
dialect = <sqlalchemy.dialects.postgresql.psycopg2.PGDialect_psycopg2 object at 0x000001CEF9852D50>
engine = Engine(postgresql://transportation:***@localhost:5432/postgres)
is_disconnect = False, invalidate_pool_on_disconnect = True, is_pre_ping = False

    @classmethod
    def _handle_dbapi_exception_noconnection(
        cls,
        e: BaseException,
        dialect: Dialect,
        engine: Optional[Engine] = None,
        is_disconnect: Optional[bool] = None,
        invalidate_pool_on_disconnect: bool = True,
        is_pre_ping: bool = False,
    ) -> NoReturn:
        exc_info = sys.exc_info()
    
        if is_disconnect is None:
            is_disconnect = isinstance(
                e, dialect.loaded_dbapi.Error
            ) and dialect.is_disconnect(e, None, None)
    
        should_wrap = isinstance(e, dialect.loaded_dbapi.Error)
    
        if should_wrap:
            sqlalchemy_exception = exc.DBAPIError.instance(
                None,
                None,
                cast(Exception, e),
                dialect.loaded_dbapi.Error,
                hide_parameters=(
                    engine.hide_parameters if engine is not None else False
                ),
                connection_invalidated=is_disconnect,
                dialect=dialect,
            )
        else:
            sqlalchemy_exception = None
    
        newraise = None
    
        if dialect._has_events:
            ctx = ExceptionContextImpl(
                e,
                sqlalchemy_exception,
                engine,
                dialect,
                None,
                None,
                None,
                None,
                None,
                is_disconnect,
                invalidate_pool_on_disconnect,
                is_pre_ping,
            )
            for fn in dialect.dispatch.handle_error:
                try:
                    # handler returns an exception;
                    # call next handler in a chain
                    per_fn = fn(ctx)
                    if per_fn is not None:
                        ctx.chained_exception = newraise = per_fn
                except Exception as _raised:
                    # handler raises an exception - stop processing
                    newraise = _raised
                    break
    
            if sqlalchemy_exception and is_disconnect != ctx.is_disconnect:
                sqlalchemy_exception.connection_invalidated = ctx.is_disconnect
    
        if newraise:
            raise newraise.with_traceback(exc_info[2]) from e
        elif should_wrap:
            assert sqlalchemy_exception is not None
>           raise sqlalchemy_exception.with_traceback(exc_info[2]) from e

C:\Users\RMOHINDR\AppData\Local\Programs\Python\Python311\Lib\site-packages\sqlalchemy\engine\base.py:2448: 
_ _ _ _ _ _ _ _ _ _ _ _ _ _ _ _ _ _ _ _ _ _ _ _ _ _ _ _ _ _ _ _ _ _ _ _ _ _ _ _

self = <sqlalchemy.engine.base.Connection object at 0x000001CEFA8A9490>
engine = Engine(postgresql://transportation:***@localhost:5432/postgres)
connection = None, _has_events = None, _allow_revalidate = True
_allow_autobegin = True

    def __init__(
        self,
        engine: Engine,
        connection: Optional[PoolProxiedConnection] = None,
        _has_events: Optional[bool] = None,
        _allow_revalidate: bool = True,
        _allow_autobegin: bool = True,
    ):
        """Construct a new Connection."""
        self.engine = engine
        self.dialect = dialect = engine.dialect
    
        if connection is None:
            try:
>               self._dbapi_connection = engine.raw_connection()
                                         ^^^^^^^^^^^^^^^^^^^^^^^

C:\Users\RMOHINDR\AppData\Local\Programs\Python\Python311\Lib\site-packages\sqlalchemy\engine\base.py:143: 
_ _ _ _ _ _ _ _ _ _ _ _ _ _ _ _ _ _ _ _ _ _ _ _ _ _ _ _ _ _ _ _ _ _ _ _ _ _ _ _

self = Engine(postgresql://transportation:***@localhost:5432/postgres)

    def raw_connection(self) -> PoolProxiedConnection:
        """Return a "raw" DBAPI connection from the connection pool.
    
        The returned object is a proxied version of the DBAPI
        connection object used by the underlying driver in use.
        The object will have all the same behavior as the real DBAPI
        connection, except that its ``close()`` method will result in the
        connection being returned to the pool, rather than being closed
        for real.
    
        This method provides direct DBAPI connection access for
        special situations when the API provided by
        :class:`_engine.Connection`
        is not needed.   When a :class:`_engine.Connection` object is already
        present, the DBAPI connection is available using
        the :attr:`_engine.Connection.connection` accessor.
    
        .. seealso::
    
            :ref:`dbapi_connections`
    
        """
>       return self.pool.connect()
               ^^^^^^^^^^^^^^^^^^^

C:\Users\RMOHINDR\AppData\Local\Programs\Python\Python311\Lib\site-packages\sqlalchemy\engine\base.py:3317: 
_ _ _ _ _ _ _ _ _ _ _ _ _ _ _ _ _ _ _ _ _ _ _ _ _ _ _ _ _ _ _ _ _ _ _ _ _ _ _ _

self = <sqlalchemy.pool.impl.QueuePool object at 0x000001CEFAB7F450>

    def connect(self) -> PoolProxiedConnection:
        """Return a DBAPI connection from the pool.
    
        The connection is instrumented such that when its
        ``close()`` method is called, the connection will be returned to
        the pool.
    
        """
>       return _ConnectionFairy._checkout(self)
               ^^^^^^^^^^^^^^^^^^^^^^^^^^^^^^^^

C:\Users\RMOHINDR\AppData\Local\Programs\Python\Python311\Lib\site-packages\sqlalchemy\pool\base.py:448: 
_ _ _ _ _ _ _ _ _ _ _ _ _ _ _ _ _ _ _ _ _ _ _ _ _ _ _ _ _ _ _ _ _ _ _ _ _ _ _ _

cls = <class 'sqlalchemy.pool.base._ConnectionFairy'>
pool = <sqlalchemy.pool.impl.QueuePool object at 0x000001CEFAB7F450>
threadconns = None, fairy = None

    @classmethod
    def _checkout(
        cls,
        pool: Pool,
        threadconns: Optional[threading.local] = None,
        fairy: Optional[_ConnectionFairy] = None,
    ) -> _ConnectionFairy:
        if not fairy:
>           fairy = _ConnectionRecord.checkout(pool)
                    ^^^^^^^^^^^^^^^^^^^^^^^^^^^^^^^^

C:\Users\RMOHINDR\AppData\Local\Programs\Python\Python311\Lib\site-packages\sqlalchemy\pool\base.py:1272: 
_ _ _ _ _ _ _ _ _ _ _ _ _ _ _ _ _ _ _ _ _ _ _ _ _ _ _ _ _ _ _ _ _ _ _ _ _ _ _ _

cls = <class 'sqlalchemy.pool.base._ConnectionRecord'>
pool = <sqlalchemy.pool.impl.QueuePool object at 0x000001CEFAB7F450>

    @classmethod
    def checkout(cls, pool: Pool) -> _ConnectionFairy:
        if TYPE_CHECKING:
            rec = cast(_ConnectionRecord, pool._do_get())
        else:
>           rec = pool._do_get()
                  ^^^^^^^^^^^^^^

C:\Users\RMOHINDR\AppData\Local\Programs\Python\Python311\Lib\site-packages\sqlalchemy\pool\base.py:712: 
_ _ _ _ _ _ _ _ _ _ _ _ _ _ _ _ _ _ _ _ _ _ _ _ _ _ _ _ _ _ _ _ _ _ _ _ _ _ _ _

self = <sqlalchemy.pool.impl.QueuePool object at 0x000001CEFAB7F450>

    def _do_get(self) -> ConnectionPoolEntry:
        use_overflow = self._max_overflow > -1
    
        wait = use_overflow and self._overflow >= self._max_overflow
        try:
            return self._pool.get(wait, self._timeout)
        except sqla_queue.Empty:
            # don't do things inside of "except Empty", because when we say
            # we timed out or can't connect and raise, Python 3 tells
            # people the real error is queue.Empty which it isn't.
            pass
        if use_overflow and self._overflow >= self._max_overflow:
            if not wait:
                return self._do_get()
            else:
                raise exc.TimeoutError(
                    "QueuePool limit of size %d overflow %d reached, "
                    "connection timed out, timeout %0.2f"
                    % (self.size(), self.overflow(), self._timeout),
                    code="3o7r",
                )
    
        if self._inc_overflow():
            try:
                return self._create_connection()
            except:
>               with util.safe_reraise():

C:\Users\RMOHINDR\AppData\Local\Programs\Python\Python311\Lib\site-packages\sqlalchemy\pool\impl.py:177: 
_ _ _ _ _ _ _ _ _ _ _ _ _ _ _ _ _ _ _ _ _ _ _ _ _ _ _ _ _ _ _ _ _ _ _ _ _ _ _ _

self = <sqlalchemy.util.langhelpers.safe_reraise object at 0x000001CEFAB43E50>
type_ = None, value = None, traceback = None

    def __exit__(
        self,
        type_: Optional[Type[BaseException]],
        value: Optional[BaseException],
        traceback: Optional[types.TracebackType],
    ) -> NoReturn:
        assert self._exc_info is not None
        # see #2703 for notes
        if type_ is None:
            exc_type, exc_value, exc_tb = self._exc_info
            assert exc_value is not None
            self._exc_info = None  # remove potential circular references
>           raise exc_value.with_traceback(exc_tb)

C:\Users\RMOHINDR\AppData\Local\Programs\Python\Python311\Lib\site-packages\sqlalchemy\util\langhelpers.py:121: 
_ _ _ _ _ _ _ _ _ _ _ _ _ _ _ _ _ _ _ _ _ _ _ _ _ _ _ _ _ _ _ _ _ _ _ _ _ _ _ _

self = <sqlalchemy.pool.impl.QueuePool object at 0x000001CEFAB7F450>

    def _do_get(self) -> ConnectionPoolEntry:
        use_overflow = self._max_overflow > -1
    
        wait = use_overflow and self._overflow >= self._max_overflow
        try:
            return self._pool.get(wait, self._timeout)
        except sqla_queue.Empty:
            # don't do things inside of "except Empty", because when we say
            # we timed out or can't connect and raise, Python 3 tells
            # people the real error is queue.Empty which it isn't.
            pass
        if use_overflow and self._overflow >= self._max_overflow:
            if not wait:
                return self._do_get()
            else:
                raise exc.TimeoutError(
                    "QueuePool limit of size %d overflow %d reached, "
                    "connection timed out, timeout %0.2f"
                    % (self.size(), self.overflow(), self._timeout),
                    code="3o7r",
                )
    
        if self._inc_overflow():
            try:
>               return self._create_connection()
                       ^^^^^^^^^^^^^^^^^^^^^^^^^

C:\Users\RMOHINDR\AppData\Local\Programs\Python\Python311\Lib\site-packages\sqlalchemy\pool\impl.py:175: 
_ _ _ _ _ _ _ _ _ _ _ _ _ _ _ _ _ _ _ _ _ _ _ _ _ _ _ _ _ _ _ _ _ _ _ _ _ _ _ _

self = <sqlalchemy.pool.impl.QueuePool object at 0x000001CEFAB7F450>

    def _create_connection(self) -> ConnectionPoolEntry:
        """Called by subclasses to create a new ConnectionRecord."""
    
>       return _ConnectionRecord(self)
               ^^^^^^^^^^^^^^^^^^^^^^^

C:\Users\RMOHINDR\AppData\Local\Programs\Python\Python311\Lib\site-packages\sqlalchemy\pool\base.py:389: 
_ _ _ _ _ _ _ _ _ _ _ _ _ _ _ _ _ _ _ _ _ _ _ _ _ _ _ _ _ _ _ _ _ _ _ _ _ _ _ _

self = <sqlalchemy.pool.base._ConnectionRecord object at 0x000001CEFAB2BE70>
pool = <sqlalchemy.pool.impl.QueuePool object at 0x000001CEFAB7F450>
connect = True

    def __init__(self, pool: Pool, connect: bool = True):
        self.fresh = False
        self.fairy_ref = None
        self.starttime = 0
        self.dbapi_connection = None
    
        self.__pool = pool
        if connect:
>           self.__connect()

C:\Users\RMOHINDR\AppData\Local\Programs\Python\Python311\Lib\site-packages\sqlalchemy\pool\base.py:674: 
_ _ _ _ _ _ _ _ _ _ _ _ _ _ _ _ _ _ _ _ _ _ _ _ _ _ _ _ _ _ _ _ _ _ _ _ _ _ _ _

self = <sqlalchemy.pool.base._ConnectionRecord object at 0x000001CEFAB2BE70>

    def __connect(self) -> None:
        pool = self.__pool
    
        # ensure any existing connection is removed, so that if
        # creator fails, this attribute stays None
        self.dbapi_connection = None
        try:
            self.starttime = time.time()
            self.dbapi_connection = connection = pool._invoke_creator(self)
            pool.logger.debug("Created new connection %r", connection)
            self.fresh = True
        except BaseException as e:
>           with util.safe_reraise():

C:\Users\RMOHINDR\AppData\Local\Programs\Python\Python311\Lib\site-packages\sqlalchemy\pool\base.py:900: 
_ _ _ _ _ _ _ _ _ _ _ _ _ _ _ _ _ _ _ _ _ _ _ _ _ _ _ _ _ _ _ _ _ _ _ _ _ _ _ _

self = <sqlalchemy.util.langhelpers.safe_reraise object at 0x000001CEFAB43D60>
type_ = None, value = None, traceback = None

    def __exit__(
        self,
        type_: Optional[Type[BaseException]],
        value: Optional[BaseException],
        traceback: Optional[types.TracebackType],
    ) -> NoReturn:
        assert self._exc_info is not None
        # see #2703 for notes
        if type_ is None:
            exc_type, exc_value, exc_tb = self._exc_info
            assert exc_value is not None
            self._exc_info = None  # remove potential circular references
>           raise exc_value.with_traceback(exc_tb)

C:\Users\RMOHINDR\AppData\Local\Programs\Python\Python311\Lib\site-packages\sqlalchemy\util\langhelpers.py:121: 
_ _ _ _ _ _ _ _ _ _ _ _ _ _ _ _ _ _ _ _ _ _ _ _ _ _ _ _ _ _ _ _ _ _ _ _ _ _ _ _

self = <sqlalchemy.pool.base._ConnectionRecord object at 0x000001CEFAB2BE70>

    def __connect(self) -> None:
        pool = self.__pool
    
        # ensure any existing connection is removed, so that if
        # creator fails, this attribute stays None
        self.dbapi_connection = None
        try:
            self.starttime = time.time()
>           self.dbapi_connection = connection = pool._invoke_creator(self)
                                                 ^^^^^^^^^^^^^^^^^^^^^^^^^^

C:\Users\RMOHINDR\AppData\Local\Programs\Python\Python311\Lib\site-packages\sqlalchemy\pool\base.py:896: 
_ _ _ _ _ _ _ _ _ _ _ _ _ _ _ _ _ _ _ _ _ _ _ _ _ _ _ _ _ _ _ _ _ _ _ _ _ _ _ _

connection_record = <sqlalchemy.pool.base._ConnectionRecord object at 0x000001CEFAB2BE70>

    def connect(
        connection_record: Optional[ConnectionPoolEntry] = None,
    ) -> DBAPIConnection:
        if dialect._has_events:
            mutable_cargs = list(cargs_tup)
            mutable_cparams = dict(cparams)
            for fn in dialect.dispatch.do_connect:
                connection = cast(
                    DBAPIConnection,
                    fn(
                        dialect,
                        connection_record,
                        mutable_cargs,
                        mutable_cparams,
                    ),
                )
                if connection is not None:
                    return connection
            return dialect.connect(*mutable_cargs, **mutable_cparams)
        else:
>           return dialect.connect(*cargs_tup, **cparams)
                   ^^^^^^^^^^^^^^^^^^^^^^^^^^^^^^^^^^^^^^

C:\Users\RMOHINDR\AppData\Local\Programs\Python\Python311\Lib\site-packages\sqlalchemy\engine\create.py:667: 
_ _ _ _ _ _ _ _ _ _ _ _ _ _ _ _ _ _ _ _ _ _ _ _ _ _ _ _ _ _ _ _ _ _ _ _ _ _ _ _

self = <sqlalchemy.dialects.postgresql.psycopg2.PGDialect_psycopg2 object at 0x000001CEF9852D50>
cargs = ()
cparams = {'dbname': 'postgres', 'host': 'localhost', 'password': 'password', 'port': 5432, ...}

    def connect(self, *cargs: Any, **cparams: Any) -> DBAPIConnection:
        # inherits the docstring from interfaces.Dialect.connect
>       return self.loaded_dbapi.connect(*cargs, **cparams)  # type: ignore[no-any-return]  # NOQA: E501
               ^^^^^^^^^^^^^^^^^^^^^^^^^^^^^^^^^^^^^^^^^^^^

C:\Users\RMOHINDR\AppData\Local\Programs\Python\Python311\Lib\site-packages\sqlalchemy\engine\default.py:630: 
_ _ _ _ _ _ _ _ _ _ _ _ _ _ _ _ _ _ _ _ _ _ _ _ _ _ _ _ _ _ _ _ _ _ _ _ _ _ _ _

dsn = 'host=localhost dbname=postgres user=transportation password=password port=5432'
connection_factory = None, cursor_factory = None
kwargs = {'dbname': 'postgres', 'host': 'localhost', 'password': 'password', 'port': 5432, ...}
kwasync = {}

    def connect(dsn=None, connection_factory=None, cursor_factory=None, **kwargs):
        """
        Create a new database connection.
    
        The connection parameters can be specified as a string:
    
            conn = psycopg2.connect("dbname=test user=postgres password=secret")
    
        or using a set of keyword arguments:
    
            conn = psycopg2.connect(database="test", user="postgres", password="secret")
    
        Or as a mix of both. The basic connection parameters are:
    
        - *dbname*: the database name
        - *database*: the database name (only as keyword argument)
        - *user*: user name used to authenticate
        - *password*: password used to authenticate
        - *host*: database host address (defaults to UNIX socket if not provided)
        - *port*: connection port number (defaults to 5432 if not provided)
    
        Using the *connection_factory* parameter a different class or connections
        factory can be specified. It should be a callable object taking a dsn
        argument.
    
        Using the *cursor_factory* parameter, a new default cursor factory will be
        used by cursor().
    
        Using *async*=True an asynchronous connection will be created. *async_* is
        a valid alias (for Python versions where ``async`` is a keyword).
    
        Any other keyword parameter will be passed to the underlying client
        library: the list of supported parameters depends on the library version.
    
        """
        kwasync = {}
        if 'async' in kwargs:
            kwasync['async'] = kwargs.pop('async')
        if 'async_' in kwargs:
            kwasync['async_'] = kwargs.pop('async_')
    
        dsn = _ext.make_dsn(dsn, **kwargs)
>       conn = _connect(dsn, connection_factory=connection_factory, **kwasync)
               ^^^^^^^^^^^^^^^^^^^^^^^^^^^^^^^^^^^^^^^^^^^^^^^^^^^^^^^^^^^^^^^
E       sqlalchemy.exc.OperationalError: (psycopg2.OperationalError) connection to server at "localhost" (::1), port 5432 failed: Connection refused (0x0000274D/10061)
E       	Is the server running on that host and accepting TCP/IP connections?
E       connection to server at "localhost" (127.0.0.1), port 5432 failed: Connection refused (0x0000274D/10061)
E       	Is the server running on that host and accepting TCP/IP connections?
E       
E       (Background on this error at: https://sqlalche.me/e/20/e3q8)

C:\Users\RMOHINDR\AppData\Local\Programs\Python\Python311\Lib\site-packages\psycopg2\__init__.py:135: OperationalError
_ ERROR at setup of TestSubmitOwnershipEnforcement.test_tc004_2_noncreator_with_perm_gets_403 _

self = <sqlalchemy.engine.base.Connection object at 0x000001CEFA8A9490>
engine = Engine(postgresql://transportation:***@localhost:5432/postgres)
connection = None, _has_events = None, _allow_revalidate = True
_allow_autobegin = True

    def __init__(
        self,
        engine: Engine,
        connection: Optional[PoolProxiedConnection] = None,
        _has_events: Optional[bool] = None,
        _allow_revalidate: bool = True,
        _allow_autobegin: bool = True,
    ):
        """Construct a new Connection."""
        self.engine = engine
        self.dialect = dialect = engine.dialect
    
        if connection is None:
            try:
>               self._dbapi_connection = engine.raw_connection()
                                         ^^^^^^^^^^^^^^^^^^^^^^^

C:\Users\RMOHINDR\AppData\Local\Programs\Python\Python311\Lib\site-packages\sqlalchemy\engine\base.py:143: 
_ _ _ _ _ _ _ _ _ _ _ _ _ _ _ _ _ _ _ _ _ _ _ _ _ _ _ _ _ _ _ _ _ _ _ _ _ _ _ _

self = Engine(postgresql://transportation:***@localhost:5432/postgres)

    def raw_connection(self) -> PoolProxiedConnection:
        """Return a "raw" DBAPI connection from the connection pool.
    
        The returned object is a proxied version of the DBAPI
        connection object used by the underlying driver in use.
        The object will have all the same behavior as the real DBAPI
        connection, except that its ``close()`` method will result in the
        connection being returned to the pool, rather than being closed
        for real.
    
        This method provides direct DBAPI connection access for
        special situations when the API provided by
        :class:`_engine.Connection`
        is not needed.   When a :class:`_engine.Connection` object is already
        present, the DBAPI connection is available using
        the :attr:`_engine.Connection.connection` accessor.
    
        .. seealso::
    
            :ref:`dbapi_connections`
    
        """
>       return self.pool.connect()
               ^^^^^^^^^^^^^^^^^^^

C:\Users\RMOHINDR\AppData\Local\Programs\Python\Python311\Lib\site-packages\sqlalchemy\engine\base.py:3317: 
_ _ _ _ _ _ _ _ _ _ _ _ _ _ _ _ _ _ _ _ _ _ _ _ _ _ _ _ _ _ _ _ _ _ _ _ _ _ _ _

self = <sqlalchemy.pool.impl.QueuePool object at 0x000001CEFAB7F450>

    def connect(self) -> PoolProxiedConnection:
        """Return a DBAPI connection from the pool.
    
        The connection is instrumented such that when its
        ``close()`` method is called, the connection will be returned to
        the pool.
    
        """
>       return _ConnectionFairy._checkout(self)
               ^^^^^^^^^^^^^^^^^^^^^^^^^^^^^^^^

C:\Users\RMOHINDR\AppData\Local\Programs\Python\Python311\Lib\site-packages\sqlalchemy\pool\base.py:448: 
_ _ _ _ _ _ _ _ _ _ _ _ _ _ _ _ _ _ _ _ _ _ _ _ _ _ _ _ _ _ _ _ _ _ _ _ _ _ _ _

cls = <class 'sqlalchemy.pool.base._ConnectionFairy'>
pool = <sqlalchemy.pool.impl.QueuePool object at 0x000001CEFAB7F450>
threadconns = None, fairy = None

    @classmethod
    def _checkout(
        cls,
        pool: Pool,
        threadconns: Optional[threading.local] = None,
        fairy: Optional[_ConnectionFairy] = None,
    ) -> _ConnectionFairy:
        if not fairy:
>           fairy = _ConnectionRecord.checkout(pool)
                    ^^^^^^^^^^^^^^^^^^^^^^^^^^^^^^^^

C:\Users\RMOHINDR\AppData\Local\Programs\Python\Python311\Lib\site-packages\sqlalchemy\pool\base.py:1272: 
_ _ _ _ _ _ _ _ _ _ _ _ _ _ _ _ _ _ _ _ _ _ _ _ _ _ _ _ _ _ _ _ _ _ _ _ _ _ _ _

cls = <class 'sqlalchemy.pool.base._ConnectionRecord'>
pool = <sqlalchemy.pool.impl.QueuePool object at 0x000001CEFAB7F450>

    @classmethod
    def checkout(cls, pool: Pool) -> _ConnectionFairy:
        if TYPE_CHECKING:
            rec = cast(_ConnectionRecord, pool._do_get())
        else:
>           rec = pool._do_get()
                  ^^^^^^^^^^^^^^

C:\Users\RMOHINDR\AppData\Local\Programs\Python\Python311\Lib\site-packages\sqlalchemy\pool\base.py:712: 
_ _ _ _ _ _ _ _ _ _ _ _ _ _ _ _ _ _ _ _ _ _ _ _ _ _ _ _ _ _ _ _ _ _ _ _ _ _ _ _

self = <sqlalchemy.pool.impl.QueuePool object at 0x000001CEFAB7F450>

    def _do_get(self) -> ConnectionPoolEntry:
        use_overflow = self._max_overflow > -1
    
        wait = use_overflow and self._overflow >= self._max_overflow
        try:
            return self._pool.get(wait, self._timeout)
        except sqla_queue.Empty:
            # don't do things inside of "except Empty", because when we say
            # we timed out or can't connect and raise, Python 3 tells
            # people the real error is queue.Empty which it isn't.
            pass
        if use_overflow and self._overflow >= self._max_overflow:
            if not wait:
                return self._do_get()
            else:
                raise exc.TimeoutError(
                    "QueuePool limit of size %d overflow %d reached, "
                    "connection timed out, timeout %0.2f"
                    % (self.size(), self.overflow(), self._timeout),
                    code="3o7r",
                )
    
        if self._inc_overflow():
            try:
                return self._create_connection()
            except:
>               with util.safe_reraise():

C:\Users\RMOHINDR\AppData\Local\Programs\Python\Python311\Lib\site-packages\sqlalchemy\pool\impl.py:177: 
_ _ _ _ _ _ _ _ _ _ _ _ _ _ _ _ _ _ _ _ _ _ _ _ _ _ _ _ _ _ _ _ _ _ _ _ _ _ _ _

self = <sqlalchemy.util.langhelpers.safe_reraise object at 0x000001CEFAB43E50>
type_ = None, value = None, traceback = None

    def __exit__(
        self,
        type_: Optional[Type[BaseException]],
        value: Optional[BaseException],
        traceback: Optional[types.TracebackType],
    ) -> NoReturn:
        assert self._exc_info is not None
        # see #2703 for notes
        if type_ is None:
            exc_type, exc_value, exc_tb = self._exc_info
            assert exc_value is not None
            self._exc_info = None  # remove potential circular references
>           raise exc_value.with_traceback(exc_tb)

C:\Users\RMOHINDR\AppData\Local\Programs\Python\Python311\Lib\site-packages\sqlalchemy\util\langhelpers.py:121: 
_ _ _ _ _ _ _ _ _ _ _ _ _ _ _ _ _ _ _ _ _ _ _ _ _ _ _ _ _ _ _ _ _ _ _ _ _ _ _ _

self = <sqlalchemy.pool.impl.QueuePool object at 0x000001CEFAB7F450>

    def _do_get(self) -> ConnectionPoolEntry:
        use_overflow = self._max_overflow > -1
    
        wait = use_overflow and self._overflow >= self._max_overflow
        try:
            return self._pool.get(wait, self._timeout)
        except sqla_queue.Empty:
            # don't do things inside of "except Empty", because when we say
            # we timed out or can't connect and raise, Python 3 tells
            # people the real error is queue.Empty which it isn't.
            pass
        if use_overflow and self._overflow >= self._max_overflow:
            if not wait:
                return self._do_get()
            else:
                raise exc.TimeoutError(
                    "QueuePool limit of size %d overflow %d reached, "
                    "connection timed out, timeout %0.2f"
                    % (self.size(), self.overflow(), self._timeout),
                    code="3o7r",
                )
    
        if self._inc_overflow():
            try:
>               return self._create_connection()
                       ^^^^^^^^^^^^^^^^^^^^^^^^^

C:\Users\RMOHINDR\AppData\Local\Programs\Python\Python311\Lib\site-packages\sqlalchemy\pool\impl.py:175: 
_ _ _ _ _ _ _ _ _ _ _ _ _ _ _ _ _ _ _ _ _ _ _ _ _ _ _ _ _ _ _ _ _ _ _ _ _ _ _ _

self = <sqlalchemy.pool.impl.QueuePool object at 0x000001CEFAB7F450>

    def _create_connection(self) -> ConnectionPoolEntry:
        """Called by subclasses to create a new ConnectionRecord."""
    
>       return _ConnectionRecord(self)
               ^^^^^^^^^^^^^^^^^^^^^^^

C:\Users\RMOHINDR\AppData\Local\Programs\Python\Python311\Lib\site-packages\sqlalchemy\pool\base.py:389: 
_ _ _ _ _ _ _ _ _ _ _ _ _ _ _ _ _ _ _ _ _ _ _ _ _ _ _ _ _ _ _ _ _ _ _ _ _ _ _ _

self = <sqlalchemy.pool.base._ConnectionRecord object at 0x000001CEFAB2BE70>
pool = <sqlalchemy.pool.impl.QueuePool object at 0x000001CEFAB7F450>
connect = True

    def __init__(self, pool: Pool, connect: bool = True):
        self.fresh = False
        self.fairy_ref = None
        self.starttime = 0
        self.dbapi_connection = None
    
        self.__pool = pool
        if connect:
>           self.__connect()

C:\Users\RMOHINDR\AppData\Local\Programs\Python\Python311\Lib\site-packages\sqlalchemy\pool\base.py:674: 
_ _ _ _ _ _ _ _ _ _ _ _ _ _ _ _ _ _ _ _ _ _ _ _ _ _ _ _ _ _ _ _ _ _ _ _ _ _ _ _

self = <sqlalchemy.pool.base._ConnectionRecord object at 0x000001CEFAB2BE70>

    def __connect(self) -> None:
        pool = self.__pool
    
        # ensure any existing connection is removed, so that if
        # creator fails, this attribute stays None
        self.dbapi_connection = None
        try:
            self.starttime = time.time()
            self.dbapi_connection = connection = pool._invoke_creator(self)
            pool.logger.debug("Created new connection %r", connection)
            self.fresh = True
        except BaseException as e:
>           with util.safe_reraise():

C:\Users\RMOHINDR\AppData\Local\Programs\Python\Python311\Lib\site-packages\sqlalchemy\pool\base.py:900: 
_ _ _ _ _ _ _ _ _ _ _ _ _ _ _ _ _ _ _ _ _ _ _ _ _ _ _ _ _ _ _ _ _ _ _ _ _ _ _ _

self = <sqlalchemy.util.langhelpers.safe_reraise object at 0x000001CEFAB43D60>
type_ = None, value = None, traceback = None

    def __exit__(
        self,
        type_: Optional[Type[BaseException]],
        value: Optional[BaseException],
        traceback: Optional[types.TracebackType],
    ) -> NoReturn:
        assert self._exc_info is not None
        # see #2703 for notes
        if type_ is None:
            exc_type, exc_value, exc_tb = self._exc_info
            assert exc_value is not None
            self._exc_info = None  # remove potential circular references
>           raise exc_value.with_traceback(exc_tb)

C:\Users\RMOHINDR\AppData\Local\Programs\Python\Python311\Lib\site-packages\sqlalchemy\util\langhelpers.py:121: 
_ _ _ _ _ _ _ _ _ _ _ _ _ _ _ _ _ _ _ _ _ _ _ _ _ _ _ _ _ _ _ _ _ _ _ _ _ _ _ _

self = <sqlalchemy.pool.base._ConnectionRecord object at 0x000001CEFAB2BE70>

    def __connect(self) -> None:
        pool = self.__pool
    
        # ensure any existing connection is removed, so that if
        # creator fails, this attribute stays None
        self.dbapi_connection = None
        try:
            self.starttime = time.time()
>           self.dbapi_connection = connection = pool._invoke_creator(self)
                                                 ^^^^^^^^^^^^^^^^^^^^^^^^^^

C:\Users\RMOHINDR\AppData\Local\Programs\Python\Python311\Lib\site-packages\sqlalchemy\pool\base.py:896: 
_ _ _ _ _ _ _ _ _ _ _ _ _ _ _ _ _ _ _ _ _ _ _ _ _ _ _ _ _ _ _ _ _ _ _ _ _ _ _ _

connection_record = <sqlalchemy.pool.base._ConnectionRecord object at 0x000001CEFAB2BE70>

    def connect(
        connection_record: Optional[ConnectionPoolEntry] = None,
    ) -> DBAPIConnection:
        if dialect._has_events:
            mutable_cargs = list(cargs_tup)
            mutable_cparams = dict(cparams)
            for fn in dialect.dispatch.do_connect:
                connection = cast(
                    DBAPIConnection,
                    fn(
                        dialect,
                        connection_record,
                        mutable_cargs,
                        mutable_cparams,
                    ),
                )
                if connection is not None:
                    return connection
            return dialect.connect(*mutable_cargs, **mutable_cparams)
        else:
>           return dialect.connect(*cargs_tup, **cparams)
                   ^^^^^^^^^^^^^^^^^^^^^^^^^^^^^^^^^^^^^^

C:\Users\RMOHINDR\AppData\Local\Programs\Python\Python311\Lib\site-packages\sqlalchemy\engine\create.py:667: 
_ _ _ _ _ _ _ _ _ _ _ _ _ _ _ _ _ _ _ _ _ _ _ _ _ _ _ _ _ _ _ _ _ _ _ _ _ _ _ _

self = <sqlalchemy.dialects.postgresql.psycopg2.PGDialect_psycopg2 object at 0x000001CEF9852D50>
cargs = ()
cparams = {'dbname': 'postgres', 'host': 'localhost', 'password': 'password', 'port': 5432, ...}

    def connect(self, *cargs: Any, **cparams: Any) -> DBAPIConnection:
        # inherits the docstring from interfaces.Dialect.connect
>       return self.loaded_dbapi.connect(*cargs, **cparams)  # type: ignore[no-any-return]  # NOQA: E501
               ^^^^^^^^^^^^^^^^^^^^^^^^^^^^^^^^^^^^^^^^^^^^

C:\Users\RMOHINDR\AppData\Local\Programs\Python\Python311\Lib\site-packages\sqlalchemy\engine\default.py:630: 
_ _ _ _ _ _ _ _ _ _ _ _ _ _ _ _ _ _ _ _ _ _ _ _ _ _ _ _ _ _ _ _ _ _ _ _ _ _ _ _

dsn = 'host=localhost dbname=postgres user=transportation password=password port=5432'
connection_factory = None, cursor_factory = None
kwargs = {'dbname': 'postgres', 'host': 'localhost', 'password': 'password', 'port': 5432, ...}
kwasync = {}

    def connect(dsn=None, connection_factory=None, cursor_factory=None, **kwargs):
        """
        Create a new database connection.
    
        The connection parameters can be specified as a string:
    
            conn = psycopg2.connect("dbname=test user=postgres password=secret")
    
        or using a set of keyword arguments:
    
            conn = psycopg2.connect(database="test", user="postgres", password="secret")
    
        Or as a mix of both. The basic connection parameters are:
    
        - *dbname*: the database name
        - *database*: the database name (only as keyword argument)
        - *user*: user name used to authenticate
        - *password*: password used to authenticate
        - *host*: database host address (defaults to UNIX socket if not provided)
        - *port*: connection port number (defaults to 5432 if not provided)
    
        Using the *connection_factory* parameter a different class or connections
        factory can be specified. It should be a callable object taking a dsn
        argument.
    
        Using the *cursor_factory* parameter, a new default cursor factory will be
        used by cursor().
    
        Using *async*=True an asynchronous connection will be created. *async_* is
        a valid alias (for Python versions where ``async`` is a keyword).
    
        Any other keyword parameter will be passed to the underlying client
        library: the list of supported parameters depends on the library version.
    
        """
        kwasync = {}
        if 'async' in kwargs:
            kwasync['async'] = kwargs.pop('async')
        if 'async_' in kwargs:
            kwasync['async_'] = kwargs.pop('async_')
    
        dsn = _ext.make_dsn(dsn, **kwargs)
>       conn = _connect(dsn, connection_factory=connection_factory, **kwasync)
               ^^^^^^^^^^^^^^^^^^^^^^^^^^^^^^^^^^^^^^^^^^^^^^^^^^^^^^^^^^^^^^^
E       psycopg2.OperationalError: connection to server at "localhost" (::1), port 5432 failed: Connection refused (0x0000274D/10061)
E       	Is the server running on that host and accepting TCP/IP connections?
E       connection to server at "localhost" (127.0.0.1), port 5432 failed: Connection refused (0x0000274D/10061)
E       	Is the server running on that host and accepting TCP/IP connections?

C:\Users\RMOHINDR\AppData\Local\Programs\Python\Python311\Lib\site-packages\psycopg2\__init__.py:135: OperationalError

The above exception was the direct cause of the following exception:

    @pytest.fixture(scope="session")
    def _test_engine():
        """Create the test database (if needed) and return an engine bound to it.
    
        The database is created once per test session and the full schema is
        applied via ``Base.metadata.create_all``.
        """
        # Connect to the admin database to create the test database.
        admin_engine = create_engine(_PG_ADMIN_URL, isolation_level="AUTOCOMMIT")
>       with admin_engine.connect() as conn:
             ^^^^^^^^^^^^^^^^^^^^^^

apps\backend\tests\conftest.py:69: 
_ _ _ _ _ _ _ _ _ _ _ _ _ _ _ _ _ _ _ _ _ _ _ _ _ _ _ _ _ _ _ _ _ _ _ _ _ _ _ _

self = Engine(postgresql://transportation:***@localhost:5432/postgres)

    def connect(self) -> Connection:
        """Return a new :class:`_engine.Connection` object.
    
        The :class:`_engine.Connection` acts as a Python context manager, so
        the typical use of this method looks like::
    
            with engine.connect() as connection:
                connection.execute(text("insert into table values ('foo')"))
                connection.commit()
    
        Where above, after the block is completed, the connection is "closed"
        and its underlying DBAPI resources are returned to the connection pool.
        This also has the effect of rolling back any transaction that
        was explicitly begun or was begun via autobegin, and will
        emit the :meth:`_events.ConnectionEvents.rollback` event if one was
        started and is still in progress.
    
        .. seealso::
    
            :meth:`_engine.Engine.begin`
    
        """
    
>       return self._connection_cls(self)
               ^^^^^^^^^^^^^^^^^^^^^^^^^^

C:\Users\RMOHINDR\AppData\Local\Programs\Python\Python311\Lib\site-packages\sqlalchemy\engine\base.py:3293: 
_ _ _ _ _ _ _ _ _ _ _ _ _ _ _ _ _ _ _ _ _ _ _ _ _ _ _ _ _ _ _ _ _ _ _ _ _ _ _ _

self = <sqlalchemy.engine.base.Connection object at 0x000001CEFA8A9490>
engine = Engine(postgresql://transportation:***@localhost:5432/postgres)
connection = None, _has_events = None, _allow_revalidate = True
_allow_autobegin = True

    def __init__(
        self,
        engine: Engine,
        connection: Optional[PoolProxiedConnection] = None,
        _has_events: Optional[bool] = None,
        _allow_revalidate: bool = True,
        _allow_autobegin: bool = True,
    ):
        """Construct a new Connection."""
        self.engine = engine
        self.dialect = dialect = engine.dialect
    
        if connection is None:
            try:
                self._dbapi_connection = engine.raw_connection()
            except dialect.loaded_dbapi.Error as err:
>               Connection._handle_dbapi_exception_noconnection(
                    err, dialect, engine
                )

C:\Users\RMOHINDR\AppData\Local\Programs\Python\Python311\Lib\site-packages\sqlalchemy\engine\base.py:145: 
_ _ _ _ _ _ _ _ _ _ _ _ _ _ _ _ _ _ _ _ _ _ _ _ _ _ _ _ _ _ _ _ _ _ _ _ _ _ _ _

cls = <class 'sqlalchemy.engine.base.Connection'>
e = OperationalError('connection to server at "localhost" (::1), port 5432 failed: Connection refused (0x0000274D/10061)\n...iled: Connection refused (0x0000274D/10061)\n\tIs the server running on that host and accepting TCP/IP connections?\n')
dialect = <sqlalchemy.dialects.postgresql.psycopg2.PGDialect_psycopg2 object at 0x000001CEF9852D50>
engine = Engine(postgresql://transportation:***@localhost:5432/postgres)
is_disconnect = False, invalidate_pool_on_disconnect = True, is_pre_ping = False

    @classmethod
    def _handle_dbapi_exception_noconnection(
        cls,
        e: BaseException,
        dialect: Dialect,
        engine: Optional[Engine] = None,
        is_disconnect: Optional[bool] = None,
        invalidate_pool_on_disconnect: bool = True,
        is_pre_ping: bool = False,
    ) -> NoReturn:
        exc_info = sys.exc_info()
    
        if is_disconnect is None:
            is_disconnect = isinstance(
                e, dialect.loaded_dbapi.Error
            ) and dialect.is_disconnect(e, None, None)
    
        should_wrap = isinstance(e, dialect.loaded_dbapi.Error)
    
        if should_wrap:
            sqlalchemy_exception = exc.DBAPIError.instance(
                None,
                None,
                cast(Exception, e),
                dialect.loaded_dbapi.Error,
                hide_parameters=(
                    engine.hide_parameters if engine is not None else False
                ),
                connection_invalidated=is_disconnect,
                dialect=dialect,
            )
        else:
            sqlalchemy_exception = None
    
        newraise = None
    
        if dialect._has_events:
            ctx = ExceptionContextImpl(
                e,
                sqlalchemy_exception,
                engine,
                dialect,
                None,
                None,
                None,
                None,
                None,
                is_disconnect,
                invalidate_pool_on_disconnect,
                is_pre_ping,
            )
            for fn in dialect.dispatch.handle_error:
                try:
                    # handler returns an exception;
                    # call next handler in a chain
                    per_fn = fn(ctx)
                    if per_fn is not None:
                        ctx.chained_exception = newraise = per_fn
                except Exception as _raised:
                    # handler raises an exception - stop processing
                    newraise = _raised
                    break
    
            if sqlalchemy_exception and is_disconnect != ctx.is_disconnect:
                sqlalchemy_exception.connection_invalidated = ctx.is_disconnect
    
        if newraise:
            raise newraise.with_traceback(exc_info[2]) from e
        elif should_wrap:
            assert sqlalchemy_exception is not None
>           raise sqlalchemy_exception.with_traceback(exc_info[2]) from e

C:\Users\RMOHINDR\AppData\Local\Programs\Python\Python311\Lib\site-packages\sqlalchemy\engine\base.py:2448: 
_ _ _ _ _ _ _ _ _ _ _ _ _ _ _ _ _ _ _ _ _ _ _ _ _ _ _ _ _ _ _ _ _ _ _ _ _ _ _ _

self = <sqlalchemy.engine.base.Connection object at 0x000001CEFA8A9490>
engine = Engine(postgresql://transportation:***@localhost:5432/postgres)
connection = None, _has_events = None, _allow_revalidate = True
_allow_autobegin = True

    def __init__(
        self,
        engine: Engine,
        connection: Optional[PoolProxiedConnection] = None,
        _has_events: Optional[bool] = None,
        _allow_revalidate: bool = True,
        _allow_autobegin: bool = True,
    ):
        """Construct a new Connection."""
        self.engine = engine
        self.dialect = dialect = engine.dialect
    
        if connection is None:
            try:
>               self._dbapi_connection = engine.raw_connection()
                                         ^^^^^^^^^^^^^^^^^^^^^^^

C:\Users\RMOHINDR\AppData\Local\Programs\Python\Python311\Lib\site-packages\sqlalchemy\engine\base.py:143: 
_ _ _ _ _ _ _ _ _ _ _ _ _ _ _ _ _ _ _ _ _ _ _ _ _ _ _ _ _ _ _ _ _ _ _ _ _ _ _ _

self = Engine(postgresql://transportation:***@localhost:5432/postgres)

    def raw_connection(self) -> PoolProxiedConnection:
        """Return a "raw" DBAPI connection from the connection pool.
    
        The returned object is a proxied version of the DBAPI
        connection object used by the underlying driver in use.
        The object will have all the same behavior as the real DBAPI
        connection, except that its ``close()`` method will result in the
        connection being returned to the pool, rather than being closed
        for real.
    
        This method provides direct DBAPI connection access for
        special situations when the API provided by
        :class:`_engine.Connection`
        is not needed.   When a :class:`_engine.Connection` object is already
        present, the DBAPI connection is available using
        the :attr:`_engine.Connection.connection` accessor.
    
        .. seealso::
    
            :ref:`dbapi_connections`
    
        """
>       return self.pool.connect()
               ^^^^^^^^^^^^^^^^^^^

C:\Users\RMOHINDR\AppData\Local\Programs\Python\Python311\Lib\site-packages\sqlalchemy\engine\base.py:3317: 
_ _ _ _ _ _ _ _ _ _ _ _ _ _ _ _ _ _ _ _ _ _ _ _ _ _ _ _ _ _ _ _ _ _ _ _ _ _ _ _

self = <sqlalchemy.pool.impl.QueuePool object at 0x000001CEFAB7F450>

    def connect(self) -> PoolProxiedConnection:
        """Return a DBAPI connection from the pool.
    
        The connection is instrumented such that when its
        ``close()`` method is called, the connection will be returned to
        the pool.
    
        """
>       return _ConnectionFairy._checkout(self)
               ^^^^^^^^^^^^^^^^^^^^^^^^^^^^^^^^

C:\Users\RMOHINDR\AppData\Local\Programs\Python\Python311\Lib\site-packages\sqlalchemy\pool\base.py:448: 
_ _ _ _ _ _ _ _ _ _ _ _ _ _ _ _ _ _ _ _ _ _ _ _ _ _ _ _ _ _ _ _ _ _ _ _ _ _ _ _

cls = <class 'sqlalchemy.pool.base._ConnectionFairy'>
pool = <sqlalchemy.pool.impl.QueuePool object at 0x000001CEFAB7F450>
threadconns = None, fairy = None

    @classmethod
    def _checkout(
        cls,
        pool: Pool,
        threadconns: Optional[threading.local] = None,
        fairy: Optional[_ConnectionFairy] = None,
    ) -> _ConnectionFairy:
        if not fairy:
>           fairy = _ConnectionRecord.checkout(pool)
                    ^^^^^^^^^^^^^^^^^^^^^^^^^^^^^^^^

C:\Users\RMOHINDR\AppData\Local\Programs\Python\Python311\Lib\site-packages\sqlalchemy\pool\base.py:1272: 
_ _ _ _ _ _ _ _ _ _ _ _ _ _ _ _ _ _ _ _ _ _ _ _ _ _ _ _ _ _ _ _ _ _ _ _ _ _ _ _

cls = <class 'sqlalchemy.pool.base._ConnectionRecord'>
pool = <sqlalchemy.pool.impl.QueuePool object at 0x000001CEFAB7F450>

    @classmethod
    def checkout(cls, pool: Pool) -> _ConnectionFairy:
        if TYPE_CHECKING:
            rec = cast(_ConnectionRecord, pool._do_get())
        else:
>           rec = pool._do_get()
                  ^^^^^^^^^^^^^^

C:\Users\RMOHINDR\AppData\Local\Programs\Python\Python311\Lib\site-packages\sqlalchemy\pool\base.py:712: 
_ _ _ _ _ _ _ _ _ _ _ _ _ _ _ _ _ _ _ _ _ _ _ _ _ _ _ _ _ _ _ _ _ _ _ _ _ _ _ _

self = <sqlalchemy.pool.impl.QueuePool object at 0x000001CEFAB7F450>

    def _do_get(self) -> ConnectionPoolEntry:
        use_overflow = self._max_overflow > -1
    
        wait = use_overflow and self._overflow >= self._max_overflow
        try:
            return self._pool.get(wait, self._timeout)
        except sqla_queue.Empty:
            # don't do things inside of "except Empty", because when we say
            # we timed out or can't connect and raise, Python 3 tells
            # people the real error is queue.Empty which it isn't.
            pass
        if use_overflow and self._overflow >= self._max_overflow:
            if not wait:
                return self._do_get()
            else:
                raise exc.TimeoutError(
                    "QueuePool limit of size %d overflow %d reached, "
                    "connection timed out, timeout %0.2f"
                    % (self.size(), self.overflow(), self._timeout),
                    code="3o7r",
                )
    
        if self._inc_overflow():
            try:
                return self._create_connection()
            except:
>               with util.safe_reraise():

C:\Users\RMOHINDR\AppData\Local\Programs\Python\Python311\Lib\site-packages\sqlalchemy\pool\impl.py:177: 
_ _ _ _ _ _ _ _ _ _ _ _ _ _ _ _ _ _ _ _ _ _ _ _ _ _ _ _ _ _ _ _ _ _ _ _ _ _ _ _

self = <sqlalchemy.util.langhelpers.safe_reraise object at 0x000001CEFAB43E50>
type_ = None, value = None, traceback = None

    def __exit__(
        self,
        type_: Optional[Type[BaseException]],
        value: Optional[BaseException],
        traceback: Optional[types.TracebackType],
    ) -> NoReturn:
        assert self._exc_info is not None
        # see #2703 for notes
        if type_ is None:
            exc_type, exc_value, exc_tb = self._exc_info
            assert exc_value is not None
            self._exc_info = None  # remove potential circular references
>           raise exc_value.with_traceback(exc_tb)

C:\Users\RMOHINDR\AppData\Local\Programs\Python\Python311\Lib\site-packages\sqlalchemy\util\langhelpers.py:121: 
_ _ _ _ _ _ _ _ _ _ _ _ _ _ _ _ _ _ _ _ _ _ _ _ _ _ _ _ _ _ _ _ _ _ _ _ _ _ _ _

self = <sqlalchemy.pool.impl.QueuePool object at 0x000001CEFAB7F450>

    def _do_get(self) -> ConnectionPoolEntry:
        use_overflow = self._max_overflow > -1
    
        wait = use_overflow and self._overflow >= self._max_overflow
        try:
            return self._pool.get(wait, self._timeout)
        except sqla_queue.Empty:
            # don't do things inside of "except Empty", because when we say
            # we timed out or can't connect and raise, Python 3 tells
            # people the real error is queue.Empty which it isn't.
            pass
        if use_overflow and self._overflow >= self._max_overflow:
            if not wait:
                return self._do_get()
            else:
                raise exc.TimeoutError(
                    "QueuePool limit of size %d overflow %d reached, "
                    "connection timed out, timeout %0.2f"
                    % (self.size(), self.overflow(), self._timeout),
                    code="3o7r",
                )
    
        if self._inc_overflow():
            try:
>               return self._create_connection()
                       ^^^^^^^^^^^^^^^^^^^^^^^^^

C:\Users\RMOHINDR\AppData\Local\Programs\Python\Python311\Lib\site-packages\sqlalchemy\pool\impl.py:175: 
_ _ _ _ _ _ _ _ _ _ _ _ _ _ _ _ _ _ _ _ _ _ _ _ _ _ _ _ _ _ _ _ _ _ _ _ _ _ _ _

self = <sqlalchemy.pool.impl.QueuePool object at 0x000001CEFAB7F450>

    def _create_connection(self) -> ConnectionPoolEntry:
        """Called by subclasses to create a new ConnectionRecord."""
    
>       return _ConnectionRecord(self)
               ^^^^^^^^^^^^^^^^^^^^^^^

C:\Users\RMOHINDR\AppData\Local\Programs\Python\Python311\Lib\site-packages\sqlalchemy\pool\base.py:389: 
_ _ _ _ _ _ _ _ _ _ _ _ _ _ _ _ _ _ _ _ _ _ _ _ _ _ _ _ _ _ _ _ _ _ _ _ _ _ _ _

self = <sqlalchemy.pool.base._ConnectionRecord object at 0x000001CEFAB2BE70>
pool = <sqlalchemy.pool.impl.QueuePool object at 0x000001CEFAB7F450>
connect = True

    def __init__(self, pool: Pool, connect: bool = True):
        self.fresh = False
        self.fairy_ref = None
        self.starttime = 0
        self.dbapi_connection = None
    
        self.__pool = pool
        if connect:
>           self.__connect()

C:\Users\RMOHINDR\AppData\Local\Programs\Python\Python311\Lib\site-packages\sqlalchemy\pool\base.py:674: 
_ _ _ _ _ _ _ _ _ _ _ _ _ _ _ _ _ _ _ _ _ _ _ _ _ _ _ _ _ _ _ _ _ _ _ _ _ _ _ _

self = <sqlalchemy.pool.base._ConnectionRecord object at 0x000001CEFAB2BE70>

    def __connect(self) -> None:
        pool = self.__pool
    
        # ensure any existing connection is removed, so that if
        # creator fails, this attribute stays None
        self.dbapi_connection = None
        try:
            self.starttime = time.time()
            self.dbapi_connection = connection = pool._invoke_creator(self)
            pool.logger.debug("Created new connection %r", connection)
            self.fresh = True
        except BaseException as e:
>           with util.safe_reraise():

C:\Users\RMOHINDR\AppData\Local\Programs\Python\Python311\Lib\site-packages\sqlalchemy\pool\base.py:900: 
_ _ _ _ _ _ _ _ _ _ _ _ _ _ _ _ _ _ _ _ _ _ _ _ _ _ _ _ _ _ _ _ _ _ _ _ _ _ _ _

self = <sqlalchemy.util.langhelpers.safe_reraise object at 0x000001CEFAB43D60>
type_ = None, value = None, traceback = None

    def __exit__(
        self,
        type_: Optional[Type[BaseException]],
        value: Optional[BaseException],
        traceback: Optional[types.TracebackType],
    ) -> NoReturn:
        assert self._exc_info is not None
        # see #2703 for notes
        if type_ is None:
            exc_type, exc_value, exc_tb = self._exc_info
            assert exc_value is not None
            self._exc_info = None  # remove potential circular references
>           raise exc_value.with_traceback(exc_tb)

C:\Users\RMOHINDR\AppData\Local\Programs\Python\Python311\Lib\site-packages\sqlalchemy\util\langhelpers.py:121: 
_ _ _ _ _ _ _ _ _ _ _ _ _ _ _ _ _ _ _ _ _ _ _ _ _ _ _ _ _ _ _ _ _ _ _ _ _ _ _ _

self = <sqlalchemy.pool.base._ConnectionRecord object at 0x000001CEFAB2BE70>

    def __connect(self) -> None:
        pool = self.__pool
    
        # ensure any existing connection is removed, so that if
        # creator fails, this attribute stays None
        self.dbapi_connection = None
        try:
            self.starttime = time.time()
>           self.dbapi_connection = connection = pool._invoke_creator(self)
                                                 ^^^^^^^^^^^^^^^^^^^^^^^^^^

C:\Users\RMOHINDR\AppData\Local\Programs\Python\Python311\Lib\site-packages\sqlalchemy\pool\base.py:896: 
_ _ _ _ _ _ _ _ _ _ _ _ _ _ _ _ _ _ _ _ _ _ _ _ _ _ _ _ _ _ _ _ _ _ _ _ _ _ _ _

connection_record = <sqlalchemy.pool.base._ConnectionRecord object at 0x000001CEFAB2BE70>

    def connect(
        connection_record: Optional[ConnectionPoolEntry] = None,
    ) -> DBAPIConnection:
        if dialect._has_events:
            mutable_cargs = list(cargs_tup)
            mutable_cparams = dict(cparams)
            for fn in dialect.dispatch.do_connect:
                connection = cast(
                    DBAPIConnection,
                    fn(
                        dialect,
                        connection_record,
                        mutable_cargs,
                        mutable_cparams,
                    ),
                )
                if connection is not None:
                    return connection
            return dialect.connect(*mutable_cargs, **mutable_cparams)
        else:
>           return dialect.connect(*cargs_tup, **cparams)
                   ^^^^^^^^^^^^^^^^^^^^^^^^^^^^^^^^^^^^^^

C:\Users\RMOHINDR\AppData\Local\Programs\Python\Python311\Lib\site-packages\sqlalchemy\engine\create.py:667: 
_ _ _ _ _ _ _ _ _ _ _ _ _ _ _ _ _ _ _ _ _ _ _ _ _ _ _ _ _ _ _ _ _ _ _ _ _ _ _ _

self = <sqlalchemy.dialects.postgresql.psycopg2.PGDialect_psycopg2 object at 0x000001CEF9852D50>
cargs = ()
cparams = {'dbname': 'postgres', 'host': 'localhost', 'password': 'password', 'port': 5432, ...}

    def connect(self, *cargs: Any, **cparams: Any) -> DBAPIConnection:
        # inherits the docstring from interfaces.Dialect.connect
>       return self.loaded_dbapi.connect(*cargs, **cparams)  # type: ignore[no-any-return]  # NOQA: E501
               ^^^^^^^^^^^^^^^^^^^^^^^^^^^^^^^^^^^^^^^^^^^^

C:\Users\RMOHINDR\AppData\Local\Programs\Python\Python311\Lib\site-packages\sqlalchemy\engine\default.py:630: 
_ _ _ _ _ _ _ _ _ _ _ _ _ _ _ _ _ _ _ _ _ _ _ _ _ _ _ _ _ _ _ _ _ _ _ _ _ _ _ _

dsn = 'host=localhost dbname=postgres user=transportation password=password port=5432'
connection_factory = None, cursor_factory = None
kwargs = {'dbname': 'postgres', 'host': 'localhost', 'password': 'password', 'port': 5432, ...}
kwasync = {}

    def connect(dsn=None, connection_factory=None, cursor_factory=None, **kwargs):
        """
        Create a new database connection.
    
        The connection parameters can be specified as a string:
    
            conn = psycopg2.connect("dbname=test user=postgres password=secret")
    
        or using a set of keyword arguments:
    
            conn = psycopg2.connect(database="test", user="postgres", password="secret")
    
        Or as a mix of both. The basic connection parameters are:
    
        - *dbname*: the database name
        - *database*: the database name (only as keyword argument)
        - *user*: user name used to authenticate
        - *password*: password used to authenticate
        - *host*: database host address (defaults to UNIX socket if not provided)
        - *port*: connection port number (defaults to 5432 if not provided)
    
        Using the *connection_factory* parameter a different class or connections
        factory can be specified. It should be a callable object taking a dsn
        argument.
    
        Using the *cursor_factory* parameter, a new default cursor factory will be
        used by cursor().
    
        Using *async*=True an asynchronous connection will be created. *async_* is
        a valid alias (for Python versions where ``async`` is a keyword).
    
        Any other keyword parameter will be passed to the underlying client
        library: the list of supported parameters depends on the library version.
    
        """
        kwasync = {}
        if 'async' in kwargs:
            kwasync['async'] = kwargs.pop('async')
        if 'async_' in kwargs:
            kwasync['async_'] = kwargs.pop('async_')
    
        dsn = _ext.make_dsn(dsn, **kwargs)
>       conn = _connect(dsn, connection_factory=connection_factory, **kwasync)
               ^^^^^^^^^^^^^^^^^^^^^^^^^^^^^^^^^^^^^^^^^^^^^^^^^^^^^^^^^^^^^^^
E       sqlalchemy.exc.OperationalError: (psycopg2.OperationalError) connection to server at "localhost" (::1), port 5432 failed: Connection refused (0x0000274D/10061)
E       	Is the server running on that host and accepting TCP/IP connections?
E       connection to server at "localhost" (127.0.0.1), port 5432 failed: Connection refused (0x0000274D/10061)
E       	Is the server running on that host and accepting TCP/IP connections?
E       
E       (Background on this error at: https://sqlalche.me/e/20/e3q8)

C:\Users\RMOHINDR\AppData\Local\Programs\Python\Python311\Lib\site-packages\psycopg2\__init__.py:135: OperationalError
_ ERROR at setup of TestSubmitOwnershipEnforcement.test_tc004_3_admin_noncreator_gets_403 _

self = <sqlalchemy.engine.base.Connection object at 0x000001CEFA8A9490>
engine = Engine(postgresql://transportation:***@localhost:5432/postgres)
connection = None, _has_events = None, _allow_revalidate = True
_allow_autobegin = True

    def __init__(
        self,
        engine: Engine,
        connection: Optional[PoolProxiedConnection] = None,
        _has_events: Optional[bool] = None,
        _allow_revalidate: bool = True,
        _allow_autobegin: bool = True,
    ):
        """Construct a new Connection."""
        self.engine = engine
        self.dialect = dialect = engine.dialect
    
        if connection is None:
            try:
>               self._dbapi_connection = engine.raw_connection()
                                         ^^^^^^^^^^^^^^^^^^^^^^^

C:\Users\RMOHINDR\AppData\Local\Programs\Python\Python311\Lib\site-packages\sqlalchemy\engine\base.py:143: 
_ _ _ _ _ _ _ _ _ _ _ _ _ _ _ _ _ _ _ _ _ _ _ _ _ _ _ _ _ _ _ _ _ _ _ _ _ _ _ _

self = Engine(postgresql://transportation:***@localhost:5432/postgres)

    def raw_connection(self) -> PoolProxiedConnection:
        """Return a "raw" DBAPI connection from the connection pool.
    
        The returned object is a proxied version of the DBAPI
        connection object used by the underlying driver in use.
        The object will have all the same behavior as the real DBAPI
        connection, except that its ``close()`` method will result in the
        connection being returned to the pool, rather than being closed
        for real.
    
        This method provides direct DBAPI connection access for
        special situations when the API provided by
        :class:`_engine.Connection`
        is not needed.   When a :class:`_engine.Connection` object is already
        present, the DBAPI connection is available using
        the :attr:`_engine.Connection.connection` accessor.
    
        .. seealso::
    
            :ref:`dbapi_connections`
    
        """
>       return self.pool.connect()
               ^^^^^^^^^^^^^^^^^^^

C:\Users\RMOHINDR\AppData\Local\Programs\Python\Python311\Lib\site-packages\sqlalchemy\engine\base.py:3317: 
_ _ _ _ _ _ _ _ _ _ _ _ _ _ _ _ _ _ _ _ _ _ _ _ _ _ _ _ _ _ _ _ _ _ _ _ _ _ _ _

self = <sqlalchemy.pool.impl.QueuePool object at 0x000001CEFAB7F450>

    def connect(self) -> PoolProxiedConnection:
        """Return a DBAPI connection from the pool.
    
        The connection is instrumented such that when its
        ``close()`` method is called, the connection will be returned to
        the pool.
    
        """
>       return _ConnectionFairy._checkout(self)
               ^^^^^^^^^^^^^^^^^^^^^^^^^^^^^^^^

C:\Users\RMOHINDR\AppData\Local\Programs\Python\Python311\Lib\site-packages\sqlalchemy\pool\base.py:448: 
_ _ _ _ _ _ _ _ _ _ _ _ _ _ _ _ _ _ _ _ _ _ _ _ _ _ _ _ _ _ _ _ _ _ _ _ _ _ _ _

cls = <class 'sqlalchemy.pool.base._ConnectionFairy'>
pool = <sqlalchemy.pool.impl.QueuePool object at 0x000001CEFAB7F450>
threadconns = None, fairy = None

    @classmethod
    def _checkout(
        cls,
        pool: Pool,
        threadconns: Optional[threading.local] = None,
        fairy: Optional[_ConnectionFairy] = None,
    ) -> _ConnectionFairy:
        if not fairy:
>           fairy = _ConnectionRecord.checkout(pool)
                    ^^^^^^^^^^^^^^^^^^^^^^^^^^^^^^^^

C:\Users\RMOHINDR\AppData\Local\Programs\Python\Python311\Lib\site-packages\sqlalchemy\pool\base.py:1272: 
_ _ _ _ _ _ _ _ _ _ _ _ _ _ _ _ _ _ _ _ _ _ _ _ _ _ _ _ _ _ _ _ _ _ _ _ _ _ _ _

cls = <class 'sqlalchemy.pool.base._ConnectionRecord'>
pool = <sqlalchemy.pool.impl.QueuePool object at 0x000001CEFAB7F450>

    @classmethod
    def checkout(cls, pool: Pool) -> _ConnectionFairy:
        if TYPE_CHECKING:
            rec = cast(_ConnectionRecord, pool._do_get())
        else:
>           rec = pool._do_get()
                  ^^^^^^^^^^^^^^

C:\Users\RMOHINDR\AppData\Local\Programs\Python\Python311\Lib\site-packages\sqlalchemy\pool\base.py:712: 
_ _ _ _ _ _ _ _ _ _ _ _ _ _ _ _ _ _ _ _ _ _ _ _ _ _ _ _ _ _ _ _ _ _ _ _ _ _ _ _

self = <sqlalchemy.pool.impl.QueuePool object at 0x000001CEFAB7F450>

    def _do_get(self) -> ConnectionPoolEntry:
        use_overflow = self._max_overflow > -1
    
        wait = use_overflow and self._overflow >= self._max_overflow
        try:
            return self._pool.get(wait, self._timeout)
        except sqla_queue.Empty:
            # don't do things inside of "except Empty", because when we say
            # we timed out or can't connect and raise, Python 3 tells
            # people the real error is queue.Empty which it isn't.
            pass
        if use_overflow and self._overflow >= self._max_overflow:
            if not wait:
                return self._do_get()
            else:
                raise exc.TimeoutError(
                    "QueuePool limit of size %d overflow %d reached, "
                    "connection timed out, timeout %0.2f"
                    % (self.size(), self.overflow(), self._timeout),
                    code="3o7r",
                )
    
        if self._inc_overflow():
            try:
                return self._create_connection()
            except:
>               with util.safe_reraise():

C:\Users\RMOHINDR\AppData\Local\Programs\Python\Python311\Lib\site-packages\sqlalchemy\pool\impl.py:177: 
_ _ _ _ _ _ _ _ _ _ _ _ _ _ _ _ _ _ _ _ _ _ _ _ _ _ _ _ _ _ _ _ _ _ _ _ _ _ _ _

self = <sqlalchemy.util.langhelpers.safe_reraise object at 0x000001CEFAB43E50>
type_ = None, value = None, traceback = None

    def __exit__(
        self,
        type_: Optional[Type[BaseException]],
        value: Optional[BaseException],
        traceback: Optional[types.TracebackType],
    ) -> NoReturn:
        assert self._exc_info is not None
        # see #2703 for notes
        if type_ is None:
            exc_type, exc_value, exc_tb = self._exc_info
            assert exc_value is not None
            self._exc_info = None  # remove potential circular references
>           raise exc_value.with_traceback(exc_tb)

C:\Users\RMOHINDR\AppData\Local\Programs\Python\Python311\Lib\site-packages\sqlalchemy\util\langhelpers.py:121: 
_ _ _ _ _ _ _ _ _ _ _ _ _ _ _ _ _ _ _ _ _ _ _ _ _ _ _ _ _ _ _ _ _ _ _ _ _ _ _ _

self = <sqlalchemy.pool.impl.QueuePool object at 0x000001CEFAB7F450>

    def _do_get(self) -> ConnectionPoolEntry:
        use_overflow = self._max_overflow > -1
    
        wait = use_overflow and self._overflow >= self._max_overflow
        try:
            return self._pool.get(wait, self._timeout)
        except sqla_queue.Empty:
            # don't do things inside of "except Empty", because when we say
            # we timed out or can't connect and raise, Python 3 tells
            # people the real error is queue.Empty which it isn't.
            pass
        if use_overflow and self._overflow >= self._max_overflow:
            if not wait:
                return self._do_get()
            else:
                raise exc.TimeoutError(
                    "QueuePool limit of size %d overflow %d reached, "
                    "connection timed out, timeout %0.2f"
                    % (self.size(), self.overflow(), self._timeout),
                    code="3o7r",
                )
    
        if self._inc_overflow():
            try:
>               return self._create_connection()
                       ^^^^^^^^^^^^^^^^^^^^^^^^^

C:\Users\RMOHINDR\AppData\Local\Programs\Python\Python311\Lib\site-packages\sqlalchemy\pool\impl.py:175: 
_ _ _ _ _ _ _ _ _ _ _ _ _ _ _ _ _ _ _ _ _ _ _ _ _ _ _ _ _ _ _ _ _ _ _ _ _ _ _ _

self = <sqlalchemy.pool.impl.QueuePool object at 0x000001CEFAB7F450>

    def _create_connection(self) -> ConnectionPoolEntry:
        """Called by subclasses to create a new ConnectionRecord."""
    
>       return _ConnectionRecord(self)
               ^^^^^^^^^^^^^^^^^^^^^^^

C:\Users\RMOHINDR\AppData\Local\Programs\Python\Python311\Lib\site-packages\sqlalchemy\pool\base.py:389: 
_ _ _ _ _ _ _ _ _ _ _ _ _ _ _ _ _ _ _ _ _ _ _ _ _ _ _ _ _ _ _ _ _ _ _ _ _ _ _ _

self = <sqlalchemy.pool.base._ConnectionRecord object at 0x000001CEFAB2BE70>
pool = <sqlalchemy.pool.impl.QueuePool object at 0x000001CEFAB7F450>
connect = True

    def __init__(self, pool: Pool, connect: bool = True):
        self.fresh = False
        self.fairy_ref = None
        self.starttime = 0
        self.dbapi_connection = None
    
        self.__pool = pool
        if connect:
>           self.__connect()

C:\Users\RMOHINDR\AppData\Local\Programs\Python\Python311\Lib\site-packages\sqlalchemy\pool\base.py:674: 
_ _ _ _ _ _ _ _ _ _ _ _ _ _ _ _ _ _ _ _ _ _ _ _ _ _ _ _ _ _ _ _ _ _ _ _ _ _ _ _

self = <sqlalchemy.pool.base._ConnectionRecord object at 0x000001CEFAB2BE70>

    def __connect(self) -> None:
        pool = self.__pool
    
        # ensure any existing connection is removed, so that if
        # creator fails, this attribute stays None
        self.dbapi_connection = None
        try:
            self.starttime = time.time()
            self.dbapi_connection = connection = pool._invoke_creator(self)
            pool.logger.debug("Created new connection %r", connection)
            self.fresh = True
        except BaseException as e:
>           with util.safe_reraise():

C:\Users\RMOHINDR\AppData\Local\Programs\Python\Python311\Lib\site-packages\sqlalchemy\pool\base.py:900: 
_ _ _ _ _ _ _ _ _ _ _ _ _ _ _ _ _ _ _ _ _ _ _ _ _ _ _ _ _ _ _ _ _ _ _ _ _ _ _ _

self = <sqlalchemy.util.langhelpers.safe_reraise object at 0x000001CEFAB43D60>
type_ = None, value = None, traceback = None

    def __exit__(
        self,
        type_: Optional[Type[BaseException]],
        value: Optional[BaseException],
        traceback: Optional[types.TracebackType],
    ) -> NoReturn:
        assert self._exc_info is not None
        # see #2703 for notes
        if type_ is None:
            exc_type, exc_value, exc_tb = self._exc_info
            assert exc_value is not None
            self._exc_info = None  # remove potential circular references
>           raise exc_value.with_traceback(exc_tb)

C:\Users\RMOHINDR\AppData\Local\Programs\Python\Python311\Lib\site-packages\sqlalchemy\util\langhelpers.py:121: 
_ _ _ _ _ _ _ _ _ _ _ _ _ _ _ _ _ _ _ _ _ _ _ _ _ _ _ _ _ _ _ _ _ _ _ _ _ _ _ _

self = <sqlalchemy.pool.base._ConnectionRecord object at 0x000001CEFAB2BE70>

    def __connect(self) -> None:
        pool = self.__pool
    
        # ensure any existing connection is removed, so that if
        # creator fails, this attribute stays None
        self.dbapi_connection = None
        try:
            self.starttime = time.time()
>           self.dbapi_connection = connection = pool._invoke_creator(self)
                                                 ^^^^^^^^^^^^^^^^^^^^^^^^^^

C:\Users\RMOHINDR\AppData\Local\Programs\Python\Python311\Lib\site-packages\sqlalchemy\pool\base.py:896: 
_ _ _ _ _ _ _ _ _ _ _ _ _ _ _ _ _ _ _ _ _ _ _ _ _ _ _ _ _ _ _ _ _ _ _ _ _ _ _ _

connection_record = <sqlalchemy.pool.base._ConnectionRecord object at 0x000001CEFAB2BE70>

    def connect(
        connection_record: Optional[ConnectionPoolEntry] = None,
    ) -> DBAPIConnection:
        if dialect._has_events:
            mutable_cargs = list(cargs_tup)
            mutable_cparams = dict(cparams)
            for fn in dialect.dispatch.do_connect:
                connection = cast(
                    DBAPIConnection,
                    fn(
                        dialect,
                        connection_record,
                        mutable_cargs,
                        mutable_cparams,
                    ),
                )
                if connection is not None:
                    return connection
            return dialect.connect(*mutable_cargs, **mutable_cparams)
        else:
>           return dialect.connect(*cargs_tup, **cparams)
                   ^^^^^^^^^^^^^^^^^^^^^^^^^^^^^^^^^^^^^^

C:\Users\RMOHINDR\AppData\Local\Programs\Python\Python311\Lib\site-packages\sqlalchemy\engine\create.py:667: 
_ _ _ _ _ _ _ _ _ _ _ _ _ _ _ _ _ _ _ _ _ _ _ _ _ _ _ _ _ _ _ _ _ _ _ _ _ _ _ _

self = <sqlalchemy.dialects.postgresql.psycopg2.PGDialect_psycopg2 object at 0x000001CEF9852D50>
cargs = ()
cparams = {'dbname': 'postgres', 'host': 'localhost', 'password': 'password', 'port': 5432, ...}

    def connect(self, *cargs: Any, **cparams: Any) -> DBAPIConnection:
        # inherits the docstring from interfaces.Dialect.connect
>       return self.loaded_dbapi.connect(*cargs, **cparams)  # type: ignore[no-any-return]  # NOQA: E501
               ^^^^^^^^^^^^^^^^^^^^^^^^^^^^^^^^^^^^^^^^^^^^

C:\Users\RMOHINDR\AppData\Local\Programs\Python\Python311\Lib\site-packages\sqlalchemy\engine\default.py:630: 
_ _ _ _ _ _ _ _ _ _ _ _ _ _ _ _ _ _ _ _ _ _ _ _ _ _ _ _ _ _ _ _ _ _ _ _ _ _ _ _

dsn = 'host=localhost dbname=postgres user=transportation password=password port=5432'
connection_factory = None, cursor_factory = None
kwargs = {'dbname': 'postgres', 'host': 'localhost', 'password': 'password', 'port': 5432, ...}
kwasync = {}

    def connect(dsn=None, connection_factory=None, cursor_factory=None, **kwargs):
        """
        Create a new database connection.
    
        The connection parameters can be specified as a string:
    
            conn = psycopg2.connect("dbname=test user=postgres password=secret")
    
        or using a set of keyword arguments:
    
            conn = psycopg2.connect(database="test", user="postgres", password="secret")
    
        Or as a mix of both. The basic connection parameters are:
    
        - *dbname*: the database name
        - *database*: the database name (only as keyword argument)
        - *user*: user name used to authenticate
        - *password*: password used to authenticate
        - *host*: database host address (defaults to UNIX socket if not provided)
        - *port*: connection port number (defaults to 5432 if not provided)
    
        Using the *connection_factory* parameter a different class or connections
        factory can be specified. It should be a callable object taking a dsn
        argument.
    
        Using the *cursor_factory* parameter, a new default cursor factory will be
        used by cursor().
    
        Using *async*=True an asynchronous connection will be created. *async_* is
        a valid alias (for Python versions where ``async`` is a keyword).
    
        Any other keyword parameter will be passed to the underlying client
        library: the list of supported parameters depends on the library version.
    
        """
        kwasync = {}
        if 'async' in kwargs:
            kwasync['async'] = kwargs.pop('async')
        if 'async_' in kwargs:
            kwasync['async_'] = kwargs.pop('async_')
    
        dsn = _ext.make_dsn(dsn, **kwargs)
>       conn = _connect(dsn, connection_factory=connection_factory, **kwasync)
               ^^^^^^^^^^^^^^^^^^^^^^^^^^^^^^^^^^^^^^^^^^^^^^^^^^^^^^^^^^^^^^^
E       psycopg2.OperationalError: connection to server at "localhost" (::1), port 5432 failed: Connection refused (0x0000274D/10061)
E       	Is the server running on that host and accepting TCP/IP connections?
E       connection to server at "localhost" (127.0.0.1), port 5432 failed: Connection refused (0x0000274D/10061)
E       	Is the server running on that host and accepting TCP/IP connections?

C:\Users\RMOHINDR\AppData\Local\Programs\Python\Python311\Lib\site-packages\psycopg2\__init__.py:135: OperationalError

The above exception was the direct cause of the following exception:

    @pytest.fixture(scope="session")
    def _test_engine():
        """Create the test database (if needed) and return an engine bound to it.
    
        The database is created once per test session and the full schema is
        applied via ``Base.metadata.create_all``.
        """
        # Connect to the admin database to create the test database.
        admin_engine = create_engine(_PG_ADMIN_URL, isolation_level="AUTOCOMMIT")
>       with admin_engine.connect() as conn:
             ^^^^^^^^^^^^^^^^^^^^^^

apps\backend\tests\conftest.py:69: 
_ _ _ _ _ _ _ _ _ _ _ _ _ _ _ _ _ _ _ _ _ _ _ _ _ _ _ _ _ _ _ _ _ _ _ _ _ _ _ _

self = Engine(postgresql://transportation:***@localhost:5432/postgres)

    def connect(self) -> Connection:
        """Return a new :class:`_engine.Connection` object.
    
        The :class:`_engine.Connection` acts as a Python context manager, so
        the typical use of this method looks like::
    
            with engine.connect() as connection:
                connection.execute(text("insert into table values ('foo')"))
                connection.commit()
    
        Where above, after the block is completed, the connection is "closed"
        and its underlying DBAPI resources are returned to the connection pool.
        This also has the effect of rolling back any transaction that
        was explicitly begun or was begun via autobegin, and will
        emit the :meth:`_events.ConnectionEvents.rollback` event if one was
        started and is still in progress.
    
        .. seealso::
    
            :meth:`_engine.Engine.begin`
    
        """
    
>       return self._connection_cls(self)
               ^^^^^^^^^^^^^^^^^^^^^^^^^^

C:\Users\RMOHINDR\AppData\Local\Programs\Python\Python311\Lib\site-packages\sqlalchemy\engine\base.py:3293: 
_ _ _ _ _ _ _ _ _ _ _ _ _ _ _ _ _ _ _ _ _ _ _ _ _ _ _ _ _ _ _ _ _ _ _ _ _ _ _ _

self = <sqlalchemy.engine.base.Connection object at 0x000001CEFA8A9490>
engine = Engine(postgresql://transportation:***@localhost:5432/postgres)
connection = None, _has_events = None, _allow_revalidate = True
_allow_autobegin = True

    def __init__(
        self,
        engine: Engine,
        connection: Optional[PoolProxiedConnection] = None,
        _has_events: Optional[bool] = None,
        _allow_revalidate: bool = True,
        _allow_autobegin: bool = True,
    ):
        """Construct a new Connection."""
        self.engine = engine
        self.dialect = dialect = engine.dialect
    
        if connection is None:
            try:
                self._dbapi_connection = engine.raw_connection()
            except dialect.loaded_dbapi.Error as err:
>               Connection._handle_dbapi_exception_noconnection(
                    err, dialect, engine
                )

C:\Users\RMOHINDR\AppData\Local\Programs\Python\Python311\Lib\site-packages\sqlalchemy\engine\base.py:145: 
_ _ _ _ _ _ _ _ _ _ _ _ _ _ _ _ _ _ _ _ _ _ _ _ _ _ _ _ _ _ _ _ _ _ _ _ _ _ _ _

cls = <class 'sqlalchemy.engine.base.Connection'>
e = OperationalError('connection to server at "localhost" (::1), port 5432 failed: Connection refused (0x0000274D/10061)\n...iled: Connection refused (0x0000274D/10061)\n\tIs the server running on that host and accepting TCP/IP connections?\n')
dialect = <sqlalchemy.dialects.postgresql.psycopg2.PGDialect_psycopg2 object at 0x000001CEF9852D50>
engine = Engine(postgresql://transportation:***@localhost:5432/postgres)
is_disconnect = False, invalidate_pool_on_disconnect = True, is_pre_ping = False

    @classmethod
    def _handle_dbapi_exception_noconnection(
        cls,
        e: BaseException,
        dialect: Dialect,
        engine: Optional[Engine] = None,
        is_disconnect: Optional[bool] = None,
        invalidate_pool_on_disconnect: bool = True,
        is_pre_ping: bool = False,
    ) -> NoReturn:
        exc_info = sys.exc_info()
    
        if is_disconnect is None:
            is_disconnect = isinstance(
                e, dialect.loaded_dbapi.Error
            ) and dialect.is_disconnect(e, None, None)
    
        should_wrap = isinstance(e, dialect.loaded_dbapi.Error)
    
        if should_wrap:
            sqlalchemy_exception = exc.DBAPIError.instance(
                None,
                None,
                cast(Exception, e),
                dialect.loaded_dbapi.Error,
                hide_parameters=(
                    engine.hide_parameters if engine is not None else False
                ),
                connection_invalidated=is_disconnect,
                dialect=dialect,
            )
        else:
            sqlalchemy_exception = None
    
        newraise = None
    
        if dialect._has_events:
            ctx = ExceptionContextImpl(
                e,
                sqlalchemy_exception,
                engine,
                dialect,
                None,
                None,
                None,
                None,
                None,
                is_disconnect,
                invalidate_pool_on_disconnect,
                is_pre_ping,
            )
            for fn in dialect.dispatch.handle_error:
                try:
                    # handler returns an exception;
                    # call next handler in a chain
                    per_fn = fn(ctx)
                    if per_fn is not None:
                        ctx.chained_exception = newraise = per_fn
                except Exception as _raised:
                    # handler raises an exception - stop processing
                    newraise = _raised
                    break
    
            if sqlalchemy_exception and is_disconnect != ctx.is_disconnect:
                sqlalchemy_exception.connection_invalidated = ctx.is_disconnect
    
        if newraise:
            raise newraise.with_traceback(exc_info[2]) from e
        elif should_wrap:
            assert sqlalchemy_exception is not None
>           raise sqlalchemy_exception.with_traceback(exc_info[2]) from e

C:\Users\RMOHINDR\AppData\Local\Programs\Python\Python311\Lib\site-packages\sqlalchemy\engine\base.py:2448: 
_ _ _ _ _ _ _ _ _ _ _ _ _ _ _ _ _ _ _ _ _ _ _ _ _ _ _ _ _ _ _ _ _ _ _ _ _ _ _ _

self = <sqlalchemy.engine.base.Connection object at 0x000001CEFA8A9490>
engine = Engine(postgresql://transportation:***@localhost:5432/postgres)
connection = None, _has_events = None, _allow_revalidate = True
_allow_autobegin = True

    def __init__(
        self,
        engine: Engine,
        connection: Optional[PoolProxiedConnection] = None,
        _has_events: Optional[bool] = None,
        _allow_revalidate: bool = True,
        _allow_autobegin: bool = True,
    ):
        """Construct a new Connection."""
        self.engine = engine
        self.dialect = dialect = engine.dialect
    
        if connection is None:
            try:
>               self._dbapi_connection = engine.raw_connection()
                                         ^^^^^^^^^^^^^^^^^^^^^^^

C:\Users\RMOHINDR\AppData\Local\Programs\Python\Python311\Lib\site-packages\sqlalchemy\engine\base.py:143: 
_ _ _ _ _ _ _ _ _ _ _ _ _ _ _ _ _ _ _ _ _ _ _ _ _ _ _ _ _ _ _ _ _ _ _ _ _ _ _ _

self = Engine(postgresql://transportation:***@localhost:5432/postgres)

    def raw_connection(self) -> PoolProxiedConnection:
        """Return a "raw" DBAPI connection from the connection pool.
    
        The returned object is a proxied version of the DBAPI
        connection object used by the underlying driver in use.
        The object will have all the same behavior as the real DBAPI
        connection, except that its ``close()`` method will result in the
        connection being returned to the pool, rather than being closed
        for real.
    
        This method provides direct DBAPI connection access for
        special situations when the API provided by
        :class:`_engine.Connection`
        is not needed.   When a :class:`_engine.Connection` object is already
        present, the DBAPI connection is available using
        the :attr:`_engine.Connection.connection` accessor.
    
        .. seealso::
    
            :ref:`dbapi_connections`
    
        """
>       return self.pool.connect()
               ^^^^^^^^^^^^^^^^^^^

C:\Users\RMOHINDR\AppData\Local\Programs\Python\Python311\Lib\site-packages\sqlalchemy\engine\base.py:3317: 
_ _ _ _ _ _ _ _ _ _ _ _ _ _ _ _ _ _ _ _ _ _ _ _ _ _ _ _ _ _ _ _ _ _ _ _ _ _ _ _

self = <sqlalchemy.pool.impl.QueuePool object at 0x000001CEFAB7F450>

    def connect(self) -> PoolProxiedConnection:
        """Return a DBAPI connection from the pool.
    
        The connection is instrumented such that when its
        ``close()`` method is called, the connection will be returned to
        the pool.
    
        """
>       return _ConnectionFairy._checkout(self)
               ^^^^^^^^^^^^^^^^^^^^^^^^^^^^^^^^

C:\Users\RMOHINDR\AppData\Local\Programs\Python\Python311\Lib\site-packages\sqlalchemy\pool\base.py:448: 
_ _ _ _ _ _ _ _ _ _ _ _ _ _ _ _ _ _ _ _ _ _ _ _ _ _ _ _ _ _ _ _ _ _ _ _ _ _ _ _

cls = <class 'sqlalchemy.pool.base._ConnectionFairy'>
pool = <sqlalchemy.pool.impl.QueuePool object at 0x000001CEFAB7F450>
threadconns = None, fairy = None

    @classmethod
    def _checkout(
        cls,
        pool: Pool,
        threadconns: Optional[threading.local] = None,
        fairy: Optional[_ConnectionFairy] = None,
    ) -> _ConnectionFairy:
        if not fairy:
>           fairy = _ConnectionRecord.checkout(pool)
                    ^^^^^^^^^^^^^^^^^^^^^^^^^^^^^^^^

C:\Users\RMOHINDR\AppData\Local\Programs\Python\Python311\Lib\site-packages\sqlalchemy\pool\base.py:1272: 
_ _ _ _ _ _ _ _ _ _ _ _ _ _ _ _ _ _ _ _ _ _ _ _ _ _ _ _ _ _ _ _ _ _ _ _ _ _ _ _

cls = <class 'sqlalchemy.pool.base._ConnectionRecord'>
pool = <sqlalchemy.pool.impl.QueuePool object at 0x000001CEFAB7F450>

    @classmethod
    def checkout(cls, pool: Pool) -> _ConnectionFairy:
        if TYPE_CHECKING:
            rec = cast(_ConnectionRecord, pool._do_get())
        else:
>           rec = pool._do_get()
                  ^^^^^^^^^^^^^^

C:\Users\RMOHINDR\AppData\Local\Programs\Python\Python311\Lib\site-packages\sqlalchemy\pool\base.py:712: 
_ _ _ _ _ _ _ _ _ _ _ _ _ _ _ _ _ _ _ _ _ _ _ _ _ _ _ _ _ _ _ _ _ _ _ _ _ _ _ _

self = <sqlalchemy.pool.impl.QueuePool object at 0x000001CEFAB7F450>

    def _do_get(self) -> ConnectionPoolEntry:
        use_overflow = self._max_overflow > -1
    
        wait = use_overflow and self._overflow >= self._max_overflow
        try:
            return self._pool.get(wait, self._timeout)
        except sqla_queue.Empty:
            # don't do things inside of "except Empty", because when we say
            # we timed out or can't connect and raise, Python 3 tells
            # people the real error is queue.Empty which it isn't.
            pass
        if use_overflow and self._overflow >= self._max_overflow:
            if not wait:
                return self._do_get()
            else:
                raise exc.TimeoutError(
                    "QueuePool limit of size %d overflow %d reached, "
                    "connection timed out, timeout %0.2f"
                    % (self.size(), self.overflow(), self._timeout),
                    code="3o7r",
                )
    
        if self._inc_overflow():
            try:
                return self._create_connection()
            except:
>               with util.safe_reraise():

C:\Users\RMOHINDR\AppData\Local\Programs\Python\Python311\Lib\site-packages\sqlalchemy\pool\impl.py:177: 
_ _ _ _ _ _ _ _ _ _ _ _ _ _ _ _ _ _ _ _ _ _ _ _ _ _ _ _ _ _ _ _ _ _ _ _ _ _ _ _

self = <sqlalchemy.util.langhelpers.safe_reraise object at 0x000001CEFAB43E50>
type_ = None, value = None, traceback = None

    def __exit__(
        self,
        type_: Optional[Type[BaseException]],
        value: Optional[BaseException],
        traceback: Optional[types.TracebackType],
    ) -> NoReturn:
        assert self._exc_info is not None
        # see #2703 for notes
        if type_ is None:
            exc_type, exc_value, exc_tb = self._exc_info
            assert exc_value is not None
            self._exc_info = None  # remove potential circular references
>           raise exc_value.with_traceback(exc_tb)

C:\Users\RMOHINDR\AppData\Local\Programs\Python\Python311\Lib\site-packages\sqlalchemy\util\langhelpers.py:121: 
_ _ _ _ _ _ _ _ _ _ _ _ _ _ _ _ _ _ _ _ _ _ _ _ _ _ _ _ _ _ _ _ _ _ _ _ _ _ _ _

self = <sqlalchemy.pool.impl.QueuePool object at 0x000001CEFAB7F450>

    def _do_get(self) -> ConnectionPoolEntry:
        use_overflow = self._max_overflow > -1
    
        wait = use_overflow and self._overflow >= self._max_overflow
        try:
            return self._pool.get(wait, self._timeout)
        except sqla_queue.Empty:
            # don't do things inside of "except Empty", because when we say
            # we timed out or can't connect and raise, Python 3 tells
            # people the real error is queue.Empty which it isn't.
            pass
        if use_overflow and self._overflow >= self._max_overflow:
            if not wait:
                return self._do_get()
            else:
                raise exc.TimeoutError(
                    "QueuePool limit of size %d overflow %d reached, "
                    "connection timed out, timeout %0.2f"
                    % (self.size(), self.overflow(), self._timeout),
                    code="3o7r",
                )
    
        if self._inc_overflow():
            try:
>               return self._create_connection()
                       ^^^^^^^^^^^^^^^^^^^^^^^^^

C:\Users\RMOHINDR\AppData\Local\Programs\Python\Python311\Lib\site-packages\sqlalchemy\pool\impl.py:175: 
_ _ _ _ _ _ _ _ _ _ _ _ _ _ _ _ _ _ _ _ _ _ _ _ _ _ _ _ _ _ _ _ _ _ _ _ _ _ _ _

self = <sqlalchemy.pool.impl.QueuePool object at 0x000001CEFAB7F450>

    def _create_connection(self) -> ConnectionPoolEntry:
        """Called by subclasses to create a new ConnectionRecord."""
    
>       return _ConnectionRecord(self)
               ^^^^^^^^^^^^^^^^^^^^^^^

C:\Users\RMOHINDR\AppData\Local\Programs\Python\Python311\Lib\site-packages\sqlalchemy\pool\base.py:389: 
_ _ _ _ _ _ _ _ _ _ _ _ _ _ _ _ _ _ _ _ _ _ _ _ _ _ _ _ _ _ _ _ _ _ _ _ _ _ _ _

self = <sqlalchemy.pool.base._ConnectionRecord object at 0x000001CEFAB2BE70>
pool = <sqlalchemy.pool.impl.QueuePool object at 0x000001CEFAB7F450>
connect = True

    def __init__(self, pool: Pool, connect: bool = True):
        self.fresh = False
        self.fairy_ref = None
        self.starttime = 0
        self.dbapi_connection = None
    
        self.__pool = pool
        if connect:
>           self.__connect()

C:\Users\RMOHINDR\AppData\Local\Programs\Python\Python311\Lib\site-packages\sqlalchemy\pool\base.py:674: 
_ _ _ _ _ _ _ _ _ _ _ _ _ _ _ _ _ _ _ _ _ _ _ _ _ _ _ _ _ _ _ _ _ _ _ _ _ _ _ _

self = <sqlalchemy.pool.base._ConnectionRecord object at 0x000001CEFAB2BE70>

    def __connect(self) -> None:
        pool = self.__pool
    
        # ensure any existing connection is removed, so that if
        # creator fails, this attribute stays None
        self.dbapi_connection = None
        try:
            self.starttime = time.time()
            self.dbapi_connection = connection = pool._invoke_creator(self)
            pool.logger.debug("Created new connection %r", connection)
            self.fresh = True
        except BaseException as e:
>           with util.safe_reraise():

C:\Users\RMOHINDR\AppData\Local\Programs\Python\Python311\Lib\site-packages\sqlalchemy\pool\base.py:900: 
_ _ _ _ _ _ _ _ _ _ _ _ _ _ _ _ _ _ _ _ _ _ _ _ _ _ _ _ _ _ _ _ _ _ _ _ _ _ _ _

self = <sqlalchemy.util.langhelpers.safe_reraise object at 0x000001CEFAB43D60>
type_ = None, value = None, traceback = None

    def __exit__(
        self,
        type_: Optional[Type[BaseException]],
        value: Optional[BaseException],
        traceback: Optional[types.TracebackType],
    ) -> NoReturn:
        assert self._exc_info is not None
        # see #2703 for notes
        if type_ is None:
            exc_type, exc_value, exc_tb = self._exc_info
            assert exc_value is not None
            self._exc_info = None  # remove potential circular references
>           raise exc_value.with_traceback(exc_tb)

C:\Users\RMOHINDR\AppData\Local\Programs\Python\Python311\Lib\site-packages\sqlalchemy\util\langhelpers.py:121: 
_ _ _ _ _ _ _ _ _ _ _ _ _ _ _ _ _ _ _ _ _ _ _ _ _ _ _ _ _ _ _ _ _ _ _ _ _ _ _ _

self = <sqlalchemy.pool.base._ConnectionRecord object at 0x000001CEFAB2BE70>

    def __connect(self) -> None:
        pool = self.__pool
    
        # ensure any existing connection is removed, so that if
        # creator fails, this attribute stays None
        self.dbapi_connection = None
        try:
            self.starttime = time.time()
>           self.dbapi_connection = connection = pool._invoke_creator(self)
                                                 ^^^^^^^^^^^^^^^^^^^^^^^^^^

C:\Users\RMOHINDR\AppData\Local\Programs\Python\Python311\Lib\site-packages\sqlalchemy\pool\base.py:896: 
_ _ _ _ _ _ _ _ _ _ _ _ _ _ _ _ _ _ _ _ _ _ _ _ _ _ _ _ _ _ _ _ _ _ _ _ _ _ _ _

connection_record = <sqlalchemy.pool.base._ConnectionRecord object at 0x000001CEFAB2BE70>

    def connect(
        connection_record: Optional[ConnectionPoolEntry] = None,
    ) -> DBAPIConnection:
        if dialect._has_events:
            mutable_cargs = list(cargs_tup)
            mutable_cparams = dict(cparams)
            for fn in dialect.dispatch.do_connect:
                connection = cast(
                    DBAPIConnection,
                    fn(
                        dialect,
                        connection_record,
                        mutable_cargs,
                        mutable_cparams,
                    ),
                )
                if connection is not None:
                    return connection
            return dialect.connect(*mutable_cargs, **mutable_cparams)
        else:
>           return dialect.connect(*cargs_tup, **cparams)
                   ^^^^^^^^^^^^^^^^^^^^^^^^^^^^^^^^^^^^^^

C:\Users\RMOHINDR\AppData\Local\Programs\Python\Python311\Lib\site-packages\sqlalchemy\engine\create.py:667: 
_ _ _ _ _ _ _ _ _ _ _ _ _ _ _ _ _ _ _ _ _ _ _ _ _ _ _ _ _ _ _ _ _ _ _ _ _ _ _ _

self = <sqlalchemy.dialects.postgresql.psycopg2.PGDialect_psycopg2 object at 0x000001CEF9852D50>
cargs = ()
cparams = {'dbname': 'postgres', 'host': 'localhost', 'password': 'password', 'port': 5432, ...}

    def connect(self, *cargs: Any, **cparams: Any) -> DBAPIConnection:
        # inherits the docstring from interfaces.Dialect.connect
>       return self.loaded_dbapi.connect(*cargs, **cparams)  # type: ignore[no-any-return]  # NOQA: E501
               ^^^^^^^^^^^^^^^^^^^^^^^^^^^^^^^^^^^^^^^^^^^^

C:\Users\RMOHINDR\AppData\Local\Programs\Python\Python311\Lib\site-packages\sqlalchemy\engine\default.py:630: 
_ _ _ _ _ _ _ _ _ _ _ _ _ _ _ _ _ _ _ _ _ _ _ _ _ _ _ _ _ _ _ _ _ _ _ _ _ _ _ _

dsn = 'host=localhost dbname=postgres user=transportation password=password port=5432'
connection_factory = None, cursor_factory = None
kwargs = {'dbname': 'postgres', 'host': 'localhost', 'password': 'password', 'port': 5432, ...}
kwasync = {}

    def connect(dsn=None, connection_factory=None, cursor_factory=None, **kwargs):
        """
        Create a new database connection.
    
        The connection parameters can be specified as a string:
    
            conn = psycopg2.connect("dbname=test user=postgres password=secret")
    
        or using a set of keyword arguments:
    
            conn = psycopg2.connect(database="test", user="postgres", password="secret")
    
        Or as a mix of both. The basic connection parameters are:
    
        - *dbname*: the database name
        - *database*: the database name (only as keyword argument)
        - *user*: user name used to authenticate
        - *password*: password used to authenticate
        - *host*: database host address (defaults to UNIX socket if not provided)
        - *port*: connection port number (defaults to 5432 if not provided)
    
        Using the *connection_factory* parameter a different class or connections
        factory can be specified. It should be a callable object taking a dsn
        argument.
    
        Using the *cursor_factory* parameter, a new default cursor factory will be
        used by cursor().
    
        Using *async*=True an asynchronous connection will be created. *async_* is
        a valid alias (for Python versions where ``async`` is a keyword).
    
        Any other keyword parameter will be passed to the underlying client
        library: the list of supported parameters depends on the library version.
    
        """
        kwasync = {}
        if 'async' in kwargs:
            kwasync['async'] = kwargs.pop('async')
        if 'async_' in kwargs:
            kwasync['async_'] = kwargs.pop('async_')
    
        dsn = _ext.make_dsn(dsn, **kwargs)
>       conn = _connect(dsn, connection_factory=connection_factory, **kwasync)
               ^^^^^^^^^^^^^^^^^^^^^^^^^^^^^^^^^^^^^^^^^^^^^^^^^^^^^^^^^^^^^^^
E       sqlalchemy.exc.OperationalError: (psycopg2.OperationalError) connection to server at "localhost" (::1), port 5432 failed: Connection refused (0x0000274D/10061)
E       	Is the server running on that host and accepting TCP/IP connections?
E       connection to server at "localhost" (127.0.0.1), port 5432 failed: Connection refused (0x0000274D/10061)
E       	Is the server running on that host and accepting TCP/IP connections?
E       
E       (Background on this error at: https://sqlalche.me/e/20/e3q8)

C:\Users\RMOHINDR\AppData\Local\Programs\Python\Python311\Lib\site-packages\psycopg2\__init__.py:135: OperationalError
_ ERROR at setup of TestSubmitOwnershipEnforcement.test_tc004_4_creator_without_perm_gets_403 _

self = <sqlalchemy.engine.base.Connection object at 0x000001CEFA8A9490>
engine = Engine(postgresql://transportation:***@localhost:5432/postgres)
connection = None, _has_events = None, _allow_revalidate = True
_allow_autobegin = True

    def __init__(
        self,
        engine: Engine,
        connection: Optional[PoolProxiedConnection] = None,
        _has_events: Optional[bool] = None,
        _allow_revalidate: bool = True,
        _allow_autobegin: bool = True,
    ):
        """Construct a new Connection."""
        self.engine = engine
        self.dialect = dialect = engine.dialect
    
        if connection is None:
            try:
>               self._dbapi_connection = engine.raw_connection()
                                         ^^^^^^^^^^^^^^^^^^^^^^^

C:\Users\RMOHINDR\AppData\Local\Programs\Python\Python311\Lib\site-packages\sqlalchemy\engine\base.py:143: 
_ _ _ _ _ _ _ _ _ _ _ _ _ _ _ _ _ _ _ _ _ _ _ _ _ _ _ _ _ _ _ _ _ _ _ _ _ _ _ _

self = Engine(postgresql://transportation:***@localhost:5432/postgres)

    def raw_connection(self) -> PoolProxiedConnection:
        """Return a "raw" DBAPI connection from the connection pool.
    
        The returned object is a proxied version of the DBAPI
        connection object used by the underlying driver in use.
        The object will have all the same behavior as the real DBAPI
        connection, except that its ``close()`` method will result in the
        connection being returned to the pool, rather than being closed
        for real.
    
        This method provides direct DBAPI connection access for
        special situations when the API provided by
        :class:`_engine.Connection`
        is not needed.   When a :class:`_engine.Connection` object is already
        present, the DBAPI connection is available using
        the :attr:`_engine.Connection.connection` accessor.
    
        .. seealso::
    
            :ref:`dbapi_connections`
    
        """
>       return self.pool.connect()
               ^^^^^^^^^^^^^^^^^^^

C:\Users\RMOHINDR\AppData\Local\Programs\Python\Python311\Lib\site-packages\sqlalchemy\engine\base.py:3317: 
_ _ _ _ _ _ _ _ _ _ _ _ _ _ _ _ _ _ _ _ _ _ _ _ _ _ _ _ _ _ _ _ _ _ _ _ _ _ _ _

self = <sqlalchemy.pool.impl.QueuePool object at 0x000001CEFAB7F450>

    def connect(self) -> PoolProxiedConnection:
        """Return a DBAPI connection from the pool.
    
        The connection is instrumented such that when its
        ``close()`` method is called, the connection will be returned to
        the pool.
    
        """
>       return _ConnectionFairy._checkout(self)
               ^^^^^^^^^^^^^^^^^^^^^^^^^^^^^^^^

C:\Users\RMOHINDR\AppData\Local\Programs\Python\Python311\Lib\site-packages\sqlalchemy\pool\base.py:448: 
_ _ _ _ _ _ _ _ _ _ _ _ _ _ _ _ _ _ _ _ _ _ _ _ _ _ _ _ _ _ _ _ _ _ _ _ _ _ _ _

cls = <class 'sqlalchemy.pool.base._ConnectionFairy'>
pool = <sqlalchemy.pool.impl.QueuePool object at 0x000001CEFAB7F450>
threadconns = None, fairy = None

    @classmethod
    def _checkout(
        cls,
        pool: Pool,
        threadconns: Optional[threading.local] = None,
        fairy: Optional[_ConnectionFairy] = None,
    ) -> _ConnectionFairy:
        if not fairy:
>           fairy = _ConnectionRecord.checkout(pool)
                    ^^^^^^^^^^^^^^^^^^^^^^^^^^^^^^^^

C:\Users\RMOHINDR\AppData\Local\Programs\Python\Python311\Lib\site-packages\sqlalchemy\pool\base.py:1272: 
_ _ _ _ _ _ _ _ _ _ _ _ _ _ _ _ _ _ _ _ _ _ _ _ _ _ _ _ _ _ _ _ _ _ _ _ _ _ _ _

cls = <class 'sqlalchemy.pool.base._ConnectionRecord'>
pool = <sqlalchemy.pool.impl.QueuePool object at 0x000001CEFAB7F450>

    @classmethod
    def checkout(cls, pool: Pool) -> _ConnectionFairy:
        if TYPE_CHECKING:
            rec = cast(_ConnectionRecord, pool._do_get())
        else:
>           rec = pool._do_get()
                  ^^^^^^^^^^^^^^

C:\Users\RMOHINDR\AppData\Local\Programs\Python\Python311\Lib\site-packages\sqlalchemy\pool\base.py:712: 
_ _ _ _ _ _ _ _ _ _ _ _ _ _ _ _ _ _ _ _ _ _ _ _ _ _ _ _ _ _ _ _ _ _ _ _ _ _ _ _

self = <sqlalchemy.pool.impl.QueuePool object at 0x000001CEFAB7F450>

    def _do_get(self) -> ConnectionPoolEntry:
        use_overflow = self._max_overflow > -1
    
        wait = use_overflow and self._overflow >= self._max_overflow
        try:
            return self._pool.get(wait, self._timeout)
        except sqla_queue.Empty:
            # don't do things inside of "except Empty", because when we say
            # we timed out or can't connect and raise, Python 3 tells
            # people the real error is queue.Empty which it isn't.
            pass
        if use_overflow and self._overflow >= self._max_overflow:
            if not wait:
                return self._do_get()
            else:
                raise exc.TimeoutError(
                    "QueuePool limit of size %d overflow %d reached, "
                    "connection timed out, timeout %0.2f"
                    % (self.size(), self.overflow(), self._timeout),
                    code="3o7r",
                )
    
        if self._inc_overflow():
            try:
                return self._create_connection()
            except:
>               with util.safe_reraise():

C:\Users\RMOHINDR\AppData\Local\Programs\Python\Python311\Lib\site-packages\sqlalchemy\pool\impl.py:177: 
_ _ _ _ _ _ _ _ _ _ _ _ _ _ _ _ _ _ _ _ _ _ _ _ _ _ _ _ _ _ _ _ _ _ _ _ _ _ _ _

self = <sqlalchemy.util.langhelpers.safe_reraise object at 0x000001CEFAB43E50>
type_ = None, value = None, traceback = None

    def __exit__(
        self,
        type_: Optional[Type[BaseException]],
        value: Optional[BaseException],
        traceback: Optional[types.TracebackType],
    ) -> NoReturn:
        assert self._exc_info is not None
        # see #2703 for notes
        if type_ is None:
            exc_type, exc_value, exc_tb = self._exc_info
            assert exc_value is not None
            self._exc_info = None  # remove potential circular references
>           raise exc_value.with_traceback(exc_tb)

C:\Users\RMOHINDR\AppData\Local\Programs\Python\Python311\Lib\site-packages\sqlalchemy\util\langhelpers.py:121: 
_ _ _ _ _ _ _ _ _ _ _ _ _ _ _ _ _ _ _ _ _ _ _ _ _ _ _ _ _ _ _ _ _ _ _ _ _ _ _ _

self = <sqlalchemy.pool.impl.QueuePool object at 0x000001CEFAB7F450>

    def _do_get(self) -> ConnectionPoolEntry:
        use_overflow = self._max_overflow > -1
    
        wait = use_overflow and self._overflow >= self._max_overflow
        try:
            return self._pool.get(wait, self._timeout)
        except sqla_queue.Empty:
            # don't do things inside of "except Empty", because when we say
            # we timed out or can't connect and raise, Python 3 tells
            # people the real error is queue.Empty which it isn't.
            pass
        if use_overflow and self._overflow >= self._max_overflow:
            if not wait:
                return self._do_get()
            else:
                raise exc.TimeoutError(
                    "QueuePool limit of size %d overflow %d reached, "
                    "connection timed out, timeout %0.2f"
                    % (self.size(), self.overflow(), self._timeout),
                    code="3o7r",
                )
    
        if self._inc_overflow():
            try:
>               return self._create_connection()
                       ^^^^^^^^^^^^^^^^^^^^^^^^^

C:\Users\RMOHINDR\AppData\Local\Programs\Python\Python311\Lib\site-packages\sqlalchemy\pool\impl.py:175: 
_ _ _ _ _ _ _ _ _ _ _ _ _ _ _ _ _ _ _ _ _ _ _ _ _ _ _ _ _ _ _ _ _ _ _ _ _ _ _ _

self = <sqlalchemy.pool.impl.QueuePool object at 0x000001CEFAB7F450>

    def _create_connection(self) -> ConnectionPoolEntry:
        """Called by subclasses to create a new ConnectionRecord."""
    
>       return _ConnectionRecord(self)
               ^^^^^^^^^^^^^^^^^^^^^^^

C:\Users\RMOHINDR\AppData\Local\Programs\Python\Python311\Lib\site-packages\sqlalchemy\pool\base.py:389: 
_ _ _ _ _ _ _ _ _ _ _ _ _ _ _ _ _ _ _ _ _ _ _ _ _ _ _ _ _ _ _ _ _ _ _ _ _ _ _ _

self = <sqlalchemy.pool.base._ConnectionRecord object at 0x000001CEFAB2BE70>
pool = <sqlalchemy.pool.impl.QueuePool object at 0x000001CEFAB7F450>
connect = True

    def __init__(self, pool: Pool, connect: bool = True):
        self.fresh = False
        self.fairy_ref = None
        self.starttime = 0
        self.dbapi_connection = None
    
        self.__pool = pool
        if connect:
>           self.__connect()

C:\Users\RMOHINDR\AppData\Local\Programs\Python\Python311\Lib\site-packages\sqlalchemy\pool\base.py:674: 
_ _ _ _ _ _ _ _ _ _ _ _ _ _ _ _ _ _ _ _ _ _ _ _ _ _ _ _ _ _ _ _ _ _ _ _ _ _ _ _

self = <sqlalchemy.pool.base._ConnectionRecord object at 0x000001CEFAB2BE70>

    def __connect(self) -> None:
        pool = self.__pool
    
        # ensure any existing connection is removed, so that if
        # creator fails, this attribute stays None
        self.dbapi_connection = None
        try:
            self.starttime = time.time()
            self.dbapi_connection = connection = pool._invoke_creator(self)
            pool.logger.debug("Created new connection %r", connection)
            self.fresh = True
        except BaseException as e:
>           with util.safe_reraise():

C:\Users\RMOHINDR\AppData\Local\Programs\Python\Python311\Lib\site-packages\sqlalchemy\pool\base.py:900: 
_ _ _ _ _ _ _ _ _ _ _ _ _ _ _ _ _ _ _ _ _ _ _ _ _ _ _ _ _ _ _ _ _ _ _ _ _ _ _ _

self = <sqlalchemy.util.langhelpers.safe_reraise object at 0x000001CEFAB43D60>
type_ = None, value = None, traceback = None

    def __exit__(
        self,
        type_: Optional[Type[BaseException]],
        value: Optional[BaseException],
        traceback: Optional[types.TracebackType],
    ) -> NoReturn:
        assert self._exc_info is not None
        # see #2703 for notes
        if type_ is None:
            exc_type, exc_value, exc_tb = self._exc_info
            assert exc_value is not None
            self._exc_info = None  # remove potential circular references
>           raise exc_value.with_traceback(exc_tb)

C:\Users\RMOHINDR\AppData\Local\Programs\Python\Python311\Lib\site-packages\sqlalchemy\util\langhelpers.py:121: 
_ _ _ _ _ _ _ _ _ _ _ _ _ _ _ _ _ _ _ _ _ _ _ _ _ _ _ _ _ _ _ _ _ _ _ _ _ _ _ _

self = <sqlalchemy.pool.base._ConnectionRecord object at 0x000001CEFAB2BE70>

    def __connect(self) -> None:
        pool = self.__pool
    
        # ensure any existing connection is removed, so that if
        # creator fails, this attribute stays None
        self.dbapi_connection = None
        try:
            self.starttime = time.time()
>           self.dbapi_connection = connection = pool._invoke_creator(self)
                                                 ^^^^^^^^^^^^^^^^^^^^^^^^^^

C:\Users\RMOHINDR\AppData\Local\Programs\Python\Python311\Lib\site-packages\sqlalchemy\pool\base.py:896: 
_ _ _ _ _ _ _ _ _ _ _ _ _ _ _ _ _ _ _ _ _ _ _ _ _ _ _ _ _ _ _ _ _ _ _ _ _ _ _ _

connection_record = <sqlalchemy.pool.base._ConnectionRecord object at 0x000001CEFAB2BE70>

    def connect(
        connection_record: Optional[ConnectionPoolEntry] = None,
    ) -> DBAPIConnection:
        if dialect._has_events:
            mutable_cargs = list(cargs_tup)
            mutable_cparams = dict(cparams)
            for fn in dialect.dispatch.do_connect:
                connection = cast(
                    DBAPIConnection,
                    fn(
                        dialect,
                        connection_record,
                        mutable_cargs,
                        mutable_cparams,
                    ),
                )
                if connection is not None:
                    return connection
            return dialect.connect(*mutable_cargs, **mutable_cparams)
        else:
>           return dialect.connect(*cargs_tup, **cparams)
                   ^^^^^^^^^^^^^^^^^^^^^^^^^^^^^^^^^^^^^^

C:\Users\RMOHINDR\AppData\Local\Programs\Python\Python311\Lib\site-packages\sqlalchemy\engine\create.py:667: 
_ _ _ _ _ _ _ _ _ _ _ _ _ _ _ _ _ _ _ _ _ _ _ _ _ _ _ _ _ _ _ _ _ _ _ _ _ _ _ _

self = <sqlalchemy.dialects.postgresql.psycopg2.PGDialect_psycopg2 object at 0x000001CEF9852D50>
cargs = ()
cparams = {'dbname': 'postgres', 'host': 'localhost', 'password': 'password', 'port': 5432, ...}

    def connect(self, *cargs: Any, **cparams: Any) -> DBAPIConnection:
        # inherits the docstring from interfaces.Dialect.connect
>       return self.loaded_dbapi.connect(*cargs, **cparams)  # type: ignore[no-any-return]  # NOQA: E501
               ^^^^^^^^^^^^^^^^^^^^^^^^^^^^^^^^^^^^^^^^^^^^

C:\Users\RMOHINDR\AppData\Local\Programs\Python\Python311\Lib\site-packages\sqlalchemy\engine\default.py:630: 
_ _ _ _ _ _ _ _ _ _ _ _ _ _ _ _ _ _ _ _ _ _ _ _ _ _ _ _ _ _ _ _ _ _ _ _ _ _ _ _

dsn = 'host=localhost dbname=postgres user=transportation password=password port=5432'
connection_factory = None, cursor_factory = None
kwargs = {'dbname': 'postgres', 'host': 'localhost', 'password': 'password', 'port': 5432, ...}
kwasync = {}

    def connect(dsn=None, connection_factory=None, cursor_factory=None, **kwargs):
        """
        Create a new database connection.
    
        The connection parameters can be specified as a string:
    
            conn = psycopg2.connect("dbname=test user=postgres password=secret")
    
        or using a set of keyword arguments:
    
            conn = psycopg2.connect(database="test", user="postgres", password="secret")
    
        Or as a mix of both. The basic connection parameters are:
    
        - *dbname*: the database name
        - *database*: the database name (only as keyword argument)
        - *user*: user name used to authenticate
        - *password*: password used to authenticate
        - *host*: database host address (defaults to UNIX socket if not provided)
        - *port*: connection port number (defaults to 5432 if not provided)
    
        Using the *connection_factory* parameter a different class or connections
        factory can be specified. It should be a callable object taking a dsn
        argument.
    
        Using the *cursor_factory* parameter, a new default cursor factory will be
        used by cursor().
    
        Using *async*=True an asynchronous connection will be created. *async_* is
        a valid alias (for Python versions where ``async`` is a keyword).
    
        Any other keyword parameter will be passed to the underlying client
        library: the list of supported parameters depends on the library version.
    
        """
        kwasync = {}
        if 'async' in kwargs:
            kwasync['async'] = kwargs.pop('async')
        if 'async_' in kwargs:
            kwasync['async_'] = kwargs.pop('async_')
    
        dsn = _ext.make_dsn(dsn, **kwargs)
>       conn = _connect(dsn, connection_factory=connection_factory, **kwasync)
               ^^^^^^^^^^^^^^^^^^^^^^^^^^^^^^^^^^^^^^^^^^^^^^^^^^^^^^^^^^^^^^^
E       psycopg2.OperationalError: connection to server at "localhost" (::1), port 5432 failed: Connection refused (0x0000274D/10061)
E       	Is the server running on that host and accepting TCP/IP connections?
E       connection to server at "localhost" (127.0.0.1), port 5432 failed: Connection refused (0x0000274D/10061)
E       	Is the server running on that host and accepting TCP/IP connections?

C:\Users\RMOHINDR\AppData\Local\Programs\Python\Python311\Lib\site-packages\psycopg2\__init__.py:135: OperationalError

The above exception was the direct cause of the following exception:

    @pytest.fixture(scope="session")
    def _test_engine():
        """Create the test database (if needed) and return an engine bound to it.
    
        The database is created once per test session and the full schema is
        applied via ``Base.metadata.create_all``.
        """
        # Connect to the admin database to create the test database.
        admin_engine = create_engine(_PG_ADMIN_URL, isolation_level="AUTOCOMMIT")
>       with admin_engine.connect() as conn:
             ^^^^^^^^^^^^^^^^^^^^^^

apps\backend\tests\conftest.py:69: 
_ _ _ _ _ _ _ _ _ _ _ _ _ _ _ _ _ _ _ _ _ _ _ _ _ _ _ _ _ _ _ _ _ _ _ _ _ _ _ _

self = Engine(postgresql://transportation:***@localhost:5432/postgres)

    def connect(self) -> Connection:
        """Return a new :class:`_engine.Connection` object.
    
        The :class:`_engine.Connection` acts as a Python context manager, so
        the typical use of this method looks like::
    
            with engine.connect() as connection:
                connection.execute(text("insert into table values ('foo')"))
                connection.commit()
    
        Where above, after the block is completed, the connection is "closed"
        and its underlying DBAPI resources are returned to the connection pool.
        This also has the effect of rolling back any transaction that
        was explicitly begun or was begun via autobegin, and will
        emit the :meth:`_events.ConnectionEvents.rollback` event if one was
        started and is still in progress.
    
        .. seealso::
    
            :meth:`_engine.Engine.begin`
    
        """
    
>       return self._connection_cls(self)
               ^^^^^^^^^^^^^^^^^^^^^^^^^^

C:\Users\RMOHINDR\AppData\Local\Programs\Python\Python311\Lib\site-packages\sqlalchemy\engine\base.py:3293: 
_ _ _ _ _ _ _ _ _ _ _ _ _ _ _ _ _ _ _ _ _ _ _ _ _ _ _ _ _ _ _ _ _ _ _ _ _ _ _ _

self = <sqlalchemy.engine.base.Connection object at 0x000001CEFA8A9490>
engine = Engine(postgresql://transportation:***@localhost:5432/postgres)
connection = None, _has_events = None, _allow_revalidate = True
_allow_autobegin = True

    def __init__(
        self,
        engine: Engine,
        connection: Optional[PoolProxiedConnection] = None,
        _has_events: Optional[bool] = None,
        _allow_revalidate: bool = True,
        _allow_autobegin: bool = True,
    ):
        """Construct a new Connection."""
        self.engine = engine
        self.dialect = dialect = engine.dialect
    
        if connection is None:
            try:
                self._dbapi_connection = engine.raw_connection()
            except dialect.loaded_dbapi.Error as err:
>               Connection._handle_dbapi_exception_noconnection(
                    err, dialect, engine
                )

C:\Users\RMOHINDR\AppData\Local\Programs\Python\Python311\Lib\site-packages\sqlalchemy\engine\base.py:145: 
_ _ _ _ _ _ _ _ _ _ _ _ _ _ _ _ _ _ _ _ _ _ _ _ _ _ _ _ _ _ _ _ _ _ _ _ _ _ _ _

cls = <class 'sqlalchemy.engine.base.Connection'>
e = OperationalError('connection to server at "localhost" (::1), port 5432 failed: Connection refused (0x0000274D/10061)\n...iled: Connection refused (0x0000274D/10061)\n\tIs the server running on that host and accepting TCP/IP connections?\n')
dialect = <sqlalchemy.dialects.postgresql.psycopg2.PGDialect_psycopg2 object at 0x000001CEF9852D50>
engine = Engine(postgresql://transportation:***@localhost:5432/postgres)
is_disconnect = False, invalidate_pool_on_disconnect = True, is_pre_ping = False

    @classmethod
    def _handle_dbapi_exception_noconnection(
        cls,
        e: BaseException,
        dialect: Dialect,
        engine: Optional[Engine] = None,
        is_disconnect: Optional[bool] = None,
        invalidate_pool_on_disconnect: bool = True,
        is_pre_ping: bool = False,
    ) -> NoReturn:
        exc_info = sys.exc_info()
    
        if is_disconnect is None:
            is_disconnect = isinstance(
                e, dialect.loaded_dbapi.Error
            ) and dialect.is_disconnect(e, None, None)
    
        should_wrap = isinstance(e, dialect.loaded_dbapi.Error)
    
        if should_wrap:
            sqlalchemy_exception = exc.DBAPIError.instance(
                None,
                None,
                cast(Exception, e),
                dialect.loaded_dbapi.Error,
                hide_parameters=(
                    engine.hide_parameters if engine is not None else False
                ),
                connection_invalidated=is_disconnect,
                dialect=dialect,
            )
        else:
            sqlalchemy_exception = None
    
        newraise = None
    
        if dialect._has_events:
            ctx = ExceptionContextImpl(
                e,
                sqlalchemy_exception,
                engine,
                dialect,
                None,
                None,
                None,
                None,
                None,
                is_disconnect,
                invalidate_pool_on_disconnect,
                is_pre_ping,
            )
            for fn in dialect.dispatch.handle_error:
                try:
                    # handler returns an exception;
                    # call next handler in a chain
                    per_fn = fn(ctx)
                    if per_fn is not None:
                        ctx.chained_exception = newraise = per_fn
                except Exception as _raised:
                    # handler raises an exception - stop processing
                    newraise = _raised
                    break
    
            if sqlalchemy_exception and is_disconnect != ctx.is_disconnect:
                sqlalchemy_exception.connection_invalidated = ctx.is_disconnect
    
        if newraise:
            raise newraise.with_traceback(exc_info[2]) from e
        elif should_wrap:
            assert sqlalchemy_exception is not None
>           raise sqlalchemy_exception.with_traceback(exc_info[2]) from e

C:\Users\RMOHINDR\AppData\Local\Programs\Python\Python311\Lib\site-packages\sqlalchemy\engine\base.py:2448: 
_ _ _ _ _ _ _ _ _ _ _ _ _ _ _ _ _ _ _ _ _ _ _ _ _ _ _ _ _ _ _ _ _ _ _ _ _ _ _ _

self = <sqlalchemy.engine.base.Connection object at 0x000001CEFA8A9490>
engine = Engine(postgresql://transportation:***@localhost:5432/postgres)
connection = None, _has_events = None, _allow_revalidate = True
_allow_autobegin = True

    def __init__(
        self,
        engine: Engine,
        connection: Optional[PoolProxiedConnection] = None,
        _has_events: Optional[bool] = None,
        _allow_revalidate: bool = True,
        _allow_autobegin: bool = True,
    ):
        """Construct a new Connection."""
        self.engine = engine
        self.dialect = dialect = engine.dialect
    
        if connection is None:
            try:
>               self._dbapi_connection = engine.raw_connection()
                                         ^^^^^^^^^^^^^^^^^^^^^^^

C:\Users\RMOHINDR\AppData\Local\Programs\Python\Python311\Lib\site-packages\sqlalchemy\engine\base.py:143: 
_ _ _ _ _ _ _ _ _ _ _ _ _ _ _ _ _ _ _ _ _ _ _ _ _ _ _ _ _ _ _ _ _ _ _ _ _ _ _ _

self = Engine(postgresql://transportation:***@localhost:5432/postgres)

    def raw_connection(self) -> PoolProxiedConnection:
        """Return a "raw" DBAPI connection from the connection pool.
    
        The returned object is a proxied version of the DBAPI
        connection object used by the underlying driver in use.
        The object will have all the same behavior as the real DBAPI
        connection, except that its ``close()`` method will result in the
        connection being returned to the pool, rather than being closed
        for real.
    
        This method provides direct DBAPI connection access for
        special situations when the API provided by
        :class:`_engine.Connection`
        is not needed.   When a :class:`_engine.Connection` object is already
        present, the DBAPI connection is available using
        the :attr:`_engine.Connection.connection` accessor.
    
        .. seealso::
    
            :ref:`dbapi_connections`
    
        """
>       return self.pool.connect()
               ^^^^^^^^^^^^^^^^^^^

C:\Users\RMOHINDR\AppData\Local\Programs\Python\Python311\Lib\site-packages\sqlalchemy\engine\base.py:3317: 
_ _ _ _ _ _ _ _ _ _ _ _ _ _ _ _ _ _ _ _ _ _ _ _ _ _ _ _ _ _ _ _ _ _ _ _ _ _ _ _

self = <sqlalchemy.pool.impl.QueuePool object at 0x000001CEFAB7F450>

    def connect(self) -> PoolProxiedConnection:
        """Return a DBAPI connection from the pool.
    
        The connection is instrumented such that when its
        ``close()`` method is called, the connection will be returned to
        the pool.
    
        """
>       return _ConnectionFairy._checkout(self)
               ^^^^^^^^^^^^^^^^^^^^^^^^^^^^^^^^

C:\Users\RMOHINDR\AppData\Local\Programs\Python\Python311\Lib\site-packages\sqlalchemy\pool\base.py:448: 
_ _ _ _ _ _ _ _ _ _ _ _ _ _ _ _ _ _ _ _ _ _ _ _ _ _ _ _ _ _ _ _ _ _ _ _ _ _ _ _

cls = <class 'sqlalchemy.pool.base._ConnectionFairy'>
pool = <sqlalchemy.pool.impl.QueuePool object at 0x000001CEFAB7F450>
threadconns = None, fairy = None

    @classmethod
    def _checkout(
        cls,
        pool: Pool,
        threadconns: Optional[threading.local] = None,
        fairy: Optional[_ConnectionFairy] = None,
    ) -> _ConnectionFairy:
        if not fairy:
>           fairy = _ConnectionRecord.checkout(pool)
                    ^^^^^^^^^^^^^^^^^^^^^^^^^^^^^^^^

C:\Users\RMOHINDR\AppData\Local\Programs\Python\Python311\Lib\site-packages\sqlalchemy\pool\base.py:1272: 
_ _ _ _ _ _ _ _ _ _ _ _ _ _ _ _ _ _ _ _ _ _ _ _ _ _ _ _ _ _ _ _ _ _ _ _ _ _ _ _

cls = <class 'sqlalchemy.pool.base._ConnectionRecord'>
pool = <sqlalchemy.pool.impl.QueuePool object at 0x000001CEFAB7F450>

    @classmethod
    def checkout(cls, pool: Pool) -> _ConnectionFairy:
        if TYPE_CHECKING:
            rec = cast(_ConnectionRecord, pool._do_get())
        else:
>           rec = pool._do_get()
                  ^^^^^^^^^^^^^^

C:\Users\RMOHINDR\AppData\Local\Programs\Python\Python311\Lib\site-packages\sqlalchemy\pool\base.py:712: 
_ _ _ _ _ _ _ _ _ _ _ _ _ _ _ _ _ _ _ _ _ _ _ _ _ _ _ _ _ _ _ _ _ _ _ _ _ _ _ _

self = <sqlalchemy.pool.impl.QueuePool object at 0x000001CEFAB7F450>

    def _do_get(self) -> ConnectionPoolEntry:
        use_overflow = self._max_overflow > -1
    
        wait = use_overflow and self._overflow >= self._max_overflow
        try:
            return self._pool.get(wait, self._timeout)
        except sqla_queue.Empty:
            # don't do things inside of "except Empty", because when we say
            # we timed out or can't connect and raise, Python 3 tells
            # people the real error is queue.Empty which it isn't.
            pass
        if use_overflow and self._overflow >= self._max_overflow:
            if not wait:
                return self._do_get()
            else:
                raise exc.TimeoutError(
                    "QueuePool limit of size %d overflow %d reached, "
                    "connection timed out, timeout %0.2f"
                    % (self.size(), self.overflow(), self._timeout),
                    code="3o7r",
                )
    
        if self._inc_overflow():
            try:
                return self._create_connection()
            except:
>               with util.safe_reraise():

C:\Users\RMOHINDR\AppData\Local\Programs\Python\Python311\Lib\site-packages\sqlalchemy\pool\impl.py:177: 
_ _ _ _ _ _ _ _ _ _ _ _ _ _ _ _ _ _ _ _ _ _ _ _ _ _ _ _ _ _ _ _ _ _ _ _ _ _ _ _

self = <sqlalchemy.util.langhelpers.safe_reraise object at 0x000001CEFAB43E50>
type_ = None, value = None, traceback = None

    def __exit__(
        self,
        type_: Optional[Type[BaseException]],
        value: Optional[BaseException],
        traceback: Optional[types.TracebackType],
    ) -> NoReturn:
        assert self._exc_info is not None
        # see #2703 for notes
        if type_ is None:
            exc_type, exc_value, exc_tb = self._exc_info
            assert exc_value is not None
            self._exc_info = None  # remove potential circular references
>           raise exc_value.with_traceback(exc_tb)

C:\Users\RMOHINDR\AppData\Local\Programs\Python\Python311\Lib\site-packages\sqlalchemy\util\langhelpers.py:121: 
_ _ _ _ _ _ _ _ _ _ _ _ _ _ _ _ _ _ _ _ _ _ _ _ _ _ _ _ _ _ _ _ _ _ _ _ _ _ _ _

self = <sqlalchemy.pool.impl.QueuePool object at 0x000001CEFAB7F450>

    def _do_get(self) -> ConnectionPoolEntry:
        use_overflow = self._max_overflow > -1
    
        wait = use_overflow and self._overflow >= self._max_overflow
        try:
            return self._pool.get(wait, self._timeout)
        except sqla_queue.Empty:
            # don't do things inside of "except Empty", because when we say
            # we timed out or can't connect and raise, Python 3 tells
            # people the real error is queue.Empty which it isn't.
            pass
        if use_overflow and self._overflow >= self._max_overflow:
            if not wait:
                return self._do_get()
            else:
                raise exc.TimeoutError(
                    "QueuePool limit of size %d overflow %d reached, "
                    "connection timed out, timeout %0.2f"
                    % (self.size(), self.overflow(), self._timeout),
                    code="3o7r",
                )
    
        if self._inc_overflow():
            try:
>               return self._create_connection()
                       ^^^^^^^^^^^^^^^^^^^^^^^^^

C:\Users\RMOHINDR\AppData\Local\Programs\Python\Python311\Lib\site-packages\sqlalchemy\pool\impl.py:175: 
_ _ _ _ _ _ _ _ _ _ _ _ _ _ _ _ _ _ _ _ _ _ _ _ _ _ _ _ _ _ _ _ _ _ _ _ _ _ _ _

self = <sqlalchemy.pool.impl.QueuePool object at 0x000001CEFAB7F450>

    def _create_connection(self) -> ConnectionPoolEntry:
        """Called by subclasses to create a new ConnectionRecord."""
    
>       return _ConnectionRecord(self)
               ^^^^^^^^^^^^^^^^^^^^^^^

C:\Users\RMOHINDR\AppData\Local\Programs\Python\Python311\Lib\site-packages\sqlalchemy\pool\base.py:389: 
_ _ _ _ _ _ _ _ _ _ _ _ _ _ _ _ _ _ _ _ _ _ _ _ _ _ _ _ _ _ _ _ _ _ _ _ _ _ _ _

self = <sqlalchemy.pool.base._ConnectionRecord object at 0x000001CEFAB2BE70>
pool = <sqlalchemy.pool.impl.QueuePool object at 0x000001CEFAB7F450>
connect = True

    def __init__(self, pool: Pool, connect: bool = True):
        self.fresh = False
        self.fairy_ref = None
        self.starttime = 0
        self.dbapi_connection = None
    
        self.__pool = pool
        if connect:
>           self.__connect()

C:\Users\RMOHINDR\AppData\Local\Programs\Python\Python311\Lib\site-packages\sqlalchemy\pool\base.py:674: 
_ _ _ _ _ _ _ _ _ _ _ _ _ _ _ _ _ _ _ _ _ _ _ _ _ _ _ _ _ _ _ _ _ _ _ _ _ _ _ _

self = <sqlalchemy.pool.base._ConnectionRecord object at 0x000001CEFAB2BE70>

    def __connect(self) -> None:
        pool = self.__pool
    
        # ensure any existing connection is removed, so that if
        # creator fails, this attribute stays None
        self.dbapi_connection = None
        try:
            self.starttime = time.time()
            self.dbapi_connection = connection = pool._invoke_creator(self)
            pool.logger.debug("Created new connection %r", connection)
            self.fresh = True
        except BaseException as e:
>           with util.safe_reraise():

C:\Users\RMOHINDR\AppData\Local\Programs\Python\Python311\Lib\site-packages\sqlalchemy\pool\base.py:900: 
_ _ _ _ _ _ _ _ _ _ _ _ _ _ _ _ _ _ _ _ _ _ _ _ _ _ _ _ _ _ _ _ _ _ _ _ _ _ _ _

self = <sqlalchemy.util.langhelpers.safe_reraise object at 0x000001CEFAB43D60>
type_ = None, value = None, traceback = None

    def __exit__(
        self,
        type_: Optional[Type[BaseException]],
        value: Optional[BaseException],
        traceback: Optional[types.TracebackType],
    ) -> NoReturn:
        assert self._exc_info is not None
        # see #2703 for notes
        if type_ is None:
            exc_type, exc_value, exc_tb = self._exc_info
            assert exc_value is not None
            self._exc_info = None  # remove potential circular references
>           raise exc_value.with_traceback(exc_tb)

C:\Users\RMOHINDR\AppData\Local\Programs\Python\Python311\Lib\site-packages\sqlalchemy\util\langhelpers.py:121: 
_ _ _ _ _ _ _ _ _ _ _ _ _ _ _ _ _ _ _ _ _ _ _ _ _ _ _ _ _ _ _ _ _ _ _ _ _ _ _ _

self = <sqlalchemy.pool.base._ConnectionRecord object at 0x000001CEFAB2BE70>

    def __connect(self) -> None:
        pool = self.__pool
    
        # ensure any existing connection is removed, so that if
        # creator fails, this attribute stays None
        self.dbapi_connection = None
        try:
            self.starttime = time.time()
>           self.dbapi_connection = connection = pool._invoke_creator(self)
                                                 ^^^^^^^^^^^^^^^^^^^^^^^^^^

C:\Users\RMOHINDR\AppData\Local\Programs\Python\Python311\Lib\site-packages\sqlalchemy\pool\base.py:896: 
_ _ _ _ _ _ _ _ _ _ _ _ _ _ _ _ _ _ _ _ _ _ _ _ _ _ _ _ _ _ _ _ _ _ _ _ _ _ _ _

connection_record = <sqlalchemy.pool.base._ConnectionRecord object at 0x000001CEFAB2BE70>

    def connect(
        connection_record: Optional[ConnectionPoolEntry] = None,
    ) -> DBAPIConnection:
        if dialect._has_events:
            mutable_cargs = list(cargs_tup)
            mutable_cparams = dict(cparams)
            for fn in dialect.dispatch.do_connect:
                connection = cast(
                    DBAPIConnection,
                    fn(
                        dialect,
                        connection_record,
                        mutable_cargs,
                        mutable_cparams,
                    ),
                )
                if connection is not None:
                    return connection
            return dialect.connect(*mutable_cargs, **mutable_cparams)
        else:
>           return dialect.connect(*cargs_tup, **cparams)
                   ^^^^^^^^^^^^^^^^^^^^^^^^^^^^^^^^^^^^^^

C:\Users\RMOHINDR\AppData\Local\Programs\Python\Python311\Lib\site-packages\sqlalchemy\engine\create.py:667: 
_ _ _ _ _ _ _ _ _ _ _ _ _ _ _ _ _ _ _ _ _ _ _ _ _ _ _ _ _ _ _ _ _ _ _ _ _ _ _ _

self = <sqlalchemy.dialects.postgresql.psycopg2.PGDialect_psycopg2 object at 0x000001CEF9852D50>
cargs = ()
cparams = {'dbname': 'postgres', 'host': 'localhost', 'password': 'password', 'port': 5432, ...}

    def connect(self, *cargs: Any, **cparams: Any) -> DBAPIConnection:
        # inherits the docstring from interfaces.Dialect.connect
>       return self.loaded_dbapi.connect(*cargs, **cparams)  # type: ignore[no-any-return]  # NOQA: E501
               ^^^^^^^^^^^^^^^^^^^^^^^^^^^^^^^^^^^^^^^^^^^^

C:\Users\RMOHINDR\AppData\Local\Programs\Python\Python311\Lib\site-packages\sqlalchemy\engine\default.py:630: 
_ _ _ _ _ _ _ _ _ _ _ _ _ _ _ _ _ _ _ _ _ _ _ _ _ _ _ _ _ _ _ _ _ _ _ _ _ _ _ _

dsn = 'host=localhost dbname=postgres user=transportation password=password port=5432'
connection_factory = None, cursor_factory = None
kwargs = {'dbname': 'postgres', 'host': 'localhost', 'password': 'password', 'port': 5432, ...}
kwasync = {}

    def connect(dsn=None, connection_factory=None, cursor_factory=None, **kwargs):
        """
        Create a new database connection.
    
        The connection parameters can be specified as a string:
    
            conn = psycopg2.connect("dbname=test user=postgres password=secret")
    
        or using a set of keyword arguments:
    
            conn = psycopg2.connect(database="test", user="postgres", password="secret")
    
        Or as a mix of both. The basic connection parameters are:
    
        - *dbname*: the database name
        - *database*: the database name (only as keyword argument)
        - *user*: user name used to authenticate
        - *password*: password used to authenticate
        - *host*: database host address (defaults to UNIX socket if not provided)
        - *port*: connection port number (defaults to 5432 if not provided)
    
        Using the *connection_factory* parameter a different class or connections
        factory can be specified. It should be a callable object taking a dsn
        argument.
    
        Using the *cursor_factory* parameter, a new default cursor factory will be
        used by cursor().
    
        Using *async*=True an asynchronous connection will be created. *async_* is
        a valid alias (for Python versions where ``async`` is a keyword).
    
        Any other keyword parameter will be passed to the underlying client
        library: the list of supported parameters depends on the library version.
    
        """
        kwasync = {}
        if 'async' in kwargs:
            kwasync['async'] = kwargs.pop('async')
        if 'async_' in kwargs:
            kwasync['async_'] = kwargs.pop('async_')
    
        dsn = _ext.make_dsn(dsn, **kwargs)
>       conn = _connect(dsn, connection_factory=connection_factory, **kwasync)
               ^^^^^^^^^^^^^^^^^^^^^^^^^^^^^^^^^^^^^^^^^^^^^^^^^^^^^^^^^^^^^^^
E       sqlalchemy.exc.OperationalError: (psycopg2.OperationalError) connection to server at "localhost" (::1), port 5432 failed: Connection refused (0x0000274D/10061)
E       	Is the server running on that host and accepting TCP/IP connections?
E       connection to server at "localhost" (127.0.0.1), port 5432 failed: Connection refused (0x0000274D/10061)
E       	Is the server running on that host and accepting TCP/IP connections?
E       
E       (Background on this error at: https://sqlalche.me/e/20/e3q8)

C:\Users\RMOHINDR\AppData\Local\Programs\Python\Python311\Lib\site-packages\psycopg2\__init__.py:135: OperationalError
_ ERROR at setup of TestSubmitOwnershipEnforcement.test_tc004_5_nondraft_form_returns_400 _

self = <sqlalchemy.engine.base.Connection object at 0x000001CEFA8A9490>
engine = Engine(postgresql://transportation:***@localhost:5432/postgres)
connection = None, _has_events = None, _allow_revalidate = True
_allow_autobegin = True

    def __init__(
        self,
        engine: Engine,
        connection: Optional[PoolProxiedConnection] = None,
        _has_events: Optional[bool] = None,
        _allow_revalidate: bool = True,
        _allow_autobegin: bool = True,
    ):
        """Construct a new Connection."""
        self.engine = engine
        self.dialect = dialect = engine.dialect
    
        if connection is None:
            try:
>               self._dbapi_connection = engine.raw_connection()
                                         ^^^^^^^^^^^^^^^^^^^^^^^

C:\Users\RMOHINDR\AppData\Local\Programs\Python\Python311\Lib\site-packages\sqlalchemy\engine\base.py:143: 
_ _ _ _ _ _ _ _ _ _ _ _ _ _ _ _ _ _ _ _ _ _ _ _ _ _ _ _ _ _ _ _ _ _ _ _ _ _ _ _

self = Engine(postgresql://transportation:***@localhost:5432/postgres)

    def raw_connection(self) -> PoolProxiedConnection:
        """Return a "raw" DBAPI connection from the connection pool.
    
        The returned object is a proxied version of the DBAPI
        connection object used by the underlying driver in use.
        The object will have all the same behavior as the real DBAPI
        connection, except that its ``close()`` method will result in the
        connection being returned to the pool, rather than being closed
        for real.
    
        This method provides direct DBAPI connection access for
        special situations when the API provided by
        :class:`_engine.Connection`
        is not needed.   When a :class:`_engine.Connection` object is already
        present, the DBAPI connection is available using
        the :attr:`_engine.Connection.connection` accessor.
    
        .. seealso::
    
            :ref:`dbapi_connections`
    
        """
>       return self.pool.connect()
               ^^^^^^^^^^^^^^^^^^^

C:\Users\RMOHINDR\AppData\Local\Programs\Python\Python311\Lib\site-packages\sqlalchemy\engine\base.py:3317: 
_ _ _ _ _ _ _ _ _ _ _ _ _ _ _ _ _ _ _ _ _ _ _ _ _ _ _ _ _ _ _ _ _ _ _ _ _ _ _ _

self = <sqlalchemy.pool.impl.QueuePool object at 0x000001CEFAB7F450>

    def connect(self) -> PoolProxiedConnection:
        """Return a DBAPI connection from the pool.
    
        The connection is instrumented such that when its
        ``close()`` method is called, the connection will be returned to
        the pool.
    
        """
>       return _ConnectionFairy._checkout(self)
               ^^^^^^^^^^^^^^^^^^^^^^^^^^^^^^^^

C:\Users\RMOHINDR\AppData\Local\Programs\Python\Python311\Lib\site-packages\sqlalchemy\pool\base.py:448: 
_ _ _ _ _ _ _ _ _ _ _ _ _ _ _ _ _ _ _ _ _ _ _ _ _ _ _ _ _ _ _ _ _ _ _ _ _ _ _ _

cls = <class 'sqlalchemy.pool.base._ConnectionFairy'>
pool = <sqlalchemy.pool.impl.QueuePool object at 0x000001CEFAB7F450>
threadconns = None, fairy = None

    @classmethod
    def _checkout(
        cls,
        pool: Pool,
        threadconns: Optional[threading.local] = None,
        fairy: Optional[_ConnectionFairy] = None,
    ) -> _ConnectionFairy:
        if not fairy:
>           fairy = _ConnectionRecord.checkout(pool)
                    ^^^^^^^^^^^^^^^^^^^^^^^^^^^^^^^^

C:\Users\RMOHINDR\AppData\Local\Programs\Python\Python311\Lib\site-packages\sqlalchemy\pool\base.py:1272: 
_ _ _ _ _ _ _ _ _ _ _ _ _ _ _ _ _ _ _ _ _ _ _ _ _ _ _ _ _ _ _ _ _ _ _ _ _ _ _ _

cls = <class 'sqlalchemy.pool.base._ConnectionRecord'>
pool = <sqlalchemy.pool.impl.QueuePool object at 0x000001CEFAB7F450>

    @classmethod
    def checkout(cls, pool: Pool) -> _ConnectionFairy:
        if TYPE_CHECKING:
            rec = cast(_ConnectionRecord, pool._do_get())
        else:
>           rec = pool._do_get()
                  ^^^^^^^^^^^^^^

C:\Users\RMOHINDR\AppData\Local\Programs\Python\Python311\Lib\site-packages\sqlalchemy\pool\base.py:712: 
_ _ _ _ _ _ _ _ _ _ _ _ _ _ _ _ _ _ _ _ _ _ _ _ _ _ _ _ _ _ _ _ _ _ _ _ _ _ _ _

self = <sqlalchemy.pool.impl.QueuePool object at 0x000001CEFAB7F450>

    def _do_get(self) -> ConnectionPoolEntry:
        use_overflow = self._max_overflow > -1
    
        wait = use_overflow and self._overflow >= self._max_overflow
        try:
            return self._pool.get(wait, self._timeout)
        except sqla_queue.Empty:
            # don't do things inside of "except Empty", because when we say
            # we timed out or can't connect and raise, Python 3 tells
            # people the real error is queue.Empty which it isn't.
            pass
        if use_overflow and self._overflow >= self._max_overflow:
            if not wait:
                return self._do_get()
            else:
                raise exc.TimeoutError(
                    "QueuePool limit of size %d overflow %d reached, "
                    "connection timed out, timeout %0.2f"
                    % (self.size(), self.overflow(), self._timeout),
                    code="3o7r",
                )
    
        if self._inc_overflow():
            try:
                return self._create_connection()
            except:
>               with util.safe_reraise():

C:\Users\RMOHINDR\AppData\Local\Programs\Python\Python311\Lib\site-packages\sqlalchemy\pool\impl.py:177: 
_ _ _ _ _ _ _ _ _ _ _ _ _ _ _ _ _ _ _ _ _ _ _ _ _ _ _ _ _ _ _ _ _ _ _ _ _ _ _ _

self = <sqlalchemy.util.langhelpers.safe_reraise object at 0x000001CEFAB43E50>
type_ = None, value = None, traceback = None

    def __exit__(
        self,
        type_: Optional[Type[BaseException]],
        value: Optional[BaseException],
        traceback: Optional[types.TracebackType],
    ) -> NoReturn:
        assert self._exc_info is not None
        # see #2703 for notes
        if type_ is None:
            exc_type, exc_value, exc_tb = self._exc_info
            assert exc_value is not None
            self._exc_info = None  # remove potential circular references
>           raise exc_value.with_traceback(exc_tb)

C:\Users\RMOHINDR\AppData\Local\Programs\Python\Python311\Lib\site-packages\sqlalchemy\util\langhelpers.py:121: 
_ _ _ _ _ _ _ _ _ _ _ _ _ _ _ _ _ _ _ _ _ _ _ _ _ _ _ _ _ _ _ _ _ _ _ _ _ _ _ _

self = <sqlalchemy.pool.impl.QueuePool object at 0x000001CEFAB7F450>

    def _do_get(self) -> ConnectionPoolEntry:
        use_overflow = self._max_overflow > -1
    
        wait = use_overflow and self._overflow >= self._max_overflow
        try:
            return self._pool.get(wait, self._timeout)
        except sqla_queue.Empty:
            # don't do things inside of "except Empty", because when we say
            # we timed out or can't connect and raise, Python 3 tells
            # people the real error is queue.Empty which it isn't.
            pass
        if use_overflow and self._overflow >= self._max_overflow:
            if not wait:
                return self._do_get()
            else:
                raise exc.TimeoutError(
                    "QueuePool limit of size %d overflow %d reached, "
                    "connection timed out, timeout %0.2f"
                    % (self.size(), self.overflow(), self._timeout),
                    code="3o7r",
                )
    
        if self._inc_overflow():
            try:
>               return self._create_connection()
                       ^^^^^^^^^^^^^^^^^^^^^^^^^

C:\Users\RMOHINDR\AppData\Local\Programs\Python\Python311\Lib\site-packages\sqlalchemy\pool\impl.py:175: 
_ _ _ _ _ _ _ _ _ _ _ _ _ _ _ _ _ _ _ _ _ _ _ _ _ _ _ _ _ _ _ _ _ _ _ _ _ _ _ _

self = <sqlalchemy.pool.impl.QueuePool object at 0x000001CEFAB7F450>

    def _create_connection(self) -> ConnectionPoolEntry:
        """Called by subclasses to create a new ConnectionRecord."""
    
>       return _ConnectionRecord(self)
               ^^^^^^^^^^^^^^^^^^^^^^^

C:\Users\RMOHINDR\AppData\Local\Programs\Python\Python311\Lib\site-packages\sqlalchemy\pool\base.py:389: 
_ _ _ _ _ _ _ _ _ _ _ _ _ _ _ _ _ _ _ _ _ _ _ _ _ _ _ _ _ _ _ _ _ _ _ _ _ _ _ _

self = <sqlalchemy.pool.base._ConnectionRecord object at 0x000001CEFAB2BE70>
pool = <sqlalchemy.pool.impl.QueuePool object at 0x000001CEFAB7F450>
connect = True

    def __init__(self, pool: Pool, connect: bool = True):
        self.fresh = False
        self.fairy_ref = None
        self.starttime = 0
        self.dbapi_connection = None
    
        self.__pool = pool
        if connect:
>           self.__connect()

C:\Users\RMOHINDR\AppData\Local\Programs\Python\Python311\Lib\site-packages\sqlalchemy\pool\base.py:674: 
_ _ _ _ _ _ _ _ _ _ _ _ _ _ _ _ _ _ _ _ _ _ _ _ _ _ _ _ _ _ _ _ _ _ _ _ _ _ _ _

self = <sqlalchemy.pool.base._ConnectionRecord object at 0x000001CEFAB2BE70>

    def __connect(self) -> None:
        pool = self.__pool
    
        # ensure any existing connection is removed, so that if
        # creator fails, this attribute stays None
        self.dbapi_connection = None
        try:
            self.starttime = time.time()
            self.dbapi_connection = connection = pool._invoke_creator(self)
            pool.logger.debug("Created new connection %r", connection)
            self.fresh = True
        except BaseException as e:
>           with util.safe_reraise():

C:\Users\RMOHINDR\AppData\Local\Programs\Python\Python311\Lib\site-packages\sqlalchemy\pool\base.py:900: 
_ _ _ _ _ _ _ _ _ _ _ _ _ _ _ _ _ _ _ _ _ _ _ _ _ _ _ _ _ _ _ _ _ _ _ _ _ _ _ _

self = <sqlalchemy.util.langhelpers.safe_reraise object at 0x000001CEFAB43D60>
type_ = None, value = None, traceback = None

    def __exit__(
        self,
        type_: Optional[Type[BaseException]],
        value: Optional[BaseException],
        traceback: Optional[types.TracebackType],
    ) -> NoReturn:
        assert self._exc_info is not None
        # see #2703 for notes
        if type_ is None:
            exc_type, exc_value, exc_tb = self._exc_info
            assert exc_value is not None
            self._exc_info = None  # remove potential circular references
>           raise exc_value.with_traceback(exc_tb)

C:\Users\RMOHINDR\AppData\Local\Programs\Python\Python311\Lib\site-packages\sqlalchemy\util\langhelpers.py:121: 
_ _ _ _ _ _ _ _ _ _ _ _ _ _ _ _ _ _ _ _ _ _ _ _ _ _ _ _ _ _ _ _ _ _ _ _ _ _ _ _

self = <sqlalchemy.pool.base._ConnectionRecord object at 0x000001CEFAB2BE70>

    def __connect(self) -> None:
        pool = self.__pool
    
        # ensure any existing connection is removed, so that if
        # creator fails, this attribute stays None
        self.dbapi_connection = None
        try:
            self.starttime = time.time()
>           self.dbapi_connection = connection = pool._invoke_creator(self)
                                                 ^^^^^^^^^^^^^^^^^^^^^^^^^^

C:\Users\RMOHINDR\AppData\Local\Programs\Python\Python311\Lib\site-packages\sqlalchemy\pool\base.py:896: 
_ _ _ _ _ _ _ _ _ _ _ _ _ _ _ _ _ _ _ _ _ _ _ _ _ _ _ _ _ _ _ _ _ _ _ _ _ _ _ _

connection_record = <sqlalchemy.pool.base._ConnectionRecord object at 0x000001CEFAB2BE70>

    def connect(
        connection_record: Optional[ConnectionPoolEntry] = None,
    ) -> DBAPIConnection:
        if dialect._has_events:
            mutable_cargs = list(cargs_tup)
            mutable_cparams = dict(cparams)
            for fn in dialect.dispatch.do_connect:
                connection = cast(
                    DBAPIConnection,
                    fn(
                        dialect,
                        connection_record,
                        mutable_cargs,
                        mutable_cparams,
                    ),
                )
                if connection is not None:
                    return connection
            return dialect.connect(*mutable_cargs, **mutable_cparams)
        else:
>           return dialect.connect(*cargs_tup, **cparams)
                   ^^^^^^^^^^^^^^^^^^^^^^^^^^^^^^^^^^^^^^

C:\Users\RMOHINDR\AppData\Local\Programs\Python\Python311\Lib\site-packages\sqlalchemy\engine\create.py:667: 
_ _ _ _ _ _ _ _ _ _ _ _ _ _ _ _ _ _ _ _ _ _ _ _ _ _ _ _ _ _ _ _ _ _ _ _ _ _ _ _

self = <sqlalchemy.dialects.postgresql.psycopg2.PGDialect_psycopg2 object at 0x000001CEF9852D50>
cargs = ()
cparams = {'dbname': 'postgres', 'host': 'localhost', 'password': 'password', 'port': 5432, ...}

    def connect(self, *cargs: Any, **cparams: Any) -> DBAPIConnection:
        # inherits the docstring from interfaces.Dialect.connect
>       return self.loaded_dbapi.connect(*cargs, **cparams)  # type: ignore[no-any-return]  # NOQA: E501
               ^^^^^^^^^^^^^^^^^^^^^^^^^^^^^^^^^^^^^^^^^^^^

C:\Users\RMOHINDR\AppData\Local\Programs\Python\Python311\Lib\site-packages\sqlalchemy\engine\default.py:630: 
_ _ _ _ _ _ _ _ _ _ _ _ _ _ _ _ _ _ _ _ _ _ _ _ _ _ _ _ _ _ _ _ _ _ _ _ _ _ _ _

dsn = 'host=localhost dbname=postgres user=transportation password=password port=5432'
connection_factory = None, cursor_factory = None
kwargs = {'dbname': 'postgres', 'host': 'localhost', 'password': 'password', 'port': 5432, ...}
kwasync = {}

    def connect(dsn=None, connection_factory=None, cursor_factory=None, **kwargs):
        """
        Create a new database connection.
    
        The connection parameters can be specified as a string:
    
            conn = psycopg2.connect("dbname=test user=postgres password=secret")
    
        or using a set of keyword arguments:
    
            conn = psycopg2.connect(database="test", user="postgres", password="secret")
    
        Or as a mix of both. The basic connection parameters are:
    
        - *dbname*: the database name
        - *database*: the database name (only as keyword argument)
        - *user*: user name used to authenticate
        - *password*: password used to authenticate
        - *host*: database host address (defaults to UNIX socket if not provided)
        - *port*: connection port number (defaults to 5432 if not provided)
    
        Using the *connection_factory* parameter a different class or connections
        factory can be specified. It should be a callable object taking a dsn
        argument.
    
        Using the *cursor_factory* parameter, a new default cursor factory will be
        used by cursor().
    
        Using *async*=True an asynchronous connection will be created. *async_* is
        a valid alias (for Python versions where ``async`` is a keyword).
    
        Any other keyword parameter will be passed to the underlying client
        library: the list of supported parameters depends on the library version.
    
        """
        kwasync = {}
        if 'async' in kwargs:
            kwasync['async'] = kwargs.pop('async')
        if 'async_' in kwargs:
            kwasync['async_'] = kwargs.pop('async_')
    
        dsn = _ext.make_dsn(dsn, **kwargs)
>       conn = _connect(dsn, connection_factory=connection_factory, **kwasync)
               ^^^^^^^^^^^^^^^^^^^^^^^^^^^^^^^^^^^^^^^^^^^^^^^^^^^^^^^^^^^^^^^
E       psycopg2.OperationalError: connection to server at "localhost" (::1), port 5432 failed: Connection refused (0x0000274D/10061)
E       	Is the server running on that host and accepting TCP/IP connections?
E       connection to server at "localhost" (127.0.0.1), port 5432 failed: Connection refused (0x0000274D/10061)
E       	Is the server running on that host and accepting TCP/IP connections?

C:\Users\RMOHINDR\AppData\Local\Programs\Python\Python311\Lib\site-packages\psycopg2\__init__.py:135: OperationalError

The above exception was the direct cause of the following exception:

    @pytest.fixture(scope="session")
    def _test_engine():
        """Create the test database (if needed) and return an engine bound to it.
    
        The database is created once per test session and the full schema is
        applied via ``Base.metadata.create_all``.
        """
        # Connect to the admin database to create the test database.
        admin_engine = create_engine(_PG_ADMIN_URL, isolation_level="AUTOCOMMIT")
>       with admin_engine.connect() as conn:
             ^^^^^^^^^^^^^^^^^^^^^^

apps\backend\tests\conftest.py:69: 
_ _ _ _ _ _ _ _ _ _ _ _ _ _ _ _ _ _ _ _ _ _ _ _ _ _ _ _ _ _ _ _ _ _ _ _ _ _ _ _

self = Engine(postgresql://transportation:***@localhost:5432/postgres)

    def connect(self) -> Connection:
        """Return a new :class:`_engine.Connection` object.
    
        The :class:`_engine.Connection` acts as a Python context manager, so
        the typical use of this method looks like::
    
            with engine.connect() as connection:
                connection.execute(text("insert into table values ('foo')"))
                connection.commit()
    
        Where above, after the block is completed, the connection is "closed"
        and its underlying DBAPI resources are returned to the connection pool.
        This also has the effect of rolling back any transaction that
        was explicitly begun or was begun via autobegin, and will
        emit the :meth:`_events.ConnectionEvents.rollback` event if one was
        started and is still in progress.
    
        .. seealso::
    
            :meth:`_engine.Engine.begin`
    
        """
    
>       return self._connection_cls(self)
               ^^^^^^^^^^^^^^^^^^^^^^^^^^

C:\Users\RMOHINDR\AppData\Local\Programs\Python\Python311\Lib\site-packages\sqlalchemy\engine\base.py:3293: 
_ _ _ _ _ _ _ _ _ _ _ _ _ _ _ _ _ _ _ _ _ _ _ _ _ _ _ _ _ _ _ _ _ _ _ _ _ _ _ _

self = <sqlalchemy.engine.base.Connection object at 0x000001CEFA8A9490>
engine = Engine(postgresql://transportation:***@localhost:5432/postgres)
connection = None, _has_events = None, _allow_revalidate = True
_allow_autobegin = True

    def __init__(
        self,
        engine: Engine,
        connection: Optional[PoolProxiedConnection] = None,
        _has_events: Optional[bool] = None,
        _allow_revalidate: bool = True,
        _allow_autobegin: bool = True,
    ):
        """Construct a new Connection."""
        self.engine = engine
        self.dialect = dialect = engine.dialect
    
        if connection is None:
            try:
                self._dbapi_connection = engine.raw_connection()
            except dialect.loaded_dbapi.Error as err:
>               Connection._handle_dbapi_exception_noconnection(
                    err, dialect, engine
                )

C:\Users\RMOHINDR\AppData\Local\Programs\Python\Python311\Lib\site-packages\sqlalchemy\engine\base.py:145: 
_ _ _ _ _ _ _ _ _ _ _ _ _ _ _ _ _ _ _ _ _ _ _ _ _ _ _ _ _ _ _ _ _ _ _ _ _ _ _ _

cls = <class 'sqlalchemy.engine.base.Connection'>
e = OperationalError('connection to server at "localhost" (::1), port 5432 failed: Connection refused (0x0000274D/10061)\n...iled: Connection refused (0x0000274D/10061)\n\tIs the server running on that host and accepting TCP/IP connections?\n')
dialect = <sqlalchemy.dialects.postgresql.psycopg2.PGDialect_psycopg2 object at 0x000001CEF9852D50>
engine = Engine(postgresql://transportation:***@localhost:5432/postgres)
is_disconnect = False, invalidate_pool_on_disconnect = True, is_pre_ping = False

    @classmethod
    def _handle_dbapi_exception_noconnection(
        cls,
        e: BaseException,
        dialect: Dialect,
        engine: Optional[Engine] = None,
        is_disconnect: Optional[bool] = None,
        invalidate_pool_on_disconnect: bool = True,
        is_pre_ping: bool = False,
    ) -> NoReturn:
        exc_info = sys.exc_info()
    
        if is_disconnect is None:
            is_disconnect = isinstance(
                e, dialect.loaded_dbapi.Error
            ) and dialect.is_disconnect(e, None, None)
    
        should_wrap = isinstance(e, dialect.loaded_dbapi.Error)
    
        if should_wrap:
            sqlalchemy_exception = exc.DBAPIError.instance(
                None,
                None,
                cast(Exception, e),
                dialect.loaded_dbapi.Error,
                hide_parameters=(
                    engine.hide_parameters if engine is not None else False
                ),
                connection_invalidated=is_disconnect,
                dialect=dialect,
            )
        else:
            sqlalchemy_exception = None
    
        newraise = None
    
        if dialect._has_events:
            ctx = ExceptionContextImpl(
                e,
                sqlalchemy_exception,
                engine,
                dialect,
                None,
                None,
                None,
                None,
                None,
                is_disconnect,
                invalidate_pool_on_disconnect,
                is_pre_ping,
            )
            for fn in dialect.dispatch.handle_error:
                try:
                    # handler returns an exception;
                    # call next handler in a chain
                    per_fn = fn(ctx)
                    if per_fn is not None:
                        ctx.chained_exception = newraise = per_fn
                except Exception as _raised:
                    # handler raises an exception - stop processing
                    newraise = _raised
                    break
    
            if sqlalchemy_exception and is_disconnect != ctx.is_disconnect:
                sqlalchemy_exception.connection_invalidated = ctx.is_disconnect
    
        if newraise:
            raise newraise.with_traceback(exc_info[2]) from e
        elif should_wrap:
            assert sqlalchemy_exception is not None
>           raise sqlalchemy_exception.with_traceback(exc_info[2]) from e

C:\Users\RMOHINDR\AppData\Local\Programs\Python\Python311\Lib\site-packages\sqlalchemy\engine\base.py:2448: 
_ _ _ _ _ _ _ _ _ _ _ _ _ _ _ _ _ _ _ _ _ _ _ _ _ _ _ _ _ _ _ _ _ _ _ _ _ _ _ _

self = <sqlalchemy.engine.base.Connection object at 0x000001CEFA8A9490>
engine = Engine(postgresql://transportation:***@localhost:5432/postgres)
connection = None, _has_events = None, _allow_revalidate = True
_allow_autobegin = True

    def __init__(
        self,
        engine: Engine,
        connection: Optional[PoolProxiedConnection] = None,
        _has_events: Optional[bool] = None,
        _allow_revalidate: bool = True,
        _allow_autobegin: bool = True,
    ):
        """Construct a new Connection."""
        self.engine = engine
        self.dialect = dialect = engine.dialect
    
        if connection is None:
            try:
>               self._dbapi_connection = engine.raw_connection()
                                         ^^^^^^^^^^^^^^^^^^^^^^^

C:\Users\RMOHINDR\AppData\Local\Programs\Python\Python311\Lib\site-packages\sqlalchemy\engine\base.py:143: 
_ _ _ _ _ _ _ _ _ _ _ _ _ _ _ _ _ _ _ _ _ _ _ _ _ _ _ _ _ _ _ _ _ _ _ _ _ _ _ _

self = Engine(postgresql://transportation:***@localhost:5432/postgres)

    def raw_connection(self) -> PoolProxiedConnection:
        """Return a "raw" DBAPI connection from the connection pool.
    
        The returned object is a proxied version of the DBAPI
        connection object used by the underlying driver in use.
        The object will have all the same behavior as the real DBAPI
        connection, except that its ``close()`` method will result in the
        connection being returned to the pool, rather than being closed
        for real.
    
        This method provides direct DBAPI connection access for
        special situations when the API provided by
        :class:`_engine.Connection`
        is not needed.   When a :class:`_engine.Connection` object is already
        present, the DBAPI connection is available using
        the :attr:`_engine.Connection.connection` accessor.
    
        .. seealso::
    
            :ref:`dbapi_connections`
    
        """
>       return self.pool.connect()
               ^^^^^^^^^^^^^^^^^^^

C:\Users\RMOHINDR\AppData\Local\Programs\Python\Python311\Lib\site-packages\sqlalchemy\engine\base.py:3317: 
_ _ _ _ _ _ _ _ _ _ _ _ _ _ _ _ _ _ _ _ _ _ _ _ _ _ _ _ _ _ _ _ _ _ _ _ _ _ _ _

self = <sqlalchemy.pool.impl.QueuePool object at 0x000001CEFAB7F450>

    def connect(self) -> PoolProxiedConnection:
        """Return a DBAPI connection from the pool.
    
        The connection is instrumented such that when its
        ``close()`` method is called, the connection will be returned to
        the pool.
    
        """
>       return _ConnectionFairy._checkout(self)
               ^^^^^^^^^^^^^^^^^^^^^^^^^^^^^^^^

C:\Users\RMOHINDR\AppData\Local\Programs\Python\Python311\Lib\site-packages\sqlalchemy\pool\base.py:448: 
_ _ _ _ _ _ _ _ _ _ _ _ _ _ _ _ _ _ _ _ _ _ _ _ _ _ _ _ _ _ _ _ _ _ _ _ _ _ _ _

cls = <class 'sqlalchemy.pool.base._ConnectionFairy'>
pool = <sqlalchemy.pool.impl.QueuePool object at 0x000001CEFAB7F450>
threadconns = None, fairy = None

    @classmethod
    def _checkout(
        cls,
        pool: Pool,
        threadconns: Optional[threading.local] = None,
        fairy: Optional[_ConnectionFairy] = None,
    ) -> _ConnectionFairy:
        if not fairy:
>           fairy = _ConnectionRecord.checkout(pool)
                    ^^^^^^^^^^^^^^^^^^^^^^^^^^^^^^^^

C:\Users\RMOHINDR\AppData\Local\Programs\Python\Python311\Lib\site-packages\sqlalchemy\pool\base.py:1272: 
_ _ _ _ _ _ _ _ _ _ _ _ _ _ _ _ _ _ _ _ _ _ _ _ _ _ _ _ _ _ _ _ _ _ _ _ _ _ _ _

cls = <class 'sqlalchemy.pool.base._ConnectionRecord'>
pool = <sqlalchemy.pool.impl.QueuePool object at 0x000001CEFAB7F450>

    @classmethod
    def checkout(cls, pool: Pool) -> _ConnectionFairy:
        if TYPE_CHECKING:
            rec = cast(_ConnectionRecord, pool._do_get())
        else:
>           rec = pool._do_get()
                  ^^^^^^^^^^^^^^

C:\Users\RMOHINDR\AppData\Local\Programs\Python\Python311\Lib\site-packages\sqlalchemy\pool\base.py:712: 
_ _ _ _ _ _ _ _ _ _ _ _ _ _ _ _ _ _ _ _ _ _ _ _ _ _ _ _ _ _ _ _ _ _ _ _ _ _ _ _

self = <sqlalchemy.pool.impl.QueuePool object at 0x000001CEFAB7F450>

    def _do_get(self) -> ConnectionPoolEntry:
        use_overflow = self._max_overflow > -1
    
        wait = use_overflow and self._overflow >= self._max_overflow
        try:
            return self._pool.get(wait, self._timeout)
        except sqla_queue.Empty:
            # don't do things inside of "except Empty", because when we say
            # we timed out or can't connect and raise, Python 3 tells
            # people the real error is queue.Empty which it isn't.
            pass
        if use_overflow and self._overflow >= self._max_overflow:
            if not wait:
                return self._do_get()
            else:
                raise exc.TimeoutError(
                    "QueuePool limit of size %d overflow %d reached, "
                    "connection timed out, timeout %0.2f"
                    % (self.size(), self.overflow(), self._timeout),
                    code="3o7r",
                )
    
        if self._inc_overflow():
            try:
                return self._create_connection()
            except:
>               with util.safe_reraise():

C:\Users\RMOHINDR\AppData\Local\Programs\Python\Python311\Lib\site-packages\sqlalchemy\pool\impl.py:177: 
_ _ _ _ _ _ _ _ _ _ _ _ _ _ _ _ _ _ _ _ _ _ _ _ _ _ _ _ _ _ _ _ _ _ _ _ _ _ _ _

self = <sqlalchemy.util.langhelpers.safe_reraise object at 0x000001CEFAB43E50>
type_ = None, value = None, traceback = None

    def __exit__(
        self,
        type_: Optional[Type[BaseException]],
        value: Optional[BaseException],
        traceback: Optional[types.TracebackType],
    ) -> NoReturn:
        assert self._exc_info is not None
        # see #2703 for notes
        if type_ is None:
            exc_type, exc_value, exc_tb = self._exc_info
            assert exc_value is not None
            self._exc_info = None  # remove potential circular references
>           raise exc_value.with_traceback(exc_tb)

C:\Users\RMOHINDR\AppData\Local\Programs\Python\Python311\Lib\site-packages\sqlalchemy\util\langhelpers.py:121: 
_ _ _ _ _ _ _ _ _ _ _ _ _ _ _ _ _ _ _ _ _ _ _ _ _ _ _ _ _ _ _ _ _ _ _ _ _ _ _ _

self = <sqlalchemy.pool.impl.QueuePool object at 0x000001CEFAB7F450>

    def _do_get(self) -> ConnectionPoolEntry:
        use_overflow = self._max_overflow > -1
    
        wait = use_overflow and self._overflow >= self._max_overflow
        try:
            return self._pool.get(wait, self._timeout)
        except sqla_queue.Empty:
            # don't do things inside of "except Empty", because when we say
            # we timed out or can't connect and raise, Python 3 tells
            # people the real error is queue.Empty which it isn't.
            pass
        if use_overflow and self._overflow >= self._max_overflow:
            if not wait:
                return self._do_get()
            else:
                raise exc.TimeoutError(
                    "QueuePool limit of size %d overflow %d reached, "
                    "connection timed out, timeout %0.2f"
                    % (self.size(), self.overflow(), self._timeout),
                    code="3o7r",
                )
    
        if self._inc_overflow():
            try:
>               return self._create_connection()
                       ^^^^^^^^^^^^^^^^^^^^^^^^^

C:\Users\RMOHINDR\AppData\Local\Programs\Python\Python311\Lib\site-packages\sqlalchemy\pool\impl.py:175: 
_ _ _ _ _ _ _ _ _ _ _ _ _ _ _ _ _ _ _ _ _ _ _ _ _ _ _ _ _ _ _ _ _ _ _ _ _ _ _ _

self = <sqlalchemy.pool.impl.QueuePool object at 0x000001CEFAB7F450>

    def _create_connection(self) -> ConnectionPoolEntry:
        """Called by subclasses to create a new ConnectionRecord."""
    
>       return _ConnectionRecord(self)
               ^^^^^^^^^^^^^^^^^^^^^^^

C:\Users\RMOHINDR\AppData\Local\Programs\Python\Python311\Lib\site-packages\sqlalchemy\pool\base.py:389: 
_ _ _ _ _ _ _ _ _ _ _ _ _ _ _ _ _ _ _ _ _ _ _ _ _ _ _ _ _ _ _ _ _ _ _ _ _ _ _ _

self = <sqlalchemy.pool.base._ConnectionRecord object at 0x000001CEFAB2BE70>
pool = <sqlalchemy.pool.impl.QueuePool object at 0x000001CEFAB7F450>
connect = True

    def __init__(self, pool: Pool, connect: bool = True):
        self.fresh = False
        self.fairy_ref = None
        self.starttime = 0
        self.dbapi_connection = None
    
        self.__pool = pool
        if connect:
>           self.__connect()

C:\Users\RMOHINDR\AppData\Local\Programs\Python\Python311\Lib\site-packages\sqlalchemy\pool\base.py:674: 
_ _ _ _ _ _ _ _ _ _ _ _ _ _ _ _ _ _ _ _ _ _ _ _ _ _ _ _ _ _ _ _ _ _ _ _ _ _ _ _

self = <sqlalchemy.pool.base._ConnectionRecord object at 0x000001CEFAB2BE70>

    def __connect(self) -> None:
        pool = self.__pool
    
        # ensure any existing connection is removed, so that if
        # creator fails, this attribute stays None
        self.dbapi_connection = None
        try:
            self.starttime = time.time()
            self.dbapi_connection = connection = pool._invoke_creator(self)
            pool.logger.debug("Created new connection %r", connection)
            self.fresh = True
        except BaseException as e:
>           with util.safe_reraise():

C:\Users\RMOHINDR\AppData\Local\Programs\Python\Python311\Lib\site-packages\sqlalchemy\pool\base.py:900: 
_ _ _ _ _ _ _ _ _ _ _ _ _ _ _ _ _ _ _ _ _ _ _ _ _ _ _ _ _ _ _ _ _ _ _ _ _ _ _ _

self = <sqlalchemy.util.langhelpers.safe_reraise object at 0x000001CEFAB43D60>
type_ = None, value = None, traceback = None

    def __exit__(
        self,
        type_: Optional[Type[BaseException]],
        value: Optional[BaseException],
        traceback: Optional[types.TracebackType],
    ) -> NoReturn:
        assert self._exc_info is not None
        # see #2703 for notes
        if type_ is None:
            exc_type, exc_value, exc_tb = self._exc_info
            assert exc_value is not None
            self._exc_info = None  # remove potential circular references
>           raise exc_value.with_traceback(exc_tb)

C:\Users\RMOHINDR\AppData\Local\Programs\Python\Python311\Lib\site-packages\sqlalchemy\util\langhelpers.py:121: 
_ _ _ _ _ _ _ _ _ _ _ _ _ _ _ _ _ _ _ _ _ _ _ _ _ _ _ _ _ _ _ _ _ _ _ _ _ _ _ _

self = <sqlalchemy.pool.base._ConnectionRecord object at 0x000001CEFAB2BE70>

    def __connect(self) -> None:
        pool = self.__pool
    
        # ensure any existing connection is removed, so that if
        # creator fails, this attribute stays None
        self.dbapi_connection = None
        try:
            self.starttime = time.time()
>           self.dbapi_connection = connection = pool._invoke_creator(self)
                                                 ^^^^^^^^^^^^^^^^^^^^^^^^^^

C:\Users\RMOHINDR\AppData\Local\Programs\Python\Python311\Lib\site-packages\sqlalchemy\pool\base.py:896: 
_ _ _ _ _ _ _ _ _ _ _ _ _ _ _ _ _ _ _ _ _ _ _ _ _ _ _ _ _ _ _ _ _ _ _ _ _ _ _ _

connection_record = <sqlalchemy.pool.base._ConnectionRecord object at 0x000001CEFAB2BE70>

    def connect(
        connection_record: Optional[ConnectionPoolEntry] = None,
    ) -> DBAPIConnection:
        if dialect._has_events:
            mutable_cargs = list(cargs_tup)
            mutable_cparams = dict(cparams)
            for fn in dialect.dispatch.do_connect:
                connection = cast(
                    DBAPIConnection,
                    fn(
                        dialect,
                        connection_record,
                        mutable_cargs,
                        mutable_cparams,
                    ),
                )
                if connection is not None:
                    return connection
            return dialect.connect(*mutable_cargs, **mutable_cparams)
        else:
>           return dialect.connect(*cargs_tup, **cparams)
                   ^^^^^^^^^^^^^^^^^^^^^^^^^^^^^^^^^^^^^^

C:\Users\RMOHINDR\AppData\Local\Programs\Python\Python311\Lib\site-packages\sqlalchemy\engine\create.py:667: 
_ _ _ _ _ _ _ _ _ _ _ _ _ _ _ _ _ _ _ _ _ _ _ _ _ _ _ _ _ _ _ _ _ _ _ _ _ _ _ _

self = <sqlalchemy.dialects.postgresql.psycopg2.PGDialect_psycopg2 object at 0x000001CEF9852D50>
cargs = ()
cparams = {'dbname': 'postgres', 'host': 'localhost', 'password': 'password', 'port': 5432, ...}

    def connect(self, *cargs: Any, **cparams: Any) -> DBAPIConnection:
        # inherits the docstring from interfaces.Dialect.connect
>       return self.loaded_dbapi.connect(*cargs, **cparams)  # type: ignore[no-any-return]  # NOQA: E501
               ^^^^^^^^^^^^^^^^^^^^^^^^^^^^^^^^^^^^^^^^^^^^

C:\Users\RMOHINDR\AppData\Local\Programs\Python\Python311\Lib\site-packages\sqlalchemy\engine\default.py:630: 
_ _ _ _ _ _ _ _ _ _ _ _ _ _ _ _ _ _ _ _ _ _ _ _ _ _ _ _ _ _ _ _ _ _ _ _ _ _ _ _

dsn = 'host=localhost dbname=postgres user=transportation password=password port=5432'
connection_factory = None, cursor_factory = None
kwargs = {'dbname': 'postgres', 'host': 'localhost', 'password': 'password', 'port': 5432, ...}
kwasync = {}

    def connect(dsn=None, connection_factory=None, cursor_factory=None, **kwargs):
        """
        Create a new database connection.
    
        The connection parameters can be specified as a string:
    
            conn = psycopg2.connect("dbname=test user=postgres password=secret")
    
        or using a set of keyword arguments:
    
            conn = psycopg2.connect(database="test", user="postgres", password="secret")
    
        Or as a mix of both. The basic connection parameters are:
    
        - *dbname*: the database name
        - *database*: the database name (only as keyword argument)
        - *user*: user name used to authenticate
        - *password*: password used to authenticate
        - *host*: database host address (defaults to UNIX socket if not provided)
        - *port*: connection port number (defaults to 5432 if not provided)
    
        Using the *connection_factory* parameter a different class or connections
        factory can be specified. It should be a callable object taking a dsn
        argument.
    
        Using the *cursor_factory* parameter, a new default cursor factory will be
        used by cursor().
    
        Using *async*=True an asynchronous connection will be created. *async_* is
        a valid alias (for Python versions where ``async`` is a keyword).
    
        Any other keyword parameter will be passed to the underlying client
        library: the list of supported parameters depends on the library version.
    
        """
        kwasync = {}
        if 'async' in kwargs:
            kwasync['async'] = kwargs.pop('async')
        if 'async_' in kwargs:
            kwasync['async_'] = kwargs.pop('async_')
    
        dsn = _ext.make_dsn(dsn, **kwargs)
>       conn = _connect(dsn, connection_factory=connection_factory, **kwasync)
               ^^^^^^^^^^^^^^^^^^^^^^^^^^^^^^^^^^^^^^^^^^^^^^^^^^^^^^^^^^^^^^^
E       sqlalchemy.exc.OperationalError: (psycopg2.OperationalError) connection to server at "localhost" (::1), port 5432 failed: Connection refused (0x0000274D/10061)
E       	Is the server running on that host and accepting TCP/IP connections?
E       connection to server at "localhost" (127.0.0.1), port 5432 failed: Connection refused (0x0000274D/10061)
E       	Is the server running on that host and accepting TCP/IP connections?
E       
E       (Background on this error at: https://sqlalche.me/e/20/e3q8)

C:\Users\RMOHINDR\AppData\Local\Programs\Python\Python311\Lib\site-packages\psycopg2\__init__.py:135: OperationalError
_ ERROR at setup of TestSubmitOwnershipEnforcement.test_tc004_6_reviewer_cannot_submit _

self = <sqlalchemy.engine.base.Connection object at 0x000001CEFA8A9490>
engine = Engine(postgresql://transportation:***@localhost:5432/postgres)
connection = None, _has_events = None, _allow_revalidate = True
_allow_autobegin = True

    def __init__(
        self,
        engine: Engine,
        connection: Optional[PoolProxiedConnection] = None,
        _has_events: Optional[bool] = None,
        _allow_revalidate: bool = True,
        _allow_autobegin: bool = True,
    ):
        """Construct a new Connection."""
        self.engine = engine
        self.dialect = dialect = engine.dialect
    
        if connection is None:
            try:
>               self._dbapi_connection = engine.raw_connection()
                                         ^^^^^^^^^^^^^^^^^^^^^^^

C:\Users\RMOHINDR\AppData\Local\Programs\Python\Python311\Lib\site-packages\sqlalchemy\engine\base.py:143: 
_ _ _ _ _ _ _ _ _ _ _ _ _ _ _ _ _ _ _ _ _ _ _ _ _ _ _ _ _ _ _ _ _ _ _ _ _ _ _ _

self = Engine(postgresql://transportation:***@localhost:5432/postgres)

    def raw_connection(self) -> PoolProxiedConnection:
        """Return a "raw" DBAPI connection from the connection pool.
    
        The returned object is a proxied version of the DBAPI
        connection object used by the underlying driver in use.
        The object will have all the same behavior as the real DBAPI
        connection, except that its ``close()`` method will result in the
        connection being returned to the pool, rather than being closed
        for real.
    
        This method provides direct DBAPI connection access for
        special situations when the API provided by
        :class:`_engine.Connection`
        is not needed.   When a :class:`_engine.Connection` object is already
        present, the DBAPI connection is available using
        the :attr:`_engine.Connection.connection` accessor.
    
        .. seealso::
    
            :ref:`dbapi_connections`
    
        """
>       return self.pool.connect()
               ^^^^^^^^^^^^^^^^^^^

C:\Users\RMOHINDR\AppData\Local\Programs\Python\Python311\Lib\site-packages\sqlalchemy\engine\base.py:3317: 
_ _ _ _ _ _ _ _ _ _ _ _ _ _ _ _ _ _ _ _ _ _ _ _ _ _ _ _ _ _ _ _ _ _ _ _ _ _ _ _

self = <sqlalchemy.pool.impl.QueuePool object at 0x000001CEFAB7F450>

    def connect(self) -> PoolProxiedConnection:
        """Return a DBAPI connection from the pool.
    
        The connection is instrumented such that when its
        ``close()`` method is called, the connection will be returned to
        the pool.
    
        """
>       return _ConnectionFairy._checkout(self)
               ^^^^^^^^^^^^^^^^^^^^^^^^^^^^^^^^

C:\Users\RMOHINDR\AppData\Local\Programs\Python\Python311\Lib\site-packages\sqlalchemy\pool\base.py:448: 
_ _ _ _ _ _ _ _ _ _ _ _ _ _ _ _ _ _ _ _ _ _ _ _ _ _ _ _ _ _ _ _ _ _ _ _ _ _ _ _

cls = <class 'sqlalchemy.pool.base._ConnectionFairy'>
pool = <sqlalchemy.pool.impl.QueuePool object at 0x000001CEFAB7F450>
threadconns = None, fairy = None

    @classmethod
    def _checkout(
        cls,
        pool: Pool,
        threadconns: Optional[threading.local] = None,
        fairy: Optional[_ConnectionFairy] = None,
    ) -> _ConnectionFairy:
        if not fairy:
>           fairy = _ConnectionRecord.checkout(pool)
                    ^^^^^^^^^^^^^^^^^^^^^^^^^^^^^^^^

C:\Users\RMOHINDR\AppData\Local\Programs\Python\Python311\Lib\site-packages\sqlalchemy\pool\base.py:1272: 
_ _ _ _ _ _ _ _ _ _ _ _ _ _ _ _ _ _ _ _ _ _ _ _ _ _ _ _ _ _ _ _ _ _ _ _ _ _ _ _

cls = <class 'sqlalchemy.pool.base._ConnectionRecord'>
pool = <sqlalchemy.pool.impl.QueuePool object at 0x000001CEFAB7F450>

    @classmethod
    def checkout(cls, pool: Pool) -> _ConnectionFairy:
        if TYPE_CHECKING:
            rec = cast(_ConnectionRecord, pool._do_get())
        else:
>           rec = pool._do_get()
                  ^^^^^^^^^^^^^^

C:\Users\RMOHINDR\AppData\Local\Programs\Python\Python311\Lib\site-packages\sqlalchemy\pool\base.py:712: 
_ _ _ _ _ _ _ _ _ _ _ _ _ _ _ _ _ _ _ _ _ _ _ _ _ _ _ _ _ _ _ _ _ _ _ _ _ _ _ _

self = <sqlalchemy.pool.impl.QueuePool object at 0x000001CEFAB7F450>

    def _do_get(self) -> ConnectionPoolEntry:
        use_overflow = self._max_overflow > -1
    
        wait = use_overflow and self._overflow >= self._max_overflow
        try:
            return self._pool.get(wait, self._timeout)
        except sqla_queue.Empty:
            # don't do things inside of "except Empty", because when we say
            # we timed out or can't connect and raise, Python 3 tells
            # people the real error is queue.Empty which it isn't.
            pass
        if use_overflow and self._overflow >= self._max_overflow:
            if not wait:
                return self._do_get()
            else:
                raise exc.TimeoutError(
                    "QueuePool limit of size %d overflow %d reached, "
                    "connection timed out, timeout %0.2f"
                    % (self.size(), self.overflow(), self._timeout),
                    code="3o7r",
                )
    
        if self._inc_overflow():
            try:
                return self._create_connection()
            except:
>               with util.safe_reraise():

C:\Users\RMOHINDR\AppData\Local\Programs\Python\Python311\Lib\site-packages\sqlalchemy\pool\impl.py:177: 
_ _ _ _ _ _ _ _ _ _ _ _ _ _ _ _ _ _ _ _ _ _ _ _ _ _ _ _ _ _ _ _ _ _ _ _ _ _ _ _

self = <sqlalchemy.util.langhelpers.safe_reraise object at 0x000001CEFAB43E50>
type_ = None, value = None, traceback = None

    def __exit__(
        self,
        type_: Optional[Type[BaseException]],
        value: Optional[BaseException],
        traceback: Optional[types.TracebackType],
    ) -> NoReturn:
        assert self._exc_info is not None
        # see #2703 for notes
        if type_ is None:
            exc_type, exc_value, exc_tb = self._exc_info
            assert exc_value is not None
            self._exc_info = None  # remove potential circular references
>           raise exc_value.with_traceback(exc_tb)

C:\Users\RMOHINDR\AppData\Local\Programs\Python\Python311\Lib\site-packages\sqlalchemy\util\langhelpers.py:121: 
_ _ _ _ _ _ _ _ _ _ _ _ _ _ _ _ _ _ _ _ _ _ _ _ _ _ _ _ _ _ _ _ _ _ _ _ _ _ _ _

self = <sqlalchemy.pool.impl.QueuePool object at 0x000001CEFAB7F450>

    def _do_get(self) -> ConnectionPoolEntry:
        use_overflow = self._max_overflow > -1
    
        wait = use_overflow and self._overflow >= self._max_overflow
        try:
            return self._pool.get(wait, self._timeout)
        except sqla_queue.Empty:
            # don't do things inside of "except Empty", because when we say
            # we timed out or can't connect and raise, Python 3 tells
            # people the real error is queue.Empty which it isn't.
            pass
        if use_overflow and self._overflow >= self._max_overflow:
            if not wait:
                return self._do_get()
            else:
                raise exc.TimeoutError(
                    "QueuePool limit of size %d overflow %d reached, "
                    "connection timed out, timeout %0.2f"
                    % (self.size(), self.overflow(), self._timeout),
                    code="3o7r",
                )
    
        if self._inc_overflow():
            try:
>               return self._create_connection()
                       ^^^^^^^^^^^^^^^^^^^^^^^^^

C:\Users\RMOHINDR\AppData\Local\Programs\Python\Python311\Lib\site-packages\sqlalchemy\pool\impl.py:175: 
_ _ _ _ _ _ _ _ _ _ _ _ _ _ _ _ _ _ _ _ _ _ _ _ _ _ _ _ _ _ _ _ _ _ _ _ _ _ _ _

self = <sqlalchemy.pool.impl.QueuePool object at 0x000001CEFAB7F450>

    def _create_connection(self) -> ConnectionPoolEntry:
        """Called by subclasses to create a new ConnectionRecord."""
    
>       return _ConnectionRecord(self)
               ^^^^^^^^^^^^^^^^^^^^^^^

C:\Users\RMOHINDR\AppData\Local\Programs\Python\Python311\Lib\site-packages\sqlalchemy\pool\base.py:389: 
_ _ _ _ _ _ _ _ _ _ _ _ _ _ _ _ _ _ _ _ _ _ _ _ _ _ _ _ _ _ _ _ _ _ _ _ _ _ _ _

self = <sqlalchemy.pool.base._ConnectionRecord object at 0x000001CEFAB2BE70>
pool = <sqlalchemy.pool.impl.QueuePool object at 0x000001CEFAB7F450>
connect = True

    def __init__(self, pool: Pool, connect: bool = True):
        self.fresh = False
        self.fairy_ref = None
        self.starttime = 0
        self.dbapi_connection = None
    
        self.__pool = pool
        if connect:
>           self.__connect()

C:\Users\RMOHINDR\AppData\Local\Programs\Python\Python311\Lib\site-packages\sqlalchemy\pool\base.py:674: 
_ _ _ _ _ _ _ _ _ _ _ _ _ _ _ _ _ _ _ _ _ _ _ _ _ _ _ _ _ _ _ _ _ _ _ _ _ _ _ _

self = <sqlalchemy.pool.base._ConnectionRecord object at 0x000001CEFAB2BE70>

    def __connect(self) -> None:
        pool = self.__pool
    
        # ensure any existing connection is removed, so that if
        # creator fails, this attribute stays None
        self.dbapi_connection = None
        try:
            self.starttime = time.time()
            self.dbapi_connection = connection = pool._invoke_creator(self)
            pool.logger.debug("Created new connection %r", connection)
            self.fresh = True
        except BaseException as e:
>           with util.safe_reraise():

C:\Users\RMOHINDR\AppData\Local\Programs\Python\Python311\Lib\site-packages\sqlalchemy\pool\base.py:900: 
_ _ _ _ _ _ _ _ _ _ _ _ _ _ _ _ _ _ _ _ _ _ _ _ _ _ _ _ _ _ _ _ _ _ _ _ _ _ _ _

self = <sqlalchemy.util.langhelpers.safe_reraise object at 0x000001CEFAB43D60>
type_ = None, value = None, traceback = None

    def __exit__(
        self,
        type_: Optional[Type[BaseException]],
        value: Optional[BaseException],
        traceback: Optional[types.TracebackType],
    ) -> NoReturn:
        assert self._exc_info is not None
        # see #2703 for notes
        if type_ is None:
            exc_type, exc_value, exc_tb = self._exc_info
            assert exc_value is not None
            self._exc_info = None  # remove potential circular references
>           raise exc_value.with_traceback(exc_tb)

C:\Users\RMOHINDR\AppData\Local\Programs\Python\Python311\Lib\site-packages\sqlalchemy\util\langhelpers.py:121: 
_ _ _ _ _ _ _ _ _ _ _ _ _ _ _ _ _ _ _ _ _ _ _ _ _ _ _ _ _ _ _ _ _ _ _ _ _ _ _ _

self = <sqlalchemy.pool.base._ConnectionRecord object at 0x000001CEFAB2BE70>

    def __connect(self) -> None:
        pool = self.__pool
    
        # ensure any existing connection is removed, so that if
        # creator fails, this attribute stays None
        self.dbapi_connection = None
        try:
            self.starttime = time.time()
>           self.dbapi_connection = connection = pool._invoke_creator(self)
                                                 ^^^^^^^^^^^^^^^^^^^^^^^^^^

C:\Users\RMOHINDR\AppData\Local\Programs\Python\Python311\Lib\site-packages\sqlalchemy\pool\base.py:896: 
_ _ _ _ _ _ _ _ _ _ _ _ _ _ _ _ _ _ _ _ _ _ _ _ _ _ _ _ _ _ _ _ _ _ _ _ _ _ _ _

connection_record = <sqlalchemy.pool.base._ConnectionRecord object at 0x000001CEFAB2BE70>

    def connect(
        connection_record: Optional[ConnectionPoolEntry] = None,
    ) -> DBAPIConnection:
        if dialect._has_events:
            mutable_cargs = list(cargs_tup)
            mutable_cparams = dict(cparams)
            for fn in dialect.dispatch.do_connect:
                connection = cast(
                    DBAPIConnection,
                    fn(
                        dialect,
                        connection_record,
                        mutable_cargs,
                        mutable_cparams,
                    ),
                )
                if connection is not None:
                    return connection
            return dialect.connect(*mutable_cargs, **mutable_cparams)
        else:
>           return dialect.connect(*cargs_tup, **cparams)
                   ^^^^^^^^^^^^^^^^^^^^^^^^^^^^^^^^^^^^^^

C:\Users\RMOHINDR\AppData\Local\Programs\Python\Python311\Lib\site-packages\sqlalchemy\engine\create.py:667: 
_ _ _ _ _ _ _ _ _ _ _ _ _ _ _ _ _ _ _ _ _ _ _ _ _ _ _ _ _ _ _ _ _ _ _ _ _ _ _ _

self = <sqlalchemy.dialects.postgresql.psycopg2.PGDialect_psycopg2 object at 0x000001CEF9852D50>
cargs = ()
cparams = {'dbname': 'postgres', 'host': 'localhost', 'password': 'password', 'port': 5432, ...}

    def connect(self, *cargs: Any, **cparams: Any) -> DBAPIConnection:
        # inherits the docstring from interfaces.Dialect.connect
>       return self.loaded_dbapi.connect(*cargs, **cparams)  # type: ignore[no-any-return]  # NOQA: E501
               ^^^^^^^^^^^^^^^^^^^^^^^^^^^^^^^^^^^^^^^^^^^^

C:\Users\RMOHINDR\AppData\Local\Programs\Python\Python311\Lib\site-packages\sqlalchemy\engine\default.py:630: 
_ _ _ _ _ _ _ _ _ _ _ _ _ _ _ _ _ _ _ _ _ _ _ _ _ _ _ _ _ _ _ _ _ _ _ _ _ _ _ _

dsn = 'host=localhost dbname=postgres user=transportation password=password port=5432'
connection_factory = None, cursor_factory = None
kwargs = {'dbname': 'postgres', 'host': 'localhost', 'password': 'password', 'port': 5432, ...}
kwasync = {}

    def connect(dsn=None, connection_factory=None, cursor_factory=None, **kwargs):
        """
        Create a new database connection.
    
        The connection parameters can be specified as a string:
    
            conn = psycopg2.connect("dbname=test user=postgres password=secret")
    
        or using a set of keyword arguments:
    
            conn = psycopg2.connect(database="test", user="postgres", password="secret")
    
        Or as a mix of both. The basic connection parameters are:
    
        - *dbname*: the database name
        - *database*: the database name (only as keyword argument)
        - *user*: user name used to authenticate
        - *password*: password used to authenticate
        - *host*: database host address (defaults to UNIX socket if not provided)
        - *port*: connection port number (defaults to 5432 if not provided)
    
        Using the *connection_factory* parameter a different class or connections
        factory can be specified. It should be a callable object taking a dsn
        argument.
    
        Using the *cursor_factory* parameter, a new default cursor factory will be
        used by cursor().
    
        Using *async*=True an asynchronous connection will be created. *async_* is
        a valid alias (for Python versions where ``async`` is a keyword).
    
        Any other keyword parameter will be passed to the underlying client
        library: the list of supported parameters depends on the library version.
    
        """
        kwasync = {}
        if 'async' in kwargs:
            kwasync['async'] = kwargs.pop('async')
        if 'async_' in kwargs:
            kwasync['async_'] = kwargs.pop('async_')
    
        dsn = _ext.make_dsn(dsn, **kwargs)
>       conn = _connect(dsn, connection_factory=connection_factory, **kwasync)
               ^^^^^^^^^^^^^^^^^^^^^^^^^^^^^^^^^^^^^^^^^^^^^^^^^^^^^^^^^^^^^^^
E       psycopg2.OperationalError: connection to server at "localhost" (::1), port 5432 failed: Connection refused (0x0000274D/10061)
E       	Is the server running on that host and accepting TCP/IP connections?
E       connection to server at "localhost" (127.0.0.1), port 5432 failed: Connection refused (0x0000274D/10061)
E       	Is the server running on that host and accepting TCP/IP connections?

C:\Users\RMOHINDR\AppData\Local\Programs\Python\Python311\Lib\site-packages\psycopg2\__init__.py:135: OperationalError

The above exception was the direct cause of the following exception:

    @pytest.fixture(scope="session")
    def _test_engine():
        """Create the test database (if needed) and return an engine bound to it.
    
        The database is created once per test session and the full schema is
        applied via ``Base.metadata.create_all``.
        """
        # Connect to the admin database to create the test database.
        admin_engine = create_engine(_PG_ADMIN_URL, isolation_level="AUTOCOMMIT")
>       with admin_engine.connect() as conn:
             ^^^^^^^^^^^^^^^^^^^^^^

apps\backend\tests\conftest.py:69: 
_ _ _ _ _ _ _ _ _ _ _ _ _ _ _ _ _ _ _ _ _ _ _ _ _ _ _ _ _ _ _ _ _ _ _ _ _ _ _ _

self = Engine(postgresql://transportation:***@localhost:5432/postgres)

    def connect(self) -> Connection:
        """Return a new :class:`_engine.Connection` object.
    
        The :class:`_engine.Connection` acts as a Python context manager, so
        the typical use of this method looks like::
    
            with engine.connect() as connection:
                connection.execute(text("insert into table values ('foo')"))
                connection.commit()
    
        Where above, after the block is completed, the connection is "closed"
        and its underlying DBAPI resources are returned to the connection pool.
        This also has the effect of rolling back any transaction that
        was explicitly begun or was begun via autobegin, and will
        emit the :meth:`_events.ConnectionEvents.rollback` event if one was
        started and is still in progress.
    
        .. seealso::
    
            :meth:`_engine.Engine.begin`
    
        """
    
>       return self._connection_cls(self)
               ^^^^^^^^^^^^^^^^^^^^^^^^^^

C:\Users\RMOHINDR\AppData\Local\Programs\Python\Python311\Lib\site-packages\sqlalchemy\engine\base.py:3293: 
_ _ _ _ _ _ _ _ _ _ _ _ _ _ _ _ _ _ _ _ _ _ _ _ _ _ _ _ _ _ _ _ _ _ _ _ _ _ _ _

self = <sqlalchemy.engine.base.Connection object at 0x000001CEFA8A9490>
engine = Engine(postgresql://transportation:***@localhost:5432/postgres)
connection = None, _has_events = None, _allow_revalidate = True
_allow_autobegin = True

    def __init__(
        self,
        engine: Engine,
        connection: Optional[PoolProxiedConnection] = None,
        _has_events: Optional[bool] = None,
        _allow_revalidate: bool = True,
        _allow_autobegin: bool = True,
    ):
        """Construct a new Connection."""
        self.engine = engine
        self.dialect = dialect = engine.dialect
    
        if connection is None:
            try:
                self._dbapi_connection = engine.raw_connection()
            except dialect.loaded_dbapi.Error as err:
>               Connection._handle_dbapi_exception_noconnection(
                    err, dialect, engine
                )

C:\Users\RMOHINDR\AppData\Local\Programs\Python\Python311\Lib\site-packages\sqlalchemy\engine\base.py:145: 
_ _ _ _ _ _ _ _ _ _ _ _ _ _ _ _ _ _ _ _ _ _ _ _ _ _ _ _ _ _ _ _ _ _ _ _ _ _ _ _

cls = <class 'sqlalchemy.engine.base.Connection'>
e = OperationalError('connection to server at "localhost" (::1), port 5432 failed: Connection refused (0x0000274D/10061)\n...iled: Connection refused (0x0000274D/10061)\n\tIs the server running on that host and accepting TCP/IP connections?\n')
dialect = <sqlalchemy.dialects.postgresql.psycopg2.PGDialect_psycopg2 object at 0x000001CEF9852D50>
engine = Engine(postgresql://transportation:***@localhost:5432/postgres)
is_disconnect = False, invalidate_pool_on_disconnect = True, is_pre_ping = False

    @classmethod
    def _handle_dbapi_exception_noconnection(
        cls,
        e: BaseException,
        dialect: Dialect,
        engine: Optional[Engine] = None,
        is_disconnect: Optional[bool] = None,
        invalidate_pool_on_disconnect: bool = True,
        is_pre_ping: bool = False,
    ) -> NoReturn:
        exc_info = sys.exc_info()
    
        if is_disconnect is None:
            is_disconnect = isinstance(
                e, dialect.loaded_dbapi.Error
            ) and dialect.is_disconnect(e, None, None)
    
        should_wrap = isinstance(e, dialect.loaded_dbapi.Error)
    
        if should_wrap:
            sqlalchemy_exception = exc.DBAPIError.instance(
                None,
                None,
                cast(Exception, e),
                dialect.loaded_dbapi.Error,
                hide_parameters=(
                    engine.hide_parameters if engine is not None else False
                ),
                connection_invalidated=is_disconnect,
                dialect=dialect,
            )
        else:
            sqlalchemy_exception = None
    
        newraise = None
    
        if dialect._has_events:
            ctx = ExceptionContextImpl(
                e,
                sqlalchemy_exception,
                engine,
                dialect,
                None,
                None,
                None,
                None,
                None,
                is_disconnect,
                invalidate_pool_on_disconnect,
                is_pre_ping,
            )
            for fn in dialect.dispatch.handle_error:
                try:
                    # handler returns an exception;
                    # call next handler in a chain
                    per_fn = fn(ctx)
                    if per_fn is not None:
                        ctx.chained_exception = newraise = per_fn
                except Exception as _raised:
                    # handler raises an exception - stop processing
                    newraise = _raised
                    break
    
            if sqlalchemy_exception and is_disconnect != ctx.is_disconnect:
                sqlalchemy_exception.connection_invalidated = ctx.is_disconnect
    
        if newraise:
            raise newraise.with_traceback(exc_info[2]) from e
        elif should_wrap:
            assert sqlalchemy_exception is not None
>           raise sqlalchemy_exception.with_traceback(exc_info[2]) from e

C:\Users\RMOHINDR\AppData\Local\Programs\Python\Python311\Lib\site-packages\sqlalchemy\engine\base.py:2448: 
_ _ _ _ _ _ _ _ _ _ _ _ _ _ _ _ _ _ _ _ _ _ _ _ _ _ _ _ _ _ _ _ _ _ _ _ _ _ _ _

self = <sqlalchemy.engine.base.Connection object at 0x000001CEFA8A9490>
engine = Engine(postgresql://transportation:***@localhost:5432/postgres)
connection = None, _has_events = None, _allow_revalidate = True
_allow_autobegin = True

    def __init__(
        self,
        engine: Engine,
        connection: Optional[PoolProxiedConnection] = None,
        _has_events: Optional[bool] = None,
        _allow_revalidate: bool = True,
        _allow_autobegin: bool = True,
    ):
        """Construct a new Connection."""
        self.engine = engine
        self.dialect = dialect = engine.dialect
    
        if connection is None:
            try:
>               self._dbapi_connection = engine.raw_connection()
                                         ^^^^^^^^^^^^^^^^^^^^^^^

C:\Users\RMOHINDR\AppData\Local\Programs\Python\Python311\Lib\site-packages\sqlalchemy\engine\base.py:143: 
_ _ _ _ _ _ _ _ _ _ _ _ _ _ _ _ _ _ _ _ _ _ _ _ _ _ _ _ _ _ _ _ _ _ _ _ _ _ _ _

self = Engine(postgresql://transportation:***@localhost:5432/postgres)

    def raw_connection(self) -> PoolProxiedConnection:
        """Return a "raw" DBAPI connection from the connection pool.
    
        The returned object is a proxied version of the DBAPI
        connection object used by the underlying driver in use.
        The object will have all the same behavior as the real DBAPI
        connection, except that its ``close()`` method will result in the
        connection being returned to the pool, rather than being closed
        for real.
    
        This method provides direct DBAPI connection access for
        special situations when the API provided by
        :class:`_engine.Connection`
        is not needed.   When a :class:`_engine.Connection` object is already
        present, the DBAPI connection is available using
        the :attr:`_engine.Connection.connection` accessor.
    
        .. seealso::
    
            :ref:`dbapi_connections`
    
        """
>       return self.pool.connect()
               ^^^^^^^^^^^^^^^^^^^

C:\Users\RMOHINDR\AppData\Local\Programs\Python\Python311\Lib\site-packages\sqlalchemy\engine\base.py:3317: 
_ _ _ _ _ _ _ _ _ _ _ _ _ _ _ _ _ _ _ _ _ _ _ _ _ _ _ _ _ _ _ _ _ _ _ _ _ _ _ _

self = <sqlalchemy.pool.impl.QueuePool object at 0x000001CEFAB7F450>

    def connect(self) -> PoolProxiedConnection:
        """Return a DBAPI connection from the pool.
    
        The connection is instrumented such that when its
        ``close()`` method is called, the connection will be returned to
        the pool.
    
        """
>       return _ConnectionFairy._checkout(self)
               ^^^^^^^^^^^^^^^^^^^^^^^^^^^^^^^^

C:\Users\RMOHINDR\AppData\Local\Programs\Python\Python311\Lib\site-packages\sqlalchemy\pool\base.py:448: 
_ _ _ _ _ _ _ _ _ _ _ _ _ _ _ _ _ _ _ _ _ _ _ _ _ _ _ _ _ _ _ _ _ _ _ _ _ _ _ _

cls = <class 'sqlalchemy.pool.base._ConnectionFairy'>
pool = <sqlalchemy.pool.impl.QueuePool object at 0x000001CEFAB7F450>
threadconns = None, fairy = None

    @classmethod
    def _checkout(
        cls,
        pool: Pool,
        threadconns: Optional[threading.local] = None,
        fairy: Optional[_ConnectionFairy] = None,
    ) -> _ConnectionFairy:
        if not fairy:
>           fairy = _ConnectionRecord.checkout(pool)
                    ^^^^^^^^^^^^^^^^^^^^^^^^^^^^^^^^

C:\Users\RMOHINDR\AppData\Local\Programs\Python\Python311\Lib\site-packages\sqlalchemy\pool\base.py:1272: 
_ _ _ _ _ _ _ _ _ _ _ _ _ _ _ _ _ _ _ _ _ _ _ _ _ _ _ _ _ _ _ _ _ _ _ _ _ _ _ _

cls = <class 'sqlalchemy.pool.base._ConnectionRecord'>
pool = <sqlalchemy.pool.impl.QueuePool object at 0x000001CEFAB7F450>

    @classmethod
    def checkout(cls, pool: Pool) -> _ConnectionFairy:
        if TYPE_CHECKING:
            rec = cast(_ConnectionRecord, pool._do_get())
        else:
>           rec = pool._do_get()
                  ^^^^^^^^^^^^^^

C:\Users\RMOHINDR\AppData\Local\Programs\Python\Python311\Lib\site-packages\sqlalchemy\pool\base.py:712: 
_ _ _ _ _ _ _ _ _ _ _ _ _ _ _ _ _ _ _ _ _ _ _ _ _ _ _ _ _ _ _ _ _ _ _ _ _ _ _ _

self = <sqlalchemy.pool.impl.QueuePool object at 0x000001CEFAB7F450>

    def _do_get(self) -> ConnectionPoolEntry:
        use_overflow = self._max_overflow > -1
    
        wait = use_overflow and self._overflow >= self._max_overflow
        try:
            return self._pool.get(wait, self._timeout)
        except sqla_queue.Empty:
            # don't do things inside of "except Empty", because when we say
            # we timed out or can't connect and raise, Python 3 tells
            # people the real error is queue.Empty which it isn't.
            pass
        if use_overflow and self._overflow >= self._max_overflow:
            if not wait:
                return self._do_get()
            else:
                raise exc.TimeoutError(
                    "QueuePool limit of size %d overflow %d reached, "
                    "connection timed out, timeout %0.2f"
                    % (self.size(), self.overflow(), self._timeout),
                    code="3o7r",
                )
    
        if self._inc_overflow():
            try:
                return self._create_connection()
            except:
>               with util.safe_reraise():

C:\Users\RMOHINDR\AppData\Local\Programs\Python\Python311\Lib\site-packages\sqlalchemy\pool\impl.py:177: 
_ _ _ _ _ _ _ _ _ _ _ _ _ _ _ _ _ _ _ _ _ _ _ _ _ _ _ _ _ _ _ _ _ _ _ _ _ _ _ _

self = <sqlalchemy.util.langhelpers.safe_reraise object at 0x000001CEFAB43E50>
type_ = None, value = None, traceback = None

    def __exit__(
        self,
        type_: Optional[Type[BaseException]],
        value: Optional[BaseException],
        traceback: Optional[types.TracebackType],
    ) -> NoReturn:
        assert self._exc_info is not None
        # see #2703 for notes
        if type_ is None:
            exc_type, exc_value, exc_tb = self._exc_info
            assert exc_value is not None
            self._exc_info = None  # remove potential circular references
>           raise exc_value.with_traceback(exc_tb)

C:\Users\RMOHINDR\AppData\Local\Programs\Python\Python311\Lib\site-packages\sqlalchemy\util\langhelpers.py:121: 
_ _ _ _ _ _ _ _ _ _ _ _ _ _ _ _ _ _ _ _ _ _ _ _ _ _ _ _ _ _ _ _ _ _ _ _ _ _ _ _

self = <sqlalchemy.pool.impl.QueuePool object at 0x000001CEFAB7F450>

    def _do_get(self) -> ConnectionPoolEntry:
        use_overflow = self._max_overflow > -1
    
        wait = use_overflow and self._overflow >= self._max_overflow
        try:
            return self._pool.get(wait, self._timeout)
        except sqla_queue.Empty:
            # don't do things inside of "except Empty", because when we say
            # we timed out or can't connect and raise, Python 3 tells
            # people the real error is queue.Empty which it isn't.
            pass
        if use_overflow and self._overflow >= self._max_overflow:
            if not wait:
                return self._do_get()
            else:
                raise exc.TimeoutError(
                    "QueuePool limit of size %d overflow %d reached, "
                    "connection timed out, timeout %0.2f"
                    % (self.size(), self.overflow(), self._timeout),
                    code="3o7r",
                )
    
        if self._inc_overflow():
            try:
>               return self._create_connection()
                       ^^^^^^^^^^^^^^^^^^^^^^^^^

C:\Users\RMOHINDR\AppData\Local\Programs\Python\Python311\Lib\site-packages\sqlalchemy\pool\impl.py:175: 
_ _ _ _ _ _ _ _ _ _ _ _ _ _ _ _ _ _ _ _ _ _ _ _ _ _ _ _ _ _ _ _ _ _ _ _ _ _ _ _

self = <sqlalchemy.pool.impl.QueuePool object at 0x000001CEFAB7F450>

    def _create_connection(self) -> ConnectionPoolEntry:
        """Called by subclasses to create a new ConnectionRecord."""
    
>       return _ConnectionRecord(self)
               ^^^^^^^^^^^^^^^^^^^^^^^

C:\Users\RMOHINDR\AppData\Local\Programs\Python\Python311\Lib\site-packages\sqlalchemy\pool\base.py:389: 
_ _ _ _ _ _ _ _ _ _ _ _ _ _ _ _ _ _ _ _ _ _ _ _ _ _ _ _ _ _ _ _ _ _ _ _ _ _ _ _

self = <sqlalchemy.pool.base._ConnectionRecord object at 0x000001CEFAB2BE70>
pool = <sqlalchemy.pool.impl.QueuePool object at 0x000001CEFAB7F450>
connect = True

    def __init__(self, pool: Pool, connect: bool = True):
        self.fresh = False
        self.fairy_ref = None
        self.starttime = 0
        self.dbapi_connection = None
    
        self.__pool = pool
        if connect:
>           self.__connect()

C:\Users\RMOHINDR\AppData\Local\Programs\Python\Python311\Lib\site-packages\sqlalchemy\pool\base.py:674: 
_ _ _ _ _ _ _ _ _ _ _ _ _ _ _ _ _ _ _ _ _ _ _ _ _ _ _ _ _ _ _ _ _ _ _ _ _ _ _ _

self = <sqlalchemy.pool.base._ConnectionRecord object at 0x000001CEFAB2BE70>

    def __connect(self) -> None:
        pool = self.__pool
    
        # ensure any existing connection is removed, so that if
        # creator fails, this attribute stays None
        self.dbapi_connection = None
        try:
            self.starttime = time.time()
            self.dbapi_connection = connection = pool._invoke_creator(self)
            pool.logger.debug("Created new connection %r", connection)
            self.fresh = True
        except BaseException as e:
>           with util.safe_reraise():

C:\Users\RMOHINDR\AppData\Local\Programs\Python\Python311\Lib\site-packages\sqlalchemy\pool\base.py:900: 
_ _ _ _ _ _ _ _ _ _ _ _ _ _ _ _ _ _ _ _ _ _ _ _ _ _ _ _ _ _ _ _ _ _ _ _ _ _ _ _

self = <sqlalchemy.util.langhelpers.safe_reraise object at 0x000001CEFAB43D60>
type_ = None, value = None, traceback = None

    def __exit__(
        self,
        type_: Optional[Type[BaseException]],
        value: Optional[BaseException],
        traceback: Optional[types.TracebackType],
    ) -> NoReturn:
        assert self._exc_info is not None
        # see #2703 for notes
        if type_ is None:
            exc_type, exc_value, exc_tb = self._exc_info
            assert exc_value is not None
            self._exc_info = None  # remove potential circular references
>           raise exc_value.with_traceback(exc_tb)

C:\Users\RMOHINDR\AppData\Local\Programs\Python\Python311\Lib\site-packages\sqlalchemy\util\langhelpers.py:121: 
_ _ _ _ _ _ _ _ _ _ _ _ _ _ _ _ _ _ _ _ _ _ _ _ _ _ _ _ _ _ _ _ _ _ _ _ _ _ _ _

self = <sqlalchemy.pool.base._ConnectionRecord object at 0x000001CEFAB2BE70>

    def __connect(self) -> None:
        pool = self.__pool
    
        # ensure any existing connection is removed, so that if
        # creator fails, this attribute stays None
        self.dbapi_connection = None
        try:
            self.starttime = time.time()
>           self.dbapi_connection = connection = pool._invoke_creator(self)
                                                 ^^^^^^^^^^^^^^^^^^^^^^^^^^

C:\Users\RMOHINDR\AppData\Local\Programs\Python\Python311\Lib\site-packages\sqlalchemy\pool\base.py:896: 
_ _ _ _ _ _ _ _ _ _ _ _ _ _ _ _ _ _ _ _ _ _ _ _ _ _ _ _ _ _ _ _ _ _ _ _ _ _ _ _

connection_record = <sqlalchemy.pool.base._ConnectionRecord object at 0x000001CEFAB2BE70>

    def connect(
        connection_record: Optional[ConnectionPoolEntry] = None,
    ) -> DBAPIConnection:
        if dialect._has_events:
            mutable_cargs = list(cargs_tup)
            mutable_cparams = dict(cparams)
            for fn in dialect.dispatch.do_connect:
                connection = cast(
                    DBAPIConnection,
                    fn(
                        dialect,
                        connection_record,
                        mutable_cargs,
                        mutable_cparams,
                    ),
                )
                if connection is not None:
                    return connection
            return dialect.connect(*mutable_cargs, **mutable_cparams)
        else:
>           return dialect.connect(*cargs_tup, **cparams)
                   ^^^^^^^^^^^^^^^^^^^^^^^^^^^^^^^^^^^^^^

C:\Users\RMOHINDR\AppData\Local\Programs\Python\Python311\Lib\site-packages\sqlalchemy\engine\create.py:667: 
_ _ _ _ _ _ _ _ _ _ _ _ _ _ _ _ _ _ _ _ _ _ _ _ _ _ _ _ _ _ _ _ _ _ _ _ _ _ _ _

self = <sqlalchemy.dialects.postgresql.psycopg2.PGDialect_psycopg2 object at 0x000001CEF9852D50>
cargs = ()
cparams = {'dbname': 'postgres', 'host': 'localhost', 'password': 'password', 'port': 5432, ...}

    def connect(self, *cargs: Any, **cparams: Any) -> DBAPIConnection:
        # inherits the docstring from interfaces.Dialect.connect
>       return self.loaded_dbapi.connect(*cargs, **cparams)  # type: ignore[no-any-return]  # NOQA: E501
               ^^^^^^^^^^^^^^^^^^^^^^^^^^^^^^^^^^^^^^^^^^^^

C:\Users\RMOHINDR\AppData\Local\Programs\Python\Python311\Lib\site-packages\sqlalchemy\engine\default.py:630: 
_ _ _ _ _ _ _ _ _ _ _ _ _ _ _ _ _ _ _ _ _ _ _ _ _ _ _ _ _ _ _ _ _ _ _ _ _ _ _ _

dsn = 'host=localhost dbname=postgres user=transportation password=password port=5432'
connection_factory = None, cursor_factory = None
kwargs = {'dbname': 'postgres', 'host': 'localhost', 'password': 'password', 'port': 5432, ...}
kwasync = {}

    def connect(dsn=None, connection_factory=None, cursor_factory=None, **kwargs):
        """
        Create a new database connection.
    
        The connection parameters can be specified as a string:
    
            conn = psycopg2.connect("dbname=test user=postgres password=secret")
    
        or using a set of keyword arguments:
    
            conn = psycopg2.connect(database="test", user="postgres", password="secret")
    
        Or as a mix of both. The basic connection parameters are:
    
        - *dbname*: the database name
        - *database*: the database name (only as keyword argument)
        - *user*: user name used to authenticate
        - *password*: password used to authenticate
        - *host*: database host address (defaults to UNIX socket if not provided)
        - *port*: connection port number (defaults to 5432 if not provided)
    
        Using the *connection_factory* parameter a different class or connections
        factory can be specified. It should be a callable object taking a dsn
        argument.
    
        Using the *cursor_factory* parameter, a new default cursor factory will be
        used by cursor().
    
        Using *async*=True an asynchronous connection will be created. *async_* is
        a valid alias (for Python versions where ``async`` is a keyword).
    
        Any other keyword parameter will be passed to the underlying client
        library: the list of supported parameters depends on the library version.
    
        """
        kwasync = {}
        if 'async' in kwargs:
            kwasync['async'] = kwargs.pop('async')
        if 'async_' in kwargs:
            kwasync['async_'] = kwargs.pop('async_')
    
        dsn = _ext.make_dsn(dsn, **kwargs)
>       conn = _connect(dsn, connection_factory=connection_factory, **kwasync)
               ^^^^^^^^^^^^^^^^^^^^^^^^^^^^^^^^^^^^^^^^^^^^^^^^^^^^^^^^^^^^^^^
E       sqlalchemy.exc.OperationalError: (psycopg2.OperationalError) connection to server at "localhost" (::1), port 5432 failed: Connection refused (0x0000274D/10061)
E       	Is the server running on that host and accepting TCP/IP connections?
E       connection to server at "localhost" (127.0.0.1), port 5432 failed: Connection refused (0x0000274D/10061)
E       	Is the server running on that host and accepting TCP/IP connections?
E       
E       (Background on this error at: https://sqlalche.me/e/20/e3q8)

C:\Users\RMOHINDR\AppData\Local\Programs\Python\Python311\Lib\site-packages\psycopg2\__init__.py:135: OperationalError
_ ERROR at setup of TestSubmitOwnershipEnforcement.test_tc004_7_staff_viewer_cannot_submit _

self = <sqlalchemy.engine.base.Connection object at 0x000001CEFA8A9490>
engine = Engine(postgresql://transportation:***@localhost:5432/postgres)
connection = None, _has_events = None, _allow_revalidate = True
_allow_autobegin = True

    def __init__(
        self,
        engine: Engine,
        connection: Optional[PoolProxiedConnection] = None,
        _has_events: Optional[bool] = None,
        _allow_revalidate: bool = True,
        _allow_autobegin: bool = True,
    ):
        """Construct a new Connection."""
        self.engine = engine
        self.dialect = dialect = engine.dialect
    
        if connection is None:
            try:
>               self._dbapi_connection = engine.raw_connection()
                                         ^^^^^^^^^^^^^^^^^^^^^^^

C:\Users\RMOHINDR\AppData\Local\Programs\Python\Python311\Lib\site-packages\sqlalchemy\engine\base.py:143: 
_ _ _ _ _ _ _ _ _ _ _ _ _ _ _ _ _ _ _ _ _ _ _ _ _ _ _ _ _ _ _ _ _ _ _ _ _ _ _ _

self = Engine(postgresql://transportation:***@localhost:5432/postgres)

    def raw_connection(self) -> PoolProxiedConnection:
        """Return a "raw" DBAPI connection from the connection pool.
    
        The returned object is a proxied version of the DBAPI
        connection object used by the underlying driver in use.
        The object will have all the same behavior as the real DBAPI
        connection, except that its ``close()`` method will result in the
        connection being returned to the pool, rather than being closed
        for real.
    
        This method provides direct DBAPI connection access for
        special situations when the API provided by
        :class:`_engine.Connection`
        is not needed.   When a :class:`_engine.Connection` object is already
        present, the DBAPI connection is available using
        the :attr:`_engine.Connection.connection` accessor.
    
        .. seealso::
    
            :ref:`dbapi_connections`
    
        """
>       return self.pool.connect()
               ^^^^^^^^^^^^^^^^^^^

C:\Users\RMOHINDR\AppData\Local\Programs\Python\Python311\Lib\site-packages\sqlalchemy\engine\base.py:3317: 
_ _ _ _ _ _ _ _ _ _ _ _ _ _ _ _ _ _ _ _ _ _ _ _ _ _ _ _ _ _ _ _ _ _ _ _ _ _ _ _

self = <sqlalchemy.pool.impl.QueuePool object at 0x000001CEFAB7F450>

    def connect(self) -> PoolProxiedConnection:
        """Return a DBAPI connection from the pool.
    
        The connection is instrumented such that when its
        ``close()`` method is called, the connection will be returned to
        the pool.
    
        """
>       return _ConnectionFairy._checkout(self)
               ^^^^^^^^^^^^^^^^^^^^^^^^^^^^^^^^

C:\Users\RMOHINDR\AppData\Local\Programs\Python\Python311\Lib\site-packages\sqlalchemy\pool\base.py:448: 
_ _ _ _ _ _ _ _ _ _ _ _ _ _ _ _ _ _ _ _ _ _ _ _ _ _ _ _ _ _ _ _ _ _ _ _ _ _ _ _

cls = <class 'sqlalchemy.pool.base._ConnectionFairy'>
pool = <sqlalchemy.pool.impl.QueuePool object at 0x000001CEFAB7F450>
threadconns = None, fairy = None

    @classmethod
    def _checkout(
        cls,
        pool: Pool,
        threadconns: Optional[threading.local] = None,
        fairy: Optional[_ConnectionFairy] = None,
    ) -> _ConnectionFairy:
        if not fairy:
>           fairy = _ConnectionRecord.checkout(pool)
                    ^^^^^^^^^^^^^^^^^^^^^^^^^^^^^^^^

C:\Users\RMOHINDR\AppData\Local\Programs\Python\Python311\Lib\site-packages\sqlalchemy\pool\base.py:1272: 
_ _ _ _ _ _ _ _ _ _ _ _ _ _ _ _ _ _ _ _ _ _ _ _ _ _ _ _ _ _ _ _ _ _ _ _ _ _ _ _

cls = <class 'sqlalchemy.pool.base._ConnectionRecord'>
pool = <sqlalchemy.pool.impl.QueuePool object at 0x000001CEFAB7F450>

    @classmethod
    def checkout(cls, pool: Pool) -> _ConnectionFairy:
        if TYPE_CHECKING:
            rec = cast(_ConnectionRecord, pool._do_get())
        else:
>           rec = pool._do_get()
                  ^^^^^^^^^^^^^^

C:\Users\RMOHINDR\AppData\Local\Programs\Python\Python311\Lib\site-packages\sqlalchemy\pool\base.py:712: 
_ _ _ _ _ _ _ _ _ _ _ _ _ _ _ _ _ _ _ _ _ _ _ _ _ _ _ _ _ _ _ _ _ _ _ _ _ _ _ _

self = <sqlalchemy.pool.impl.QueuePool object at 0x000001CEFAB7F450>

    def _do_get(self) -> ConnectionPoolEntry:
        use_overflow = self._max_overflow > -1
    
        wait = use_overflow and self._overflow >= self._max_overflow
        try:
            return self._pool.get(wait, self._timeout)
        except sqla_queue.Empty:
            # don't do things inside of "except Empty", because when we say
            # we timed out or can't connect and raise, Python 3 tells
            # people the real error is queue.Empty which it isn't.
            pass
        if use_overflow and self._overflow >= self._max_overflow:
            if not wait:
                return self._do_get()
            else:
                raise exc.TimeoutError(
                    "QueuePool limit of size %d overflow %d reached, "
                    "connection timed out, timeout %0.2f"
                    % (self.size(), self.overflow(), self._timeout),
                    code="3o7r",
                )
    
        if self._inc_overflow():
            try:
                return self._create_connection()
            except:
>               with util.safe_reraise():

C:\Users\RMOHINDR\AppData\Local\Programs\Python\Python311\Lib\site-packages\sqlalchemy\pool\impl.py:177: 
_ _ _ _ _ _ _ _ _ _ _ _ _ _ _ _ _ _ _ _ _ _ _ _ _ _ _ _ _ _ _ _ _ _ _ _ _ _ _ _

self = <sqlalchemy.util.langhelpers.safe_reraise object at 0x000001CEFAB43E50>
type_ = None, value = None, traceback = None

    def __exit__(
        self,
        type_: Optional[Type[BaseException]],
        value: Optional[BaseException],
        traceback: Optional[types.TracebackType],
    ) -> NoReturn:
        assert self._exc_info is not None
        # see #2703 for notes
        if type_ is None:
            exc_type, exc_value, exc_tb = self._exc_info
            assert exc_value is not None
            self._exc_info = None  # remove potential circular references
>           raise exc_value.with_traceback(exc_tb)

C:\Users\RMOHINDR\AppData\Local\Programs\Python\Python311\Lib\site-packages\sqlalchemy\util\langhelpers.py:121: 
_ _ _ _ _ _ _ _ _ _ _ _ _ _ _ _ _ _ _ _ _ _ _ _ _ _ _ _ _ _ _ _ _ _ _ _ _ _ _ _

self = <sqlalchemy.pool.impl.QueuePool object at 0x000001CEFAB7F450>

    def _do_get(self) -> ConnectionPoolEntry:
        use_overflow = self._max_overflow > -1
    
        wait = use_overflow and self._overflow >= self._max_overflow
        try:
            return self._pool.get(wait, self._timeout)
        except sqla_queue.Empty:
            # don't do things inside of "except Empty", because when we say
            # we timed out or can't connect and raise, Python 3 tells
            # people the real error is queue.Empty which it isn't.
            pass
        if use_overflow and self._overflow >= self._max_overflow:
            if not wait:
                return self._do_get()
            else:
                raise exc.TimeoutError(
                    "QueuePool limit of size %d overflow %d reached, "
                    "connection timed out, timeout %0.2f"
                    % (self.size(), self.overflow(), self._timeout),
                    code="3o7r",
                )
    
        if self._inc_overflow():
            try:
>               return self._create_connection()
                       ^^^^^^^^^^^^^^^^^^^^^^^^^

C:\Users\RMOHINDR\AppData\Local\Programs\Python\Python311\Lib\site-packages\sqlalchemy\pool\impl.py:175: 
_ _ _ _ _ _ _ _ _ _ _ _ _ _ _ _ _ _ _ _ _ _ _ _ _ _ _ _ _ _ _ _ _ _ _ _ _ _ _ _

self = <sqlalchemy.pool.impl.QueuePool object at 0x000001CEFAB7F450>

    def _create_connection(self) -> ConnectionPoolEntry:
        """Called by subclasses to create a new ConnectionRecord."""
    
>       return _ConnectionRecord(self)
               ^^^^^^^^^^^^^^^^^^^^^^^

C:\Users\RMOHINDR\AppData\Local\Programs\Python\Python311\Lib\site-packages\sqlalchemy\pool\base.py:389: 
_ _ _ _ _ _ _ _ _ _ _ _ _ _ _ _ _ _ _ _ _ _ _ _ _ _ _ _ _ _ _ _ _ _ _ _ _ _ _ _

self = <sqlalchemy.pool.base._ConnectionRecord object at 0x000001CEFAB2BE70>
pool = <sqlalchemy.pool.impl.QueuePool object at 0x000001CEFAB7F450>
connect = True

    def __init__(self, pool: Pool, connect: bool = True):
        self.fresh = False
        self.fairy_ref = None
        self.starttime = 0
        self.dbapi_connection = None
    
        self.__pool = pool
        if connect:
>           self.__connect()

C:\Users\RMOHINDR\AppData\Local\Programs\Python\Python311\Lib\site-packages\sqlalchemy\pool\base.py:674: 
_ _ _ _ _ _ _ _ _ _ _ _ _ _ _ _ _ _ _ _ _ _ _ _ _ _ _ _ _ _ _ _ _ _ _ _ _ _ _ _

self = <sqlalchemy.pool.base._ConnectionRecord object at 0x000001CEFAB2BE70>

    def __connect(self) -> None:
        pool = self.__pool
    
        # ensure any existing connection is removed, so that if
        # creator fails, this attribute stays None
        self.dbapi_connection = None
        try:
            self.starttime = time.time()
            self.dbapi_connection = connection = pool._invoke_creator(self)
            pool.logger.debug("Created new connection %r", connection)
            self.fresh = True
        except BaseException as e:
>           with util.safe_reraise():

C:\Users\RMOHINDR\AppData\Local\Programs\Python\Python311\Lib\site-packages\sqlalchemy\pool\base.py:900: 
_ _ _ _ _ _ _ _ _ _ _ _ _ _ _ _ _ _ _ _ _ _ _ _ _ _ _ _ _ _ _ _ _ _ _ _ _ _ _ _

self = <sqlalchemy.util.langhelpers.safe_reraise object at 0x000001CEFAB43D60>
type_ = None, value = None, traceback = None

    def __exit__(
        self,
        type_: Optional[Type[BaseException]],
        value: Optional[BaseException],
        traceback: Optional[types.TracebackType],
    ) -> NoReturn:
        assert self._exc_info is not None
        # see #2703 for notes
        if type_ is None:
            exc_type, exc_value, exc_tb = self._exc_info
            assert exc_value is not None
            self._exc_info = None  # remove potential circular references
>           raise exc_value.with_traceback(exc_tb)

C:\Users\RMOHINDR\AppData\Local\Programs\Python\Python311\Lib\site-packages\sqlalchemy\util\langhelpers.py:121: 
_ _ _ _ _ _ _ _ _ _ _ _ _ _ _ _ _ _ _ _ _ _ _ _ _ _ _ _ _ _ _ _ _ _ _ _ _ _ _ _

self = <sqlalchemy.pool.base._ConnectionRecord object at 0x000001CEFAB2BE70>

    def __connect(self) -> None:
        pool = self.__pool
    
        # ensure any existing connection is removed, so that if
        # creator fails, this attribute stays None
        self.dbapi_connection = None
        try:
            self.starttime = time.time()
>           self.dbapi_connection = connection = pool._invoke_creator(self)
                                                 ^^^^^^^^^^^^^^^^^^^^^^^^^^

C:\Users\RMOHINDR\AppData\Local\Programs\Python\Python311\Lib\site-packages\sqlalchemy\pool\base.py:896: 
_ _ _ _ _ _ _ _ _ _ _ _ _ _ _ _ _ _ _ _ _ _ _ _ _ _ _ _ _ _ _ _ _ _ _ _ _ _ _ _

connection_record = <sqlalchemy.pool.base._ConnectionRecord object at 0x000001CEFAB2BE70>

    def connect(
        connection_record: Optional[ConnectionPoolEntry] = None,
    ) -> DBAPIConnection:
        if dialect._has_events:
            mutable_cargs = list(cargs_tup)
            mutable_cparams = dict(cparams)
            for fn in dialect.dispatch.do_connect:
                connection = cast(
                    DBAPIConnection,
                    fn(
                        dialect,
                        connection_record,
                        mutable_cargs,
                        mutable_cparams,
                    ),
                )
                if connection is not None:
                    return connection
            return dialect.connect(*mutable_cargs, **mutable_cparams)
        else:
>           return dialect.connect(*cargs_tup, **cparams)
                   ^^^^^^^^^^^^^^^^^^^^^^^^^^^^^^^^^^^^^^

C:\Users\RMOHINDR\AppData\Local\Programs\Python\Python311\Lib\site-packages\sqlalchemy\engine\create.py:667: 
_ _ _ _ _ _ _ _ _ _ _ _ _ _ _ _ _ _ _ _ _ _ _ _ _ _ _ _ _ _ _ _ _ _ _ _ _ _ _ _

self = <sqlalchemy.dialects.postgresql.psycopg2.PGDialect_psycopg2 object at 0x000001CEF9852D50>
cargs = ()
cparams = {'dbname': 'postgres', 'host': 'localhost', 'password': 'password', 'port': 5432, ...}

    def connect(self, *cargs: Any, **cparams: Any) -> DBAPIConnection:
        # inherits the docstring from interfaces.Dialect.connect
>       return self.loaded_dbapi.connect(*cargs, **cparams)  # type: ignore[no-any-return]  # NOQA: E501
               ^^^^^^^^^^^^^^^^^^^^^^^^^^^^^^^^^^^^^^^^^^^^

C:\Users\RMOHINDR\AppData\Local\Programs\Python\Python311\Lib\site-packages\sqlalchemy\engine\default.py:630: 
_ _ _ _ _ _ _ _ _ _ _ _ _ _ _ _ _ _ _ _ _ _ _ _ _ _ _ _ _ _ _ _ _ _ _ _ _ _ _ _

dsn = 'host=localhost dbname=postgres user=transportation password=password port=5432'
connection_factory = None, cursor_factory = None
kwargs = {'dbname': 'postgres', 'host': 'localhost', 'password': 'password', 'port': 5432, ...}
kwasync = {}

    def connect(dsn=None, connection_factory=None, cursor_factory=None, **kwargs):
        """
        Create a new database connection.
    
        The connection parameters can be specified as a string:
    
            conn = psycopg2.connect("dbname=test user=postgres password=secret")
    
        or using a set of keyword arguments:
    
            conn = psycopg2.connect(database="test", user="postgres", password="secret")
    
        Or as a mix of both. The basic connection parameters are:
    
        - *dbname*: the database name
        - *database*: the database name (only as keyword argument)
        - *user*: user name used to authenticate
        - *password*: password used to authenticate
        - *host*: database host address (defaults to UNIX socket if not provided)
        - *port*: connection port number (defaults to 5432 if not provided)
    
        Using the *connection_factory* parameter a different class or connections
        factory can be specified. It should be a callable object taking a dsn
        argument.
    
        Using the *cursor_factory* parameter, a new default cursor factory will be
        used by cursor().
    
        Using *async*=True an asynchronous connection will be created. *async_* is
        a valid alias (for Python versions where ``async`` is a keyword).
    
        Any other keyword parameter will be passed to the underlying client
        library: the list of supported parameters depends on the library version.
    
        """
        kwasync = {}
        if 'async' in kwargs:
            kwasync['async'] = kwargs.pop('async')
        if 'async_' in kwargs:
            kwasync['async_'] = kwargs.pop('async_')
    
        dsn = _ext.make_dsn(dsn, **kwargs)
>       conn = _connect(dsn, connection_factory=connection_factory, **kwasync)
               ^^^^^^^^^^^^^^^^^^^^^^^^^^^^^^^^^^^^^^^^^^^^^^^^^^^^^^^^^^^^^^^
E       psycopg2.OperationalError: connection to server at "localhost" (::1), port 5432 failed: Connection refused (0x0000274D/10061)
E       	Is the server running on that host and accepting TCP/IP connections?
E       connection to server at "localhost" (127.0.0.1), port 5432 failed: Connection refused (0x0000274D/10061)
E       	Is the server running on that host and accepting TCP/IP connections?

C:\Users\RMOHINDR\AppData\Local\Programs\Python\Python311\Lib\site-packages\psycopg2\__init__.py:135: OperationalError

The above exception was the direct cause of the following exception:

    @pytest.fixture(scope="session")
    def _test_engine():
        """Create the test database (if needed) and return an engine bound to it.
    
        The database is created once per test session and the full schema is
        applied via ``Base.metadata.create_all``.
        """
        # Connect to the admin database to create the test database.
        admin_engine = create_engine(_PG_ADMIN_URL, isolation_level="AUTOCOMMIT")
>       with admin_engine.connect() as conn:
             ^^^^^^^^^^^^^^^^^^^^^^

apps\backend\tests\conftest.py:69: 
_ _ _ _ _ _ _ _ _ _ _ _ _ _ _ _ _ _ _ _ _ _ _ _ _ _ _ _ _ _ _ _ _ _ _ _ _ _ _ _

self = Engine(postgresql://transportation:***@localhost:5432/postgres)

    def connect(self) -> Connection:
        """Return a new :class:`_engine.Connection` object.
    
        The :class:`_engine.Connection` acts as a Python context manager, so
        the typical use of this method looks like::
    
            with engine.connect() as connection:
                connection.execute(text("insert into table values ('foo')"))
                connection.commit()
    
        Where above, after the block is completed, the connection is "closed"
        and its underlying DBAPI resources are returned to the connection pool.
        This also has the effect of rolling back any transaction that
        was explicitly begun or was begun via autobegin, and will
        emit the :meth:`_events.ConnectionEvents.rollback` event if one was
        started and is still in progress.
    
        .. seealso::
    
            :meth:`_engine.Engine.begin`
    
        """
    
>       return self._connection_cls(self)
               ^^^^^^^^^^^^^^^^^^^^^^^^^^

C:\Users\RMOHINDR\AppData\Local\Programs\Python\Python311\Lib\site-packages\sqlalchemy\engine\base.py:3293: 
_ _ _ _ _ _ _ _ _ _ _ _ _ _ _ _ _ _ _ _ _ _ _ _ _ _ _ _ _ _ _ _ _ _ _ _ _ _ _ _

self = <sqlalchemy.engine.base.Connection object at 0x000001CEFA8A9490>
engine = Engine(postgresql://transportation:***@localhost:5432/postgres)
connection = None, _has_events = None, _allow_revalidate = True
_allow_autobegin = True

    def __init__(
        self,
        engine: Engine,
        connection: Optional[PoolProxiedConnection] = None,
        _has_events: Optional[bool] = None,
        _allow_revalidate: bool = True,
        _allow_autobegin: bool = True,
    ):
        """Construct a new Connection."""
        self.engine = engine
        self.dialect = dialect = engine.dialect
    
        if connection is None:
            try:
                self._dbapi_connection = engine.raw_connection()
            except dialect.loaded_dbapi.Error as err:
>               Connection._handle_dbapi_exception_noconnection(
                    err, dialect, engine
                )

C:\Users\RMOHINDR\AppData\Local\Programs\Python\Python311\Lib\site-packages\sqlalchemy\engine\base.py:145: 
_ _ _ _ _ _ _ _ _ _ _ _ _ _ _ _ _ _ _ _ _ _ _ _ _ _ _ _ _ _ _ _ _ _ _ _ _ _ _ _

cls = <class 'sqlalchemy.engine.base.Connection'>
e = OperationalError('connection to server at "localhost" (::1), port 5432 failed: Connection refused (0x0000274D/10061)\n...iled: Connection refused (0x0000274D/10061)\n\tIs the server running on that host and accepting TCP/IP connections?\n')
dialect = <sqlalchemy.dialects.postgresql.psycopg2.PGDialect_psycopg2 object at 0x000001CEF9852D50>
engine = Engine(postgresql://transportation:***@localhost:5432/postgres)
is_disconnect = False, invalidate_pool_on_disconnect = True, is_pre_ping = False

    @classmethod
    def _handle_dbapi_exception_noconnection(
        cls,
        e: BaseException,
        dialect: Dialect,
        engine: Optional[Engine] = None,
        is_disconnect: Optional[bool] = None,
        invalidate_pool_on_disconnect: bool = True,
        is_pre_ping: bool = False,
    ) -> NoReturn:
        exc_info = sys.exc_info()
    
        if is_disconnect is None:
            is_disconnect = isinstance(
                e, dialect.loaded_dbapi.Error
            ) and dialect.is_disconnect(e, None, None)
    
        should_wrap = isinstance(e, dialect.loaded_dbapi.Error)
    
        if should_wrap:
            sqlalchemy_exception = exc.DBAPIError.instance(
                None,
                None,
                cast(Exception, e),
                dialect.loaded_dbapi.Error,
                hide_parameters=(
                    engine.hide_parameters if engine is not None else False
                ),
                connection_invalidated=is_disconnect,
                dialect=dialect,
            )
        else:
            sqlalchemy_exception = None
    
        newraise = None
    
        if dialect._has_events:
            ctx = ExceptionContextImpl(
                e,
                sqlalchemy_exception,
                engine,
                dialect,
                None,
                None,
                None,
                None,
                None,
                is_disconnect,
                invalidate_pool_on_disconnect,
                is_pre_ping,
            )
            for fn in dialect.dispatch.handle_error:
                try:
                    # handler returns an exception;
                    # call next handler in a chain
                    per_fn = fn(ctx)
                    if per_fn is not None:
                        ctx.chained_exception = newraise = per_fn
                except Exception as _raised:
                    # handler raises an exception - stop processing
                    newraise = _raised
                    break
    
            if sqlalchemy_exception and is_disconnect != ctx.is_disconnect:
                sqlalchemy_exception.connection_invalidated = ctx.is_disconnect
    
        if newraise:
            raise newraise.with_traceback(exc_info[2]) from e
        elif should_wrap:
            assert sqlalchemy_exception is not None
>           raise sqlalchemy_exception.with_traceback(exc_info[2]) from e

C:\Users\RMOHINDR\AppData\Local\Programs\Python\Python311\Lib\site-packages\sqlalchemy\engine\base.py:2448: 
_ _ _ _ _ _ _ _ _ _ _ _ _ _ _ _ _ _ _ _ _ _ _ _ _ _ _ _ _ _ _ _ _ _ _ _ _ _ _ _

self = <sqlalchemy.engine.base.Connection object at 0x000001CEFA8A9490>
engine = Engine(postgresql://transportation:***@localhost:5432/postgres)
connection = None, _has_events = None, _allow_revalidate = True
_allow_autobegin = True

    def __init__(
        self,
        engine: Engine,
        connection: Optional[PoolProxiedConnection] = None,
        _has_events: Optional[bool] = None,
        _allow_revalidate: bool = True,
        _allow_autobegin: bool = True,
    ):
        """Construct a new Connection."""
        self.engine = engine
        self.dialect = dialect = engine.dialect
    
        if connection is None:
            try:
>               self._dbapi_connection = engine.raw_connection()
                                         ^^^^^^^^^^^^^^^^^^^^^^^

C:\Users\RMOHINDR\AppData\Local\Programs\Python\Python311\Lib\site-packages\sqlalchemy\engine\base.py:143: 
_ _ _ _ _ _ _ _ _ _ _ _ _ _ _ _ _ _ _ _ _ _ _ _ _ _ _ _ _ _ _ _ _ _ _ _ _ _ _ _

self = Engine(postgresql://transportation:***@localhost:5432/postgres)

    def raw_connection(self) -> PoolProxiedConnection:
        """Return a "raw" DBAPI connection from the connection pool.
    
        The returned object is a proxied version of the DBAPI
        connection object used by the underlying driver in use.
        The object will have all the same behavior as the real DBAPI
        connection, except that its ``close()`` method will result in the
        connection being returned to the pool, rather than being closed
        for real.
    
        This method provides direct DBAPI connection access for
        special situations when the API provided by
        :class:`_engine.Connection`
        is not needed.   When a :class:`_engine.Connection` object is already
        present, the DBAPI connection is available using
        the :attr:`_engine.Connection.connection` accessor.
    
        .. seealso::
    
            :ref:`dbapi_connections`
    
        """
>       return self.pool.connect()
               ^^^^^^^^^^^^^^^^^^^

C:\Users\RMOHINDR\AppData\Local\Programs\Python\Python311\Lib\site-packages\sqlalchemy\engine\base.py:3317: 
_ _ _ _ _ _ _ _ _ _ _ _ _ _ _ _ _ _ _ _ _ _ _ _ _ _ _ _ _ _ _ _ _ _ _ _ _ _ _ _

self = <sqlalchemy.pool.impl.QueuePool object at 0x000001CEFAB7F450>

    def connect(self) -> PoolProxiedConnection:
        """Return a DBAPI connection from the pool.
    
        The connection is instrumented such that when its
        ``close()`` method is called, the connection will be returned to
        the pool.
    
        """
>       return _ConnectionFairy._checkout(self)
               ^^^^^^^^^^^^^^^^^^^^^^^^^^^^^^^^

C:\Users\RMOHINDR\AppData\Local\Programs\Python\Python311\Lib\site-packages\sqlalchemy\pool\base.py:448: 
_ _ _ _ _ _ _ _ _ _ _ _ _ _ _ _ _ _ _ _ _ _ _ _ _ _ _ _ _ _ _ _ _ _ _ _ _ _ _ _

cls = <class 'sqlalchemy.pool.base._ConnectionFairy'>
pool = <sqlalchemy.pool.impl.QueuePool object at 0x000001CEFAB7F450>
threadconns = None, fairy = None

    @classmethod
    def _checkout(
        cls,
        pool: Pool,
        threadconns: Optional[threading.local] = None,
        fairy: Optional[_ConnectionFairy] = None,
    ) -> _ConnectionFairy:
        if not fairy:
>           fairy = _ConnectionRecord.checkout(pool)
                    ^^^^^^^^^^^^^^^^^^^^^^^^^^^^^^^^

C:\Users\RMOHINDR\AppData\Local\Programs\Python\Python311\Lib\site-packages\sqlalchemy\pool\base.py:1272: 
_ _ _ _ _ _ _ _ _ _ _ _ _ _ _ _ _ _ _ _ _ _ _ _ _ _ _ _ _ _ _ _ _ _ _ _ _ _ _ _

cls = <class 'sqlalchemy.pool.base._ConnectionRecord'>
pool = <sqlalchemy.pool.impl.QueuePool object at 0x000001CEFAB7F450>

    @classmethod
    def checkout(cls, pool: Pool) -> _ConnectionFairy:
        if TYPE_CHECKING:
            rec = cast(_ConnectionRecord, pool._do_get())
        else:
>           rec = pool._do_get()
                  ^^^^^^^^^^^^^^

C:\Users\RMOHINDR\AppData\Local\Programs\Python\Python311\Lib\site-packages\sqlalchemy\pool\base.py:712: 
_ _ _ _ _ _ _ _ _ _ _ _ _ _ _ _ _ _ _ _ _ _ _ _ _ _ _ _ _ _ _ _ _ _ _ _ _ _ _ _

self = <sqlalchemy.pool.impl.QueuePool object at 0x000001CEFAB7F450>

    def _do_get(self) -> ConnectionPoolEntry:
        use_overflow = self._max_overflow > -1
    
        wait = use_overflow and self._overflow >= self._max_overflow
        try:
            return self._pool.get(wait, self._timeout)
        except sqla_queue.Empty:
            # don't do things inside of "except Empty", because when we say
            # we timed out or can't connect and raise, Python 3 tells
            # people the real error is queue.Empty which it isn't.
            pass
        if use_overflow and self._overflow >= self._max_overflow:
            if not wait:
                return self._do_get()
            else:
                raise exc.TimeoutError(
                    "QueuePool limit of size %d overflow %d reached, "
                    "connection timed out, timeout %0.2f"
                    % (self.size(), self.overflow(), self._timeout),
                    code="3o7r",
                )
    
        if self._inc_overflow():
            try:
                return self._create_connection()
            except:
>               with util.safe_reraise():

C:\Users\RMOHINDR\AppData\Local\Programs\Python\Python311\Lib\site-packages\sqlalchemy\pool\impl.py:177: 
_ _ _ _ _ _ _ _ _ _ _ _ _ _ _ _ _ _ _ _ _ _ _ _ _ _ _ _ _ _ _ _ _ _ _ _ _ _ _ _

self = <sqlalchemy.util.langhelpers.safe_reraise object at 0x000001CEFAB43E50>
type_ = None, value = None, traceback = None

    def __exit__(
        self,
        type_: Optional[Type[BaseException]],
        value: Optional[BaseException],
        traceback: Optional[types.TracebackType],
    ) -> NoReturn:
        assert self._exc_info is not None
        # see #2703 for notes
        if type_ is None:
            exc_type, exc_value, exc_tb = self._exc_info
            assert exc_value is not None
            self._exc_info = None  # remove potential circular references
>           raise exc_value.with_traceback(exc_tb)

C:\Users\RMOHINDR\AppData\Local\Programs\Python\Python311\Lib\site-packages\sqlalchemy\util\langhelpers.py:121: 
_ _ _ _ _ _ _ _ _ _ _ _ _ _ _ _ _ _ _ _ _ _ _ _ _ _ _ _ _ _ _ _ _ _ _ _ _ _ _ _

self = <sqlalchemy.pool.impl.QueuePool object at 0x000001CEFAB7F450>

    def _do_get(self) -> ConnectionPoolEntry:
        use_overflow = self._max_overflow > -1
    
        wait = use_overflow and self._overflow >= self._max_overflow
        try:
            return self._pool.get(wait, self._timeout)
        except sqla_queue.Empty:
            # don't do things inside of "except Empty", because when we say
            # we timed out or can't connect and raise, Python 3 tells
            # people the real error is queue.Empty which it isn't.
            pass
        if use_overflow and self._overflow >= self._max_overflow:
            if not wait:
                return self._do_get()
            else:
                raise exc.TimeoutError(
                    "QueuePool limit of size %d overflow %d reached, "
                    "connection timed out, timeout %0.2f"
                    % (self.size(), self.overflow(), self._timeout),
                    code="3o7r",
                )
    
        if self._inc_overflow():
            try:
>               return self._create_connection()
                       ^^^^^^^^^^^^^^^^^^^^^^^^^

C:\Users\RMOHINDR\AppData\Local\Programs\Python\Python311\Lib\site-packages\sqlalchemy\pool\impl.py:175: 
_ _ _ _ _ _ _ _ _ _ _ _ _ _ _ _ _ _ _ _ _ _ _ _ _ _ _ _ _ _ _ _ _ _ _ _ _ _ _ _

self = <sqlalchemy.pool.impl.QueuePool object at 0x000001CEFAB7F450>

    def _create_connection(self) -> ConnectionPoolEntry:
        """Called by subclasses to create a new ConnectionRecord."""
    
>       return _ConnectionRecord(self)
               ^^^^^^^^^^^^^^^^^^^^^^^

C:\Users\RMOHINDR\AppData\Local\Programs\Python\Python311\Lib\site-packages\sqlalchemy\pool\base.py:389: 
_ _ _ _ _ _ _ _ _ _ _ _ _ _ _ _ _ _ _ _ _ _ _ _ _ _ _ _ _ _ _ _ _ _ _ _ _ _ _ _

self = <sqlalchemy.pool.base._ConnectionRecord object at 0x000001CEFAB2BE70>
pool = <sqlalchemy.pool.impl.QueuePool object at 0x000001CEFAB7F450>
connect = True

    def __init__(self, pool: Pool, connect: bool = True):
        self.fresh = False
        self.fairy_ref = None
        self.starttime = 0
        self.dbapi_connection = None
    
        self.__pool = pool
        if connect:
>           self.__connect()

C:\Users\RMOHINDR\AppData\Local\Programs\Python\Python311\Lib\site-packages\sqlalchemy\pool\base.py:674: 
_ _ _ _ _ _ _ _ _ _ _ _ _ _ _ _ _ _ _ _ _ _ _ _ _ _ _ _ _ _ _ _ _ _ _ _ _ _ _ _

self = <sqlalchemy.pool.base._ConnectionRecord object at 0x000001CEFAB2BE70>

    def __connect(self) -> None:
        pool = self.__pool
    
        # ensure any existing connection is removed, so that if
        # creator fails, this attribute stays None
        self.dbapi_connection = None
        try:
            self.starttime = time.time()
            self.dbapi_connection = connection = pool._invoke_creator(self)
            pool.logger.debug("Created new connection %r", connection)
            self.fresh = True
        except BaseException as e:
>           with util.safe_reraise():

C:\Users\RMOHINDR\AppData\Local\Programs\Python\Python311\Lib\site-packages\sqlalchemy\pool\base.py:900: 
_ _ _ _ _ _ _ _ _ _ _ _ _ _ _ _ _ _ _ _ _ _ _ _ _ _ _ _ _ _ _ _ _ _ _ _ _ _ _ _

self = <sqlalchemy.util.langhelpers.safe_reraise object at 0x000001CEFAB43D60>
type_ = None, value = None, traceback = None

    def __exit__(
        self,
        type_: Optional[Type[BaseException]],
        value: Optional[BaseException],
        traceback: Optional[types.TracebackType],
    ) -> NoReturn:
        assert self._exc_info is not None
        # see #2703 for notes
        if type_ is None:
            exc_type, exc_value, exc_tb = self._exc_info
            assert exc_value is not None
            self._exc_info = None  # remove potential circular references
>           raise exc_value.with_traceback(exc_tb)

C:\Users\RMOHINDR\AppData\Local\Programs\Python\Python311\Lib\site-packages\sqlalchemy\util\langhelpers.py:121: 
_ _ _ _ _ _ _ _ _ _ _ _ _ _ _ _ _ _ _ _ _ _ _ _ _ _ _ _ _ _ _ _ _ _ _ _ _ _ _ _

self = <sqlalchemy.pool.base._ConnectionRecord object at 0x000001CEFAB2BE70>

    def __connect(self) -> None:
        pool = self.__pool
    
        # ensure any existing connection is removed, so that if
        # creator fails, this attribute stays None
        self.dbapi_connection = None
        try:
            self.starttime = time.time()
>           self.dbapi_connection = connection = pool._invoke_creator(self)
                                                 ^^^^^^^^^^^^^^^^^^^^^^^^^^

C:\Users\RMOHINDR\AppData\Local\Programs\Python\Python311\Lib\site-packages\sqlalchemy\pool\base.py:896: 
_ _ _ _ _ _ _ _ _ _ _ _ _ _ _ _ _ _ _ _ _ _ _ _ _ _ _ _ _ _ _ _ _ _ _ _ _ _ _ _

connection_record = <sqlalchemy.pool.base._ConnectionRecord object at 0x000001CEFAB2BE70>

    def connect(
        connection_record: Optional[ConnectionPoolEntry] = None,
    ) -> DBAPIConnection:
        if dialect._has_events:
            mutable_cargs = list(cargs_tup)
            mutable_cparams = dict(cparams)
            for fn in dialect.dispatch.do_connect:
                connection = cast(
                    DBAPIConnection,
                    fn(
                        dialect,
                        connection_record,
                        mutable_cargs,
                        mutable_cparams,
                    ),
                )
                if connection is not None:
                    return connection
            return dialect.connect(*mutable_cargs, **mutable_cparams)
        else:
>           return dialect.connect(*cargs_tup, **cparams)
                   ^^^^^^^^^^^^^^^^^^^^^^^^^^^^^^^^^^^^^^

C:\Users\RMOHINDR\AppData\Local\Programs\Python\Python311\Lib\site-packages\sqlalchemy\engine\create.py:667: 
_ _ _ _ _ _ _ _ _ _ _ _ _ _ _ _ _ _ _ _ _ _ _ _ _ _ _ _ _ _ _ _ _ _ _ _ _ _ _ _

self = <sqlalchemy.dialects.postgresql.psycopg2.PGDialect_psycopg2 object at 0x000001CEF9852D50>
cargs = ()
cparams = {'dbname': 'postgres', 'host': 'localhost', 'password': 'password', 'port': 5432, ...}

    def connect(self, *cargs: Any, **cparams: Any) -> DBAPIConnection:
        # inherits the docstring from interfaces.Dialect.connect
>       return self.loaded_dbapi.connect(*cargs, **cparams)  # type: ignore[no-any-return]  # NOQA: E501
               ^^^^^^^^^^^^^^^^^^^^^^^^^^^^^^^^^^^^^^^^^^^^

C:\Users\RMOHINDR\AppData\Local\Programs\Python\Python311\Lib\site-packages\sqlalchemy\engine\default.py:630: 
_ _ _ _ _ _ _ _ _ _ _ _ _ _ _ _ _ _ _ _ _ _ _ _ _ _ _ _ _ _ _ _ _ _ _ _ _ _ _ _

dsn = 'host=localhost dbname=postgres user=transportation password=password port=5432'
connection_factory = None, cursor_factory = None
kwargs = {'dbname': 'postgres', 'host': 'localhost', 'password': 'password', 'port': 5432, ...}
kwasync = {}

    def connect(dsn=None, connection_factory=None, cursor_factory=None, **kwargs):
        """
        Create a new database connection.
    
        The connection parameters can be specified as a string:
    
            conn = psycopg2.connect("dbname=test user=postgres password=secret")
    
        or using a set of keyword arguments:
    
            conn = psycopg2.connect(database="test", user="postgres", password="secret")
    
        Or as a mix of both. The basic connection parameters are:
    
        - *dbname*: the database name
        - *database*: the database name (only as keyword argument)
        - *user*: user name used to authenticate
        - *password*: password used to authenticate
        - *host*: database host address (defaults to UNIX socket if not provided)
        - *port*: connection port number (defaults to 5432 if not provided)
    
        Using the *connection_factory* parameter a different class or connections
        factory can be specified. It should be a callable object taking a dsn
        argument.
    
        Using the *cursor_factory* parameter, a new default cursor factory will be
        used by cursor().
    
        Using *async*=True an asynchronous connection will be created. *async_* is
        a valid alias (for Python versions where ``async`` is a keyword).
    
        Any other keyword parameter will be passed to the underlying client
        library: the list of supported parameters depends on the library version.
    
        """
        kwasync = {}
        if 'async' in kwargs:
            kwasync['async'] = kwargs.pop('async')
        if 'async_' in kwargs:
            kwasync['async_'] = kwargs.pop('async_')
    
        dsn = _ext.make_dsn(dsn, **kwargs)
>       conn = _connect(dsn, connection_factory=connection_factory, **kwasync)
               ^^^^^^^^^^^^^^^^^^^^^^^^^^^^^^^^^^^^^^^^^^^^^^^^^^^^^^^^^^^^^^^
E       sqlalchemy.exc.OperationalError: (psycopg2.OperationalError) connection to server at "localhost" (::1), port 5432 failed: Connection refused (0x0000274D/10061)
E       	Is the server running on that host and accepting TCP/IP connections?
E       connection to server at "localhost" (127.0.0.1), port 5432 failed: Connection refused (0x0000274D/10061)
E       	Is the server running on that host and accepting TCP/IP connections?
E       
E       (Background on this error at: https://sqlalche.me/e/20/e3q8)

C:\Users\RMOHINDR\AppData\Local\Programs\Python\Python311\Lib\site-packages\psycopg2\__init__.py:135: OperationalError
_ ERROR at setup of TestReviewerArchivePermission.test_tc005_2_reviewer_can_archive_published_form _

self = <sqlalchemy.engine.base.Connection object at 0x000001CEFA8A9490>
engine = Engine(postgresql://transportation:***@localhost:5432/postgres)
connection = None, _has_events = None, _allow_revalidate = True
_allow_autobegin = True

    def __init__(
        self,
        engine: Engine,
        connection: Optional[PoolProxiedConnection] = None,
        _has_events: Optional[bool] = None,
        _allow_revalidate: bool = True,
        _allow_autobegin: bool = True,
    ):
        """Construct a new Connection."""
        self.engine = engine
        self.dialect = dialect = engine.dialect
    
        if connection is None:
            try:
>               self._dbapi_connection = engine.raw_connection()
                                         ^^^^^^^^^^^^^^^^^^^^^^^

C:\Users\RMOHINDR\AppData\Local\Programs\Python\Python311\Lib\site-packages\sqlalchemy\engine\base.py:143: 
_ _ _ _ _ _ _ _ _ _ _ _ _ _ _ _ _ _ _ _ _ _ _ _ _ _ _ _ _ _ _ _ _ _ _ _ _ _ _ _

self = Engine(postgresql://transportation:***@localhost:5432/postgres)

    def raw_connection(self) -> PoolProxiedConnection:
        """Return a "raw" DBAPI connection from the connection pool.
    
        The returned object is a proxied version of the DBAPI
        connection object used by the underlying driver in use.
        The object will have all the same behavior as the real DBAPI
        connection, except that its ``close()`` method will result in the
        connection being returned to the pool, rather than being closed
        for real.
    
        This method provides direct DBAPI connection access for
        special situations when the API provided by
        :class:`_engine.Connection`
        is not needed.   When a :class:`_engine.Connection` object is already
        present, the DBAPI connection is available using
        the :attr:`_engine.Connection.connection` accessor.
    
        .. seealso::
    
            :ref:`dbapi_connections`
    
        """
>       return self.pool.connect()
               ^^^^^^^^^^^^^^^^^^^

C:\Users\RMOHINDR\AppData\Local\Programs\Python\Python311\Lib\site-packages\sqlalchemy\engine\base.py:3317: 
_ _ _ _ _ _ _ _ _ _ _ _ _ _ _ _ _ _ _ _ _ _ _ _ _ _ _ _ _ _ _ _ _ _ _ _ _ _ _ _

self = <sqlalchemy.pool.impl.QueuePool object at 0x000001CEFAB7F450>

    def connect(self) -> PoolProxiedConnection:
        """Return a DBAPI connection from the pool.
    
        The connection is instrumented such that when its
        ``close()`` method is called, the connection will be returned to
        the pool.
    
        """
>       return _ConnectionFairy._checkout(self)
               ^^^^^^^^^^^^^^^^^^^^^^^^^^^^^^^^

C:\Users\RMOHINDR\AppData\Local\Programs\Python\Python311\Lib\site-packages\sqlalchemy\pool\base.py:448: 
_ _ _ _ _ _ _ _ _ _ _ _ _ _ _ _ _ _ _ _ _ _ _ _ _ _ _ _ _ _ _ _ _ _ _ _ _ _ _ _

cls = <class 'sqlalchemy.pool.base._ConnectionFairy'>
pool = <sqlalchemy.pool.impl.QueuePool object at 0x000001CEFAB7F450>
threadconns = None, fairy = None

    @classmethod
    def _checkout(
        cls,
        pool: Pool,
        threadconns: Optional[threading.local] = None,
        fairy: Optional[_ConnectionFairy] = None,
    ) -> _ConnectionFairy:
        if not fairy:
>           fairy = _ConnectionRecord.checkout(pool)
                    ^^^^^^^^^^^^^^^^^^^^^^^^^^^^^^^^

C:\Users\RMOHINDR\AppData\Local\Programs\Python\Python311\Lib\site-packages\sqlalchemy\pool\base.py:1272: 
_ _ _ _ _ _ _ _ _ _ _ _ _ _ _ _ _ _ _ _ _ _ _ _ _ _ _ _ _ _ _ _ _ _ _ _ _ _ _ _

cls = <class 'sqlalchemy.pool.base._ConnectionRecord'>
pool = <sqlalchemy.pool.impl.QueuePool object at 0x000001CEFAB7F450>

    @classmethod
    def checkout(cls, pool: Pool) -> _ConnectionFairy:
        if TYPE_CHECKING:
            rec = cast(_ConnectionRecord, pool._do_get())
        else:
>           rec = pool._do_get()
                  ^^^^^^^^^^^^^^

C:\Users\RMOHINDR\AppData\Local\Programs\Python\Python311\Lib\site-packages\sqlalchemy\pool\base.py:712: 
_ _ _ _ _ _ _ _ _ _ _ _ _ _ _ _ _ _ _ _ _ _ _ _ _ _ _ _ _ _ _ _ _ _ _ _ _ _ _ _

self = <sqlalchemy.pool.impl.QueuePool object at 0x000001CEFAB7F450>

    def _do_get(self) -> ConnectionPoolEntry:
        use_overflow = self._max_overflow > -1
    
        wait = use_overflow and self._overflow >= self._max_overflow
        try:
            return self._pool.get(wait, self._timeout)
        except sqla_queue.Empty:
            # don't do things inside of "except Empty", because when we say
            # we timed out or can't connect and raise, Python 3 tells
            # people the real error is queue.Empty which it isn't.
            pass
        if use_overflow and self._overflow >= self._max_overflow:
            if not wait:
                return self._do_get()
            else:
                raise exc.TimeoutError(
                    "QueuePool limit of size %d overflow %d reached, "
                    "connection timed out, timeout %0.2f"
                    % (self.size(), self.overflow(), self._timeout),
                    code="3o7r",
                )
    
        if self._inc_overflow():
            try:
                return self._create_connection()
            except:
>               with util.safe_reraise():

C:\Users\RMOHINDR\AppData\Local\Programs\Python\Python311\Lib\site-packages\sqlalchemy\pool\impl.py:177: 
_ _ _ _ _ _ _ _ _ _ _ _ _ _ _ _ _ _ _ _ _ _ _ _ _ _ _ _ _ _ _ _ _ _ _ _ _ _ _ _

self = <sqlalchemy.util.langhelpers.safe_reraise object at 0x000001CEFAB43E50>
type_ = None, value = None, traceback = None

    def __exit__(
        self,
        type_: Optional[Type[BaseException]],
        value: Optional[BaseException],
        traceback: Optional[types.TracebackType],
    ) -> NoReturn:
        assert self._exc_info is not None
        # see #2703 for notes
        if type_ is None:
            exc_type, exc_value, exc_tb = self._exc_info
            assert exc_value is not None
            self._exc_info = None  # remove potential circular references
>           raise exc_value.with_traceback(exc_tb)

C:\Users\RMOHINDR\AppData\Local\Programs\Python\Python311\Lib\site-packages\sqlalchemy\util\langhelpers.py:121: 
_ _ _ _ _ _ _ _ _ _ _ _ _ _ _ _ _ _ _ _ _ _ _ _ _ _ _ _ _ _ _ _ _ _ _ _ _ _ _ _

self = <sqlalchemy.pool.impl.QueuePool object at 0x000001CEFAB7F450>

    def _do_get(self) -> ConnectionPoolEntry:
        use_overflow = self._max_overflow > -1
    
        wait = use_overflow and self._overflow >= self._max_overflow
        try:
            return self._pool.get(wait, self._timeout)
        except sqla_queue.Empty:
            # don't do things inside of "except Empty", because when we say
            # we timed out or can't connect and raise, Python 3 tells
            # people the real error is queue.Empty which it isn't.
            pass
        if use_overflow and self._overflow >= self._max_overflow:
            if not wait:
                return self._do_get()
            else:
                raise exc.TimeoutError(
                    "QueuePool limit of size %d overflow %d reached, "
                    "connection timed out, timeout %0.2f"
                    % (self.size(), self.overflow(), self._timeout),
                    code="3o7r",
                )
    
        if self._inc_overflow():
            try:
>               return self._create_connection()
                       ^^^^^^^^^^^^^^^^^^^^^^^^^

C:\Users\RMOHINDR\AppData\Local\Programs\Python\Python311\Lib\site-packages\sqlalchemy\pool\impl.py:175: 
_ _ _ _ _ _ _ _ _ _ _ _ _ _ _ _ _ _ _ _ _ _ _ _ _ _ _ _ _ _ _ _ _ _ _ _ _ _ _ _

self = <sqlalchemy.pool.impl.QueuePool object at 0x000001CEFAB7F450>

    def _create_connection(self) -> ConnectionPoolEntry:
        """Called by subclasses to create a new ConnectionRecord."""
    
>       return _ConnectionRecord(self)
               ^^^^^^^^^^^^^^^^^^^^^^^

C:\Users\RMOHINDR\AppData\Local\Programs\Python\Python311\Lib\site-packages\sqlalchemy\pool\base.py:389: 
_ _ _ _ _ _ _ _ _ _ _ _ _ _ _ _ _ _ _ _ _ _ _ _ _ _ _ _ _ _ _ _ _ _ _ _ _ _ _ _

self = <sqlalchemy.pool.base._ConnectionRecord object at 0x000001CEFAB2BE70>
pool = <sqlalchemy.pool.impl.QueuePool object at 0x000001CEFAB7F450>
connect = True

    def __init__(self, pool: Pool, connect: bool = True):
        self.fresh = False
        self.fairy_ref = None
        self.starttime = 0
        self.dbapi_connection = None
    
        self.__pool = pool
        if connect:
>           self.__connect()

C:\Users\RMOHINDR\AppData\Local\Programs\Python\Python311\Lib\site-packages\sqlalchemy\pool\base.py:674: 
_ _ _ _ _ _ _ _ _ _ _ _ _ _ _ _ _ _ _ _ _ _ _ _ _ _ _ _ _ _ _ _ _ _ _ _ _ _ _ _

self = <sqlalchemy.pool.base._ConnectionRecord object at 0x000001CEFAB2BE70>

    def __connect(self) -> None:
        pool = self.__pool
    
        # ensure any existing connection is removed, so that if
        # creator fails, this attribute stays None
        self.dbapi_connection = None
        try:
            self.starttime = time.time()
            self.dbapi_connection = connection = pool._invoke_creator(self)
            pool.logger.debug("Created new connection %r", connection)
            self.fresh = True
        except BaseException as e:
>           with util.safe_reraise():

C:\Users\RMOHINDR\AppData\Local\Programs\Python\Python311\Lib\site-packages\sqlalchemy\pool\base.py:900: 
_ _ _ _ _ _ _ _ _ _ _ _ _ _ _ _ _ _ _ _ _ _ _ _ _ _ _ _ _ _ _ _ _ _ _ _ _ _ _ _

self = <sqlalchemy.util.langhelpers.safe_reraise object at 0x000001CEFAB43D60>
type_ = None, value = None, traceback = None

    def __exit__(
        self,
        type_: Optional[Type[BaseException]],
        value: Optional[BaseException],
        traceback: Optional[types.TracebackType],
    ) -> NoReturn:
        assert self._exc_info is not None
        # see #2703 for notes
        if type_ is None:
            exc_type, exc_value, exc_tb = self._exc_info
            assert exc_value is not None
            self._exc_info = None  # remove potential circular references
>           raise exc_value.with_traceback(exc_tb)

C:\Users\RMOHINDR\AppData\Local\Programs\Python\Python311\Lib\site-packages\sqlalchemy\util\langhelpers.py:121: 
_ _ _ _ _ _ _ _ _ _ _ _ _ _ _ _ _ _ _ _ _ _ _ _ _ _ _ _ _ _ _ _ _ _ _ _ _ _ _ _

self = <sqlalchemy.pool.base._ConnectionRecord object at 0x000001CEFAB2BE70>

    def __connect(self) -> None:
        pool = self.__pool
    
        # ensure any existing connection is removed, so that if
        # creator fails, this attribute stays None
        self.dbapi_connection = None
        try:
            self.starttime = time.time()
>           self.dbapi_connection = connection = pool._invoke_creator(self)
                                                 ^^^^^^^^^^^^^^^^^^^^^^^^^^

C:\Users\RMOHINDR\AppData\Local\Programs\Python\Python311\Lib\site-packages\sqlalchemy\pool\base.py:896: 
_ _ _ _ _ _ _ _ _ _ _ _ _ _ _ _ _ _ _ _ _ _ _ _ _ _ _ _ _ _ _ _ _ _ _ _ _ _ _ _

connection_record = <sqlalchemy.pool.base._ConnectionRecord object at 0x000001CEFAB2BE70>

    def connect(
        connection_record: Optional[ConnectionPoolEntry] = None,
    ) -> DBAPIConnection:
        if dialect._has_events:
            mutable_cargs = list(cargs_tup)
            mutable_cparams = dict(cparams)
            for fn in dialect.dispatch.do_connect:
                connection = cast(
                    DBAPIConnection,
                    fn(
                        dialect,
                        connection_record,
                        mutable_cargs,
                        mutable_cparams,
                    ),
                )
                if connection is not None:
                    return connection
            return dialect.connect(*mutable_cargs, **mutable_cparams)
        else:
>           return dialect.connect(*cargs_tup, **cparams)
                   ^^^^^^^^^^^^^^^^^^^^^^^^^^^^^^^^^^^^^^

C:\Users\RMOHINDR\AppData\Local\Programs\Python\Python311\Lib\site-packages\sqlalchemy\engine\create.py:667: 
_ _ _ _ _ _ _ _ _ _ _ _ _ _ _ _ _ _ _ _ _ _ _ _ _ _ _ _ _ _ _ _ _ _ _ _ _ _ _ _

self = <sqlalchemy.dialects.postgresql.psycopg2.PGDialect_psycopg2 object at 0x000001CEF9852D50>
cargs = ()
cparams = {'dbname': 'postgres', 'host': 'localhost', 'password': 'password', 'port': 5432, ...}

    def connect(self, *cargs: Any, **cparams: Any) -> DBAPIConnection:
        # inherits the docstring from interfaces.Dialect.connect
>       return self.loaded_dbapi.connect(*cargs, **cparams)  # type: ignore[no-any-return]  # NOQA: E501
               ^^^^^^^^^^^^^^^^^^^^^^^^^^^^^^^^^^^^^^^^^^^^

C:\Users\RMOHINDR\AppData\Local\Programs\Python\Python311\Lib\site-packages\sqlalchemy\engine\default.py:630: 
_ _ _ _ _ _ _ _ _ _ _ _ _ _ _ _ _ _ _ _ _ _ _ _ _ _ _ _ _ _ _ _ _ _ _ _ _ _ _ _

dsn = 'host=localhost dbname=postgres user=transportation password=password port=5432'
connection_factory = None, cursor_factory = None
kwargs = {'dbname': 'postgres', 'host': 'localhost', 'password': 'password', 'port': 5432, ...}
kwasync = {}

    def connect(dsn=None, connection_factory=None, cursor_factory=None, **kwargs):
        """
        Create a new database connection.
    
        The connection parameters can be specified as a string:
    
            conn = psycopg2.connect("dbname=test user=postgres password=secret")
    
        or using a set of keyword arguments:
    
            conn = psycopg2.connect(database="test", user="postgres", password="secret")
    
        Or as a mix of both. The basic connection parameters are:
    
        - *dbname*: the database name
        - *database*: the database name (only as keyword argument)
        - *user*: user name used to authenticate
        - *password*: password used to authenticate
        - *host*: database host address (defaults to UNIX socket if not provided)
        - *port*: connection port number (defaults to 5432 if not provided)
    
        Using the *connection_factory* parameter a different class or connections
        factory can be specified. It should be a callable object taking a dsn
        argument.
    
        Using the *cursor_factory* parameter, a new default cursor factory will be
        used by cursor().
    
        Using *async*=True an asynchronous connection will be created. *async_* is
        a valid alias (for Python versions where ``async`` is a keyword).
    
        Any other keyword parameter will be passed to the underlying client
        library: the list of supported parameters depends on the library version.
    
        """
        kwasync = {}
        if 'async' in kwargs:
            kwasync['async'] = kwargs.pop('async')
        if 'async_' in kwargs:
            kwasync['async_'] = kwargs.pop('async_')
    
        dsn = _ext.make_dsn(dsn, **kwargs)
>       conn = _connect(dsn, connection_factory=connection_factory, **kwasync)
               ^^^^^^^^^^^^^^^^^^^^^^^^^^^^^^^^^^^^^^^^^^^^^^^^^^^^^^^^^^^^^^^
E       psycopg2.OperationalError: connection to server at "localhost" (::1), port 5432 failed: Connection refused (0x0000274D/10061)
E       	Is the server running on that host and accepting TCP/IP connections?
E       connection to server at "localhost" (127.0.0.1), port 5432 failed: Connection refused (0x0000274D/10061)
E       	Is the server running on that host and accepting TCP/IP connections?

C:\Users\RMOHINDR\AppData\Local\Programs\Python\Python311\Lib\site-packages\psycopg2\__init__.py:135: OperationalError

The above exception was the direct cause of the following exception:

    @pytest.fixture(scope="session")
    def _test_engine():
        """Create the test database (if needed) and return an engine bound to it.
    
        The database is created once per test session and the full schema is
        applied via ``Base.metadata.create_all``.
        """
        # Connect to the admin database to create the test database.
        admin_engine = create_engine(_PG_ADMIN_URL, isolation_level="AUTOCOMMIT")
>       with admin_engine.connect() as conn:
             ^^^^^^^^^^^^^^^^^^^^^^

apps\backend\tests\conftest.py:69: 
_ _ _ _ _ _ _ _ _ _ _ _ _ _ _ _ _ _ _ _ _ _ _ _ _ _ _ _ _ _ _ _ _ _ _ _ _ _ _ _

self = Engine(postgresql://transportation:***@localhost:5432/postgres)

    def connect(self) -> Connection:
        """Return a new :class:`_engine.Connection` object.
    
        The :class:`_engine.Connection` acts as a Python context manager, so
        the typical use of this method looks like::
    
            with engine.connect() as connection:
                connection.execute(text("insert into table values ('foo')"))
                connection.commit()
    
        Where above, after the block is completed, the connection is "closed"
        and its underlying DBAPI resources are returned to the connection pool.
        This also has the effect of rolling back any transaction that
        was explicitly begun or was begun via autobegin, and will
        emit the :meth:`_events.ConnectionEvents.rollback` event if one was
        started and is still in progress.
    
        .. seealso::
    
            :meth:`_engine.Engine.begin`
    
        """
    
>       return self._connection_cls(self)
               ^^^^^^^^^^^^^^^^^^^^^^^^^^

C:\Users\RMOHINDR\AppData\Local\Programs\Python\Python311\Lib\site-packages\sqlalchemy\engine\base.py:3293: 
_ _ _ _ _ _ _ _ _ _ _ _ _ _ _ _ _ _ _ _ _ _ _ _ _ _ _ _ _ _ _ _ _ _ _ _ _ _ _ _

self = <sqlalchemy.engine.base.Connection object at 0x000001CEFA8A9490>
engine = Engine(postgresql://transportation:***@localhost:5432/postgres)
connection = None, _has_events = None, _allow_revalidate = True
_allow_autobegin = True

    def __init__(
        self,
        engine: Engine,
        connection: Optional[PoolProxiedConnection] = None,
        _has_events: Optional[bool] = None,
        _allow_revalidate: bool = True,
        _allow_autobegin: bool = True,
    ):
        """Construct a new Connection."""
        self.engine = engine
        self.dialect = dialect = engine.dialect
    
        if connection is None:
            try:
                self._dbapi_connection = engine.raw_connection()
            except dialect.loaded_dbapi.Error as err:
>               Connection._handle_dbapi_exception_noconnection(
                    err, dialect, engine
                )

C:\Users\RMOHINDR\AppData\Local\Programs\Python\Python311\Lib\site-packages\sqlalchemy\engine\base.py:145: 
_ _ _ _ _ _ _ _ _ _ _ _ _ _ _ _ _ _ _ _ _ _ _ _ _ _ _ _ _ _ _ _ _ _ _ _ _ _ _ _

cls = <class 'sqlalchemy.engine.base.Connection'>
e = OperationalError('connection to server at "localhost" (::1), port 5432 failed: Connection refused (0x0000274D/10061)\n...iled: Connection refused (0x0000274D/10061)\n\tIs the server running on that host and accepting TCP/IP connections?\n')
dialect = <sqlalchemy.dialects.postgresql.psycopg2.PGDialect_psycopg2 object at 0x000001CEF9852D50>
engine = Engine(postgresql://transportation:***@localhost:5432/postgres)
is_disconnect = False, invalidate_pool_on_disconnect = True, is_pre_ping = False

    @classmethod
    def _handle_dbapi_exception_noconnection(
        cls,
        e: BaseException,
        dialect: Dialect,
        engine: Optional[Engine] = None,
        is_disconnect: Optional[bool] = None,
        invalidate_pool_on_disconnect: bool = True,
        is_pre_ping: bool = False,
    ) -> NoReturn:
        exc_info = sys.exc_info()
    
        if is_disconnect is None:
            is_disconnect = isinstance(
                e, dialect.loaded_dbapi.Error
            ) and dialect.is_disconnect(e, None, None)
    
        should_wrap = isinstance(e, dialect.loaded_dbapi.Error)
    
        if should_wrap:
            sqlalchemy_exception = exc.DBAPIError.instance(
                None,
                None,
                cast(Exception, e),
                dialect.loaded_dbapi.Error,
                hide_parameters=(
                    engine.hide_parameters if engine is not None else False
                ),
                connection_invalidated=is_disconnect,
                dialect=dialect,
            )
        else:
            sqlalchemy_exception = None
    
        newraise = None
    
        if dialect._has_events:
            ctx = ExceptionContextImpl(
                e,
                sqlalchemy_exception,
                engine,
                dialect,
                None,
                None,
                None,
                None,
                None,
                is_disconnect,
                invalidate_pool_on_disconnect,
                is_pre_ping,
            )
            for fn in dialect.dispatch.handle_error:
                try:
                    # handler returns an exception;
                    # call next handler in a chain
                    per_fn = fn(ctx)
                    if per_fn is not None:
                        ctx.chained_exception = newraise = per_fn
                except Exception as _raised:
                    # handler raises an exception - stop processing
                    newraise = _raised
                    break
    
            if sqlalchemy_exception and is_disconnect != ctx.is_disconnect:
                sqlalchemy_exception.connection_invalidated = ctx.is_disconnect
    
        if newraise:
            raise newraise.with_traceback(exc_info[2]) from e
        elif should_wrap:
            assert sqlalchemy_exception is not None
>           raise sqlalchemy_exception.with_traceback(exc_info[2]) from e

C:\Users\RMOHINDR\AppData\Local\Programs\Python\Python311\Lib\site-packages\sqlalchemy\engine\base.py:2448: 
_ _ _ _ _ _ _ _ _ _ _ _ _ _ _ _ _ _ _ _ _ _ _ _ _ _ _ _ _ _ _ _ _ _ _ _ _ _ _ _

self = <sqlalchemy.engine.base.Connection object at 0x000001CEFA8A9490>
engine = Engine(postgresql://transportation:***@localhost:5432/postgres)
connection = None, _has_events = None, _allow_revalidate = True
_allow_autobegin = True

    def __init__(
        self,
        engine: Engine,
        connection: Optional[PoolProxiedConnection] = None,
        _has_events: Optional[bool] = None,
        _allow_revalidate: bool = True,
        _allow_autobegin: bool = True,
    ):
        """Construct a new Connection."""
        self.engine = engine
        self.dialect = dialect = engine.dialect
    
        if connection is None:
            try:
>               self._dbapi_connection = engine.raw_connection()
                                         ^^^^^^^^^^^^^^^^^^^^^^^

C:\Users\RMOHINDR\AppData\Local\Programs\Python\Python311\Lib\site-packages\sqlalchemy\engine\base.py:143: 
_ _ _ _ _ _ _ _ _ _ _ _ _ _ _ _ _ _ _ _ _ _ _ _ _ _ _ _ _ _ _ _ _ _ _ _ _ _ _ _

self = Engine(postgresql://transportation:***@localhost:5432/postgres)

    def raw_connection(self) -> PoolProxiedConnection:
        """Return a "raw" DBAPI connection from the connection pool.
    
        The returned object is a proxied version of the DBAPI
        connection object used by the underlying driver in use.
        The object will have all the same behavior as the real DBAPI
        connection, except that its ``close()`` method will result in the
        connection being returned to the pool, rather than being closed
        for real.
    
        This method provides direct DBAPI connection access for
        special situations when the API provided by
        :class:`_engine.Connection`
        is not needed.   When a :class:`_engine.Connection` object is already
        present, the DBAPI connection is available using
        the :attr:`_engine.Connection.connection` accessor.
    
        .. seealso::
    
            :ref:`dbapi_connections`
    
        """
>       return self.pool.connect()
               ^^^^^^^^^^^^^^^^^^^

C:\Users\RMOHINDR\AppData\Local\Programs\Python\Python311\Lib\site-packages\sqlalchemy\engine\base.py:3317: 
_ _ _ _ _ _ _ _ _ _ _ _ _ _ _ _ _ _ _ _ _ _ _ _ _ _ _ _ _ _ _ _ _ _ _ _ _ _ _ _

self = <sqlalchemy.pool.impl.QueuePool object at 0x000001CEFAB7F450>

    def connect(self) -> PoolProxiedConnection:
        """Return a DBAPI connection from the pool.
    
        The connection is instrumented such that when its
        ``close()`` method is called, the connection will be returned to
        the pool.
    
        """
>       return _ConnectionFairy._checkout(self)
               ^^^^^^^^^^^^^^^^^^^^^^^^^^^^^^^^

C:\Users\RMOHINDR\AppData\Local\Programs\Python\Python311\Lib\site-packages\sqlalchemy\pool\base.py:448: 
_ _ _ _ _ _ _ _ _ _ _ _ _ _ _ _ _ _ _ _ _ _ _ _ _ _ _ _ _ _ _ _ _ _ _ _ _ _ _ _

cls = <class 'sqlalchemy.pool.base._ConnectionFairy'>
pool = <sqlalchemy.pool.impl.QueuePool object at 0x000001CEFAB7F450>
threadconns = None, fairy = None

    @classmethod
    def _checkout(
        cls,
        pool: Pool,
        threadconns: Optional[threading.local] = None,
        fairy: Optional[_ConnectionFairy] = None,
    ) -> _ConnectionFairy:
        if not fairy:
>           fairy = _ConnectionRecord.checkout(pool)
                    ^^^^^^^^^^^^^^^^^^^^^^^^^^^^^^^^

C:\Users\RMOHINDR\AppData\Local\Programs\Python\Python311\Lib\site-packages\sqlalchemy\pool\base.py:1272: 
_ _ _ _ _ _ _ _ _ _ _ _ _ _ _ _ _ _ _ _ _ _ _ _ _ _ _ _ _ _ _ _ _ _ _ _ _ _ _ _

cls = <class 'sqlalchemy.pool.base._ConnectionRecord'>
pool = <sqlalchemy.pool.impl.QueuePool object at 0x000001CEFAB7F450>

    @classmethod
    def checkout(cls, pool: Pool) -> _ConnectionFairy:
        if TYPE_CHECKING:
            rec = cast(_ConnectionRecord, pool._do_get())
        else:
>           rec = pool._do_get()
                  ^^^^^^^^^^^^^^

C:\Users\RMOHINDR\AppData\Local\Programs\Python\Python311\Lib\site-packages\sqlalchemy\pool\base.py:712: 
_ _ _ _ _ _ _ _ _ _ _ _ _ _ _ _ _ _ _ _ _ _ _ _ _ _ _ _ _ _ _ _ _ _ _ _ _ _ _ _

self = <sqlalchemy.pool.impl.QueuePool object at 0x000001CEFAB7F450>

    def _do_get(self) -> ConnectionPoolEntry:
        use_overflow = self._max_overflow > -1
    
        wait = use_overflow and self._overflow >= self._max_overflow
        try:
            return self._pool.get(wait, self._timeout)
        except sqla_queue.Empty:
            # don't do things inside of "except Empty", because when we say
            # we timed out or can't connect and raise, Python 3 tells
            # people the real error is queue.Empty which it isn't.
            pass
        if use_overflow and self._overflow >= self._max_overflow:
            if not wait:
                return self._do_get()
            else:
                raise exc.TimeoutError(
                    "QueuePool limit of size %d overflow %d reached, "
                    "connection timed out, timeout %0.2f"
                    % (self.size(), self.overflow(), self._timeout),
                    code="3o7r",
                )
    
        if self._inc_overflow():
            try:
                return self._create_connection()
            except:
>               with util.safe_reraise():

C:\Users\RMOHINDR\AppData\Local\Programs\Python\Python311\Lib\site-packages\sqlalchemy\pool\impl.py:177: 
_ _ _ _ _ _ _ _ _ _ _ _ _ _ _ _ _ _ _ _ _ _ _ _ _ _ _ _ _ _ _ _ _ _ _ _ _ _ _ _

self = <sqlalchemy.util.langhelpers.safe_reraise object at 0x000001CEFAB43E50>
type_ = None, value = None, traceback = None

    def __exit__(
        self,
        type_: Optional[Type[BaseException]],
        value: Optional[BaseException],
        traceback: Optional[types.TracebackType],
    ) -> NoReturn:
        assert self._exc_info is not None
        # see #2703 for notes
        if type_ is None:
            exc_type, exc_value, exc_tb = self._exc_info
            assert exc_value is not None
            self._exc_info = None  # remove potential circular references
>           raise exc_value.with_traceback(exc_tb)

C:\Users\RMOHINDR\AppData\Local\Programs\Python\Python311\Lib\site-packages\sqlalchemy\util\langhelpers.py:121: 
_ _ _ _ _ _ _ _ _ _ _ _ _ _ _ _ _ _ _ _ _ _ _ _ _ _ _ _ _ _ _ _ _ _ _ _ _ _ _ _

self = <sqlalchemy.pool.impl.QueuePool object at 0x000001CEFAB7F450>

    def _do_get(self) -> ConnectionPoolEntry:
        use_overflow = self._max_overflow > -1
    
        wait = use_overflow and self._overflow >= self._max_overflow
        try:
            return self._pool.get(wait, self._timeout)
        except sqla_queue.Empty:
            # don't do things inside of "except Empty", because when we say
            # we timed out or can't connect and raise, Python 3 tells
            # people the real error is queue.Empty which it isn't.
            pass
        if use_overflow and self._overflow >= self._max_overflow:
            if not wait:
                return self._do_get()
            else:
                raise exc.TimeoutError(
                    "QueuePool limit of size %d overflow %d reached, "
                    "connection timed out, timeout %0.2f"
                    % (self.size(), self.overflow(), self._timeout),
                    code="3o7r",
                )
    
        if self._inc_overflow():
            try:
>               return self._create_connection()
                       ^^^^^^^^^^^^^^^^^^^^^^^^^

C:\Users\RMOHINDR\AppData\Local\Programs\Python\Python311\Lib\site-packages\sqlalchemy\pool\impl.py:175: 
_ _ _ _ _ _ _ _ _ _ _ _ _ _ _ _ _ _ _ _ _ _ _ _ _ _ _ _ _ _ _ _ _ _ _ _ _ _ _ _

self = <sqlalchemy.pool.impl.QueuePool object at 0x000001CEFAB7F450>

    def _create_connection(self) -> ConnectionPoolEntry:
        """Called by subclasses to create a new ConnectionRecord."""
    
>       return _ConnectionRecord(self)
               ^^^^^^^^^^^^^^^^^^^^^^^

C:\Users\RMOHINDR\AppData\Local\Programs\Python\Python311\Lib\site-packages\sqlalchemy\pool\base.py:389: 
_ _ _ _ _ _ _ _ _ _ _ _ _ _ _ _ _ _ _ _ _ _ _ _ _ _ _ _ _ _ _ _ _ _ _ _ _ _ _ _

self = <sqlalchemy.pool.base._ConnectionRecord object at 0x000001CEFAB2BE70>
pool = <sqlalchemy.pool.impl.QueuePool object at 0x000001CEFAB7F450>
connect = True

    def __init__(self, pool: Pool, connect: bool = True):
        self.fresh = False
        self.fairy_ref = None
        self.starttime = 0
        self.dbapi_connection = None
    
        self.__pool = pool
        if connect:
>           self.__connect()

C:\Users\RMOHINDR\AppData\Local\Programs\Python\Python311\Lib\site-packages\sqlalchemy\pool\base.py:674: 
_ _ _ _ _ _ _ _ _ _ _ _ _ _ _ _ _ _ _ _ _ _ _ _ _ _ _ _ _ _ _ _ _ _ _ _ _ _ _ _

self = <sqlalchemy.pool.base._ConnectionRecord object at 0x000001CEFAB2BE70>

    def __connect(self) -> None:
        pool = self.__pool
    
        # ensure any existing connection is removed, so that if
        # creator fails, this attribute stays None
        self.dbapi_connection = None
        try:
            self.starttime = time.time()
            self.dbapi_connection = connection = pool._invoke_creator(self)
            pool.logger.debug("Created new connection %r", connection)
            self.fresh = True
        except BaseException as e:
>           with util.safe_reraise():

C:\Users\RMOHINDR\AppData\Local\Programs\Python\Python311\Lib\site-packages\sqlalchemy\pool\base.py:900: 
_ _ _ _ _ _ _ _ _ _ _ _ _ _ _ _ _ _ _ _ _ _ _ _ _ _ _ _ _ _ _ _ _ _ _ _ _ _ _ _

self = <sqlalchemy.util.langhelpers.safe_reraise object at 0x000001CEFAB43D60>
type_ = None, value = None, traceback = None

    def __exit__(
        self,
        type_: Optional[Type[BaseException]],
        value: Optional[BaseException],
        traceback: Optional[types.TracebackType],
    ) -> NoReturn:
        assert self._exc_info is not None
        # see #2703 for notes
        if type_ is None:
            exc_type, exc_value, exc_tb = self._exc_info
            assert exc_value is not None
            self._exc_info = None  # remove potential circular references
>           raise exc_value.with_traceback(exc_tb)

C:\Users\RMOHINDR\AppData\Local\Programs\Python\Python311\Lib\site-packages\sqlalchemy\util\langhelpers.py:121: 
_ _ _ _ _ _ _ _ _ _ _ _ _ _ _ _ _ _ _ _ _ _ _ _ _ _ _ _ _ _ _ _ _ _ _ _ _ _ _ _

self = <sqlalchemy.pool.base._ConnectionRecord object at 0x000001CEFAB2BE70>

    def __connect(self) -> None:
        pool = self.__pool
    
        # ensure any existing connection is removed, so that if
        # creator fails, this attribute stays None
        self.dbapi_connection = None
        try:
            self.starttime = time.time()
>           self.dbapi_connection = connection = pool._invoke_creator(self)
                                                 ^^^^^^^^^^^^^^^^^^^^^^^^^^

C:\Users\RMOHINDR\AppData\Local\Programs\Python\Python311\Lib\site-packages\sqlalchemy\pool\base.py:896: 
_ _ _ _ _ _ _ _ _ _ _ _ _ _ _ _ _ _ _ _ _ _ _ _ _ _ _ _ _ _ _ _ _ _ _ _ _ _ _ _

connection_record = <sqlalchemy.pool.base._ConnectionRecord object at 0x000001CEFAB2BE70>

    def connect(
        connection_record: Optional[ConnectionPoolEntry] = None,
    ) -> DBAPIConnection:
        if dialect._has_events:
            mutable_cargs = list(cargs_tup)
            mutable_cparams = dict(cparams)
            for fn in dialect.dispatch.do_connect:
                connection = cast(
                    DBAPIConnection,
                    fn(
                        dialect,
                        connection_record,
                        mutable_cargs,
                        mutable_cparams,
                    ),
                )
                if connection is not None:
                    return connection
            return dialect.connect(*mutable_cargs, **mutable_cparams)
        else:
>           return dialect.connect(*cargs_tup, **cparams)
                   ^^^^^^^^^^^^^^^^^^^^^^^^^^^^^^^^^^^^^^

C:\Users\RMOHINDR\AppData\Local\Programs\Python\Python311\Lib\site-packages\sqlalchemy\engine\create.py:667: 
_ _ _ _ _ _ _ _ _ _ _ _ _ _ _ _ _ _ _ _ _ _ _ _ _ _ _ _ _ _ _ _ _ _ _ _ _ _ _ _

self = <sqlalchemy.dialects.postgresql.psycopg2.PGDialect_psycopg2 object at 0x000001CEF9852D50>
cargs = ()
cparams = {'dbname': 'postgres', 'host': 'localhost', 'password': 'password', 'port': 5432, ...}

    def connect(self, *cargs: Any, **cparams: Any) -> DBAPIConnection:
        # inherits the docstring from interfaces.Dialect.connect
>       return self.loaded_dbapi.connect(*cargs, **cparams)  # type: ignore[no-any-return]  # NOQA: E501
               ^^^^^^^^^^^^^^^^^^^^^^^^^^^^^^^^^^^^^^^^^^^^

C:\Users\RMOHINDR\AppData\Local\Programs\Python\Python311\Lib\site-packages\sqlalchemy\engine\default.py:630: 
_ _ _ _ _ _ _ _ _ _ _ _ _ _ _ _ _ _ _ _ _ _ _ _ _ _ _ _ _ _ _ _ _ _ _ _ _ _ _ _

dsn = 'host=localhost dbname=postgres user=transportation password=password port=5432'
connection_factory = None, cursor_factory = None
kwargs = {'dbname': 'postgres', 'host': 'localhost', 'password': 'password', 'port': 5432, ...}
kwasync = {}

    def connect(dsn=None, connection_factory=None, cursor_factory=None, **kwargs):
        """
        Create a new database connection.
    
        The connection parameters can be specified as a string:
    
            conn = psycopg2.connect("dbname=test user=postgres password=secret")
    
        or using a set of keyword arguments:
    
            conn = psycopg2.connect(database="test", user="postgres", password="secret")
    
        Or as a mix of both. The basic connection parameters are:
    
        - *dbname*: the database name
        - *database*: the database name (only as keyword argument)
        - *user*: user name used to authenticate
        - *password*: password used to authenticate
        - *host*: database host address (defaults to UNIX socket if not provided)
        - *port*: connection port number (defaults to 5432 if not provided)
    
        Using the *connection_factory* parameter a different class or connections
        factory can be specified. It should be a callable object taking a dsn
        argument.
    
        Using the *cursor_factory* parameter, a new default cursor factory will be
        used by cursor().
    
        Using *async*=True an asynchronous connection will be created. *async_* is
        a valid alias (for Python versions where ``async`` is a keyword).
    
        Any other keyword parameter will be passed to the underlying client
        library: the list of supported parameters depends on the library version.
    
        """
        kwasync = {}
        if 'async' in kwargs:
            kwasync['async'] = kwargs.pop('async')
        if 'async_' in kwargs:
            kwasync['async_'] = kwargs.pop('async_')
    
        dsn = _ext.make_dsn(dsn, **kwargs)
>       conn = _connect(dsn, connection_factory=connection_factory, **kwasync)
               ^^^^^^^^^^^^^^^^^^^^^^^^^^^^^^^^^^^^^^^^^^^^^^^^^^^^^^^^^^^^^^^
E       sqlalchemy.exc.OperationalError: (psycopg2.OperationalError) connection to server at "localhost" (::1), port 5432 failed: Connection refused (0x0000274D/10061)
E       	Is the server running on that host and accepting TCP/IP connections?
E       connection to server at "localhost" (127.0.0.1), port 5432 failed: Connection refused (0x0000274D/10061)
E       	Is the server running on that host and accepting TCP/IP connections?
E       
E       (Background on this error at: https://sqlalche.me/e/20/e3q8)

C:\Users\RMOHINDR\AppData\Local\Programs\Python\Python311\Lib\site-packages\psycopg2\__init__.py:135: OperationalError
_ ERROR at setup of TestDeleteErrorPrecedence.test_no_permission_takes_precedence_over_state _

self = <sqlalchemy.engine.base.Connection object at 0x000001CEFA8A9490>
engine = Engine(postgresql://transportation:***@localhost:5432/postgres)
connection = None, _has_events = None, _allow_revalidate = True
_allow_autobegin = True

    def __init__(
        self,
        engine: Engine,
        connection: Optional[PoolProxiedConnection] = None,
        _has_events: Optional[bool] = None,
        _allow_revalidate: bool = True,
        _allow_autobegin: bool = True,
    ):
        """Construct a new Connection."""
        self.engine = engine
        self.dialect = dialect = engine.dialect
    
        if connection is None:
            try:
>               self._dbapi_connection = engine.raw_connection()
                                         ^^^^^^^^^^^^^^^^^^^^^^^

C:\Users\RMOHINDR\AppData\Local\Programs\Python\Python311\Lib\site-packages\sqlalchemy\engine\base.py:143: 
_ _ _ _ _ _ _ _ _ _ _ _ _ _ _ _ _ _ _ _ _ _ _ _ _ _ _ _ _ _ _ _ _ _ _ _ _ _ _ _

self = Engine(postgresql://transportation:***@localhost:5432/postgres)

    def raw_connection(self) -> PoolProxiedConnection:
        """Return a "raw" DBAPI connection from the connection pool.
    
        The returned object is a proxied version of the DBAPI
        connection object used by the underlying driver in use.
        The object will have all the same behavior as the real DBAPI
        connection, except that its ``close()`` method will result in the
        connection being returned to the pool, rather than being closed
        for real.
    
        This method provides direct DBAPI connection access for
        special situations when the API provided by
        :class:`_engine.Connection`
        is not needed.   When a :class:`_engine.Connection` object is already
        present, the DBAPI connection is available using
        the :attr:`_engine.Connection.connection` accessor.
    
        .. seealso::
    
            :ref:`dbapi_connections`
    
        """
>       return self.pool.connect()
               ^^^^^^^^^^^^^^^^^^^

C:\Users\RMOHINDR\AppData\Local\Programs\Python\Python311\Lib\site-packages\sqlalchemy\engine\base.py:3317: 
_ _ _ _ _ _ _ _ _ _ _ _ _ _ _ _ _ _ _ _ _ _ _ _ _ _ _ _ _ _ _ _ _ _ _ _ _ _ _ _

self = <sqlalchemy.pool.impl.QueuePool object at 0x000001CEFAB7F450>

    def connect(self) -> PoolProxiedConnection:
        """Return a DBAPI connection from the pool.
    
        The connection is instrumented such that when its
        ``close()`` method is called, the connection will be returned to
        the pool.
    
        """
>       return _ConnectionFairy._checkout(self)
               ^^^^^^^^^^^^^^^^^^^^^^^^^^^^^^^^

C:\Users\RMOHINDR\AppData\Local\Programs\Python\Python311\Lib\site-packages\sqlalchemy\pool\base.py:448: 
_ _ _ _ _ _ _ _ _ _ _ _ _ _ _ _ _ _ _ _ _ _ _ _ _ _ _ _ _ _ _ _ _ _ _ _ _ _ _ _

cls = <class 'sqlalchemy.pool.base._ConnectionFairy'>
pool = <sqlalchemy.pool.impl.QueuePool object at 0x000001CEFAB7F450>
threadconns = None, fairy = None

    @classmethod
    def _checkout(
        cls,
        pool: Pool,
        threadconns: Optional[threading.local] = None,
        fairy: Optional[_ConnectionFairy] = None,
    ) -> _ConnectionFairy:
        if not fairy:
>           fairy = _ConnectionRecord.checkout(pool)
                    ^^^^^^^^^^^^^^^^^^^^^^^^^^^^^^^^

C:\Users\RMOHINDR\AppData\Local\Programs\Python\Python311\Lib\site-packages\sqlalchemy\pool\base.py:1272: 
_ _ _ _ _ _ _ _ _ _ _ _ _ _ _ _ _ _ _ _ _ _ _ _ _ _ _ _ _ _ _ _ _ _ _ _ _ _ _ _

cls = <class 'sqlalchemy.pool.base._ConnectionRecord'>
pool = <sqlalchemy.pool.impl.QueuePool object at 0x000001CEFAB7F450>

    @classmethod
    def checkout(cls, pool: Pool) -> _ConnectionFairy:
        if TYPE_CHECKING:
            rec = cast(_ConnectionRecord, pool._do_get())
        else:
>           rec = pool._do_get()
                  ^^^^^^^^^^^^^^

C:\Users\RMOHINDR\AppData\Local\Programs\Python\Python311\Lib\site-packages\sqlalchemy\pool\base.py:712: 
_ _ _ _ _ _ _ _ _ _ _ _ _ _ _ _ _ _ _ _ _ _ _ _ _ _ _ _ _ _ _ _ _ _ _ _ _ _ _ _

self = <sqlalchemy.pool.impl.QueuePool object at 0x000001CEFAB7F450>

    def _do_get(self) -> ConnectionPoolEntry:
        use_overflow = self._max_overflow > -1
    
        wait = use_overflow and self._overflow >= self._max_overflow
        try:
            return self._pool.get(wait, self._timeout)
        except sqla_queue.Empty:
            # don't do things inside of "except Empty", because when we say
            # we timed out or can't connect and raise, Python 3 tells
            # people the real error is queue.Empty which it isn't.
            pass
        if use_overflow and self._overflow >= self._max_overflow:
            if not wait:
                return self._do_get()
            else:
                raise exc.TimeoutError(
                    "QueuePool limit of size %d overflow %d reached, "
                    "connection timed out, timeout %0.2f"
                    % (self.size(), self.overflow(), self._timeout),
                    code="3o7r",
                )
    
        if self._inc_overflow():
            try:
                return self._create_connection()
            except:
>               with util.safe_reraise():

C:\Users\RMOHINDR\AppData\Local\Programs\Python\Python311\Lib\site-packages\sqlalchemy\pool\impl.py:177: 
_ _ _ _ _ _ _ _ _ _ _ _ _ _ _ _ _ _ _ _ _ _ _ _ _ _ _ _ _ _ _ _ _ _ _ _ _ _ _ _

self = <sqlalchemy.util.langhelpers.safe_reraise object at 0x000001CEFAB43E50>
type_ = None, value = None, traceback = None

    def __exit__(
        self,
        type_: Optional[Type[BaseException]],
        value: Optional[BaseException],
        traceback: Optional[types.TracebackType],
    ) -> NoReturn:
        assert self._exc_info is not None
        # see #2703 for notes
        if type_ is None:
            exc_type, exc_value, exc_tb = self._exc_info
            assert exc_value is not None
            self._exc_info = None  # remove potential circular references
>           raise exc_value.with_traceback(exc_tb)

C:\Users\RMOHINDR\AppData\Local\Programs\Python\Python311\Lib\site-packages\sqlalchemy\util\langhelpers.py:121: 
_ _ _ _ _ _ _ _ _ _ _ _ _ _ _ _ _ _ _ _ _ _ _ _ _ _ _ _ _ _ _ _ _ _ _ _ _ _ _ _

self = <sqlalchemy.pool.impl.QueuePool object at 0x000001CEFAB7F450>

    def _do_get(self) -> ConnectionPoolEntry:
        use_overflow = self._max_overflow > -1
    
        wait = use_overflow and self._overflow >= self._max_overflow
        try:
            return self._pool.get(wait, self._timeout)
        except sqla_queue.Empty:
            # don't do things inside of "except Empty", because when we say
            # we timed out or can't connect and raise, Python 3 tells
            # people the real error is queue.Empty which it isn't.
            pass
        if use_overflow and self._overflow >= self._max_overflow:
            if not wait:
                return self._do_get()
            else:
                raise exc.TimeoutError(
                    "QueuePool limit of size %d overflow %d reached, "
                    "connection timed out, timeout %0.2f"
                    % (self.size(), self.overflow(), self._timeout),
                    code="3o7r",
                )
    
        if self._inc_overflow():
            try:
>               return self._create_connection()
                       ^^^^^^^^^^^^^^^^^^^^^^^^^

C:\Users\RMOHINDR\AppData\Local\Programs\Python\Python311\Lib\site-packages\sqlalchemy\pool\impl.py:175: 
_ _ _ _ _ _ _ _ _ _ _ _ _ _ _ _ _ _ _ _ _ _ _ _ _ _ _ _ _ _ _ _ _ _ _ _ _ _ _ _

self = <sqlalchemy.pool.impl.QueuePool object at 0x000001CEFAB7F450>

    def _create_connection(self) -> ConnectionPoolEntry:
        """Called by subclasses to create a new ConnectionRecord."""
    
>       return _ConnectionRecord(self)
               ^^^^^^^^^^^^^^^^^^^^^^^

C:\Users\RMOHINDR\AppData\Local\Programs\Python\Python311\Lib\site-packages\sqlalchemy\pool\base.py:389: 
_ _ _ _ _ _ _ _ _ _ _ _ _ _ _ _ _ _ _ _ _ _ _ _ _ _ _ _ _ _ _ _ _ _ _ _ _ _ _ _

self = <sqlalchemy.pool.base._ConnectionRecord object at 0x000001CEFAB2BE70>
pool = <sqlalchemy.pool.impl.QueuePool object at 0x000001CEFAB7F450>
connect = True

    def __init__(self, pool: Pool, connect: bool = True):
        self.fresh = False
        self.fairy_ref = None
        self.starttime = 0
        self.dbapi_connection = None
    
        self.__pool = pool
        if connect:
>           self.__connect()

C:\Users\RMOHINDR\AppData\Local\Programs\Python\Python311\Lib\site-packages\sqlalchemy\pool\base.py:674: 
_ _ _ _ _ _ _ _ _ _ _ _ _ _ _ _ _ _ _ _ _ _ _ _ _ _ _ _ _ _ _ _ _ _ _ _ _ _ _ _

self = <sqlalchemy.pool.base._ConnectionRecord object at 0x000001CEFAB2BE70>

    def __connect(self) -> None:
        pool = self.__pool
    
        # ensure any existing connection is removed, so that if
        # creator fails, this attribute stays None
        self.dbapi_connection = None
        try:
            self.starttime = time.time()
            self.dbapi_connection = connection = pool._invoke_creator(self)
            pool.logger.debug("Created new connection %r", connection)
            self.fresh = True
        except BaseException as e:
>           with util.safe_reraise():

C:\Users\RMOHINDR\AppData\Local\Programs\Python\Python311\Lib\site-packages\sqlalchemy\pool\base.py:900: 
_ _ _ _ _ _ _ _ _ _ _ _ _ _ _ _ _ _ _ _ _ _ _ _ _ _ _ _ _ _ _ _ _ _ _ _ _ _ _ _

self = <sqlalchemy.util.langhelpers.safe_reraise object at 0x000001CEFAB43D60>
type_ = None, value = None, traceback = None

    def __exit__(
        self,
        type_: Optional[Type[BaseException]],
        value: Optional[BaseException],
        traceback: Optional[types.TracebackType],
    ) -> NoReturn:
        assert self._exc_info is not None
        # see #2703 for notes
        if type_ is None:
            exc_type, exc_value, exc_tb = self._exc_info
            assert exc_value is not None
            self._exc_info = None  # remove potential circular references
>           raise exc_value.with_traceback(exc_tb)

C:\Users\RMOHINDR\AppData\Local\Programs\Python\Python311\Lib\site-packages\sqlalchemy\util\langhelpers.py:121: 
_ _ _ _ _ _ _ _ _ _ _ _ _ _ _ _ _ _ _ _ _ _ _ _ _ _ _ _ _ _ _ _ _ _ _ _ _ _ _ _

self = <sqlalchemy.pool.base._ConnectionRecord object at 0x000001CEFAB2BE70>

    def __connect(self) -> None:
        pool = self.__pool
    
        # ensure any existing connection is removed, so that if
        # creator fails, this attribute stays None
        self.dbapi_connection = None
        try:
            self.starttime = time.time()
>           self.dbapi_connection = connection = pool._invoke_creator(self)
                                                 ^^^^^^^^^^^^^^^^^^^^^^^^^^

C:\Users\RMOHINDR\AppData\Local\Programs\Python\Python311\Lib\site-packages\sqlalchemy\pool\base.py:896: 
_ _ _ _ _ _ _ _ _ _ _ _ _ _ _ _ _ _ _ _ _ _ _ _ _ _ _ _ _ _ _ _ _ _ _ _ _ _ _ _

connection_record = <sqlalchemy.pool.base._ConnectionRecord object at 0x000001CEFAB2BE70>

    def connect(
        connection_record: Optional[ConnectionPoolEntry] = None,
    ) -> DBAPIConnection:
        if dialect._has_events:
            mutable_cargs = list(cargs_tup)
            mutable_cparams = dict(cparams)
            for fn in dialect.dispatch.do_connect:
                connection = cast(
                    DBAPIConnection,
                    fn(
                        dialect,
                        connection_record,
                        mutable_cargs,
                        mutable_cparams,
                    ),
                )
                if connection is not None:
                    return connection
            return dialect.connect(*mutable_cargs, **mutable_cparams)
        else:
>           return dialect.connect(*cargs_tup, **cparams)
                   ^^^^^^^^^^^^^^^^^^^^^^^^^^^^^^^^^^^^^^

C:\Users\RMOHINDR\AppData\Local\Programs\Python\Python311\Lib\site-packages\sqlalchemy\engine\create.py:667: 
_ _ _ _ _ _ _ _ _ _ _ _ _ _ _ _ _ _ _ _ _ _ _ _ _ _ _ _ _ _ _ _ _ _ _ _ _ _ _ _

self = <sqlalchemy.dialects.postgresql.psycopg2.PGDialect_psycopg2 object at 0x000001CEF9852D50>
cargs = ()
cparams = {'dbname': 'postgres', 'host': 'localhost', 'password': 'password', 'port': 5432, ...}

    def connect(self, *cargs: Any, **cparams: Any) -> DBAPIConnection:
        # inherits the docstring from interfaces.Dialect.connect
>       return self.loaded_dbapi.connect(*cargs, **cparams)  # type: ignore[no-any-return]  # NOQA: E501
               ^^^^^^^^^^^^^^^^^^^^^^^^^^^^^^^^^^^^^^^^^^^^

C:\Users\RMOHINDR\AppData\Local\Programs\Python\Python311\Lib\site-packages\sqlalchemy\engine\default.py:630: 
_ _ _ _ _ _ _ _ _ _ _ _ _ _ _ _ _ _ _ _ _ _ _ _ _ _ _ _ _ _ _ _ _ _ _ _ _ _ _ _

dsn = 'host=localhost dbname=postgres user=transportation password=password port=5432'
connection_factory = None, cursor_factory = None
kwargs = {'dbname': 'postgres', 'host': 'localhost', 'password': 'password', 'port': 5432, ...}
kwasync = {}

    def connect(dsn=None, connection_factory=None, cursor_factory=None, **kwargs):
        """
        Create a new database connection.
    
        The connection parameters can be specified as a string:
    
            conn = psycopg2.connect("dbname=test user=postgres password=secret")
    
        or using a set of keyword arguments:
    
            conn = psycopg2.connect(database="test", user="postgres", password="secret")
    
        Or as a mix of both. The basic connection parameters are:
    
        - *dbname*: the database name
        - *database*: the database name (only as keyword argument)
        - *user*: user name used to authenticate
        - *password*: password used to authenticate
        - *host*: database host address (defaults to UNIX socket if not provided)
        - *port*: connection port number (defaults to 5432 if not provided)
    
        Using the *connection_factory* parameter a different class or connections
        factory can be specified. It should be a callable object taking a dsn
        argument.
    
        Using the *cursor_factory* parameter, a new default cursor factory will be
        used by cursor().
    
        Using *async*=True an asynchronous connection will be created. *async_* is
        a valid alias (for Python versions where ``async`` is a keyword).
    
        Any other keyword parameter will be passed to the underlying client
        library: the list of supported parameters depends on the library version.
    
        """
        kwasync = {}
        if 'async' in kwargs:
            kwasync['async'] = kwargs.pop('async')
        if 'async_' in kwargs:
            kwasync['async_'] = kwargs.pop('async_')
    
        dsn = _ext.make_dsn(dsn, **kwargs)
>       conn = _connect(dsn, connection_factory=connection_factory, **kwasync)
               ^^^^^^^^^^^^^^^^^^^^^^^^^^^^^^^^^^^^^^^^^^^^^^^^^^^^^^^^^^^^^^^
E       psycopg2.OperationalError: connection to server at "localhost" (::1), port 5432 failed: Connection refused (0x0000274D/10061)
E       	Is the server running on that host and accepting TCP/IP connections?
E       connection to server at "localhost" (127.0.0.1), port 5432 failed: Connection refused (0x0000274D/10061)
E       	Is the server running on that host and accepting TCP/IP connections?

C:\Users\RMOHINDR\AppData\Local\Programs\Python\Python311\Lib\site-packages\psycopg2\__init__.py:135: OperationalError

The above exception was the direct cause of the following exception:

    @pytest.fixture(scope="session")
    def _test_engine():
        """Create the test database (if needed) and return an engine bound to it.
    
        The database is created once per test session and the full schema is
        applied via ``Base.metadata.create_all``.
        """
        # Connect to the admin database to create the test database.
        admin_engine = create_engine(_PG_ADMIN_URL, isolation_level="AUTOCOMMIT")
>       with admin_engine.connect() as conn:
             ^^^^^^^^^^^^^^^^^^^^^^

apps\backend\tests\conftest.py:69: 
_ _ _ _ _ _ _ _ _ _ _ _ _ _ _ _ _ _ _ _ _ _ _ _ _ _ _ _ _ _ _ _ _ _ _ _ _ _ _ _

self = Engine(postgresql://transportation:***@localhost:5432/postgres)

    def connect(self) -> Connection:
        """Return a new :class:`_engine.Connection` object.
    
        The :class:`_engine.Connection` acts as a Python context manager, so
        the typical use of this method looks like::
    
            with engine.connect() as connection:
                connection.execute(text("insert into table values ('foo')"))
                connection.commit()
    
        Where above, after the block is completed, the connection is "closed"
        and its underlying DBAPI resources are returned to the connection pool.
        This also has the effect of rolling back any transaction that
        was explicitly begun or was begun via autobegin, and will
        emit the :meth:`_events.ConnectionEvents.rollback` event if one was
        started and is still in progress.
    
        .. seealso::
    
            :meth:`_engine.Engine.begin`
    
        """
    
>       return self._connection_cls(self)
               ^^^^^^^^^^^^^^^^^^^^^^^^^^

C:\Users\RMOHINDR\AppData\Local\Programs\Python\Python311\Lib\site-packages\sqlalchemy\engine\base.py:3293: 
_ _ _ _ _ _ _ _ _ _ _ _ _ _ _ _ _ _ _ _ _ _ _ _ _ _ _ _ _ _ _ _ _ _ _ _ _ _ _ _

self = <sqlalchemy.engine.base.Connection object at 0x000001CEFA8A9490>
engine = Engine(postgresql://transportation:***@localhost:5432/postgres)
connection = None, _has_events = None, _allow_revalidate = True
_allow_autobegin = True

    def __init__(
        self,
        engine: Engine,
        connection: Optional[PoolProxiedConnection] = None,
        _has_events: Optional[bool] = None,
        _allow_revalidate: bool = True,
        _allow_autobegin: bool = True,
    ):
        """Construct a new Connection."""
        self.engine = engine
        self.dialect = dialect = engine.dialect
    
        if connection is None:
            try:
                self._dbapi_connection = engine.raw_connection()
            except dialect.loaded_dbapi.Error as err:
>               Connection._handle_dbapi_exception_noconnection(
                    err, dialect, engine
                )

C:\Users\RMOHINDR\AppData\Local\Programs\Python\Python311\Lib\site-packages\sqlalchemy\engine\base.py:145: 
_ _ _ _ _ _ _ _ _ _ _ _ _ _ _ _ _ _ _ _ _ _ _ _ _ _ _ _ _ _ _ _ _ _ _ _ _ _ _ _

cls = <class 'sqlalchemy.engine.base.Connection'>
e = OperationalError('connection to server at "localhost" (::1), port 5432 failed: Connection refused (0x0000274D/10061)\n...iled: Connection refused (0x0000274D/10061)\n\tIs the server running on that host and accepting TCP/IP connections?\n')
dialect = <sqlalchemy.dialects.postgresql.psycopg2.PGDialect_psycopg2 object at 0x000001CEF9852D50>
engine = Engine(postgresql://transportation:***@localhost:5432/postgres)
is_disconnect = False, invalidate_pool_on_disconnect = True, is_pre_ping = False

    @classmethod
    def _handle_dbapi_exception_noconnection(
        cls,
        e: BaseException,
        dialect: Dialect,
        engine: Optional[Engine] = None,
        is_disconnect: Optional[bool] = None,
        invalidate_pool_on_disconnect: bool = True,
        is_pre_ping: bool = False,
    ) -> NoReturn:
        exc_info = sys.exc_info()
    
        if is_disconnect is None:
            is_disconnect = isinstance(
                e, dialect.loaded_dbapi.Error
            ) and dialect.is_disconnect(e, None, None)
    
        should_wrap = isinstance(e, dialect.loaded_dbapi.Error)
    
        if should_wrap:
            sqlalchemy_exception = exc.DBAPIError.instance(
                None,
                None,
                cast(Exception, e),
                dialect.loaded_dbapi.Error,
                hide_parameters=(
                    engine.hide_parameters if engine is not None else False
                ),
                connection_invalidated=is_disconnect,
                dialect=dialect,
            )
        else:
            sqlalchemy_exception = None
    
        newraise = None
    
        if dialect._has_events:
            ctx = ExceptionContextImpl(
                e,
                sqlalchemy_exception,
                engine,
                dialect,
                None,
                None,
                None,
                None,
                None,
                is_disconnect,
                invalidate_pool_on_disconnect,
                is_pre_ping,
            )
            for fn in dialect.dispatch.handle_error:
                try:
                    # handler returns an exception;
                    # call next handler in a chain
                    per_fn = fn(ctx)
                    if per_fn is not None:
                        ctx.chained_exception = newraise = per_fn
                except Exception as _raised:
                    # handler raises an exception - stop processing
                    newraise = _raised
                    break
    
            if sqlalchemy_exception and is_disconnect != ctx.is_disconnect:
                sqlalchemy_exception.connection_invalidated = ctx.is_disconnect
    
        if newraise:
            raise newraise.with_traceback(exc_info[2]) from e
        elif should_wrap:
            assert sqlalchemy_exception is not None
>           raise sqlalchemy_exception.with_traceback(exc_info[2]) from e

C:\Users\RMOHINDR\AppData\Local\Programs\Python\Python311\Lib\site-packages\sqlalchemy\engine\base.py:2448: 
_ _ _ _ _ _ _ _ _ _ _ _ _ _ _ _ _ _ _ _ _ _ _ _ _ _ _ _ _ _ _ _ _ _ _ _ _ _ _ _

self = <sqlalchemy.engine.base.Connection object at 0x000001CEFA8A9490>
engine = Engine(postgresql://transportation:***@localhost:5432/postgres)
connection = None, _has_events = None, _allow_revalidate = True
_allow_autobegin = True

    def __init__(
        self,
        engine: Engine,
        connection: Optional[PoolProxiedConnection] = None,
        _has_events: Optional[bool] = None,
        _allow_revalidate: bool = True,
        _allow_autobegin: bool = True,
    ):
        """Construct a new Connection."""
        self.engine = engine
        self.dialect = dialect = engine.dialect
    
        if connection is None:
            try:
>               self._dbapi_connection = engine.raw_connection()
                                         ^^^^^^^^^^^^^^^^^^^^^^^

C:\Users\RMOHINDR\AppData\Local\Programs\Python\Python311\Lib\site-packages\sqlalchemy\engine\base.py:143: 
_ _ _ _ _ _ _ _ _ _ _ _ _ _ _ _ _ _ _ _ _ _ _ _ _ _ _ _ _ _ _ _ _ _ _ _ _ _ _ _

self = Engine(postgresql://transportation:***@localhost:5432/postgres)

    def raw_connection(self) -> PoolProxiedConnection:
        """Return a "raw" DBAPI connection from the connection pool.
    
        The returned object is a proxied version of the DBAPI
        connection object used by the underlying driver in use.
        The object will have all the same behavior as the real DBAPI
        connection, except that its ``close()`` method will result in the
        connection being returned to the pool, rather than being closed
        for real.
    
        This method provides direct DBAPI connection access for
        special situations when the API provided by
        :class:`_engine.Connection`
        is not needed.   When a :class:`_engine.Connection` object is already
        present, the DBAPI connection is available using
        the :attr:`_engine.Connection.connection` accessor.
    
        .. seealso::
    
            :ref:`dbapi_connections`
    
        """
>       return self.pool.connect()
               ^^^^^^^^^^^^^^^^^^^

C:\Users\RMOHINDR\AppData\Local\Programs\Python\Python311\Lib\site-packages\sqlalchemy\engine\base.py:3317: 
_ _ _ _ _ _ _ _ _ _ _ _ _ _ _ _ _ _ _ _ _ _ _ _ _ _ _ _ _ _ _ _ _ _ _ _ _ _ _ _

self = <sqlalchemy.pool.impl.QueuePool object at 0x000001CEFAB7F450>

    def connect(self) -> PoolProxiedConnection:
        """Return a DBAPI connection from the pool.
    
        The connection is instrumented such that when its
        ``close()`` method is called, the connection will be returned to
        the pool.
    
        """
>       return _ConnectionFairy._checkout(self)
               ^^^^^^^^^^^^^^^^^^^^^^^^^^^^^^^^

C:\Users\RMOHINDR\AppData\Local\Programs\Python\Python311\Lib\site-packages\sqlalchemy\pool\base.py:448: 
_ _ _ _ _ _ _ _ _ _ _ _ _ _ _ _ _ _ _ _ _ _ _ _ _ _ _ _ _ _ _ _ _ _ _ _ _ _ _ _

cls = <class 'sqlalchemy.pool.base._ConnectionFairy'>
pool = <sqlalchemy.pool.impl.QueuePool object at 0x000001CEFAB7F450>
threadconns = None, fairy = None

    @classmethod
    def _checkout(
        cls,
        pool: Pool,
        threadconns: Optional[threading.local] = None,
        fairy: Optional[_ConnectionFairy] = None,
    ) -> _ConnectionFairy:
        if not fairy:
>           fairy = _ConnectionRecord.checkout(pool)
                    ^^^^^^^^^^^^^^^^^^^^^^^^^^^^^^^^

C:\Users\RMOHINDR\AppData\Local\Programs\Python\Python311\Lib\site-packages\sqlalchemy\pool\base.py:1272: 
_ _ _ _ _ _ _ _ _ _ _ _ _ _ _ _ _ _ _ _ _ _ _ _ _ _ _ _ _ _ _ _ _ _ _ _ _ _ _ _

cls = <class 'sqlalchemy.pool.base._ConnectionRecord'>
pool = <sqlalchemy.pool.impl.QueuePool object at 0x000001CEFAB7F450>

    @classmethod
    def checkout(cls, pool: Pool) -> _ConnectionFairy:
        if TYPE_CHECKING:
            rec = cast(_ConnectionRecord, pool._do_get())
        else:
>           rec = pool._do_get()
                  ^^^^^^^^^^^^^^

C:\Users\RMOHINDR\AppData\Local\Programs\Python\Python311\Lib\site-packages\sqlalchemy\pool\base.py:712: 
_ _ _ _ _ _ _ _ _ _ _ _ _ _ _ _ _ _ _ _ _ _ _ _ _ _ _ _ _ _ _ _ _ _ _ _ _ _ _ _

self = <sqlalchemy.pool.impl.QueuePool object at 0x000001CEFAB7F450>

    def _do_get(self) -> ConnectionPoolEntry:
        use_overflow = self._max_overflow > -1
    
        wait = use_overflow and self._overflow >= self._max_overflow
        try:
            return self._pool.get(wait, self._timeout)
        except sqla_queue.Empty:
            # don't do things inside of "except Empty", because when we say
            # we timed out or can't connect and raise, Python 3 tells
            # people the real error is queue.Empty which it isn't.
            pass
        if use_overflow and self._overflow >= self._max_overflow:
            if not wait:
                return self._do_get()
            else:
                raise exc.TimeoutError(
                    "QueuePool limit of size %d overflow %d reached, "
                    "connection timed out, timeout %0.2f"
                    % (self.size(), self.overflow(), self._timeout),
                    code="3o7r",
                )
    
        if self._inc_overflow():
            try:
                return self._create_connection()
            except:
>               with util.safe_reraise():

C:\Users\RMOHINDR\AppData\Local\Programs\Python\Python311\Lib\site-packages\sqlalchemy\pool\impl.py:177: 
_ _ _ _ _ _ _ _ _ _ _ _ _ _ _ _ _ _ _ _ _ _ _ _ _ _ _ _ _ _ _ _ _ _ _ _ _ _ _ _

self = <sqlalchemy.util.langhelpers.safe_reraise object at 0x000001CEFAB43E50>
type_ = None, value = None, traceback = None

    def __exit__(
        self,
        type_: Optional[Type[BaseException]],
        value: Optional[BaseException],
        traceback: Optional[types.TracebackType],
    ) -> NoReturn:
        assert self._exc_info is not None
        # see #2703 for notes
        if type_ is None:
            exc_type, exc_value, exc_tb = self._exc_info
            assert exc_value is not None
            self._exc_info = None  # remove potential circular references
>           raise exc_value.with_traceback(exc_tb)

C:\Users\RMOHINDR\AppData\Local\Programs\Python\Python311\Lib\site-packages\sqlalchemy\util\langhelpers.py:121: 
_ _ _ _ _ _ _ _ _ _ _ _ _ _ _ _ _ _ _ _ _ _ _ _ _ _ _ _ _ _ _ _ _ _ _ _ _ _ _ _

self = <sqlalchemy.pool.impl.QueuePool object at 0x000001CEFAB7F450>

    def _do_get(self) -> ConnectionPoolEntry:
        use_overflow = self._max_overflow > -1
    
        wait = use_overflow and self._overflow >= self._max_overflow
        try:
            return self._pool.get(wait, self._timeout)
        except sqla_queue.Empty:
            # don't do things inside of "except Empty", because when we say
            # we timed out or can't connect and raise, Python 3 tells
            # people the real error is queue.Empty which it isn't.
            pass
        if use_overflow and self._overflow >= self._max_overflow:
            if not wait:
                return self._do_get()
            else:
                raise exc.TimeoutError(
                    "QueuePool limit of size %d overflow %d reached, "
                    "connection timed out, timeout %0.2f"
                    % (self.size(), self.overflow(), self._timeout),
                    code="3o7r",
                )
    
        if self._inc_overflow():
            try:
>               return self._create_connection()
                       ^^^^^^^^^^^^^^^^^^^^^^^^^

C:\Users\RMOHINDR\AppData\Local\Programs\Python\Python311\Lib\site-packages\sqlalchemy\pool\impl.py:175: 
_ _ _ _ _ _ _ _ _ _ _ _ _ _ _ _ _ _ _ _ _ _ _ _ _ _ _ _ _ _ _ _ _ _ _ _ _ _ _ _

self = <sqlalchemy.pool.impl.QueuePool object at 0x000001CEFAB7F450>

    def _create_connection(self) -> ConnectionPoolEntry:
        """Called by subclasses to create a new ConnectionRecord."""
    
>       return _ConnectionRecord(self)
               ^^^^^^^^^^^^^^^^^^^^^^^

C:\Users\RMOHINDR\AppData\Local\Programs\Python\Python311\Lib\site-packages\sqlalchemy\pool\base.py:389: 
_ _ _ _ _ _ _ _ _ _ _ _ _ _ _ _ _ _ _ _ _ _ _ _ _ _ _ _ _ _ _ _ _ _ _ _ _ _ _ _

self = <sqlalchemy.pool.base._ConnectionRecord object at 0x000001CEFAB2BE70>
pool = <sqlalchemy.pool.impl.QueuePool object at 0x000001CEFAB7F450>
connect = True

    def __init__(self, pool: Pool, connect: bool = True):
        self.fresh = False
        self.fairy_ref = None
        self.starttime = 0
        self.dbapi_connection = None
    
        self.__pool = pool
        if connect:
>           self.__connect()

C:\Users\RMOHINDR\AppData\Local\Programs\Python\Python311\Lib\site-packages\sqlalchemy\pool\base.py:674: 
_ _ _ _ _ _ _ _ _ _ _ _ _ _ _ _ _ _ _ _ _ _ _ _ _ _ _ _ _ _ _ _ _ _ _ _ _ _ _ _

self = <sqlalchemy.pool.base._ConnectionRecord object at 0x000001CEFAB2BE70>

    def __connect(self) -> None:
        pool = self.__pool
    
        # ensure any existing connection is removed, so that if
        # creator fails, this attribute stays None
        self.dbapi_connection = None
        try:
            self.starttime = time.time()
            self.dbapi_connection = connection = pool._invoke_creator(self)
            pool.logger.debug("Created new connection %r", connection)
            self.fresh = True
        except BaseException as e:
>           with util.safe_reraise():

C:\Users\RMOHINDR\AppData\Local\Programs\Python\Python311\Lib\site-packages\sqlalchemy\pool\base.py:900: 
_ _ _ _ _ _ _ _ _ _ _ _ _ _ _ _ _ _ _ _ _ _ _ _ _ _ _ _ _ _ _ _ _ _ _ _ _ _ _ _

self = <sqlalchemy.util.langhelpers.safe_reraise object at 0x000001CEFAB43D60>
type_ = None, value = None, traceback = None

    def __exit__(
        self,
        type_: Optional[Type[BaseException]],
        value: Optional[BaseException],
        traceback: Optional[types.TracebackType],
    ) -> NoReturn:
        assert self._exc_info is not None
        # see #2703 for notes
        if type_ is None:
            exc_type, exc_value, exc_tb = self._exc_info
            assert exc_value is not None
            self._exc_info = None  # remove potential circular references
>           raise exc_value.with_traceback(exc_tb)

C:\Users\RMOHINDR\AppData\Local\Programs\Python\Python311\Lib\site-packages\sqlalchemy\util\langhelpers.py:121: 
_ _ _ _ _ _ _ _ _ _ _ _ _ _ _ _ _ _ _ _ _ _ _ _ _ _ _ _ _ _ _ _ _ _ _ _ _ _ _ _

self = <sqlalchemy.pool.base._ConnectionRecord object at 0x000001CEFAB2BE70>

    def __connect(self) -> None:
        pool = self.__pool
    
        # ensure any existing connection is removed, so that if
        # creator fails, this attribute stays None
        self.dbapi_connection = None
        try:
            self.starttime = time.time()
>           self.dbapi_connection = connection = pool._invoke_creator(self)
                                                 ^^^^^^^^^^^^^^^^^^^^^^^^^^

C:\Users\RMOHINDR\AppData\Local\Programs\Python\Python311\Lib\site-packages\sqlalchemy\pool\base.py:896: 
_ _ _ _ _ _ _ _ _ _ _ _ _ _ _ _ _ _ _ _ _ _ _ _ _ _ _ _ _ _ _ _ _ _ _ _ _ _ _ _

connection_record = <sqlalchemy.pool.base._ConnectionRecord object at 0x000001CEFAB2BE70>

    def connect(
        connection_record: Optional[ConnectionPoolEntry] = None,
    ) -> DBAPIConnection:
        if dialect._has_events:
            mutable_cargs = list(cargs_tup)
            mutable_cparams = dict(cparams)
            for fn in dialect.dispatch.do_connect:
                connection = cast(
                    DBAPIConnection,
                    fn(
                        dialect,
                        connection_record,
                        mutable_cargs,
                        mutable_cparams,
                    ),
                )
                if connection is not None:
                    return connection
            return dialect.connect(*mutable_cargs, **mutable_cparams)
        else:
>           return dialect.connect(*cargs_tup, **cparams)
                   ^^^^^^^^^^^^^^^^^^^^^^^^^^^^^^^^^^^^^^

C:\Users\RMOHINDR\AppData\Local\Programs\Python\Python311\Lib\site-packages\sqlalchemy\engine\create.py:667: 
_ _ _ _ _ _ _ _ _ _ _ _ _ _ _ _ _ _ _ _ _ _ _ _ _ _ _ _ _ _ _ _ _ _ _ _ _ _ _ _

self = <sqlalchemy.dialects.postgresql.psycopg2.PGDialect_psycopg2 object at 0x000001CEF9852D50>
cargs = ()
cparams = {'dbname': 'postgres', 'host': 'localhost', 'password': 'password', 'port': 5432, ...}

    def connect(self, *cargs: Any, **cparams: Any) -> DBAPIConnection:
        # inherits the docstring from interfaces.Dialect.connect
>       return self.loaded_dbapi.connect(*cargs, **cparams)  # type: ignore[no-any-return]  # NOQA: E501
               ^^^^^^^^^^^^^^^^^^^^^^^^^^^^^^^^^^^^^^^^^^^^

C:\Users\RMOHINDR\AppData\Local\Programs\Python\Python311\Lib\site-packages\sqlalchemy\engine\default.py:630: 
_ _ _ _ _ _ _ _ _ _ _ _ _ _ _ _ _ _ _ _ _ _ _ _ _ _ _ _ _ _ _ _ _ _ _ _ _ _ _ _

dsn = 'host=localhost dbname=postgres user=transportation password=password port=5432'
connection_factory = None, cursor_factory = None
kwargs = {'dbname': 'postgres', 'host': 'localhost', 'password': 'password', 'port': 5432, ...}
kwasync = {}

    def connect(dsn=None, connection_factory=None, cursor_factory=None, **kwargs):
        """
        Create a new database connection.
    
        The connection parameters can be specified as a string:
    
            conn = psycopg2.connect("dbname=test user=postgres password=secret")
    
        or using a set of keyword arguments:
    
            conn = psycopg2.connect(database="test", user="postgres", password="secret")
    
        Or as a mix of both. The basic connection parameters are:
    
        - *dbname*: the database name
        - *database*: the database name (only as keyword argument)
        - *user*: user name used to authenticate
        - *password*: password used to authenticate
        - *host*: database host address (defaults to UNIX socket if not provided)
        - *port*: connection port number (defaults to 5432 if not provided)
    
        Using the *connection_factory* parameter a different class or connections
        factory can be specified. It should be a callable object taking a dsn
        argument.
    
        Using the *cursor_factory* parameter, a new default cursor factory will be
        used by cursor().
    
        Using *async*=True an asynchronous connection will be created. *async_* is
        a valid alias (for Python versions where ``async`` is a keyword).
    
        Any other keyword parameter will be passed to the underlying client
        library: the list of supported parameters depends on the library version.
    
        """
        kwasync = {}
        if 'async' in kwargs:
            kwasync['async'] = kwargs.pop('async')
        if 'async_' in kwargs:
            kwasync['async_'] = kwargs.pop('async_')
    
        dsn = _ext.make_dsn(dsn, **kwargs)
>       conn = _connect(dsn, connection_factory=connection_factory, **kwasync)
               ^^^^^^^^^^^^^^^^^^^^^^^^^^^^^^^^^^^^^^^^^^^^^^^^^^^^^^^^^^^^^^^
E       sqlalchemy.exc.OperationalError: (psycopg2.OperationalError) connection to server at "localhost" (::1), port 5432 failed: Connection refused (0x0000274D/10061)
E       	Is the server running on that host and accepting TCP/IP connections?
E       connection to server at "localhost" (127.0.0.1), port 5432 failed: Connection refused (0x0000274D/10061)
E       	Is the server running on that host and accepting TCP/IP connections?
E       
E       (Background on this error at: https://sqlalche.me/e/20/e3q8)

C:\Users\RMOHINDR\AppData\Local\Programs\Python\Python311\Lib\site-packages\psycopg2\__init__.py:135: OperationalError
_ ERROR at setup of TestDeleteErrorPrecedence.test_state_check_before_ownership _

self = <sqlalchemy.engine.base.Connection object at 0x000001CEFA8A9490>
engine = Engine(postgresql://transportation:***@localhost:5432/postgres)
connection = None, _has_events = None, _allow_revalidate = True
_allow_autobegin = True

    def __init__(
        self,
        engine: Engine,
        connection: Optional[PoolProxiedConnection] = None,
        _has_events: Optional[bool] = None,
        _allow_revalidate: bool = True,
        _allow_autobegin: bool = True,
    ):
        """Construct a new Connection."""
        self.engine = engine
        self.dialect = dialect = engine.dialect
    
        if connection is None:
            try:
>               self._dbapi_connection = engine.raw_connection()
                                         ^^^^^^^^^^^^^^^^^^^^^^^

C:\Users\RMOHINDR\AppData\Local\Programs\Python\Python311\Lib\site-packages\sqlalchemy\engine\base.py:143: 
_ _ _ _ _ _ _ _ _ _ _ _ _ _ _ _ _ _ _ _ _ _ _ _ _ _ _ _ _ _ _ _ _ _ _ _ _ _ _ _

self = Engine(postgresql://transportation:***@localhost:5432/postgres)

    def raw_connection(self) -> PoolProxiedConnection:
        """Return a "raw" DBAPI connection from the connection pool.
    
        The returned object is a proxied version of the DBAPI
        connection object used by the underlying driver in use.
        The object will have all the same behavior as the real DBAPI
        connection, except that its ``close()`` method will result in the
        connection being returned to the pool, rather than being closed
        for real.
    
        This method provides direct DBAPI connection access for
        special situations when the API provided by
        :class:`_engine.Connection`
        is not needed.   When a :class:`_engine.Connection` object is already
        present, the DBAPI connection is available using
        the :attr:`_engine.Connection.connection` accessor.
    
        .. seealso::
    
            :ref:`dbapi_connections`
    
        """
>       return self.pool.connect()
               ^^^^^^^^^^^^^^^^^^^

C:\Users\RMOHINDR\AppData\Local\Programs\Python\Python311\Lib\site-packages\sqlalchemy\engine\base.py:3317: 
_ _ _ _ _ _ _ _ _ _ _ _ _ _ _ _ _ _ _ _ _ _ _ _ _ _ _ _ _ _ _ _ _ _ _ _ _ _ _ _

self = <sqlalchemy.pool.impl.QueuePool object at 0x000001CEFAB7F450>

    def connect(self) -> PoolProxiedConnection:
        """Return a DBAPI connection from the pool.
    
        The connection is instrumented such that when its
        ``close()`` method is called, the connection will be returned to
        the pool.
    
        """
>       return _ConnectionFairy._checkout(self)
               ^^^^^^^^^^^^^^^^^^^^^^^^^^^^^^^^

C:\Users\RMOHINDR\AppData\Local\Programs\Python\Python311\Lib\site-packages\sqlalchemy\pool\base.py:448: 
_ _ _ _ _ _ _ _ _ _ _ _ _ _ _ _ _ _ _ _ _ _ _ _ _ _ _ _ _ _ _ _ _ _ _ _ _ _ _ _

cls = <class 'sqlalchemy.pool.base._ConnectionFairy'>
pool = <sqlalchemy.pool.impl.QueuePool object at 0x000001CEFAB7F450>
threadconns = None, fairy = None

    @classmethod
    def _checkout(
        cls,
        pool: Pool,
        threadconns: Optional[threading.local] = None,
        fairy: Optional[_ConnectionFairy] = None,
    ) -> _ConnectionFairy:
        if not fairy:
>           fairy = _ConnectionRecord.checkout(pool)
                    ^^^^^^^^^^^^^^^^^^^^^^^^^^^^^^^^

C:\Users\RMOHINDR\AppData\Local\Programs\Python\Python311\Lib\site-packages\sqlalchemy\pool\base.py:1272: 
_ _ _ _ _ _ _ _ _ _ _ _ _ _ _ _ _ _ _ _ _ _ _ _ _ _ _ _ _ _ _ _ _ _ _ _ _ _ _ _

cls = <class 'sqlalchemy.pool.base._ConnectionRecord'>
pool = <sqlalchemy.pool.impl.QueuePool object at 0x000001CEFAB7F450>

    @classmethod
    def checkout(cls, pool: Pool) -> _ConnectionFairy:
        if TYPE_CHECKING:
            rec = cast(_ConnectionRecord, pool._do_get())
        else:
>           rec = pool._do_get()
                  ^^^^^^^^^^^^^^

C:\Users\RMOHINDR\AppData\Local\Programs\Python\Python311\Lib\site-packages\sqlalchemy\pool\base.py:712: 
_ _ _ _ _ _ _ _ _ _ _ _ _ _ _ _ _ _ _ _ _ _ _ _ _ _ _ _ _ _ _ _ _ _ _ _ _ _ _ _

self = <sqlalchemy.pool.impl.QueuePool object at 0x000001CEFAB7F450>

    def _do_get(self) -> ConnectionPoolEntry:
        use_overflow = self._max_overflow > -1
    
        wait = use_overflow and self._overflow >= self._max_overflow
        try:
            return self._pool.get(wait, self._timeout)
        except sqla_queue.Empty:
            # don't do things inside of "except Empty", because when we say
            # we timed out or can't connect and raise, Python 3 tells
            # people the real error is queue.Empty which it isn't.
            pass
        if use_overflow and self._overflow >= self._max_overflow:
            if not wait:
                return self._do_get()
            else:
                raise exc.TimeoutError(
                    "QueuePool limit of size %d overflow %d reached, "
                    "connection timed out, timeout %0.2f"
                    % (self.size(), self.overflow(), self._timeout),
                    code="3o7r",
                )
    
        if self._inc_overflow():
            try:
                return self._create_connection()
            except:
>               with util.safe_reraise():

C:\Users\RMOHINDR\AppData\Local\Programs\Python\Python311\Lib\site-packages\sqlalchemy\pool\impl.py:177: 
_ _ _ _ _ _ _ _ _ _ _ _ _ _ _ _ _ _ _ _ _ _ _ _ _ _ _ _ _ _ _ _ _ _ _ _ _ _ _ _

self = <sqlalchemy.util.langhelpers.safe_reraise object at 0x000001CEFAB43E50>
type_ = None, value = None, traceback = None

    def __exit__(
        self,
        type_: Optional[Type[BaseException]],
        value: Optional[BaseException],
        traceback: Optional[types.TracebackType],
    ) -> NoReturn:
        assert self._exc_info is not None
        # see #2703 for notes
        if type_ is None:
            exc_type, exc_value, exc_tb = self._exc_info
            assert exc_value is not None
            self._exc_info = None  # remove potential circular references
>           raise exc_value.with_traceback(exc_tb)

C:\Users\RMOHINDR\AppData\Local\Programs\Python\Python311\Lib\site-packages\sqlalchemy\util\langhelpers.py:121: 
_ _ _ _ _ _ _ _ _ _ _ _ _ _ _ _ _ _ _ _ _ _ _ _ _ _ _ _ _ _ _ _ _ _ _ _ _ _ _ _

self = <sqlalchemy.pool.impl.QueuePool object at 0x000001CEFAB7F450>

    def _do_get(self) -> ConnectionPoolEntry:
        use_overflow = self._max_overflow > -1
    
        wait = use_overflow and self._overflow >= self._max_overflow
        try:
            return self._pool.get(wait, self._timeout)
        except sqla_queue.Empty:
            # don't do things inside of "except Empty", because when we say
            # we timed out or can't connect and raise, Python 3 tells
            # people the real error is queue.Empty which it isn't.
            pass
        if use_overflow and self._overflow >= self._max_overflow:
            if not wait:
                return self._do_get()
            else:
                raise exc.TimeoutError(
                    "QueuePool limit of size %d overflow %d reached, "
                    "connection timed out, timeout %0.2f"
                    % (self.size(), self.overflow(), self._timeout),
                    code="3o7r",
                )
    
        if self._inc_overflow():
            try:
>               return self._create_connection()
                       ^^^^^^^^^^^^^^^^^^^^^^^^^

C:\Users\RMOHINDR\AppData\Local\Programs\Python\Python311\Lib\site-packages\sqlalchemy\pool\impl.py:175: 
_ _ _ _ _ _ _ _ _ _ _ _ _ _ _ _ _ _ _ _ _ _ _ _ _ _ _ _ _ _ _ _ _ _ _ _ _ _ _ _

self = <sqlalchemy.pool.impl.QueuePool object at 0x000001CEFAB7F450>

    def _create_connection(self) -> ConnectionPoolEntry:
        """Called by subclasses to create a new ConnectionRecord."""
    
>       return _ConnectionRecord(self)
               ^^^^^^^^^^^^^^^^^^^^^^^

C:\Users\RMOHINDR\AppData\Local\Programs\Python\Python311\Lib\site-packages\sqlalchemy\pool\base.py:389: 
_ _ _ _ _ _ _ _ _ _ _ _ _ _ _ _ _ _ _ _ _ _ _ _ _ _ _ _ _ _ _ _ _ _ _ _ _ _ _ _

self = <sqlalchemy.pool.base._ConnectionRecord object at 0x000001CEFAB2BE70>
pool = <sqlalchemy.pool.impl.QueuePool object at 0x000001CEFAB7F450>
connect = True

    def __init__(self, pool: Pool, connect: bool = True):
        self.fresh = False
        self.fairy_ref = None
        self.starttime = 0
        self.dbapi_connection = None
    
        self.__pool = pool
        if connect:
>           self.__connect()

C:\Users\RMOHINDR\AppData\Local\Programs\Python\Python311\Lib\site-packages\sqlalchemy\pool\base.py:674: 
_ _ _ _ _ _ _ _ _ _ _ _ _ _ _ _ _ _ _ _ _ _ _ _ _ _ _ _ _ _ _ _ _ _ _ _ _ _ _ _

self = <sqlalchemy.pool.base._ConnectionRecord object at 0x000001CEFAB2BE70>

    def __connect(self) -> None:
        pool = self.__pool
    
        # ensure any existing connection is removed, so that if
        # creator fails, this attribute stays None
        self.dbapi_connection = None
        try:
            self.starttime = time.time()
            self.dbapi_connection = connection = pool._invoke_creator(self)
            pool.logger.debug("Created new connection %r", connection)
            self.fresh = True
        except BaseException as e:
>           with util.safe_reraise():

C:\Users\RMOHINDR\AppData\Local\Programs\Python\Python311\Lib\site-packages\sqlalchemy\pool\base.py:900: 
_ _ _ _ _ _ _ _ _ _ _ _ _ _ _ _ _ _ _ _ _ _ _ _ _ _ _ _ _ _ _ _ _ _ _ _ _ _ _ _

self = <sqlalchemy.util.langhelpers.safe_reraise object at 0x000001CEFAB43D60>
type_ = None, value = None, traceback = None

    def __exit__(
        self,
        type_: Optional[Type[BaseException]],
        value: Optional[BaseException],
        traceback: Optional[types.TracebackType],
    ) -> NoReturn:
        assert self._exc_info is not None
        # see #2703 for notes
        if type_ is None:
            exc_type, exc_value, exc_tb = self._exc_info
            assert exc_value is not None
            self._exc_info = None  # remove potential circular references
>           raise exc_value.with_traceback(exc_tb)

C:\Users\RMOHINDR\AppData\Local\Programs\Python\Python311\Lib\site-packages\sqlalchemy\util\langhelpers.py:121: 
_ _ _ _ _ _ _ _ _ _ _ _ _ _ _ _ _ _ _ _ _ _ _ _ _ _ _ _ _ _ _ _ _ _ _ _ _ _ _ _

self = <sqlalchemy.pool.base._ConnectionRecord object at 0x000001CEFAB2BE70>

    def __connect(self) -> None:
        pool = self.__pool
    
        # ensure any existing connection is removed, so that if
        # creator fails, this attribute stays None
        self.dbapi_connection = None
        try:
            self.starttime = time.time()
>           self.dbapi_connection = connection = pool._invoke_creator(self)
                                                 ^^^^^^^^^^^^^^^^^^^^^^^^^^

C:\Users\RMOHINDR\AppData\Local\Programs\Python\Python311\Lib\site-packages\sqlalchemy\pool\base.py:896: 
_ _ _ _ _ _ _ _ _ _ _ _ _ _ _ _ _ _ _ _ _ _ _ _ _ _ _ _ _ _ _ _ _ _ _ _ _ _ _ _

connection_record = <sqlalchemy.pool.base._ConnectionRecord object at 0x000001CEFAB2BE70>

    def connect(
        connection_record: Optional[ConnectionPoolEntry] = None,
    ) -> DBAPIConnection:
        if dialect._has_events:
            mutable_cargs = list(cargs_tup)
            mutable_cparams = dict(cparams)
            for fn in dialect.dispatch.do_connect:
                connection = cast(
                    DBAPIConnection,
                    fn(
                        dialect,
                        connection_record,
                        mutable_cargs,
                        mutable_cparams,
                    ),
                )
                if connection is not None:
                    return connection
            return dialect.connect(*mutable_cargs, **mutable_cparams)
        else:
>           return dialect.connect(*cargs_tup, **cparams)
                   ^^^^^^^^^^^^^^^^^^^^^^^^^^^^^^^^^^^^^^

C:\Users\RMOHINDR\AppData\Local\Programs\Python\Python311\Lib\site-packages\sqlalchemy\engine\create.py:667: 
_ _ _ _ _ _ _ _ _ _ _ _ _ _ _ _ _ _ _ _ _ _ _ _ _ _ _ _ _ _ _ _ _ _ _ _ _ _ _ _

self = <sqlalchemy.dialects.postgresql.psycopg2.PGDialect_psycopg2 object at 0x000001CEF9852D50>
cargs = ()
cparams = {'dbname': 'postgres', 'host': 'localhost', 'password': 'password', 'port': 5432, ...}

    def connect(self, *cargs: Any, **cparams: Any) -> DBAPIConnection:
        # inherits the docstring from interfaces.Dialect.connect
>       return self.loaded_dbapi.connect(*cargs, **cparams)  # type: ignore[no-any-return]  # NOQA: E501
               ^^^^^^^^^^^^^^^^^^^^^^^^^^^^^^^^^^^^^^^^^^^^

C:\Users\RMOHINDR\AppData\Local\Programs\Python\Python311\Lib\site-packages\sqlalchemy\engine\default.py:630: 
_ _ _ _ _ _ _ _ _ _ _ _ _ _ _ _ _ _ _ _ _ _ _ _ _ _ _ _ _ _ _ _ _ _ _ _ _ _ _ _

dsn = 'host=localhost dbname=postgres user=transportation password=password port=5432'
connection_factory = None, cursor_factory = None
kwargs = {'dbname': 'postgres', 'host': 'localhost', 'password': 'password', 'port': 5432, ...}
kwasync = {}

    def connect(dsn=None, connection_factory=None, cursor_factory=None, **kwargs):
        """
        Create a new database connection.
    
        The connection parameters can be specified as a string:
    
            conn = psycopg2.connect("dbname=test user=postgres password=secret")
    
        or using a set of keyword arguments:
    
            conn = psycopg2.connect(database="test", user="postgres", password="secret")
    
        Or as a mix of both. The basic connection parameters are:
    
        - *dbname*: the database name
        - *database*: the database name (only as keyword argument)
        - *user*: user name used to authenticate
        - *password*: password used to authenticate
        - *host*: database host address (defaults to UNIX socket if not provided)
        - *port*: connection port number (defaults to 5432 if not provided)
    
        Using the *connection_factory* parameter a different class or connections
        factory can be specified. It should be a callable object taking a dsn
        argument.
    
        Using the *cursor_factory* parameter, a new default cursor factory will be
        used by cursor().
    
        Using *async*=True an asynchronous connection will be created. *async_* is
        a valid alias (for Python versions where ``async`` is a keyword).
    
        Any other keyword parameter will be passed to the underlying client
        library: the list of supported parameters depends on the library version.
    
        """
        kwasync = {}
        if 'async' in kwargs:
            kwasync['async'] = kwargs.pop('async')
        if 'async_' in kwargs:
            kwasync['async_'] = kwargs.pop('async_')
    
        dsn = _ext.make_dsn(dsn, **kwargs)
>       conn = _connect(dsn, connection_factory=connection_factory, **kwasync)
               ^^^^^^^^^^^^^^^^^^^^^^^^^^^^^^^^^^^^^^^^^^^^^^^^^^^^^^^^^^^^^^^
E       psycopg2.OperationalError: connection to server at "localhost" (::1), port 5432 failed: Connection refused (0x0000274D/10061)
E       	Is the server running on that host and accepting TCP/IP connections?
E       connection to server at "localhost" (127.0.0.1), port 5432 failed: Connection refused (0x0000274D/10061)
E       	Is the server running on that host and accepting TCP/IP connections?

C:\Users\RMOHINDR\AppData\Local\Programs\Python\Python311\Lib\site-packages\psycopg2\__init__.py:135: OperationalError

The above exception was the direct cause of the following exception:

    @pytest.fixture(scope="session")
    def _test_engine():
        """Create the test database (if needed) and return an engine bound to it.
    
        The database is created once per test session and the full schema is
        applied via ``Base.metadata.create_all``.
        """
        # Connect to the admin database to create the test database.
        admin_engine = create_engine(_PG_ADMIN_URL, isolation_level="AUTOCOMMIT")
>       with admin_engine.connect() as conn:
             ^^^^^^^^^^^^^^^^^^^^^^

apps\backend\tests\conftest.py:69: 
_ _ _ _ _ _ _ _ _ _ _ _ _ _ _ _ _ _ _ _ _ _ _ _ _ _ _ _ _ _ _ _ _ _ _ _ _ _ _ _

self = Engine(postgresql://transportation:***@localhost:5432/postgres)

    def connect(self) -> Connection:
        """Return a new :class:`_engine.Connection` object.
    
        The :class:`_engine.Connection` acts as a Python context manager, so
        the typical use of this method looks like::
    
            with engine.connect() as connection:
                connection.execute(text("insert into table values ('foo')"))
                connection.commit()
    
        Where above, after the block is completed, the connection is "closed"
        and its underlying DBAPI resources are returned to the connection pool.
        This also has the effect of rolling back any transaction that
        was explicitly begun or was begun via autobegin, and will
        emit the :meth:`_events.ConnectionEvents.rollback` event if one was
        started and is still in progress.
    
        .. seealso::
    
            :meth:`_engine.Engine.begin`
    
        """
    
>       return self._connection_cls(self)
               ^^^^^^^^^^^^^^^^^^^^^^^^^^

C:\Users\RMOHINDR\AppData\Local\Programs\Python\Python311\Lib\site-packages\sqlalchemy\engine\base.py:3293: 
_ _ _ _ _ _ _ _ _ _ _ _ _ _ _ _ _ _ _ _ _ _ _ _ _ _ _ _ _ _ _ _ _ _ _ _ _ _ _ _

self = <sqlalchemy.engine.base.Connection object at 0x000001CEFA8A9490>
engine = Engine(postgresql://transportation:***@localhost:5432/postgres)
connection = None, _has_events = None, _allow_revalidate = True
_allow_autobegin = True

    def __init__(
        self,
        engine: Engine,
        connection: Optional[PoolProxiedConnection] = None,
        _has_events: Optional[bool] = None,
        _allow_revalidate: bool = True,
        _allow_autobegin: bool = True,
    ):
        """Construct a new Connection."""
        self.engine = engine
        self.dialect = dialect = engine.dialect
    
        if connection is None:
            try:
                self._dbapi_connection = engine.raw_connection()
            except dialect.loaded_dbapi.Error as err:
>               Connection._handle_dbapi_exception_noconnection(
                    err, dialect, engine
                )

C:\Users\RMOHINDR\AppData\Local\Programs\Python\Python311\Lib\site-packages\sqlalchemy\engine\base.py:145: 
_ _ _ _ _ _ _ _ _ _ _ _ _ _ _ _ _ _ _ _ _ _ _ _ _ _ _ _ _ _ _ _ _ _ _ _ _ _ _ _

cls = <class 'sqlalchemy.engine.base.Connection'>
e = OperationalError('connection to server at "localhost" (::1), port 5432 failed: Connection refused (0x0000274D/10061)\n...iled: Connection refused (0x0000274D/10061)\n\tIs the server running on that host and accepting TCP/IP connections?\n')
dialect = <sqlalchemy.dialects.postgresql.psycopg2.PGDialect_psycopg2 object at 0x000001CEF9852D50>
engine = Engine(postgresql://transportation:***@localhost:5432/postgres)
is_disconnect = False, invalidate_pool_on_disconnect = True, is_pre_ping = False

    @classmethod
    def _handle_dbapi_exception_noconnection(
        cls,
        e: BaseException,
        dialect: Dialect,
        engine: Optional[Engine] = None,
        is_disconnect: Optional[bool] = None,
        invalidate_pool_on_disconnect: bool = True,
        is_pre_ping: bool = False,
    ) -> NoReturn:
        exc_info = sys.exc_info()
    
        if is_disconnect is None:
            is_disconnect = isinstance(
                e, dialect.loaded_dbapi.Error
            ) and dialect.is_disconnect(e, None, None)
    
        should_wrap = isinstance(e, dialect.loaded_dbapi.Error)
    
        if should_wrap:
            sqlalchemy_exception = exc.DBAPIError.instance(
                None,
                None,
                cast(Exception, e),
                dialect.loaded_dbapi.Error,
                hide_parameters=(
                    engine.hide_parameters if engine is not None else False
                ),
                connection_invalidated=is_disconnect,
                dialect=dialect,
            )
        else:
            sqlalchemy_exception = None
    
        newraise = None
    
        if dialect._has_events:
            ctx = ExceptionContextImpl(
                e,
                sqlalchemy_exception,
                engine,
                dialect,
                None,
                None,
                None,
                None,
                None,
                is_disconnect,
                invalidate_pool_on_disconnect,
                is_pre_ping,
            )
            for fn in dialect.dispatch.handle_error:
                try:
                    # handler returns an exception;
                    # call next handler in a chain
                    per_fn = fn(ctx)
                    if per_fn is not None:
                        ctx.chained_exception = newraise = per_fn
                except Exception as _raised:
                    # handler raises an exception - stop processing
                    newraise = _raised
                    break
    
            if sqlalchemy_exception and is_disconnect != ctx.is_disconnect:
                sqlalchemy_exception.connection_invalidated = ctx.is_disconnect
    
        if newraise:
            raise newraise.with_traceback(exc_info[2]) from e
        elif should_wrap:
            assert sqlalchemy_exception is not None
>           raise sqlalchemy_exception.with_traceback(exc_info[2]) from e

C:\Users\RMOHINDR\AppData\Local\Programs\Python\Python311\Lib\site-packages\sqlalchemy\engine\base.py:2448: 
_ _ _ _ _ _ _ _ _ _ _ _ _ _ _ _ _ _ _ _ _ _ _ _ _ _ _ _ _ _ _ _ _ _ _ _ _ _ _ _

self = <sqlalchemy.engine.base.Connection object at 0x000001CEFA8A9490>
engine = Engine(postgresql://transportation:***@localhost:5432/postgres)
connection = None, _has_events = None, _allow_revalidate = True
_allow_autobegin = True

    def __init__(
        self,
        engine: Engine,
        connection: Optional[PoolProxiedConnection] = None,
        _has_events: Optional[bool] = None,
        _allow_revalidate: bool = True,
        _allow_autobegin: bool = True,
    ):
        """Construct a new Connection."""
        self.engine = engine
        self.dialect = dialect = engine.dialect
    
        if connection is None:
            try:
>               self._dbapi_connection = engine.raw_connection()
                                         ^^^^^^^^^^^^^^^^^^^^^^^

C:\Users\RMOHINDR\AppData\Local\Programs\Python\Python311\Lib\site-packages\sqlalchemy\engine\base.py:143: 
_ _ _ _ _ _ _ _ _ _ _ _ _ _ _ _ _ _ _ _ _ _ _ _ _ _ _ _ _ _ _ _ _ _ _ _ _ _ _ _

self = Engine(postgresql://transportation:***@localhost:5432/postgres)

    def raw_connection(self) -> PoolProxiedConnection:
        """Return a "raw" DBAPI connection from the connection pool.
    
        The returned object is a proxied version of the DBAPI
        connection object used by the underlying driver in use.
        The object will have all the same behavior as the real DBAPI
        connection, except that its ``close()`` method will result in the
        connection being returned to the pool, rather than being closed
        for real.
    
        This method provides direct DBAPI connection access for
        special situations when the API provided by
        :class:`_engine.Connection`
        is not needed.   When a :class:`_engine.Connection` object is already
        present, the DBAPI connection is available using
        the :attr:`_engine.Connection.connection` accessor.
    
        .. seealso::
    
            :ref:`dbapi_connections`
    
        """
>       return self.pool.connect()
               ^^^^^^^^^^^^^^^^^^^

C:\Users\RMOHINDR\AppData\Local\Programs\Python\Python311\Lib\site-packages\sqlalchemy\engine\base.py:3317: 
_ _ _ _ _ _ _ _ _ _ _ _ _ _ _ _ _ _ _ _ _ _ _ _ _ _ _ _ _ _ _ _ _ _ _ _ _ _ _ _

self = <sqlalchemy.pool.impl.QueuePool object at 0x000001CEFAB7F450>

    def connect(self) -> PoolProxiedConnection:
        """Return a DBAPI connection from the pool.
    
        The connection is instrumented such that when its
        ``close()`` method is called, the connection will be returned to
        the pool.
    
        """
>       return _ConnectionFairy._checkout(self)
               ^^^^^^^^^^^^^^^^^^^^^^^^^^^^^^^^

C:\Users\RMOHINDR\AppData\Local\Programs\Python\Python311\Lib\site-packages\sqlalchemy\pool\base.py:448: 
_ _ _ _ _ _ _ _ _ _ _ _ _ _ _ _ _ _ _ _ _ _ _ _ _ _ _ _ _ _ _ _ _ _ _ _ _ _ _ _

cls = <class 'sqlalchemy.pool.base._ConnectionFairy'>
pool = <sqlalchemy.pool.impl.QueuePool object at 0x000001CEFAB7F450>
threadconns = None, fairy = None

    @classmethod
    def _checkout(
        cls,
        pool: Pool,
        threadconns: Optional[threading.local] = None,
        fairy: Optional[_ConnectionFairy] = None,
    ) -> _ConnectionFairy:
        if not fairy:
>           fairy = _ConnectionRecord.checkout(pool)
                    ^^^^^^^^^^^^^^^^^^^^^^^^^^^^^^^^

C:\Users\RMOHINDR\AppData\Local\Programs\Python\Python311\Lib\site-packages\sqlalchemy\pool\base.py:1272: 
_ _ _ _ _ _ _ _ _ _ _ _ _ _ _ _ _ _ _ _ _ _ _ _ _ _ _ _ _ _ _ _ _ _ _ _ _ _ _ _

cls = <class 'sqlalchemy.pool.base._ConnectionRecord'>
pool = <sqlalchemy.pool.impl.QueuePool object at 0x000001CEFAB7F450>

    @classmethod
    def checkout(cls, pool: Pool) -> _ConnectionFairy:
        if TYPE_CHECKING:
            rec = cast(_ConnectionRecord, pool._do_get())
        else:
>           rec = pool._do_get()
                  ^^^^^^^^^^^^^^

C:\Users\RMOHINDR\AppData\Local\Programs\Python\Python311\Lib\site-packages\sqlalchemy\pool\base.py:712: 
_ _ _ _ _ _ _ _ _ _ _ _ _ _ _ _ _ _ _ _ _ _ _ _ _ _ _ _ _ _ _ _ _ _ _ _ _ _ _ _

self = <sqlalchemy.pool.impl.QueuePool object at 0x000001CEFAB7F450>

    def _do_get(self) -> ConnectionPoolEntry:
        use_overflow = self._max_overflow > -1
    
        wait = use_overflow and self._overflow >= self._max_overflow
        try:
            return self._pool.get(wait, self._timeout)
        except sqla_queue.Empty:
            # don't do things inside of "except Empty", because when we say
            # we timed out or can't connect and raise, Python 3 tells
            # people the real error is queue.Empty which it isn't.
            pass
        if use_overflow and self._overflow >= self._max_overflow:
            if not wait:
                return self._do_get()
            else:
                raise exc.TimeoutError(
                    "QueuePool limit of size %d overflow %d reached, "
                    "connection timed out, timeout %0.2f"
                    % (self.size(), self.overflow(), self._timeout),
                    code="3o7r",
                )
    
        if self._inc_overflow():
            try:
                return self._create_connection()
            except:
>               with util.safe_reraise():

C:\Users\RMOHINDR\AppData\Local\Programs\Python\Python311\Lib\site-packages\sqlalchemy\pool\impl.py:177: 
_ _ _ _ _ _ _ _ _ _ _ _ _ _ _ _ _ _ _ _ _ _ _ _ _ _ _ _ _ _ _ _ _ _ _ _ _ _ _ _

self = <sqlalchemy.util.langhelpers.safe_reraise object at 0x000001CEFAB43E50>
type_ = None, value = None, traceback = None

    def __exit__(
        self,
        type_: Optional[Type[BaseException]],
        value: Optional[BaseException],
        traceback: Optional[types.TracebackType],
    ) -> NoReturn:
        assert self._exc_info is not None
        # see #2703 for notes
        if type_ is None:
            exc_type, exc_value, exc_tb = self._exc_info
            assert exc_value is not None
            self._exc_info = None  # remove potential circular references
>           raise exc_value.with_traceback(exc_tb)

C:\Users\RMOHINDR\AppData\Local\Programs\Python\Python311\Lib\site-packages\sqlalchemy\util\langhelpers.py:121: 
_ _ _ _ _ _ _ _ _ _ _ _ _ _ _ _ _ _ _ _ _ _ _ _ _ _ _ _ _ _ _ _ _ _ _ _ _ _ _ _

self = <sqlalchemy.pool.impl.QueuePool object at 0x000001CEFAB7F450>

    def _do_get(self) -> ConnectionPoolEntry:
        use_overflow = self._max_overflow > -1
    
        wait = use_overflow and self._overflow >= self._max_overflow
        try:
            return self._pool.get(wait, self._timeout)
        except sqla_queue.Empty:
            # don't do things inside of "except Empty", because when we say
            # we timed out or can't connect and raise, Python 3 tells
            # people the real error is queue.Empty which it isn't.
            pass
        if use_overflow and self._overflow >= self._max_overflow:
            if not wait:
                return self._do_get()
            else:
                raise exc.TimeoutError(
                    "QueuePool limit of size %d overflow %d reached, "
                    "connection timed out, timeout %0.2f"
                    % (self.size(), self.overflow(), self._timeout),
                    code="3o7r",
                )
    
        if self._inc_overflow():
            try:
>               return self._create_connection()
                       ^^^^^^^^^^^^^^^^^^^^^^^^^

C:\Users\RMOHINDR\AppData\Local\Programs\Python\Python311\Lib\site-packages\sqlalchemy\pool\impl.py:175: 
_ _ _ _ _ _ _ _ _ _ _ _ _ _ _ _ _ _ _ _ _ _ _ _ _ _ _ _ _ _ _ _ _ _ _ _ _ _ _ _

self = <sqlalchemy.pool.impl.QueuePool object at 0x000001CEFAB7F450>

    def _create_connection(self) -> ConnectionPoolEntry:
        """Called by subclasses to create a new ConnectionRecord."""
    
>       return _ConnectionRecord(self)
               ^^^^^^^^^^^^^^^^^^^^^^^

C:\Users\RMOHINDR\AppData\Local\Programs\Python\Python311\Lib\site-packages\sqlalchemy\pool\base.py:389: 
_ _ _ _ _ _ _ _ _ _ _ _ _ _ _ _ _ _ _ _ _ _ _ _ _ _ _ _ _ _ _ _ _ _ _ _ _ _ _ _

self = <sqlalchemy.pool.base._ConnectionRecord object at 0x000001CEFAB2BE70>
pool = <sqlalchemy.pool.impl.QueuePool object at 0x000001CEFAB7F450>
connect = True

    def __init__(self, pool: Pool, connect: bool = True):
        self.fresh = False
        self.fairy_ref = None
        self.starttime = 0
        self.dbapi_connection = None
    
        self.__pool = pool
        if connect:
>           self.__connect()

C:\Users\RMOHINDR\AppData\Local\Programs\Python\Python311\Lib\site-packages\sqlalchemy\pool\base.py:674: 
_ _ _ _ _ _ _ _ _ _ _ _ _ _ _ _ _ _ _ _ _ _ _ _ _ _ _ _ _ _ _ _ _ _ _ _ _ _ _ _

self = <sqlalchemy.pool.base._ConnectionRecord object at 0x000001CEFAB2BE70>

    def __connect(self) -> None:
        pool = self.__pool
    
        # ensure any existing connection is removed, so that if
        # creator fails, this attribute stays None
        self.dbapi_connection = None
        try:
            self.starttime = time.time()
            self.dbapi_connection = connection = pool._invoke_creator(self)
            pool.logger.debug("Created new connection %r", connection)
            self.fresh = True
        except BaseException as e:
>           with util.safe_reraise():

C:\Users\RMOHINDR\AppData\Local\Programs\Python\Python311\Lib\site-packages\sqlalchemy\pool\base.py:900: 
_ _ _ _ _ _ _ _ _ _ _ _ _ _ _ _ _ _ _ _ _ _ _ _ _ _ _ _ _ _ _ _ _ _ _ _ _ _ _ _

self = <sqlalchemy.util.langhelpers.safe_reraise object at 0x000001CEFAB43D60>
type_ = None, value = None, traceback = None

    def __exit__(
        self,
        type_: Optional[Type[BaseException]],
        value: Optional[BaseException],
        traceback: Optional[types.TracebackType],
    ) -> NoReturn:
        assert self._exc_info is not None
        # see #2703 for notes
        if type_ is None:
            exc_type, exc_value, exc_tb = self._exc_info
            assert exc_value is not None
            self._exc_info = None  # remove potential circular references
>           raise exc_value.with_traceback(exc_tb)

C:\Users\RMOHINDR\AppData\Local\Programs\Python\Python311\Lib\site-packages\sqlalchemy\util\langhelpers.py:121: 
_ _ _ _ _ _ _ _ _ _ _ _ _ _ _ _ _ _ _ _ _ _ _ _ _ _ _ _ _ _ _ _ _ _ _ _ _ _ _ _

self = <sqlalchemy.pool.base._ConnectionRecord object at 0x000001CEFAB2BE70>

    def __connect(self) -> None:
        pool = self.__pool
    
        # ensure any existing connection is removed, so that if
        # creator fails, this attribute stays None
        self.dbapi_connection = None
        try:
            self.starttime = time.time()
>           self.dbapi_connection = connection = pool._invoke_creator(self)
                                                 ^^^^^^^^^^^^^^^^^^^^^^^^^^

C:\Users\RMOHINDR\AppData\Local\Programs\Python\Python311\Lib\site-packages\sqlalchemy\pool\base.py:896: 
_ _ _ _ _ _ _ _ _ _ _ _ _ _ _ _ _ _ _ _ _ _ _ _ _ _ _ _ _ _ _ _ _ _ _ _ _ _ _ _

connection_record = <sqlalchemy.pool.base._ConnectionRecord object at 0x000001CEFAB2BE70>

    def connect(
        connection_record: Optional[ConnectionPoolEntry] = None,
    ) -> DBAPIConnection:
        if dialect._has_events:
            mutable_cargs = list(cargs_tup)
            mutable_cparams = dict(cparams)
            for fn in dialect.dispatch.do_connect:
                connection = cast(
                    DBAPIConnection,
                    fn(
                        dialect,
                        connection_record,
                        mutable_cargs,
                        mutable_cparams,
                    ),
                )
                if connection is not None:
                    return connection
            return dialect.connect(*mutable_cargs, **mutable_cparams)
        else:
>           return dialect.connect(*cargs_tup, **cparams)
                   ^^^^^^^^^^^^^^^^^^^^^^^^^^^^^^^^^^^^^^

C:\Users\RMOHINDR\AppData\Local\Programs\Python\Python311\Lib\site-packages\sqlalchemy\engine\create.py:667: 
_ _ _ _ _ _ _ _ _ _ _ _ _ _ _ _ _ _ _ _ _ _ _ _ _ _ _ _ _ _ _ _ _ _ _ _ _ _ _ _

self = <sqlalchemy.dialects.postgresql.psycopg2.PGDialect_psycopg2 object at 0x000001CEF9852D50>
cargs = ()
cparams = {'dbname': 'postgres', 'host': 'localhost', 'password': 'password', 'port': 5432, ...}

    def connect(self, *cargs: Any, **cparams: Any) -> DBAPIConnection:
        # inherits the docstring from interfaces.Dialect.connect
>       return self.loaded_dbapi.connect(*cargs, **cparams)  # type: ignore[no-any-return]  # NOQA: E501
               ^^^^^^^^^^^^^^^^^^^^^^^^^^^^^^^^^^^^^^^^^^^^

C:\Users\RMOHINDR\AppData\Local\Programs\Python\Python311\Lib\site-packages\sqlalchemy\engine\default.py:630: 
_ _ _ _ _ _ _ _ _ _ _ _ _ _ _ _ _ _ _ _ _ _ _ _ _ _ _ _ _ _ _ _ _ _ _ _ _ _ _ _

dsn = 'host=localhost dbname=postgres user=transportation password=password port=5432'
connection_factory = None, cursor_factory = None
kwargs = {'dbname': 'postgres', 'host': 'localhost', 'password': 'password', 'port': 5432, ...}
kwasync = {}

    def connect(dsn=None, connection_factory=None, cursor_factory=None, **kwargs):
        """
        Create a new database connection.
    
        The connection parameters can be specified as a string:
    
            conn = psycopg2.connect("dbname=test user=postgres password=secret")
    
        or using a set of keyword arguments:
    
            conn = psycopg2.connect(database="test", user="postgres", password="secret")
    
        Or as a mix of both. The basic connection parameters are:
    
        - *dbname*: the database name
        - *database*: the database name (only as keyword argument)
        - *user*: user name used to authenticate
        - *password*: password used to authenticate
        - *host*: database host address (defaults to UNIX socket if not provided)
        - *port*: connection port number (defaults to 5432 if not provided)
    
        Using the *connection_factory* parameter a different class or connections
        factory can be specified. It should be a callable object taking a dsn
        argument.
    
        Using the *cursor_factory* parameter, a new default cursor factory will be
        used by cursor().
    
        Using *async*=True an asynchronous connection will be created. *async_* is
        a valid alias (for Python versions where ``async`` is a keyword).
    
        Any other keyword parameter will be passed to the underlying client
        library: the list of supported parameters depends on the library version.
    
        """
        kwasync = {}
        if 'async' in kwargs:
            kwasync['async'] = kwargs.pop('async')
        if 'async_' in kwargs:
            kwasync['async_'] = kwargs.pop('async_')
    
        dsn = _ext.make_dsn(dsn, **kwargs)
>       conn = _connect(dsn, connection_factory=connection_factory, **kwasync)
               ^^^^^^^^^^^^^^^^^^^^^^^^^^^^^^^^^^^^^^^^^^^^^^^^^^^^^^^^^^^^^^^
E       sqlalchemy.exc.OperationalError: (psycopg2.OperationalError) connection to server at "localhost" (::1), port 5432 failed: Connection refused (0x0000274D/10061)
E       	Is the server running on that host and accepting TCP/IP connections?
E       connection to server at "localhost" (127.0.0.1), port 5432 failed: Connection refused (0x0000274D/10061)
E       	Is the server running on that host and accepting TCP/IP connections?
E       
E       (Background on this error at: https://sqlalche.me/e/20/e3q8)

C:\Users\RMOHINDR\AppData\Local\Programs\Python\Python311\Lib\site-packages\psycopg2\__init__.py:135: OperationalError
============================== warnings summary ===============================
apps\backend\config.py:8
  C:\Projects\Transportation Forms\apps\backend\config.py:8: PydanticDeprecatedSince20: Support for class-based `config` is deprecated, use ConfigDict instead. Deprecated in Pydantic V2.0 to be removed in V3.0. See Pydantic V2 Migration Guide at https://errors.pydantic.dev/2.12/migration/
    class Settings(BaseSettings):

apps\backend\database.py:43
  C:\Projects\Transportation Forms\apps\backend\database.py:43: MovedIn20Warning: The ``declarative_base()`` function is now available as sqlalchemy.orm.declarative_base(). (deprecated since: 2.0) (Background on SQLAlchemy 2.0 at: https://sqlalche.me/e/b8d9)
    Base = declarative_base()

apps\backend\routes\forms.py:158
  C:\Projects\Transportation Forms\apps\backend\routes\forms.py:158: PydanticDeprecatedSince20: Support for class-based `config` is deprecated, use ConfigDict instead. Deprecated in Pydantic V2.0 to be removed in V3.0. See Pydantic V2 Migration Guide at https://errors.pydantic.dev/2.12/migration/
    class FormResponse(BaseModel):

apps\backend\routes\business_areas.py:21
  C:\Projects\Transportation Forms\apps\backend\routes\business_areas.py:21: PydanticDeprecatedSince20: Support for class-based `config` is deprecated, use ConfigDict instead. Deprecated in Pydantic V2.0 to be removed in V3.0. See Pydantic V2 Migration Guide at https://errors.pydantic.dev/2.12/migration/
    class BusinessAreaResponse(BaseModel):

apps\backend\routes\prefixes.py:86
  C:\Projects\Transportation Forms\apps\backend\routes\prefixes.py:86: PydanticDeprecatedSince20: Support for class-based `config` is deprecated, use ConfigDict instead. Deprecated in Pydantic V2.0 to be removed in V3.0. See Pydantic V2 Migration Guide at https://errors.pydantic.dev/2.12/migration/
    class PrefixResponse(BaseModel):

apps\backend\routes\prefixes.py:145
  C:\Projects\Transportation Forms\apps\backend\routes\prefixes.py:145: PydanticDeprecatedSince20: Support for class-based `config` is deprecated, use ConfigDict instead. Deprecated in Pydantic V2.0 to be removed in V3.0. See Pydantic V2 Migration Guide at https://errors.pydantic.dev/2.12/migration/
    class PrefixPublicResponse(BaseModel):

apps\backend\routes\reservations.py:73
  C:\Projects\Transportation Forms\apps\backend\routes\reservations.py:73: PydanticDeprecatedSince20: Support for class-based `config` is deprecated, use ConfigDict instead. Deprecated in Pydantic V2.0 to be removed in V3.0. See Pydantic V2 Migration Guide at https://errors.pydantic.dev/2.12/migration/
    class ReservationResponse(BaseModel):

apps\backend\routes\reservations.py:119
  C:\Projects\Transportation Forms\apps\backend\routes\reservations.py:119: PydanticDeprecatedSince20: Support for class-based `config` is deprecated, use ConfigDict instead. Deprecated in Pydantic V2.0 to be removed in V3.0. See Pydantic V2 Migration Guide at https://errors.pydantic.dev/2.12/migration/
    class ApproverDecisionResponse(BaseModel):

apps\backend\routes\reservations.py:136
  C:\Projects\Transportation Forms\apps\backend\routes\reservations.py:136: PydanticDeprecatedSince20: Support for class-based `config` is deprecated, use ConfigDict instead. Deprecated in Pydantic V2.0 to be removed in V3.0. See Pydantic V2 Migration Guide at https://errors.pydantic.dev/2.12/migration/
    class PrefixInfoResponse(BaseModel):

apps\backend\routes\reservations.py:148
  C:\Projects\Transportation Forms\apps\backend\routes\reservations.py:148: PydanticDeprecatedSince20: Support for class-based `config` is deprecated, use ConfigDict instead. Deprecated in Pydantic V2.0 to be removed in V3.0. See Pydantic V2 Migration Guide at https://errors.pydantic.dev/2.12/migration/
    class ReservationDetailResponse(BaseModel):

apps\backend\routes\reservations.py:182
  C:\Projects\Transportation Forms\apps\backend\routes\reservations.py:182: PydanticDeprecatedSince20: Support for class-based `config` is deprecated, use ConfigDict instead. Deprecated in Pydantic V2.0 to be removed in V3.0. See Pydantic V2 Migration Guide at https://errors.pydantic.dev/2.12/migration/
    class ApprovedUnusedReservationsResponse(BaseModel):

apps\backend\main.py:90
  C:\Projects\Transportation Forms\apps\backend\main.py:90: DeprecationWarning: 
          on_event is deprecated, use lifespan event handlers instead.
  
          Read more about it in the
          [FastAPI docs for Lifespan Events](https://fastapi.tiangolo.com/advanced/events/).
          
    @app.on_event("startup")

..\..\Users\RMOHINDR\AppData\Local\Programs\Python\Python311\Lib\site-packages\fastapi\applications.py:4656
  C:\Users\RMOHINDR\AppData\Local\Programs\Python\Python311\Lib\site-packages\fastapi\applications.py:4656: DeprecationWarning: 
          on_event is deprecated, use lifespan event handlers instead.
  
          Read more about it in the
          [FastAPI docs for Lifespan Events](https://fastapi.tiangolo.com/advanced/events/).
          
    return self.router.on_event(event_type)  # ty: ignore[deprecated]

-- Docs: https://docs.pytest.org/en/stable/how-to/capture-warnings.html
=========================== short test summary info ===========================
ERROR apps/backend/tests/test_feature_FEAT-0013-state-aware-buttons.py::TestDeleteEndpointEnforcement::test_tc003_1_staff_viewer_without_delete_perm_gets_403 - sqlalchemy.exc.OperationalError: (psycopg2.OperationalError) connection to server at "localhost" (::1), port 5432 failed: Connection refused (0x0000274D/10061)
	Is the server running on that host and accepting TCP/IP connections?
connection to server at "localhost" (127.0.0.1), port 5432 failed: Connection refused (0x0000274D/10061)
	Is the server running on that host and accepting TCP/IP connections?

(Background on this error at: https://sqlalche.me/e/20/e3q8)
ERROR apps/backend/tests/test_feature_FEAT-0013-state-aware-buttons.py::TestDeleteEndpointEnforcement::test_tc003_1b_reviewer_without_delete_perm_gets_403 - sqlalchemy.exc.OperationalError: (psycopg2.OperationalError) connection to server at "localhost" (::1), port 5432 failed: Connection refused (0x0000274D/10061)
	Is the server running on that host and accepting TCP/IP connections?
connection to server at "localhost" (127.0.0.1), port 5432 failed: Connection refused (0x0000274D/10061)
	Is the server running on that host and accepting TCP/IP connections?

(Background on this error at: https://sqlalche.me/e/20/e3q8)
ERROR apps/backend/tests/test_feature_FEAT-0013-state-aware-buttons.py::TestDeleteEndpointEnforcement::test_tc003_2_owner_with_delete_perm_can_delete_own_draft - sqlalchemy.exc.OperationalError: (psycopg2.OperationalError) connection to server at "localhost" (::1), port 5432 failed: Connection refused (0x0000274D/10061)
	Is the server running on that host and accepting TCP/IP connections?
connection to server at "localhost" (127.0.0.1), port 5432 failed: Connection refused (0x0000274D/10061)
	Is the server running on that host and accepting TCP/IP connections?

(Background on this error at: https://sqlalche.me/e/20/e3q8)
ERROR apps/backend/tests/test_feature_FEAT-0013-state-aware-buttons.py::TestDeleteEndpointEnforcement::test_tc003_6_admin_can_delete_any_draft - sqlalchemy.exc.OperationalError: (psycopg2.OperationalError) connection to server at "localhost" (::1), port 5432 failed: Connection refused (0x0000274D/10061)
	Is the server running on that host and accepting TCP/IP connections?
connection to server at "localhost" (127.0.0.1), port 5432 failed: Connection refused (0x0000274D/10061)
	Is the server running on that host and accepting TCP/IP connections?

(Background on this error at: https://sqlalche.me/e/20/e3q8)
ERROR apps/backend/tests/test_feature_FEAT-0013-state-aware-buttons.py::TestDeleteEndpointEnforcement::test_tc003_8_nonadmin_can_delete_own_draft - sqlalchemy.exc.OperationalError: (psycopg2.OperationalError) connection to server at "localhost" (::1), port 5432 failed: Connection refused (0x0000274D/10061)
	Is the server running on that host and accepting TCP/IP connections?
connection to server at "localhost" (127.0.0.1), port 5432 failed: Connection refused (0x0000274D/10061)
	Is the server running on that host and accepting TCP/IP connections?

(Background on this error at: https://sqlalche.me/e/20/e3q8)
ERROR apps/backend/tests/test_feature_FEAT-0013-state-aware-buttons.py::TestDeleteEndpointEnforcement::test_tc003_3_cannot_delete_pending_review - sqlalchemy.exc.OperationalError: (psycopg2.OperationalError) connection to server at "localhost" (::1), port 5432 failed: Connection refused (0x0000274D/10061)
	Is the server running on that host and accepting TCP/IP connections?
connection to server at "localhost" (127.0.0.1), port 5432 failed: Connection refused (0x0000274D/10061)
	Is the server running on that host and accepting TCP/IP connections?

(Background on this error at: https://sqlalche.me/e/20/e3q8)
ERROR apps/backend/tests/test_feature_FEAT-0013-state-aware-buttons.py::TestDeleteEndpointEnforcement::test_tc003_4_cannot_delete_published - sqlalchemy.exc.OperationalError: (psycopg2.OperationalError) connection to server at "localhost" (::1), port 5432 failed: Connection refused (0x0000274D/10061)
	Is the server running on that host and accepting TCP/IP connections?
connection to server at "localhost" (127.0.0.1), port 5432 failed: Connection refused (0x0000274D/10061)
	Is the server running on that host and accepting TCP/IP connections?

(Background on this error at: https://sqlalche.me/e/20/e3q8)
ERROR apps/backend/tests/test_feature_FEAT-0013-state-aware-buttons.py::TestDeleteEndpointEnforcement::test_tc003_5_cannot_delete_archived - sqlalchemy.exc.OperationalError: (psycopg2.OperationalError) connection to server at "localhost" (::1), port 5432 failed: Connection refused (0x0000274D/10061)
	Is the server running on that host and accepting TCP/IP connections?
connection to server at "localhost" (127.0.0.1), port 5432 failed: Connection refused (0x0000274D/10061)
	Is the server running on that host and accepting TCP/IP connections?

(Background on this error at: https://sqlalche.me/e/20/e3q8)
ERROR apps/backend/tests/test_feature_FEAT-0013-state-aware-buttons.py::TestDeleteEndpointEnforcement::test_tc003_7_nonadmin_cannot_delete_another_users_draft - sqlalchemy.exc.OperationalError: (psycopg2.OperationalError) connection to server at "localhost" (::1), port 5432 failed: Connection refused (0x0000274D/10061)
	Is the server running on that host and accepting TCP/IP connections?
connection to server at "localhost" (127.0.0.1), port 5432 failed: Connection refused (0x0000274D/10061)
	Is the server running on that host and accepting TCP/IP connections?

(Background on this error at: https://sqlalche.me/e/20/e3q8)
ERROR apps/backend/tests/test_feature_FEAT-0013-state-aware-buttons.py::TestDeleteEndpointEnforcement::test_tc003_9_nonexistent_form_returns_404 - sqlalchemy.exc.OperationalError: (psycopg2.OperationalError) connection to server at "localhost" (::1), port 5432 failed: Connection refused (0x0000274D/10061)
	Is the server running on that host and accepting TCP/IP connections?
connection to server at "localhost" (127.0.0.1), port 5432 failed: Connection refused (0x0000274D/10061)
	Is the server running on that host and accepting TCP/IP connections?

(Background on this error at: https://sqlalche.me/e/20/e3q8)
ERROR apps/backend/tests/test_feature_FEAT-0013-state-aware-buttons.py::TestDeleteEndpointEnforcement::test_tc003_9c_invalid_uuid_returns_400 - sqlalchemy.exc.OperationalError: (psycopg2.OperationalError) connection to server at "localhost" (::1), port 5432 failed: Connection refused (0x0000274D/10061)
	Is the server running on that host and accepting TCP/IP connections?
connection to server at "localhost" (127.0.0.1), port 5432 failed: Connection refused (0x0000274D/10061)
	Is the server running on that host and accepting TCP/IP connections?

(Background on this error at: https://sqlalche.me/e/20/e3q8)
ERROR apps/backend/tests/test_feature_FEAT-0013-state-aware-buttons.py::TestDeleteEndpointEnforcement::test_tc003_10_audit_log_created_on_delete - sqlalchemy.exc.OperationalError: (psycopg2.OperationalError) connection to server at "localhost" (::1), port 5432 failed: Connection refused (0x0000274D/10061)
	Is the server running on that host and accepting TCP/IP connections?
connection to server at "localhost" (127.0.0.1), port 5432 failed: Connection refused (0x0000274D/10061)
	Is the server running on that host and accepting TCP/IP connections?

(Background on this error at: https://sqlalche.me/e/20/e3q8)
ERROR apps/backend/tests/test_feature_FEAT-0013-state-aware-buttons.py::TestSubmitOwnershipEnforcement::test_tc004_1_creator_with_perm_can_submit_own_draft - sqlalchemy.exc.OperationalError: (psycopg2.OperationalError) connection to server at "localhost" (::1), port 5432 failed: Connection refused (0x0000274D/10061)
	Is the server running on that host and accepting TCP/IP connections?
connection to server at "localhost" (127.0.0.1), port 5432 failed: Connection refused (0x0000274D/10061)
	Is the server running on that host and accepting TCP/IP connections?

(Background on this error at: https://sqlalche.me/e/20/e3q8)
ERROR apps/backend/tests/test_feature_FEAT-0013-state-aware-buttons.py::TestSubmitOwnershipEnforcement::test_tc004_2_noncreator_with_perm_gets_403 - sqlalchemy.exc.OperationalError: (psycopg2.OperationalError) connection to server at "localhost" (::1), port 5432 failed: Connection refused (0x0000274D/10061)
	Is the server running on that host and accepting TCP/IP connections?
connection to server at "localhost" (127.0.0.1), port 5432 failed: Connection refused (0x0000274D/10061)
	Is the server running on that host and accepting TCP/IP connections?

(Background on this error at: https://sqlalche.me/e/20/e3q8)
ERROR apps/backend/tests/test_feature_FEAT-0013-state-aware-buttons.py::TestSubmitOwnershipEnforcement::test_tc004_3_admin_noncreator_gets_403 - sqlalchemy.exc.OperationalError: (psycopg2.OperationalError) connection to server at "localhost" (::1), port 5432 failed: Connection refused (0x0000274D/10061)
	Is the server running on that host and accepting TCP/IP connections?
connection to server at "localhost" (127.0.0.1), port 5432 failed: Connection refused (0x0000274D/10061)
	Is the server running on that host and accepting TCP/IP connections?

(Background on this error at: https://sqlalche.me/e/20/e3q8)
ERROR apps/backend/tests/test_feature_FEAT-0013-state-aware-buttons.py::TestSubmitOwnershipEnforcement::test_tc004_4_creator_without_perm_gets_403 - sqlalchemy.exc.OperationalError: (psycopg2.OperationalError) connection to server at "localhost" (::1), port 5432 failed: Connection refused (0x0000274D/10061)
	Is the server running on that host and accepting TCP/IP connections?
connection to server at "localhost" (127.0.0.1), port 5432 failed: Connection refused (0x0000274D/10061)
	Is the server running on that host and accepting TCP/IP connections?

(Background on this error at: https://sqlalche.me/e/20/e3q8)
ERROR apps/backend/tests/test_feature_FEAT-0013-state-aware-buttons.py::TestSubmitOwnershipEnforcement::test_tc004_5_nondraft_form_returns_400 - sqlalchemy.exc.OperationalError: (psycopg2.OperationalError) connection to server at "localhost" (::1), port 5432 failed: Connection refused (0x0000274D/10061)
	Is the server running on that host and accepting TCP/IP connections?
connection to server at "localhost" (127.0.0.1), port 5432 failed: Connection refused (0x0000274D/10061)
	Is the server running on that host and accepting TCP/IP connections?

(Background on this error at: https://sqlalche.me/e/20/e3q8)
ERROR apps/backend/tests/test_feature_FEAT-0013-state-aware-buttons.py::TestSubmitOwnershipEnforcement::test_tc004_6_reviewer_cannot_submit - sqlalchemy.exc.OperationalError: (psycopg2.OperationalError) connection to server at "localhost" (::1), port 5432 failed: Connection refused (0x0000274D/10061)
	Is the server running on that host and accepting TCP/IP connections?
connection to server at "localhost" (127.0.0.1), port 5432 failed: Connection refused (0x0000274D/10061)
	Is the server running on that host and accepting TCP/IP connections?

(Background on this error at: https://sqlalche.me/e/20/e3q8)
ERROR apps/backend/tests/test_feature_FEAT-0013-state-aware-buttons.py::TestSubmitOwnershipEnforcement::test_tc004_7_staff_viewer_cannot_submit - sqlalchemy.exc.OperationalError: (psycopg2.OperationalError) connection to server at "localhost" (::1), port 5432 failed: Connection refused (0x0000274D/10061)
	Is the server running on that host and accepting TCP/IP connections?
connection to server at "localhost" (127.0.0.1), port 5432 failed: Connection refused (0x0000274D/10061)
	Is the server running on that host and accepting TCP/IP connections?

(Background on this error at: https://sqlalche.me/e/20/e3q8)
ERROR apps/backend/tests/test_feature_FEAT-0013-state-aware-buttons.py::TestReviewerArchivePermission::test_tc005_2_reviewer_can_archive_published_form - sqlalchemy.exc.OperationalError: (psycopg2.OperationalError) connection to server at "localhost" (::1), port 5432 failed: Connection refused (0x0000274D/10061)
	Is the server running on that host and accepting TCP/IP connections?
connection to server at "localhost" (127.0.0.1), port 5432 failed: Connection refused (0x0000274D/10061)
	Is the server running on that host and accepting TCP/IP connections?

(Background on this error at: https://sqlalche.me/e/20/e3q8)
ERROR apps/backend/tests/test_feature_FEAT-0013-state-aware-buttons.py::TestDeleteErrorPrecedence::test_no_permission_takes_precedence_over_state - sqlalchemy.exc.OperationalError: (psycopg2.OperationalError) connection to server at "localhost" (::1), port 5432 failed: Connection refused (0x0000274D/10061)
	Is the server running on that host and accepting TCP/IP connections?
connection to server at "localhost" (127.0.0.1), port 5432 failed: Connection refused (0x0000274D/10061)
	Is the server running on that host and accepting TCP/IP connections?

(Background on this error at: https://sqlalche.me/e/20/e3q8)
ERROR apps/backend/tests/test_feature_FEAT-0013-state-aware-buttons.py::TestDeleteErrorPrecedence::test_state_check_before_ownership - sqlalchemy.exc.OperationalError: (psycopg2.OperationalError) connection to server at "localhost" (::1), port 5432 failed: Connection refused (0x0000274D/10061)
	Is the server running on that host and accepting TCP/IP connections?
connection to server at "localhost" (127.0.0.1), port 5432 failed: Connection refused (0x0000274D/10061)
	Is the server running on that host and accepting TCP/IP connections?

(Background on this error at: https://sqlalche.me/e/20/e3q8)
================== 2 passed, 13 warnings, 22 errors in 9.48s ==================
